/root/learn/envs/serve/lib/python3.12/site-packages/torch/distributed/c10d_logger.py:83: UserWarning: barrier(): using the device under current context. You can specify `device_id` in `init_process_group` to mute this warning.
  return func(*args, **kwargs)
  all_reduce          4KiB t=    0.036 ms
  all_reduce         16KiB t=    0.038 ms
  all_reduce         64KiB t=    0.040 ms
  all_reduce        256KiB t=    0.047 ms
  all_reduce          1MiB t=    0.136 ms
  all_reduce          4MiB t=    0.487 ms
  all_reduce         16MiB t=    1.907 ms
  all_reduce         64MiB t=    7.592 ms
  all_reduce        256MiB t=   30.843 ms
/root/learn/envs/serve/lib/python3.12/site-packages/torch/distributed/c10d_logger.py:83: FutureWarning: `torch.distributed.all_gather_into_tensor` is deprecated. Please use `torch.distributed.all_gather_single` instead.
  return func(*args, **kwargs)
/root/learn/envs/serve/lib/python3.12/site-packages/torch/distributed/c10d_logger.py:83: FutureWarning: `torch.distributed.all_gather_into_tensor` is deprecated. Please use `torch.distributed.all_gather_single` instead.
  return func(*args, **kwargs)
  all_gather          4KiB t=    0.043 ms
  all_gather         16KiB t=    0.040 ms
  all_gather         64KiB t=    0.044 ms
  all_gather        256KiB t=    0.047 ms
  all_gather          1MiB t=    0.143 ms
  all_gather          4MiB t=    0.538 ms
  all_gather         16MiB t=    2.113 ms
  all_gather         64MiB t=    8.429 ms
  all_gather        256MiB t=   33.676 ms
/root/learn/envs/serve/lib/python3.12/site-packages/torch/distributed/c10d_logger.py:83: FutureWarning: `torch.distributed.reduce_scatter_tensor` is deprecated. Please use `torch.distributed.reduce_scatter_single` instead.
  return func(*args, **kwargs)
/root/learn/envs/serve/lib/python3.12/site-packages/torch/distributed/c10d_logger.py:83: FutureWarning: `torch.distributed.reduce_scatter_tensor` is deprecated. Please use `torch.distributed.reduce_scatter_single` instead.
  return func(*args, **kwargs)
  reduce_scatter      4KiB t=    0.041 ms
  reduce_scatter     16KiB t=    0.040 ms
  reduce_scatter     64KiB t=    0.047 ms
  reduce_scatter    256KiB t=    0.047 ms
  reduce_scatter      1MiB t=    0.144 ms
  reduce_scatter      4MiB t=    0.539 ms
  reduce_scatter     16MiB t=    2.117 ms
  reduce_scatter     64MiB t=    8.432 ms
  reduce_scatter    256MiB t=   33.699 ms
  broadcast           4KiB t=    0.040 ms
  broadcast          16KiB t=    0.038 ms
  broadcast          64KiB t=    0.037 ms
  broadcast         256KiB t=    0.039 ms
  broadcast           1MiB t=    0.053 ms
  broadcast           4MiB t=    0.367 ms
  broadcast          16MiB t=    1.426 ms
  broadcast          64MiB t=    5.667 ms
  broadcast         256MiB t=   22.628 ms
  sendrecv            4KiB t=    0.053 ms
  sendrecv           16KiB t=    0.049 ms
  sendrecv           64KiB t=    0.050 ms
  sendrecv          256KiB t=    0.054 ms
  sendrecv            1MiB t=    0.105 ms
  sendrecv            4MiB t=    0.373 ms
  sendrecv           16MiB t=    1.175 ms
  sendrecv           64MiB t=    4.604 ms
  sendrecv          256MiB t=   18.423 ms
