[sweep] rank=0/2 master=10.233.97.63:29921 host=sg-admin-260624-2348f-default0-0
/scratch/learn/envs/serve/lib/python3.12/site-packages/torch/distributed/c10d_logger.py:83: UserWarning: barrier(): using the device under current context. You can specify `device_id` in `init_process_group` to mute this warning.
  return func(*args, **kwargs)
  all_reduce          4KiB t=    0.191 ms
  all_reduce         64KiB t=    0.774 ms
  all_reduce          1MiB t=   10.239 ms
  all_reduce          4MiB t=   37.364 ms
  all_reduce         16MiB t=  148.643 ms
  all_reduce         64MiB t=  593.670 ms
  all_reduce        256MiB t= 2373.630 ms
/scratch/learn/envs/serve/lib/python3.12/site-packages/torch/distributed/c10d_logger.py:83: FutureWarning: `torch.distributed.all_gather_into_tensor` is deprecated. Please use `torch.distributed.all_gather_single` instead.
  return func(*args, **kwargs)
  all_gather          4KiB t=    0.196 ms
  all_gather         64KiB t=    0.739 ms
  all_gather          1MiB t=    9.448 ms
  all_gather          4MiB t=   37.342 ms
  all_gather         16MiB t=  148.594 ms
  all_gather         64MiB t=  593.550 ms
  all_gather        256MiB t= 2373.291 ms
/scratch/learn/envs/serve/lib/python3.12/site-packages/torch/distributed/c10d_logger.py:83: FutureWarning: `torch.distributed.reduce_scatter_tensor` is deprecated. Please use `torch.distributed.reduce_scatter_single` instead.
  return func(*args, **kwargs)
  reduce_scatter      4KiB t=    0.194 ms
  reduce_scatter     64KiB t=    0.745 ms
  reduce_scatter      1MiB t=    9.463 ms
  reduce_scatter      4MiB t=   37.340 ms
  reduce_scatter     16MiB t=  148.625 ms
  reduce_scatter     64MiB t=  593.615 ms
  reduce_scatter    256MiB t= 2373.243 ms
  broadcast           4KiB t=    0.017 ms
  broadcast          64KiB t=    0.024 ms
  broadcast           1MiB t=    0.052 ms
  broadcast           4MiB t=    0.146 ms
  broadcast          16MiB t=    3.075 ms
  broadcast          64MiB t=  446.317 ms
  broadcast         256MiB t= 2218.497 ms
  sendrecv            4KiB t=    0.187 ms
  sendrecv           64KiB t=    0.741 ms
  sendrecv            1MiB t=    9.455 ms
  sendrecv            4MiB t=   37.294 ms
  sendrecv           16MiB t=  148.371 ms
  sendrecv           64MiB t=  592.934 ms
  sendrecv          256MiB t= 2370.916 ms
[write] /scratch/learn/work/out/6.1/20260922-eth0-full/sweep.rank0.json
[write] /scratch/learn/work/out/6.1/20260922-eth0-full/manifest.rank0.json
/scratch/learn/envs/serve/lib/python3.12/site-packages/torch/distributed/c10d_logger.py:83: UserWarning: barrier(): using the device under current context. You can specify `device_id` in `init_process_group` to mute this warning.
  return func(*args, **kwargs)
