
*****************************************
Setting OMP_NUM_THREADS environment variable for each process to be 1 in default, to avoid your system being overloaded, please further tune the variable for optimal performance in your application as needed. 
*****************************************
/root/learn/envs/serve/lib/python3.12/site-packages/torch/distributed/c10d_logger.py:83: UserWarning: barrier(): using the device under current context. You can specify `device_id` in `init_process_group` to mute this warning.
  return func(*args, **kwargs)
[rank0]:[W913 22:04:03.528346617 ProcessGroupNCCL.cpp:5276] Guessing device ID based on global rank. This can cause a hang if rank to GPU mapping is heterogeneous. You can specify device_id in init_process_group()
/root/learn/envs/serve/lib/python3.12/site-packages/torch/distributed/c10d_logger.py:83: UserWarning: barrier(): using the device under current context. You can specify `device_id` in `init_process_group` to mute this warning.
  return func(*args, **kwargs)
{
  "ranks": [
    {
      "torch": "2.13.0+cu130",
      "torch_git": "cf30153c4c131c8164ee7798e5022d810682e2cb",
      "backend": "nccl",
      "rank": 0,
      "world_size": 2,
      "updates": [
        {
          "mode": "ddp",
          "rank": 0,
          "local_count": 5.0,
          "global_count": 14.0,
          "all_reduce_return": null,
          "gradient_errors": {
            "0.weight": 2.7755575615628914e-17,
            "2.weight": 5.551115123125783e-17
          },
          "parameter_errors": {
            "0.weight": 0.0,
            "2.weight": 0.0
          },
          "optimizer_state_errors": {
            "0.weight": {
              "exp_avg": 1.734723475976807e-18,
              "exp_avg_sq": 4.235164736271502e-21
            },
            "2.weight": {
              "exp_avg": 6.938893903907228e-18,
              "exp_avg_sq": 2.0328790734103208e-20
            }
          },
          "global_grad_norm": 0.8921957835504862,
          "mean_of_local_means_error": 0.06903262522066356,
          "parameter_layouts": [
            {
              "name": "0.weight",
              "global_shape": [
                8,
                4
              ],
              "local_shape": [
                8,
                4
              ],
              "placements": "replicated"
            },
            {
              "name": "2.weight",
              "global_shape": [
                3,
                8
              ],
              "local_shape": [
                3,
                8
              ],
              "placements": "replicated"
            }
          ]
        },
        {
          "mode": "fsdp",
          "rank": 0,
          "local_count": 5.0,
          "global_count": 14.0,
          "all_reduce_return": null,
          "gradient_errors": {
            "0.weight": 2.7755575615628914e-17,
            "2.weight": 5.551115123125783e-17
          },
          "parameter_errors": {
            "0.weight": 0.0,
            "2.weight": 0.0
          },
          "optimizer_state_errors": {
            "0.weight": {
              "exp_avg": 1.734723475976807e-18,
              "exp_avg_sq": 4.235164736271502e-21
            },
            "2.weight": {
              "exp_avg": 6.938893903907228e-18,
              "exp_avg_sq": 2.0328790734103208e-20
            }
          },
          "global_grad_norm": 0.8921957835504862,
          "mean_of_local_means_error": 0.06903262522066356,
          "parameter_layouts": [
            {
              "name": "0.weight",
              "global_shape": [
                8,
                4
              ],
              "local_shape": [
                4,
                4
              ],
              "placements": "(Shard(dim=0),)"
            },
            {
              "name": "2.weight",
              "global_shape": [
                3,
                8
              ],
              "local_shape": [
                2,
                8
              ],
              "placements": "(Shard(dim=0),)"
            }
          ]
        }
      ],
      "skip": {
        "rank": 0,
        "global_finite": 0,
        "step_skipped": true,
        "parameter": 1.0,
        "all_zero_target_count": 0.0,
        "zero_target_action": "skip on every rank; no division"
      }
    },
    {
      "torch": "2.13.0+cu130",
      "torch_git": "cf30153c4c131c8164ee7798e5022d810682e2cb",
      "backend": "nccl",
      "rank": 1,
      "world_size": 2,
      "updates": [
        {
          "mode": "ddp",
          "rank": 1,
          "local_count": 9.0,
          "global_count": 14.0,
          "all_reduce_return": null,
          "gradient_errors": {
            "0.weight": 2.7755575615628914e-17,
            "2.weight": 5.551115123125783e-17
          },
          "parameter_errors": {
            "0.weight": 0.0,
            "2.weight": 0.0
          },
          "optimizer_state_errors": {
            "0.weight": {
              "exp_avg": 1.734723475976807e-18,
              "exp_avg_sq": 4.235164736271502e-21
            },
            "2.weight": {
              "exp_avg": 6.938893903907228e-18,
              "exp_avg_sq": 2.0328790734103208e-20
            }
          },
          "global_grad_norm": 0.8921957835504862,
          "mean_of_local_means_error": 0.06903262522066356,
          "parameter_layouts": [
            {
              "name": "0.weight",
              "global_shape": [
                8,
                4
              ],
              "local_shape": [
                8,
                4
              ],
              "placements": "replicated"
            },
            {
              "name": "2.weight",
              "global_shape": [
                3,
                8
              ],
              "local_shape": [
                3,
                8
              ],
              "placements": "replicated"
            }
          ]
        },
        {
          "mode": "fsdp",
          "rank": 1,
          "local_count": 9.0,
          "global_count": 14.0,
          "all_reduce_return": null,
          "gradient_errors": {
            "0.weight": 2.7755575615628914e-17,
            "2.weight": 5.551115123125783e-17
          },
          "parameter_errors": {
            "0.weight": 0.0,
            "2.weight": 0.0
          },
          "optimizer_state_errors": {
            "0.weight": {
              "exp_avg": 1.734723475976807e-18,
              "exp_avg_sq": 4.235164736271502e-21
            },
            "2.weight": {
              "exp_avg": 6.938893903907228e-18,
              "exp_avg_sq": 2.0328790734103208e-20
            }
          },
          "global_grad_norm": 0.8921957835504862,
          "mean_of_local_means_error": 0.06903262522066356,
          "parameter_layouts": [
            {
              "name": "0.weight",
              "global_shape": [
                8,
                4
              ],
              "local_shape": [
                4,
                4
              ],
              "placements": "(Shard(dim=0),)"
            },
            {
              "name": "2.weight",
              "global_shape": [
                3,
                8
              ],
              "local_shape": [
                1,
                8
              ],
              "placements": "(Shard(dim=0),)"
            }
          ]
        }
      ],
      "skip": {
        "rank": 1,
        "global_finite": 0,
        "step_skipped": true,
        "parameter": 1.0,
        "all_zero_target_count": 0.0,
        "zero_target_action": "skip on every rank; no division"
      }
    }
  ]
}
