{
 "cases": {
  "cases": [
   {
    "case": "single_short",
    "chunks": 3,
    "chars": 87,
    "calls_incremental": 1,
    "calls_reference": 1,
    "match": true,
    "deltas_equal_raw": true,
    "cancelled": false,
    "expected_calls": 1,
    "count_ok": true,
    "expect_incomplete": false,
    "incomplete_ok": true,
    "scanned_chars": 87,
    "deltas": 16,
    "peak_buffer_chars": 58,
    "cancelled_calls": 0,
    "dispatched": 1,
    "rejects": [],
    "expected_dispatched": 1,
    "dispatch_ok": true,
    "reject_ok": true
   },
   {
    "case": "escaped_string",
    "chunks": 5,
    "chars": 123,
    "calls_incremental": 1,
    "calls_reference": 1,
    "match": true,
    "deltas_equal_raw": true,
    "cancelled": false,
    "expected_calls": 1,
    "count_ok": true,
    "expect_incomplete": false,
    "incomplete_ok": true,
    "scanned_chars": 123,
    "deltas": 48,
    "peak_buffer_chars": 62,
    "cancelled_calls": 0,
    "dispatched": 1,
    "rejects": [],
    "expected_dispatched": 1,
    "dispatch_ok": true,
    "reject_ok": true
   },
   {
    "case": "unicode_escape_split",
    "chunks": 91,
    "chars": 91,
    "calls_incremental": 1,
    "calls_reference": 1,
    "match": true,
    "deltas_equal_raw": true,
    "cancelled": false,
    "expected_calls": 1,
    "count_ok": true,
    "expect_incomplete": false,
    "incomplete_ok": true,
    "scanned_chars": 91,
    "deltas": 16,
    "peak_buffer_chars": 62,
    "cancelled_calls": 0,
    "dispatched": 1,
    "rejects": [],
    "expected_dispatched": 1,
    "dispatch_ok": true,
    "reject_ok": true
   },
   {
    "case": "parallel_calls",
    "chunks": 5,
    "chars": 165,
    "calls_incremental": 2,
    "calls_reference": 2,
    "match": true,
    "deltas_equal_raw": true,
    "cancelled": false,
    "expected_calls": 2,
    "count_ok": true,
    "expect_incomplete": false,
    "incomplete_ok": true,
    "scanned_chars": 165,
    "deltas": 22,
    "peak_buffer_chars": 58,
    "cancelled_calls": 0,
    "dispatched": 2,
    "rejects": [],
    "expected_dispatched": 2,
    "dispatch_ok": true,
    "reject_ok": true
   },
   {
    "case": "incomplete_json",
    "chunks": 5,
    "chars": 81,
    "calls_incremental": 1,
    "calls_reference": 1,
    "match": true,
    "deltas_equal_raw": true,
    "cancelled": false,
    "expected_calls": 1,
    "count_ok": true,
    "expect_incomplete": true,
    "incomplete_ok": true,
    "scanned_chars": 81,
    "deltas": 23,
    "peak_buffer_chars": 58,
    "cancelled_calls": 0,
    "dispatched": 0,
    "rejects": [
     "incomplete_json"
    ],
    "expected_dispatched": 0,
    "dispatch_ok": true,
    "reject_ok": true
   },
   {
    "case": "three_calls_last_truncated",
    "chunks": 8,
    "chars": 253,
    "calls_incremental": 3,
    "calls_reference": 3,
    "match": true,
    "deltas_equal_raw": true,
    "cancelled": false,
    "expected_calls": 3,
    "count_ok": true,
    "expect_incomplete": false,
    "incomplete_ok": true,
    "scanned_chars": 253,
    "deltas": 51,
    "peak_buffer_chars": 58,
    "cancelled_calls": 0,
    "dispatched": 2,
    "rejects": [
     "incomplete_json"
    ],
    "expected_dispatched": 2,
    "dispatch_ok": true,
    "reject_ok": true
   },
   {
    "case": "closed_but_schema_invalid",
    "chunks": 4,
    "chars": 82,
    "calls_incremental": 1,
    "calls_reference": 1,
    "match": true,
    "deltas_equal_raw": true,
    "cancelled": false,
    "expected_calls": 1,
    "count_ok": true,
    "expect_incomplete": false,
    "incomplete_ok": true,
    "scanned_chars": 82,
    "deltas": 11,
    "peak_buffer_chars": 58,
    "cancelled_calls": 0,
    "dispatched": 0,
    "rejects": [
     "schema: 'expression' should be string, got int"
    ],
    "expected_dispatched": 0,
    "dispatch_ok": true,
    "reject_ok": true
   },
   {
    "case": "closed_but_not_authorized",
    "chunks": 4,
    "chars": 70,
    "calls_incremental": 1,
    "calls_reference": 1,
    "match": true,
    "deltas_equal_raw": true,
    "cancelled": false,
    "expected_calls": 1,
    "count_ok": true,
    "expect_incomplete": false,
    "incomplete_ok": true,
    "scanned_chars": 70,
    "deltas": 3,
    "peak_buffer_chars": 54,
    "cancelled_calls": 0,
    "dispatched": 0,
    "rejects": [
     "not_in_allowlist"
    ],
    "expected_dispatched": 0,
    "dispatch_ok": true,
    "reject_ok": true
   },
   {
    "case": "escape_backslash_split",
    "chunks": 124,
    "chars": 124,
    "calls_incremental": 1,
    "calls_reference": 1,
    "match": true,
    "deltas_equal_raw": true,
    "cancelled": false,
    "expected_calls": 1,
    "count_ok": true,
    "expect_incomplete": false,
    "incomplete_ok": true,
    "scanned_chars": 124,
    "deltas": 52,
    "peak_buffer_chars": 59,
    "cancelled_calls": 0,
    "dispatched": 1,
    "rejects": [],
    "expected_dispatched": 1,
    "dispatch_ok": true,
    "reject_ok": true
   },
   {
    "case": "cancel_mid_stream",
    "chunks": 7,
    "chars": 273,
    "calls_incremental": 0,
    "calls_reference": 1,
    "match": true,
    "deltas_equal_raw": true,
    "cancelled": true,
    "expected_calls": 0,
    "count_ok": true,
    "expect_incomplete": false,
    "incomplete_ok": false,
    "scanned_chars": 90,
    "deltas": 32,
    "peak_buffer_chars": 58,
    "cancelled_calls": 1,
    "dispatched": 0,
    "rejects": [],
    "expected_dispatched": 0,
    "dispatch_ok": true,
    "reject_ok": true
   }
  ],
  "allowlist": [
   "calculate",
   "search_corpus",
   "read_file",
   "list_files",
   "edit_file",
   "write_file",
   "run_tests"
  ],
  "all_match": true,
  "all_counts_ok": true,
  "all_dispatch_ok": true,
  "all_reject_ok": true,
  "commit_gate_note": "闭合（JSON 可解析）→ 允许表 → schema 校验，三步都过才 dispatched=True"
 },
 "sweep": {
  "chunk_chars": 8,
  "call_counts": [
   1,
   2,
   4
  ],
  "rows": [
   {
    "payload_bytes": 256,
    "calls": 1,
    "text_chars": 262,
    "chunks": 33,
    "chunk_chars": 8,
    "incremental_scanned": 262,
    "naive_scanned": 4486,
    "incremental_peak_buffer_chars": 62,
    "naive_peak_buffer_chars": 262,
    "peak_buffer_ratio": 4.226,
    "scan_ratio": 17.122,
    "incremental_ms": 0.115,
    "naive_ms": 0.066,
    "time_ratio": 0.572,
    "results_equal": true,
    "arguments_len": 197
   },
   {
    "payload_bytes": 256,
    "calls": 2,
    "text_chars": 269,
    "chunks": 34,
    "chunk_chars": 8,
    "incremental_scanned": 269,
    "naive_scanned": 4757,
    "incremental_peak_buffer_chars": 62,
    "naive_peak_buffer_chars": 269,
    "peak_buffer_ratio": 4.339,
    "scan_ratio": 17.684,
    "incremental_ms": 0.115,
    "naive_ms": 0.078,
    "time_ratio": 0.681,
    "results_equal": true,
    "arguments_len": 69
   },
   {
    "payload_bytes": 256,
    "calls": 4,
    "text_chars": 347,
    "chunks": 44,
    "chunk_chars": 8,
    "incremental_scanned": 347,
    "naive_scanned": 7915,
    "incremental_peak_buffer_chars": 62,
    "naive_peak_buffer_chars": 347,
    "peak_buffer_ratio": 5.597,
    "scan_ratio": 22.81,
    "incremental_ms": 0.14,
    "naive_ms": 0.142,
    "time_ratio": 1.012,
    "results_equal": true,
    "arguments_len": 21
   },
   {
    "payload_bytes": 4096,
    "calls": 1,
    "text_chars": 4102,
    "chunks": 513,
    "chunk_chars": 8,
    "incremental_scanned": 4102,
    "naive_scanned": 1054726,
    "incremental_peak_buffer_chars": 62,
    "naive_peak_buffer_chars": 4102,
    "peak_buffer_ratio": 66.161,
    "scan_ratio": 257.125,
    "incremental_ms": 1.963,
    "naive_ms": 1.715,
    "time_ratio": 0.874,
    "results_equal": true,
    "arguments_len": 4037
   },
   {
    "payload_bytes": 4096,
    "calls": 2,
    "text_chars": 4109,
    "chunks": 514,
    "chunk_chars": 8,
    "incremental_scanned": 4109,
    "naive_scanned": 1058837,
    "incremental_peak_buffer_chars": 62,
    "naive_peak_buffer_chars": 4109,
    "peak_buffer_ratio": 66.274,
    "scan_ratio": 257.687,
    "incremental_ms": 1.899,
    "naive_ms": 2.018,
    "time_ratio": 1.063,
    "results_equal": true,
    "arguments_len": 1989
   },
   {
    "payload_bytes": 4096,
    "calls": 4,
    "text_chars": 4123,
    "chunks": 516,
    "chunk_chars": 8,
    "incremental_scanned": 4123,
    "naive_scanned": 1067083,
    "incremental_peak_buffer_chars": 62,
    "naive_peak_buffer_chars": 4123,
    "peak_buffer_ratio": 66.5,
    "scan_ratio": 258.812,
    "incremental_ms": 1.966,
    "naive_ms": 2.663,
    "time_ratio": 1.355,
    "results_equal": true,
    "arguments_len": 965
   },
   {
    "payload_bytes": 65536,
    "calls": 1,
    "text_chars": 65542,
    "chunks": 8193,
    "chunk_chars": 8,
    "incremental_scanned": 65542,
    "naive_scanned": 268533766,
    "incremental_peak_buffer_chars": 62,
    "naive_peak_buffer_chars": 65542,
    "peak_buffer_ratio": 1057.129,
    "scan_ratio": 4097.125,
    "incremental_ms": 80.278,
    "naive_ms": 217.806,
    "time_ratio": 2.713,
    "results_equal": true,
    "arguments_len": 65477
   },
   {
    "payload_bytes": 65536,
    "calls": 2,
    "text_chars": 65549,
    "chunks": 8194,
    "chunk_chars": 8,
    "incremental_scanned": 65549,
    "naive_scanned": 268599317,
    "incremental_peak_buffer_chars": 62,
    "naive_peak_buffer_chars": 65549,
    "peak_buffer_ratio": 1057.242,
    "scan_ratio": 4097.687,
    "incremental_ms": 72.918,
    "naive_ms": 235.721,
    "time_ratio": 3.233,
    "results_equal": true,
    "arguments_len": 32709
   },
   {
    "payload_bytes": 65536,
    "calls": 4,
    "text_chars": 65563,
    "chunks": 8196,
    "chunk_chars": 8,
    "incremental_scanned": 65563,
    "naive_scanned": 268730443,
    "incremental_peak_buffer_chars": 62,
    "naive_peak_buffer_chars": 65563,
    "peak_buffer_ratio": 1057.468,
    "scan_ratio": 4098.812,
    "incremental_ms": 34.771,
    "naive_ms": 241.773,
    "time_ratio": 6.953,
    "results_equal": true,
    "arguments_len": 16325
   }
  ]
 }
}
