[OK ] call_level_head_of_line/fcfs: {'S_wait': 14.0, 'S_jct': 15.0, 'L_jct': 16.0, 'makespan': 17.0}
[OK ] call_level_head_of_line/plas: {'S_wait': 0.0, 'S_jct': 1.0, 'L_jct': 17.0, 'makespan': 17.0}
[OK ] program_level_head_of_line/mlfq_B_preempted_by_A_releases: {'B_jct': 10.0}
[OK ] program_level_head_of_line/plas_bins_A_calls_at_arrival: {'A_q_initial': [0, 1, 2, 2]}
[OK ] program_level_head_of_line/mlfq_has_no_scalar_binning: {'A_q_initial': [0, 0, 0, 0]}
[OK ] fork_join_width_vs_capacity/fcfs_bs2: {'makespan': 16.0}
[OK ] fork_join_width_vs_capacity/fcfs_bs4: {'makespan': 10.0}
[OK ] dependency_cycle_rejected/validate: dependency cycle detected at ('C', 0)
[OK ] plas_vs_atlas_scalars/scalar_growth: {'plas_W': 8.0, 'atlas_W': 2}
{
 "cases": [
  "call_level_head_of_line",
  "program_level_head_of_line",
  "fork_join_width_vs_capacity",
  "dependency_cycle_rejected",
  "plas_vs_atlas_scalars"
 ],
 "all_checks_match": true,
 "failed_checks": []
}
