{
 "source": "Autellix (arXiv:2502.13965) Figure 2: BS=2, A{4,3,1,1} B{3,3,4} C{1,2} D{4}",
 "paper_stated_total_wait": {
  "fcfs": 18,
  "mlfq": 18,
  "plas": 12
 },
 "ours_total_wait": {
  "fcfs": 18.0,
  "mlfq": 19.0,
  "plas": 13.0,
  "atlas": 13.0,
  "program_fcfs": 19.0
 },
 "ours_jct": {
  "fcfs": {
   "A": 12.0,
   "B": 14.0,
   "C": 10.0,
   "D": 8.0
  },
  "mlfq": {
   "A": 13.0,
   "B": 13.0,
   "C": 7.0,
   "D": 12.0
  },
  "plas": {
   "A": 12.0,
   "B": 14.0,
   "C": 6.0,
   "D": 7.0
  },
  "atlas": {
   "A": 12.0,
   "B": 14.0,
   "C": 6.0,
   "D": 7.0
  },
  "program_fcfs": {
   "A": 9.0,
   "B": 10.0,
   "C": 12.0,
   "D": 14.0
  }
 },
 "model_differences": [
  "本模拟器按'每个时间步在容量内选批、被选中的调用各推进 1 步'建模；论文 Figure 2 的Gantt 图未给出排空调度与等待计数的全部细节（例如父调用完成当步内子调用能否立即入选）",
  "本模拟器把程序等待计为该程序所有调用的排队步数之和；论文的 18/18/12 是同一口径的作者读数，逐项拆解未在论文中给出",
  "因此这里报告本模型下的绝对值并与论文对照，不把差异归因于具体实现细节"
 ]
}
