worldvln:82622:82622 [1] NCCL INFO ENV/Plugin: Could not find: libnccl-env.so
worldvln:82622:82622 [1] NCCL INFO cudaDriverVersion 13000
worldvln:82622:82622 [1] NCCL INFO NCCL version 2.29.7+cuda13.2
worldvln:82622:82622 [1] NCCL INFO NCCL git version stable b81d6a5a3
worldvln:82622:82622 [1] NCCL INFO NET/Plugin: Could not find: libnccl-net.so
worldvln:82622:82622 [1] NCCL INFO NET/IB : No device found.
worldvln:82622:82622 [1] NCCL INFO NET/IB : Using [RO]; OOB eth0:192.168.26.29<0>
worldvln:82622:82622 [1] NCCL INFO Failed to initialize NET plugin IB
worldvln:82622:82622 [1] NCCL INFO NET/Socket : Using [0]eth0:192.168.26.29<0>
worldvln:82622:82622 [1] NCCL INFO Initialized NET plugin Socket
worldvln:82622:82622 [1] NCCL INFO Assigned NET plugin Socket to comm
worldvln:82622:82622 [1] NCCL INFO GIN/Plugin: Could not find: libnccl-gin.so
worldvln:82622:82622 [1] NCCL INFO Failed to initialize any GIN plugin
worldvln:82622:82622 [1] NCCL INFO Using network Socket
worldvln:82622:82622 [1] NCCL INFO [Rank 1] ncclCommInitRankConfig comm 0x1c145fd0 rank 1 nranks 2 cudaDev 1 nvmlDev 3 busId a8000 commId 0xb7616b3988f2bcee - Init START
worldvln:82622:82622 [1] NCCL INFO RAS client listening socket at 127.0.0.1<28028>
worldvln:82622:82622 [1] NCCL INFO ncclTopoGetCpuAffinity: Affinity for GPU 3 is 48-95,144-191. (GPU affinity = 48-95,144-191 ; CPU affinity = 0-191).
worldvln:82622:82622 [1] NCCL INFO NVLS multicast support is not available on dev 1 (NVLS_NCHANNELS 0)
worldvln:82622:82622 [1] NCCL INFO comm 0x1c145fd0 rank 1 nRanks 2 nNodes 1 localRanks 2 localRank 1 MNNVL 0
worldvln:82622:82622 [1] NCCL INFO Trees [0] -1/-1/-1->1->0 [1] -1/-1/-1->1->0
worldvln:82622:82622 [1] NCCL INFO P2P Chunksize set to 131072
worldvln:82622:82622 [1] NCCL INFO PROFILER/Plugin: Could not find: libnccl-profiler.so
worldvln:82622:82622 [1] NCCL INFO Check P2P Type isAllDirectP2p 0 directMode 0 isAllCudaP2p 1
worldvln:82622:82763 [0] NCCL INFO [Proxy Service] Device 1 CPU core 145
worldvln:82622:82764 [0] NCCL INFO [Proxy Service UDS] Device 1 CPU core 50
worldvln:82622:82622 [1] NCCL INFO TUNER/Plugin: Could not find: libnccl-tuner.so
worldvln:82622:82622 [1] NCCL INFO threadThresholds 8/8/64 | 16/8/64 | 512 | 512
worldvln:82622:82622 [1] NCCL INFO 2 coll channels, 2 collnet channels, 0 nvls channels, 2 p2p channels, 2 p2p channels per peer
worldvln:82622:82622 [1] NCCL INFO Symmetric VA size=48GB
worldvln:82622:82622 [1] NCCL INFO ncclCommInitRankConfig comm 0x1c145fd0 rank 1 nranks 2 cudaDev 1 nvmlDev 3 busId a8000 commId 0xb7616b3988f2bcee - Init COMPLETE
worldvln:82622:82622 [1] NCCL INFO Init timings - ncclCommInitRankConfig: rank 1 nranks 2 total 3.41 (kernels 0.15, alloc 3.22, bootstrap 0.03, allgathers 0.00, topo 0.01, graphs 0.00, connections 0.00, rest 0.00)
worldvln:82622:82622 [1] NCCL INFO Symmetric VA size=48GB
worldvln:82622:82622 [1] NCCL INFO Channel 00 : 1[3] -> 0[0] via SHM/direct/direct
worldvln:82622:82622 [1] NCCL INFO Channel 01 : 1[3] -> 0[0] via SHM/direct/direct
worldvln:82622:82622 [1] NCCL INFO Connected all rings, use ring PXN 0 GDR 1
worldvln:82622:82622 [1] NCCL INFO Channel 00 : 1[3] -> 0[0] via SHM/direct/direct
worldvln:82622:82622 [1] NCCL INFO Channel 01 : 1[3] -> 0[0] via SHM/direct/direct
worldvln:82622:82622 [1] NCCL INFO comm 0x1c145fd0 rank 1 nranks 2 cudaDev 1 busId a8000 - Destroy COMPLETE
worldvln:82622:82622 [1] NCCL INFO ENV/Plugin: Closing env plugin ncclEnvDefault
