/root/learn/envs/serve/lib/python3.12/site-packages/torch/distributed/c10d_logger.py:83: UserWarning: barrier(): using the device under current context. You can specify `device_id` in `init_process_group` to mute this warning.
  return func(*args, **kwargs)
  all_reduce          4KiB t=    0.041 ms
  all_reduce         16KiB t=    0.040 ms
  all_reduce         64KiB t=    0.040 ms
  all_reduce        256KiB t=    0.051 ms
  all_reduce          1MiB t=    0.095 ms
  all_reduce          4MiB t=    0.308 ms
  all_reduce         16MiB t=    1.162 ms
  all_reduce         64MiB t=    4.614 ms
  all_reduce        256MiB t=   18.458 ms
/root/learn/envs/serve/lib/python3.12/site-packages/torch/distributed/c10d_logger.py:83: FutureWarning: `torch.distributed.all_gather_into_tensor` is deprecated. Please use `torch.distributed.all_gather_single` instead.
  return func(*args, **kwargs)
/root/learn/envs/serve/lib/python3.12/site-packages/torch/distributed/c10d_logger.py:83: FutureWarning: `torch.distributed.all_gather_into_tensor` is deprecated. Please use `torch.distributed.all_gather_single` instead.
  return func(*args, **kwargs)
  all_gather          4KiB t=    0.051 ms
  all_gather         16KiB t=    0.039 ms
  all_gather         64KiB t=    0.040 ms
  all_gather        256KiB t=    0.048 ms
  all_gather          1MiB t=    0.100 ms
  all_gather          4MiB t=    0.343 ms
  all_gather         16MiB t=    1.328 ms
  all_gather         64MiB t=    5.296 ms
  all_gather        256MiB t=   21.128 ms
/root/learn/envs/serve/lib/python3.12/site-packages/torch/distributed/c10d_logger.py:83: FutureWarning: `torch.distributed.reduce_scatter_tensor` is deprecated. Please use `torch.distributed.reduce_scatter_single` instead.
  return func(*args, **kwargs)
/root/learn/envs/serve/lib/python3.12/site-packages/torch/distributed/c10d_logger.py:83: FutureWarning: `torch.distributed.reduce_scatter_tensor` is deprecated. Please use `torch.distributed.reduce_scatter_single` instead.
  return func(*args, **kwargs)
  reduce_scatter      4KiB t=    0.045 ms
  reduce_scatter     16KiB t=    0.048 ms
  reduce_scatter     64KiB t=    0.041 ms
  reduce_scatter    256KiB t=    0.052 ms
  reduce_scatter      1MiB t=    0.098 ms
  reduce_scatter      4MiB t=    0.340 ms
  reduce_scatter     16MiB t=    1.322 ms
  reduce_scatter     64MiB t=    5.267 ms
  reduce_scatter    256MiB t=   21.004 ms
  broadcast           4KiB t=    0.044 ms
  broadcast          16KiB t=    0.042 ms
  broadcast          64KiB t=    0.042 ms
  broadcast         256KiB t=    0.048 ms
  broadcast           1MiB t=    0.055 ms
  broadcast           4MiB t=    0.176 ms
  broadcast          16MiB t=    0.681 ms
  broadcast          64MiB t=    2.823 ms
  broadcast         256MiB t=   11.275 ms
  sendrecv            4KiB t=    0.060 ms
  sendrecv           16KiB t=    0.057 ms
  sendrecv           64KiB t=    0.056 ms
  sendrecv          256KiB t=    0.063 ms
  sendrecv            1MiB t=    0.110 ms
  sendrecv            4MiB t=    0.390 ms
  sendrecv           16MiB t=    1.178 ms
  sendrecv           64MiB t=    4.681 ms
  sendrecv          256MiB t=   18.643 ms
