  L=   32 B= 1 text 每请求中位     7.661 ms  批墙钟   0.008 s
  L=   32 B= 1 ids  每请求中位     6.939 ms  批墙钟   0.007 s
  L=   32 B= 8 text 每请求中位    14.486 ms  批墙钟   0.017 s
  L=   32 B= 8 ids  每请求中位    10.780 ms  批墙钟   0.014 s
  L=   32 B=32 text 每请求中位    20.306 ms  批墙钟   0.033 s
  L=   32 B=32 ids  每请求中位    17.245 ms  批墙钟   0.032 s
  L=  512 B= 1 text 每请求中位    14.585 ms  批墙钟   0.015 s
  L=  512 B= 1 ids  每请求中位    14.414 ms  批墙钟   0.014 s
  L=  512 B= 8 text 每请求中位    64.187 ms  批墙钟   0.081 s
  L=  512 B= 8 ids  每请求中位    62.311 ms  批墙钟   0.075 s
  L=  512 B=32 text 每请求中位   159.408 ms  批墙钟   0.279 s
  L=  512 B=32 ids  每请求中位   159.082 ms  批墙钟   0.278 s
  L= 4096 B= 1 text 每请求中位   100.803 ms  批墙钟   0.101 s
  L= 4096 B= 1 ids  每请求中位    98.349 ms  批墙钟   0.098 s
  L= 4096 B= 8 text 每请求中位   439.602 ms  批墙钟   0.721 s
  L= 4096 B= 8 ids  每请求中位   434.877 ms  批墙钟   0.717 s
  L= 4096 B=32 text 每请求中位  1901.752 ms  批墙钟   3.607 s
  L= 4096 B=32 ids  每请求中位  1923.498 ms  批墙钟   3.645 s

前端成本（text 中位 − ids 中位，单位 ms）：
      长度       B=1       B=8      B=32
      32     0.722     3.706     3.061
     512     0.171     1.876     0.326
    4096     2.454     4.725   -21.746
