  L=   32 B= 1 text 每请求中位     7.134 ms  批墙钟   0.007 s
  L=   32 B= 1 ids  每请求中位     7.156 ms  批墙钟   0.007 s
  L=   32 B= 8 text 每请求中位    13.249 ms  批墙钟   0.016 s
  L=   32 B= 8 ids  每请求中位    11.917 ms  批墙钟   0.014 s
  L=   32 B=32 text 每请求中位    18.281 ms  批墙钟   0.031 s
  L=   32 B=32 ids  每请求中位    18.949 ms  批墙钟   0.032 s
  L=  512 B= 1 text 每请求中位    14.275 ms  批墙钟   0.014 s
  L=  512 B= 1 ids  每请求中位    14.499 ms  批墙钟   0.015 s
  L=  512 B= 8 text 每请求中位    61.226 ms  批墙钟   0.077 s
  L=  512 B= 8 ids  每请求中位    57.058 ms  批墙钟   0.077 s
  L=  512 B=32 text 每请求中位   159.178 ms  批墙钟   0.277 s
  L=  512 B=32 ids  每请求中位   158.860 ms  批墙钟   0.276 s
  L= 4096 B= 1 text 每请求中位   101.482 ms  批墙钟   0.102 s
  L= 4096 B= 1 ids  每请求中位    98.667 ms  批墙钟   0.099 s
  L= 4096 B= 8 text 每请求中位   435.210 ms  批墙钟   0.717 s
  L= 4096 B= 8 ids  每请求中位   432.264 ms  批墙钟   0.714 s
  L= 4096 B=32 text 每请求中位  1485.191 ms  批墙钟   2.824 s
  L= 4096 B=32 ids  每请求中位  1483.169 ms  批墙钟   2.827 s

前端成本（text 中位 − ids 中位，单位 ms）：
      长度       B=1       B=8      B=32
      32    -0.022     1.332    -0.668
     512    -0.224     4.168     0.318
    4096     2.815     2.946     2.022
