{
  "sft_masks": [
    {
      "seed": 0,
      "input_ids": [
        [
          1,
          3,
          4,
          2,
          2
        ],
        [
          1,
          5,
          6,
          7,
          2
        ]
      ],
      "attention_mask": [
        [
          true,
          true,
          true,
          true,
          false
        ],
        [
          true,
          true,
          true,
          true,
          true
        ]
      ],
      "response_mask": [
        [
          false,
          false,
          true,
          true,
          false
        ],
        [
          false,
          false,
          true,
          true,
          true
        ]
      ],
      "labels": [
        [
          -100,
          -100,
          4,
          2,
          -100
        ],
        [
          -100,
          -100,
          6,
          7,
          2
        ]
      ],
      "valid_targets": 5,
      "loss": 2.2508250891271184,
      "gradient_max_error": 0.0,
      "wrong_eos_mask_valid_targets": 3,
      "empty_answer_action": "reject before loss/optimizer",
      "scope": "independent logits CE reference; no TRL or causal-attention model executed"
    },
    {
      "seed": 1,
      "input_ids": [
        [
          1,
          3,
          4,
          2,
          2
        ],
        [
          1,
          5,
          6,
          7,
          2
        ]
      ],
      "attention_mask": [
        [
          true,
          true,
          true,
          true,
          false
        ],
        [
          true,
          true,
          true,
          true,
          true
        ]
      ],
      "response_mask": [
        [
          false,
          false,
          true,
          true,
          false
        ],
        [
          false,
          false,
          true,
          true,
          true
        ]
      ],
      "labels": [
        [
          -100,
          -100,
          4,
          2,
          -100
        ],
        [
          -100,
          -100,
          6,
          7,
          2
        ]
      ],
      "valid_targets": 5,
      "loss": 2.3640480069663026,
      "gradient_max_error": 0.0,
      "wrong_eos_mask_valid_targets": 3,
      "empty_answer_action": "reject before loss/optimizer",
      "scope": "independent logits CE reference; no TRL or causal-attention model executed"
    },
    {
      "seed": 2,
      "input_ids": [
        [
          1,
          3,
          4,
          2,
          2
        ],
        [
          1,
          5,
          6,
          7,
          2
        ]
      ],
      "attention_mask": [
        [
          true,
          true,
          true,
          true,
          false
        ],
        [
          true,
          true,
          true,
          true,
          true
        ]
      ],
      "response_mask": [
        [
          false,
          false,
          true,
          true,
          false
        ],
        [
          false,
          false,
          true,
          true,
          true
        ]
      ],
      "labels": [
        [
          -100,
          -100,
          4,
          2,
          -100
        ],
        [
          -100,
          -100,
          6,
          7,
          2
        ]
      ],
      "valid_targets": 5,
      "loss": 2.393512459800611,
      "gradient_max_error": 0.0,
      "wrong_eos_mask_valid_targets": 3,
      "empty_answer_action": "reject before loss/optimizer",
      "scope": "independent logits CE reference; no TRL or causal-attention model executed"
    }
  ],
  "lora_round_trip": [
    {
      "seed": 0,
      "rank": 2,
      "alpha": 8.0,
      "initial_output_error": 0.0,
      "base_max_change": 0.0,
      "first_gradient_norms": {
        "A": 0.0,
        "B": 0.15571014139084868
      },
      "adapter_parameter_count": 96,
      "adapter_optimizer_state_dtypes": [
        "torch.float32",
        "torch.float64"
      ],
      "reload_max_error": 0.0,
      "merge_max_error": 3.122502256758253e-17,
      "checkpoint_bytes": 2661,
      "base_sha256": "5e870b827f75dbf822270f64b2fa963e5db927dd41e469b5bc3f7367ec60dfe3",
      "expected_output": [
        [
          -0.011145223507927234,
          0.04664575259710845,
          -0.0005375881357077335,
          -0.03785170982469313,
          0.163303276158413,
          -0.011496158018823446,
          0.17892746820234887,
          0.030947687192505888,
          -0.10292854095494755,
          -0.00365042676231191,
          0.05288434504824769,
          -0.04578663498679236,
          -0.09485726701396248,
          0.07225608839796077,
          0.04717720839681716,
          0.005628030289460645,
          -0.08416300107961776,
          0.12152772916230133,
          0.11637825102997688,
          -0.04227063314312035,
          -0.005896632241609126,
          -0.10948154581292824,
          0.06326726298061876,
          0.11052589039998845,
          0.009443081211266646,
          0.11493015692409338,
          0.011272041991198066,
          -0.01719185825128949,
          0.06861061780864433,
          0.07879931086858917,
          0.06668417283609891,
          -0.055016666425357824
        ],
        [
          -0.030937118581174136,
          0.048660021905061274,
          -0.10279187832335317,
          0.1489166787433162,
          -0.10406192872444531,
          0.10073974705688891,
          0.060890278466036764,
          0.041833052025751216,
          0.05389881316058004,
          -0.05408746891690989,
          -0.1013640907483864,
          -0.003225596972868612,
          -0.029337334942022963,
          0.049793564994794176,
          -0.10839023320017147,
          -0.030351631899036835,
          -0.03762501479560715,
          -0.11128778320626187,
          -0.045551352649536636,
          -0.2106562038600995,
          -0.04316545935494827,
          0.12121397258325074,
          -0.03564223213018633,
          -0.21929964250098405,
          -0.05497791376592036,
          0.031556633989672775,
          -0.06956537147493318,
          0.08966728502447599,
          -0.021946946147093756,
          -0.08951921638198129,
          0.03672042866081224,
          -0.10393203696042493
        ],
        [
          -0.10136298604098101,
          0.025648042651630863,
          -0.1363209146462389,
          0.26066217781742446,
          0.15063710472315034,
          0.07350783387703537,
          0.015694413233472516,
          0.13340230265765768,
          -0.031457110094913567,
          -0.1407971481652487,
          0.06179812463499526,
          0.04038037858951113,
          0.013961635657583049,
          0.13920608079603025,
          -0.07336417253127149,
          -0.07033968559211143,
          -0.08026401376342328,
          -0.08574139165033624,
          0.09533507669967203,
          -0.030031142631014168,
          -0.026342031016522542,
          0.048416930306372244,
          0.11616110882086289,
          -0.01144854715404617,
          -0.17021697243771688,
          0.017949430988105808,
          0.001531063683638045,
          0.06284927870877728,
          -0.004506696131056143,
          -0.0739155171131376,
          -0.02446521644276436,
          -0.08793611512763042
        ]
      ],
      "updates": 1
    },
    {
      "seed": 0,
      "rank": 4,
      "alpha": 8.0,
      "initial_output_error": 0.0,
      "base_max_change": 0.0,
      "first_gradient_norms": {
        "A": 0.0,
        "B": 0.06331541622274989
      },
      "adapter_parameter_count": 192,
      "adapter_optimizer_state_dtypes": [
        "torch.float32",
        "torch.float64"
      ],
      "reload_max_error": 0.0,
      "merge_max_error": 8.326672684688674e-17,
      "checkpoint_bytes": 3429,
      "base_sha256": "5e870b827f75dbf822270f64b2fa963e5db927dd41e469b5bc3f7367ec60dfe3",
      "expected_output": [
        [
          -0.11506217497327836,
          0.023716148832947207,
          -0.13636596381170904,
          0.25364651285825396,
          0.14027969781765245,
          0.06460514171430586,
          0.02939356330403165,
          0.1353342995463146,
          -0.02670559084769972,
          -0.1376975667027344,
          0.05986613147497109,
          0.04739594551815026,
          0.027660796726711737,
          0.15121542377019864,
          -0.08537350981814003,
          -0.08404229206270127,
          -0.08030904393556046,
          -0.07538407477538278,
          0.09029642181372655,
          -0.025279646104772104,
          -0.03669942905820632,
          0.053168446511727765,
          0.11809309005132125,
          -0.025147721292040452,
          -0.18391614428147057,
          0.01436578950371195,
          0.0014860487811239756,
          0.0659488495502467,
          -0.002574700788890877,
          -0.07081591621689523,
          -0.01971370758444645,
          -0.08769397130739212
        ],
        [
          -0.023454420929489232,
          0.076420671634496,
          0.07200248085204307,
          0.11178154993731082,
          0.11777256527686109,
          0.053764041490396264,
          0.12348370909214167,
          -0.1123939116689971,
          -0.062365221414577246,
          -0.012758233295121239,
          0.11277575811267228,
          -0.12011942807243185,
          -0.0712000283695598,
          -0.15097300310702308,
          -0.06680717568762695,
          0.06520173322015671,
          -0.08488930206609627,
          -0.04863321423735877,
          0.12464880220140905,
          0.053896535710742835,
          -0.0071847673488203275,
          0.02376091926772405,
          0.03280711483320625,
          0.16623833001046331,
          0.051448994190604676,
          -0.018054469065575746,
          -0.07635933747817476,
          -0.08620331895995087,
          0.10766372457502386,
          0.13637424796410022,
          0.13966016647394175,
          -0.11107084978077578
        ],
        [
          0.04717973040433635,
          0.09154241432194153,
          0.14282967641662442,
          -0.03406808647974221,
          -0.00021980371364639217,
          0.06648540856676026,
          0.11473179653247977,
          -0.1261663453118873,
          0.03833111555705033,
          -0.003558315740603251,
          -0.1511538423955327,
          -0.12549492925939673,
          0.10738719261184304,
          -0.04459702510909742,
          -0.07121464491013976,
          -0.022785151649319095,
          -0.035993498501108986,
          -0.04838377080725203,
          0.19941039976428518,
          0.008787598849747735,
          0.010556959854044317,
          -0.00809944511335955,
          0.03348178304714157,
          0.015125826953141457,
          0.019917107674695383,
          0.0051779206007741725,
          -0.017764851223953108,
          0.09678959407063215,
          0.0393354993710063,
          0.14044654031212125,
          0.09372572564911215,
          -0.14540859395511424
        ]
      ],
      "updates": 1
    },
    {
      "seed": 1,
      "rank": 2,
      "alpha": 8.0,
      "initial_output_error": 0.0,
      "base_max_change": 0.0,
      "first_gradient_norms": {
        "A": 0.0,
        "B": 0.06305787929272724
      },
      "adapter_parameter_count": 96,
      "adapter_optimizer_state_dtypes": [
        "torch.float32",
        "torch.float64"
      ],
      "reload_max_error": 0.0,
      "merge_max_error": 5.551115123125783e-17,
      "checkpoint_bytes": 2661,
      "base_sha256": "1a2bc3f1ca09363e28c5459193e59a134b54b043130ec8d658af304f14ca22e6",
      "expected_output": [
        [
          0.029694058001868934,
          -0.08213627020540236,
          -0.06161210391450947,
          0.02361858981075936,
          0.03360855861333502,
          -0.28920853788443673,
          -0.012085068265789818,
          -0.08871149241888639,
          0.035143777760495314,
          -0.13567932997760404,
          -0.01682441610729178,
          0.003083456026509141,
          -0.026762108106537414,
          0.13973088522716634,
          -0.1380285539616563,
          -0.06906336908086969,
          0.12841864455728705,
          0.011250479281369085,
          0.05085008696589139,
          -0.184415170500325,
          0.061917120795582294,
          0.0899371985389676,
          0.05059046380239245,
          -0.08147097573719657,
          0.04819342788200972,
          0.007900604593557608,
          0.057020349681234865,
          -0.0932571945884093,
          -0.0053949321918931,
          0.09390868906410099,
          0.00674171872995544,
          0.02602746980131962
        ],
        [
          -0.021780357013429622,
          0.19334562207264278,
          -0.10466672304897658,
          -0.01160257118644002,
          -0.011729598006372324,
          0.054723038666129875,
          0.005322641663501051,
          0.10188378324988696,
          -0.07560816502059066,
          -0.08263307172190441,
          0.06652160512275253,
          -0.041776696550640466,
          0.10654485267327836,
          -0.02686351528597219,
          0.14904618448889453,
          -0.05363708125525589,
          -0.06576109872359881,
          -0.057942104120165,
          -0.06949896062051783,
          0.0821245434483818,
          0.041716410405422566,
          -0.0018170939881479503,
          -0.02675782064052664,
          -0.022425746177186553,
          -0.0010774750732634097,
          0.00965664694491826,
          0.04532336024562422,
          0.06773831911230377,
          -0.09991345736493457,
          -0.1173918040429358,
          -0.015259703262907301,
          0.029605346679085678
        ],
        [
          0.009828934355452807,
          0.23039331611737005,
          0.0012378329472398266,
          0.021543371698425347,
          -0.08372021398225243,
          0.037112888702743096,
          -0.12398572612237732,
          0.056590929002834474,
          -0.1288633324698484,
          -0.10821497688744068,
          0.027004068823344506,
          0.04827405070505134,
          0.19357753094150343,
          -0.07750175254060747,
          0.21129823714154802,
          -0.08830609200233987,
          -0.007087497951356927,
          -0.014760229781701405,
          0.025395785994032066,
          0.15512458930199885,
          0.042829434974261324,
          0.01709614118423295,
          -0.0005606534257940165,
          -0.03374170224243277,
          -0.079969468211933,
          0.13839121233137433,
          0.035064167267295956,
          0.13001153082765302,
          0.011409835605267194,
          -0.12979030754450074,
          0.010692008988972592,
          0.12168008951742129
        ]
      ],
      "updates": 1
    },
    {
      "seed": 1,
      "rank": 4,
      "alpha": 8.0,
      "initial_output_error": 0.0,
      "base_max_change": 0.0,
      "first_gradient_norms": {
        "A": 0.0,
        "B": 0.07277239934006068
      },
      "adapter_parameter_count": 192,
      "adapter_optimizer_state_dtypes": [
        "torch.float32",
        "torch.float64"
      ],
      "reload_max_error": 0.0,
      "merge_max_error": 3.469446951953614e-17,
      "checkpoint_bytes": 3429,
      "base_sha256": "1a2bc3f1ca09363e28c5459193e59a134b54b043130ec8d658af304f14ca22e6",
      "expected_output": [
        [
          0.013567837116524439,
          0.22710390520417878,
          0.00497676320196564,
          0.024832781909529422,
          -0.08619165341185732,
          0.03419194379260483,
          -0.12151428453905559,
          0.05366997748740365,
          -0.12363562501544172,
          -0.11113590776503852,
          0.023265139510346654,
          0.051786205388032115,
          0.1951499068895108,
          -0.08124068628134194,
          0.216527406837479,
          -0.09122704035503955,
          -0.008659875121489516,
          -0.019989469678389996,
          0.02741761875603537,
          0.15123376370331823,
          0.039317308495064894,
          0.014175221077660942,
          0.0038505409163290955,
          -0.03127027710931887,
          -0.083481579287973,
          0.13510180117390122,
          0.038802957084048406,
          0.13375046452374942,
          0.008938405044649093,
          -0.12605138013874237,
          0.007402598772851789,
          0.11965819390051537
        ],
        [
          -0.08364923941042277,
          -0.1395681805341388,
          -0.02011434059890249,
          -0.061571100249724536,
          -0.07242462533848505,
          0.16998330491146146,
          -0.012094945154251056,
          0.09794867963179345,
          0.04567325790937275,
          0.12374760646948764,
          0.06909601077750958,
          -0.030404613854579328,
          -0.09723114134106572,
          -0.12187293661803783,
          -0.012397499741082268,
          0.08345248705469549,
          0.01036521845923455,
          -0.014973368031624013,
          0.04992237399831933,
          0.07080170254276956,
          -0.13332444091021667,
          0.0035153054777233685,
          0.09979963250821038,
          0.023628397251824675,
          -0.05763186273322143,
          -0.07456921277318908,
          -0.045047650146850145,
          -0.018793212185019118,
          -0.023634115366117286,
          0.14178505899254792,
          -0.007794196323887792,
          0.004347271785455768
        ],
        [
          -0.09846821998956665,
          -0.0006113889329795322,
          0.04729821624143427,
          -0.04346949677949321,
          0.09491987149745912,
          0.09042738586908407,
          -0.1792389438889705,
          -0.010736505822502573,
          -0.20862003585189318,
          -0.11709356447715946,
          0.06238333928078914,
          0.12708087853231992,
          0.0928769115918347,
          0.02023969895025083,
          0.06927486635025082,
          -0.09671445865377702,
          -0.025310777504591285,
          0.06491068616606181,
          -0.0370004207862993,
          -0.1635627409158472,
          0.08721192662837182,
          0.24469264542297664,
          -0.018015867546068702,
          -0.0379345276430998,
          -0.07664573265008584,
          -0.0637900960711765,
          0.21097063930058024,
          -0.13565828796730195,
          -0.046610629120443295,
          -0.1962530272506597,
          0.10940776660504997,
          0.15303877443152672
        ]
      ],
      "updates": 1
    },
    {
      "seed": 2,
      "rank": 2,
      "alpha": 8.0,
      "initial_output_error": 0.0,
      "base_max_change": 0.0,
      "first_gradient_norms": {
        "A": 0.0,
        "B": 0.09509183233757983
      },
      "adapter_parameter_count": 96,
      "adapter_optimizer_state_dtypes": [
        "torch.float32",
        "torch.float64"
      ],
      "reload_max_error": 0.0,
      "merge_max_error": 5.551115123125783e-17,
      "checkpoint_bytes": 2661,
      "base_sha256": "95ed325639efbdd9622b2188ffd132cf8e5afee074751929b6482d521fc285df",
      "expected_output": [
        [
          0.12280854640055175,
          -0.11609934059994505,
          -0.04972575811556641,
          -0.055526697133117996,
          0.0960688434934935,
          -0.06378236371142341,
          0.08054725573384518,
          -0.0710451007344174,
          0.1727497937660469,
          -0.09680897775729913,
          0.03160249522178599,
          0.07470278107833572,
          0.10568126522257776,
          0.024399808718468224,
          0.09157140936626602,
          -0.061049508466431604,
          -0.18764794396001083,
          0.0017853582618133955,
          0.005573858559637881,
          0.11102786954058529,
          -0.006264667154967309,
          -0.10046792401731783,
          0.13366018203852742,
          -0.10815075928470015,
          -0.15038840731311706,
          -0.13262802329808682,
          0.03430057288094898,
          0.13012617111025723,
          -0.166325619033358,
          -0.2510255273188145,
          0.017896221539848923,
          -0.14252686995467592
        ],
        [
          -0.20959551266385087,
          0.17321821606070878,
          0.037573374475723835,
          -0.021494307167243962,
          -0.16060927589034787,
          -0.025105586592136037,
          0.014877463886091513,
          0.09471529932283047,
          -0.13926796177384493,
          0.10705992180545867,
          0.006598872970592494,
          -0.08919544615475841,
          -0.06605187517303278,
          0.024157306144999755,
          -0.13011963191579268,
          0.07198026686538057,
          0.0932641795098014,
          -0.09399101477805527,
          -0.17401120645424606,
          -0.17172231126149523,
          0.0152844994010185,
          -0.00043069990671726994,
          -0.1195346549915078,
          0.170849060776842,
          0.06767697450706647,
          0.00979353734233224,
          0.08310323053879397,
          0.010641167397683265,
          0.07150230350571617,
          0.03563274344970098,
          0.12309981042730349,
          0.14086818360384185
        ],
        [
          0.11985469531497302,
          -0.07184074339908667,
          0.023567736407363298,
          -0.068852489219611,
          0.024711415367231107,
          -0.005444526644435406,
          -0.07904494980549993,
          -0.06363142529398531,
          0.11754281465514317,
          0.13821305367227077,
          0.07868144347791149,
          -0.034401112036581506,
          0.07555290581136744,
          -0.06040902464340311,
          0.018281312333353988,
          -2.9686662827042506e-06,
          0.0021462534811144997,
          0.011622787699117206,
          0.036887799415247405,
          -0.0644998006001507,
          0.058489014879577146,
          -0.07451670503880943,
          0.09196854898558485,
          0.02863971138290959,
          -0.1298759952040909,
          0.04710718724494177,
          -0.0800973816994413,
          0.1202823726594931,
          -0.14611338132819712,
          -0.21171305962290746,
          0.11791930761288225,
          -0.05025022930385025
        ]
      ],
      "updates": 1
    },
    {
      "seed": 2,
      "rank": 4,
      "alpha": 8.0,
      "initial_output_error": 0.0,
      "base_max_change": 0.0,
      "first_gradient_norms": {
        "A": 0.0,
        "B": 0.08235784169560617
      },
      "adapter_parameter_count": 192,
      "adapter_optimizer_state_dtypes": [
        "torch.float32",
        "torch.float64"
      ],
      "reload_max_error": 0.0,
      "merge_max_error": 5.551115123125783e-17,
      "checkpoint_bytes": 3429,
      "base_sha256": "95ed325639efbdd9622b2188ffd132cf8e5afee074751929b6482d521fc285df",
      "expected_output": [
        [
          0.09914802840819813,
          -0.05113397290390293,
          0.03398936642871942,
          -0.08618270871690573,
          0.020356346832503706,
          -0.001089611884451721,
          -0.08284021844624322,
          -0.042924621505434676,
          0.11471164346937532,
          0.1417306390227074,
          0.0712274687232133,
          -0.03875485615291163,
          0.09232341874276434,
          -0.056331660279114744,
          0.010827386888444724,
          0.007450934730727695,
          -0.0022087416146597096,
          0.028953010652802213,
          0.019557577225348375,
          -0.04379300501950578,
          0.0758191788960393,
          -0.09522220262178631,
          0.08941942819606652,
          0.017935887566979225,
          -0.13732991573438613,
          0.03965329682420201,
          -0.05939060914631243,
          0.12379989012018992,
          -0.12540661723883595,
          -0.2088818779985866,
          0.13524952690265857,
          -0.05066892911528427
        ],
        [
          -0.12507151558178614,
          0.04667161679264446,
          -0.08481067568102298,
          0.06888211861540258,
          -0.029228714970241845,
          -0.013698573069950898,
          -0.06022805136279808,
          0.08145770160521515,
          0.010584625559351041,
          0.07722219371790444,
          0.01298169903037873,
          -0.006536470687577421,
          -0.03930033650077678,
          0.005972510073450978,
          -0.1382809880547766,
          -0.09272340585228145,
          0.14089858905093489,
          0.025000261176409928,
          -0.05749340965117845,
          0.08844211004808618,
          -0.05461213170862822,
          -0.04589426601895272,
          -0.03526279434178139,
          -0.010330122242225686,
          0.12201180608692277,
          0.09562764021464144,
          -0.01432593723399814,
          0.09428766801373947,
          -0.03391527896088035,
          0.09330517418344988,
          -0.08675889058162894,
          0.12403286580784884
        ],
        [
          0.08324528660799864,
          -0.022374363790223735,
          -0.03351867920174334,
          -0.05740759988819116,
          0.018957808007178112,
          0.06765258410466672,
          -0.1746660722660506,
          -0.14405443028436082,
          0.10010895477756988,
          0.09425794855296511,
          -0.025080172776951223,
          -0.02675326830775006,
          0.05175477392734544,
          -0.0738212545931351,
          -0.02035608498029319,
          -0.05917464286719295,
          0.14814916962185712,
          0.0996286305607836,
          0.046650029937832516,
          0.1792372152570835,
          -0.011929146848736125,
          -0.008801292116452884,
          0.04051458703611681,
          0.023438827405626257,
          -0.05815248736499135,
          0.03132279017760712,
          -0.10700571559499061,
          0.02615453471836665,
          -0.07876832192173573,
          -0.021967537946319733,
          0.14359680400364475,
          0.012641724520310928
        ]
      ],
      "updates": 1
    }
  ],
  "adapter_count_formula": {
    "source_kind": "formula_prediction",
    "layers": 36,
    "linear_shapes_out_in": {
      "q_proj": [
        2048,
        2048
      ],
      "k_proj": [
        512,
        2048
      ],
      "v_proj": [
        512,
        2048
      ],
      "o_proj": [
        2048,
        2048
      ],
      "gate_proj": [
        11008,
        2048
      ],
      "up_proj": [
        11008,
        2048
      ],
      "down_proj": [
        2048,
        11008
      ]
    },
    "counts": {
      "8": 15114240,
      "16": 30228480,
      "32": 60456960
    },
    "assumptions": "adapters on all seven listed matrices in every layer; no embedding adapter, bias or modules_to_save",
    "memory_rule": "state bytes use actual adapter parameter/gradient/m/v dtypes; activation and base storage are separate"
  }
}
