=== Running 2-GPU NCCL experiments ===
/root/learn/envs/serve/lib/python3.12/site-packages/torch/distributed/c10d_logger.py:83: UserWarning: barrier(): using the device under current context. You can specify `device_id` in `init_process_group` to mute this warning.
  return func(*args, **kwargs)
[Rank 0] Initialized with backend=nccl, world_size=2

[Rank 0] === Experiment 1: Basic Collectives ===
[Rank 0] Initial tensor: 1.0
[Rank 0] After all_reduce(SUM): 3.0
[Rank 0] After broadcast from rank 0: 100.0
[Rank 0] Gathered tensors: [1.0, 2.0]

[Rank 0] === Experiment 2: Order Matching ===
[Rank 0] Correct order - t1: 10.0, t2: 20.0

[Rank 0] === Experiment 3: Async Semantics on cuda:0 ===
[Rank 0] Sync call: 0.077 ms
[Rank 0] Async return: 0.055 ms, complete: 0.078 ms

[Rank 0] === Experiment 4: Buffer Lifecycle ===
[Rank 0] Correct usage - sum: 3.0

[Rank 0] === Experiment 5: Timeout Detection ===
[Rank 0] Normal communication succeeded: 3.0

[Rank 0] Results saved to /root/learn/work/out/6.0/gpu_nccl_2ranks.json
[Rank 1] Initialized with backend=nccl, world_size=2

[Rank 1] === Experiment 1: Basic Collectives ===
[Rank 1] Initial tensor: 2.0
[Rank 1] After all_reduce(SUM): 3.0
[Rank 1] After broadcast from rank 0: 100.0

[Rank 1] === Experiment 2: Order Matching ===
[Rank 1] Correct order - t1: 10.0, t2: 20.0

[Rank 1] === Experiment 3: Async Semantics on cuda:1 ===
[Rank 1] Sync call: 0.070 ms
[Rank 1] Async return: 0.050 ms, complete: 0.078 ms

[Rank 1] === Experiment 4: Buffer Lifecycle ===
[Rank 1] Correct usage - sum: 3.0

[Rank 1] === Experiment 5: Timeout Detection ===
[Rank 1] Normal communication succeeded: 3.0
=== Running 4-GPU NCCL experiments ===
/root/learn/envs/serve/lib/python3.12/site-packages/torch/distributed/c10d_logger.py:83: UserWarning: barrier(): using the device under current context. You can specify `device_id` in `init_process_group` to mute this warning.
  return func(*args, **kwargs)
[Rank 3] Initialized with backend=nccl, world_size=4

[Rank 3] === Experiment 1: Basic Collectives ===
[Rank 3] Initial tensor: 4.0
[Rank 3] After all_reduce(SUM): 10.0
[Rank 3] After broadcast from rank 0: 100.0

[Rank 3] === Experiment 2: Order Matching ===
[Rank 3] Correct order - t1: 60.0, t2: 120.0

[Rank 3] === Experiment 3: Async Semantics on cuda:3 ===
[Rank 3] Sync call: 0.104 ms
[Rank 3] Async return: 0.042 ms, complete: 0.099 ms

[Rank 3] === Experiment 4: Buffer Lifecycle ===
[Rank 3] Correct usage - sum: 10.0

[Rank 3] === Experiment 5: Timeout Detection ===
[Rank 3] Normal communication succeeded: 10.0
[Rank 2] Initialized with backend=nccl, world_size=4

[Rank 2] === Experiment 1: Basic Collectives ===
[Rank 2] Initial tensor: 3.0
[Rank 2] After all_reduce(SUM): 10.0
[Rank 2] After broadcast from rank 0: 100.0

[Rank 2] === Experiment 2: Order Matching ===
[Rank 2] Correct order - t1: 60.0, t2: 120.0

[Rank 2] === Experiment 3: Async Semantics on cuda:2 ===
[Rank 2] Sync call: 0.095 ms
[Rank 2] Async return: 0.069 ms, complete: 0.093 ms

[Rank 2] === Experiment 4: Buffer Lifecycle ===
[Rank 2] Correct usage - sum: 10.0

[Rank 2] === Experiment 5: Timeout Detection ===
[Rank 2] Normal communication succeeded: 10.0
[Rank 0] Initialized with backend=nccl, world_size=4

[Rank 0] === Experiment 1: Basic Collectives ===
[Rank 0] Initial tensor: 1.0
[Rank 0] After all_reduce(SUM): 10.0
[Rank 0] After broadcast from rank 0: 100.0
[Rank 0] Gathered tensors: [1.0, 2.0, 3.0, 4.0]

[Rank 0] === Experiment 2: Order Matching ===
[Rank 0] Correct order - t1: 60.0, t2: 120.0

[Rank 0] === Experiment 3: Async Semantics on cuda:0 ===
[Rank 0] Sync call: 0.088 ms
[Rank 0] Async return: 0.046 ms, complete: 0.097 ms

[Rank 0] === Experiment 4: Buffer Lifecycle ===
[Rank 0] Correct usage - sum: 10.0

[Rank 0] === Experiment 5: Timeout Detection ===
[Rank 0] Normal communication succeeded: 10.0

[Rank 0] Results saved to /root/learn/work/out/6.0/gpu_nccl_4ranks.json
[Rank 1] Initialized with backend=nccl, world_size=4

[Rank 1] === Experiment 1: Basic Collectives ===
[Rank 1] Initial tensor: 2.0
[Rank 1] After all_reduce(SUM): 10.0
[Rank 1] After broadcast from rank 0: 100.0

[Rank 1] === Experiment 2: Order Matching ===
[Rank 1] Correct order - t1: 60.0, t2: 120.0

[Rank 1] === Experiment 3: Async Semantics on cuda:1 ===
[Rank 1] Sync call: 0.105 ms
[Rank 1] Async return: 0.065 ms, complete: 0.089 ms

[Rank 1] === Experiment 4: Buffer Lifecycle ===
[Rank 1] Correct usage - sum: 10.0

[Rank 1] === Experiment 5: Timeout Detection ===
[Rank 1] Normal communication succeeded: 10.0
=== Experiments completed ===
total 8.0K
-rw-r--r-- 1 root root 509 Sep 12 17:30 gpu_nccl_2ranks.json
-rw-r--r-- 1 root root 514 Sep 12 17:31 gpu_nccl_4ranks.json
