worldvln:82901:82901 [0] NCCL INFO ENV/Plugin: Could not find: libnccl-env.so
worldvln:82901:82901 [0] NCCL INFO cudaDriverVersion 13000
worldvln:82901:82901 [0] NCCL INFO NCCL version 2.29.7+cuda13.2
worldvln:82901:82901 [0] NCCL INFO NCCL git version stable b81d6a5a3
worldvln:82901:82901 [0] NCCL INFO NET/Plugin: Could not find: libnccl-net.so
worldvln:82901:82901 [0] NCCL INFO NET/IB : No device found.
worldvln:82901:82901 [0] NCCL INFO NET/IB : Using [RO]; OOB eth0:192.168.26.29<0>
worldvln:82901:82901 [0] NCCL INFO Failed to initialize NET plugin IB
worldvln:82901:82901 [0] NCCL INFO NET/Socket : Using [0]eth0:192.168.26.29<0>
worldvln:82901:82901 [0] NCCL INFO Initialized NET plugin Socket
worldvln:82901:82901 [0] NCCL INFO Assigned NET plugin Socket to comm
worldvln:82901:82901 [0] NCCL INFO GIN/Plugin: Could not find: libnccl-gin.so
worldvln:82901:82901 [0] NCCL INFO Failed to initialize any GIN plugin
worldvln:82901:82901 [0] NCCL INFO Using network Socket
worldvln:82901:82901 [0] NCCL INFO [Rank 0] ncclCommInitRankConfig comm 0xf3211a0 rank 0 nranks 4 cudaDev 0 nvmlDev 0 busId 16000 commId 0x15f6dc60f3026b7e - Init START
worldvln:82901:82901 [0] NCCL INFO RAS client listening socket at 127.0.0.1<28028>
worldvln:82901:82901 [0] NCCL INFO ncclTopoGetCpuAffinity: Affinity for GPU 0 is 0-47,96-143. (GPU affinity = 0-47,96-143 ; CPU affinity = 0-191).
worldvln:82901:82901 [0] NCCL INFO NVLS multicast support is not available on dev 0 (NVLS_NCHANNELS 0)
worldvln:82901:82901 [0] NCCL INFO comm 0xf3211a0 rank 0 nRanks 4 nNodes 1 localRanks 4 localRank 0 MNNVL 0
worldvln:82901:82901 [0] NCCL INFO Channel 00/02 : 0 1 2 3
worldvln:82901:82901 [0] NCCL INFO Channel 01/02 : 0 1 2 3
worldvln:82901:82901 [0] NCCL INFO Trees [0] 1/-1/-1->0->-1 [1] 1/-1/-1->0->-1
worldvln:82901:82901 [0] NCCL INFO P2P Chunksize set to 131072
worldvln:82901:82901 [0] NCCL INFO PROFILER/Plugin: Could not find: libnccl-profiler.so
worldvln:82901:82901 [0] NCCL INFO Check P2P Type isAllDirectP2p 0 directMode 0 isAllCudaP2p 1
worldvln:82901:83186 [0] NCCL INFO [Proxy Service] Device 0 CPU core 117
worldvln:82901:83189 [0] NCCL INFO [Proxy Service UDS] Device 0 CPU core 21
worldvln:82901:82901 [0] NCCL INFO TUNER/Plugin: Could not find: libnccl-tuner.so
worldvln:82901:82901 [0] NCCL INFO   Algorithm   |                            Tree                  |                            Ring                  |                   CollNetDirect                  |
worldvln:82901:82901 [0] NCCL INFO   Protocol    |             LL |          LL128 |         Simple |             LL |          LL128 |         Simple |             LL |          LL128 |         Simple |
worldvln:82901:82901 [0] NCCL INFO  Max NThreads |            512 |            640 |            512 |            512 |            640 |            256 |              0 |              0 |            640 |
worldvln:82901:82901 [0] NCCL INFO     Broadcast |     0.0/   0.0 |     0.0/   0.0 |     0.0/   0.0 |     7.6/   5.0 |    16.5/   0.0 |    14.1/  10.0 |     0.0/   0.0 |     0.0/   0.0 |     0.0/   0.0 |
worldvln:82901:82901 [0] NCCL INFO        Reduce |     0.0/   0.0 |     0.0/   0.0 |     0.0/   0.0 |     7.6/   5.0 |    16.5/   0.0 |    14.1/  10.0 |     0.0/   0.0 |     0.0/   0.0 |     0.0/   0.0 |
worldvln:82901:82901 [0] NCCL INFO     AllGather |     0.0/   0.0 |     0.0/   0.0 |     0.0/   0.0 |     9.6/   6.7 |    21.5/   0.0 |    25.5/  13.3 |     2.4/   0.0 |     2.4/   0.0 |    40.8/   0.0 |
worldvln:82901:82901 [0] NCCL INFO ReduceScatter |     0.0/   0.0 |     0.0/   0.0 |     0.0/   0.0 |     9.6/   6.7 |    21.5/   0.0 |    25.5/  13.3 |     2.4/   0.0 |     2.4/   0.0 |    40.8/   0.0 |
worldvln:82901:82901 [0] NCCL INFO     AllReduce |    12.8/   1.5 |    25.4/   0.0 |    32.4/   5.5 |    12.6/   3.3 |    29.0/   0.0 |    42.6/   6.7 |     2.4/   0.0 |     2.4/   0.0 |    40.8/   0.0 |
worldvln:82901:82901 [0] NCCL INFO   Algorithm   |                    CollNetChain                  |                            NVLS                  |                        NVLSTree                  |
worldvln:82901:82901 [0] NCCL INFO   Protocol    |             LL |          LL128 |         Simple |             LL |          LL128 |         Simple |             LL |          LL128 |         Simple |
worldvln:82901:82901 [0] NCCL INFO  Max NThreads |              0 |              0 |            640 |              0 |              0 |            640 |              0 |              0 |            640 |
worldvln:82901:82901 [0] NCCL INFO     Broadcast |     0.0/   0.0 |     0.0/   0.0 |     0.0/   0.0 |     0.0/   0.0 |     0.0/   0.0 |     0.0/   0.0 |     0.0/   0.0 |     0.0/   0.0 |     0.0/   0.0 |
worldvln:82901:82901 [0] NCCL INFO        Reduce |     0.0/   0.0 |     0.0/   0.0 |     0.0/   0.0 |     0.0/   0.0 |     0.0/   0.0 |     0.0/   0.0 |     0.0/   0.0 |     0.0/   0.0 |     0.0/   0.0 |
worldvln:82901:82901 [0] NCCL INFO     AllGather |     0.0/   0.0 |     0.0/   0.0 |     0.0/   0.0 |     0.0/   0.0 |     0.0/   0.0 |     0.0/   0.0 |     0.0/   0.0 |     0.0/   0.0 |     0.0/   0.0 |
worldvln:82901:82901 [0] NCCL INFO ReduceScatter |     0.0/   0.0 |     0.0/   0.0 |     0.0/   0.0 |     0.0/   0.0 |     0.0/   0.0 |     0.0/   0.0 |     0.0/   0.0 |     0.0/   0.0 |     0.0/   0.0 |
worldvln:82901:82901 [0] NCCL INFO     AllReduce |     0.0/   0.0 |     0.0/   0.0 |    46.8/   0.0 |     0.0/   0.0 |     0.0/   0.0 |     0.0/   0.0 |     0.0/   0.0 |     0.0/   0.0 |     0.0/   0.0 |
worldvln:82901:82901 [0] NCCL INFO   Algorithm   |                             PAT                  |
worldvln:82901:82901 [0] NCCL INFO   Protocol    |             LL |          LL128 |         Simple |             LL |          LL128 |         Simple |             LL |          LL128 |         Simple |
worldvln:82901:82901 [0] NCCL INFO  Max NThreads |              0 |              0 |              0 |
worldvln:82901:82901 [0] NCCL INFO     Broadcast |     0.0/   0.0 |     0.0/   0.0 |     0.0/   0.0 |
worldvln:82901:82901 [0] NCCL INFO        Reduce |     0.0/   0.0 |     0.0/   0.0 |     0.0/   0.0 |
worldvln:82901:82901 [0] NCCL INFO     AllGather |     0.0/   0.0 |     0.0/   0.0 |     0.0/   0.0 |
worldvln:82901:82901 [0] NCCL INFO ReduceScatter |     0.0/   0.0 |     0.0/   0.0 |     0.0/   0.0 |
worldvln:82901:82901 [0] NCCL INFO     AllReduce |     0.0/   0.0 |     0.0/   0.0 |     0.0/   0.0 |
worldvln:82901:82901 [0] NCCL INFO threadThresholds 8/8/64 | 32/8/64 | 512 | 512
worldvln:82901:82901 [0] NCCL INFO 2 coll channels, 2 collnet channels, 0 nvls channels, 2 p2p channels, 2 p2p channels per peer
worldvln:82901:82901 [0] NCCL INFO Symmetric VA size=48GB
worldvln:82901:82901 [0] NCCL INFO CC Off, workFifoBytes 1048576
worldvln:82901:82901 [0] NCCL INFO ncclCommInitRankConfig comm 0xf3211a0 rank 0 nranks 4 cudaDev 0 nvmlDev 0 busId 16000 commId 0x15f6dc60f3026b7e - Init COMPLETE
worldvln:82901:82901 [0] NCCL INFO Init timings - ncclCommInitRankConfig: rank 0 nranks 4 total 2.24 (kernels 0.15, alloc 2.04, bootstrap 0.02, allgathers 0.00, topo 0.02, graphs 0.00, connections 0.00, rest 0.00)
worldvln:82901:82901 [0] NCCL INFO Symmetric VA size=48GB
worldvln:82901:82901 [0] NCCL INFO Channel 00 : 0[0] -> 1[1] via SHM/direct/direct
worldvln:82901:82901 [0] NCCL INFO Channel 01 : 0[0] -> 1[1] via SHM/direct/direct
worldvln:82901:82901 [0] NCCL INFO Connected all rings, use ring PXN 0 GDR 1
worldvln:82901:82901 [0] NCCL INFO AllReduce: 4096 Bytes -> Algo RING proto LL channel{Lo..Hi}={0..0}
worldvln:82901:82901 [0] NCCL INFO AllReduce: 4096 Bytes -> Algo RING proto LL channel{Lo..Hi}={0..0}
worldvln:82901:82901 [0] NCCL INFO AllReduce: 4096 Bytes -> Algo RING proto LL channel{Lo..Hi}={0..0}
worldvln:82901:82901 [0] NCCL INFO AllReduce: 4 Bytes -> Algo RING proto LL channel{Lo..Hi}={0..0}
worldvln:82901:82901 [0] NCCL INFO AllReduce: 4096 Bytes -> Algo RING proto LL channel{Lo..Hi}={0..0}
worldvln:82901:82901 [0] NCCL INFO AllReduce: 4096 Bytes -> Algo RING proto LL channel{Lo..Hi}={0..0}
worldvln:82901:82901 [0] NCCL INFO AllReduce: 4096 Bytes -> Algo RING proto LL channel{Lo..Hi}={0..0}
worldvln:82901:82901 [0] NCCL INFO AllReduce: 4096 Bytes -> Algo RING proto LL channel{Lo..Hi}={0..0}
worldvln:82901:82901 [0] NCCL INFO AllReduce: 4096 Bytes -> Algo RING proto LL channel{Lo..Hi}={0..0}
worldvln:82901:82901 [0] NCCL INFO AllReduce: 4096 Bytes -> Algo RING proto LL channel{Lo..Hi}={0..0}
worldvln:82901:82901 [0] NCCL INFO AllReduce: 4096 Bytes -> Algo RING proto LL channel{Lo..Hi}={0..0}
worldvln:82901:82901 [0] NCCL INFO AllReduce: 4096 Bytes -> Algo RING proto LL channel{Lo..Hi}={0..0}
worldvln:82901:82901 [0] NCCL INFO AllReduce: 4096 Bytes -> Algo RING proto LL channel{Lo..Hi}={0..0}
worldvln:82901:82901 [0] NCCL INFO AllReduce: 4096 Bytes -> Algo RING proto LL channel{Lo..Hi}={0..0}
worldvln:82901:82901 [0] NCCL INFO AllReduce: 4096 Bytes -> Algo RING proto LL channel{Lo..Hi}={0..0}
worldvln:82901:82901 [0] NCCL INFO AllReduce: 4096 Bytes -> Algo RING proto LL channel{Lo..Hi}={0..0}
worldvln:82901:82901 [0] NCCL INFO AllReduce: 4096 Bytes -> Algo RING proto LL channel{Lo..Hi}={0..0}
worldvln:82901:82901 [0] NCCL INFO AllReduce: 4096 Bytes -> Algo RING proto LL channel{Lo..Hi}={0..0}
worldvln:82901:82901 [0] NCCL INFO AllReduce: 4096 Bytes -> Algo RING proto LL channel{Lo..Hi}={0..0}
worldvln:82901:82901 [0] NCCL INFO AllReduce: 4096 Bytes -> Algo RING proto LL channel{Lo..Hi}={0..0}
worldvln:82901:82901 [0] NCCL INFO AllReduce: 4096 Bytes -> Algo RING proto LL channel{Lo..Hi}={0..0}
worldvln:82901:82901 [0] NCCL INFO AllReduce: 4096 Bytes -> Algo RING proto LL channel{Lo..Hi}={0..0}
worldvln:82901:82901 [0] NCCL INFO AllReduce: 4096 Bytes -> Algo RING proto LL channel{Lo..Hi}={0..0}
worldvln:82901:82901 [0] NCCL INFO AllReduce: 4096 Bytes -> Algo RING proto LL channel{Lo..Hi}={0..0}
worldvln:82901:82901 [0] NCCL INFO AllReduce: 16384 Bytes -> Algo RING proto LL channel{Lo..Hi}={0..0}
worldvln:82901:82901 [0] NCCL INFO AllReduce: 16384 Bytes -> Algo RING proto LL channel{Lo..Hi}={0..0}
worldvln:82901:82901 [0] NCCL INFO AllReduce: 16384 Bytes -> Algo RING proto LL channel{Lo..Hi}={0..0}
worldvln:82901:82901 [0] NCCL INFO AllReduce: 4 Bytes -> Algo RING proto LL channel{Lo..Hi}={0..0}
worldvln:82901:82901 [0] NCCL INFO AllReduce: 16384 Bytes -> Algo RING proto LL channel{Lo..Hi}={0..0}
worldvln:82901:82901 [0] NCCL INFO AllReduce: 16384 Bytes -> Algo RING proto LL channel{Lo..Hi}={0..0}
worldvln:82901:82901 [0] NCCL INFO AllReduce: 16384 Bytes -> Algo RING proto LL channel{Lo..Hi}={0..0}
worldvln:82901:82901 [0] NCCL INFO AllReduce: 16384 Bytes -> Algo RING proto LL channel{Lo..Hi}={0..0}
worldvln:82901:82901 [0] NCCL INFO AllReduce: 16384 Bytes -> Algo RING proto LL channel{Lo..Hi}={0..0}
worldvln:82901:82901 [0] NCCL INFO AllReduce: 16384 Bytes -> Algo RING proto LL channel{Lo..Hi}={0..0}
worldvln:82901:82901 [0] NCCL INFO AllReduce: 16384 Bytes -> Algo RING proto LL channel{Lo..Hi}={0..0}
worldvln:82901:82901 [0] NCCL INFO AllReduce: 16384 Bytes -> Algo RING proto LL channel{Lo..Hi}={0..0}
worldvln:82901:82901 [0] NCCL INFO AllReduce: 16384 Bytes -> Algo RING proto LL channel{Lo..Hi}={0..0}
worldvln:82901:82901 [0] NCCL INFO AllReduce: 16384 Bytes -> Algo RING proto LL channel{Lo..Hi}={0..0}
worldvln:82901:82901 [0] NCCL INFO AllReduce: 16384 Bytes -> Algo RING proto LL channel{Lo..Hi}={0..0}
worldvln:82901:82901 [0] NCCL INFO AllReduce: 16384 Bytes -> Algo RING proto LL channel{Lo..Hi}={0..0}
worldvln:82901:82901 [0] NCCL INFO AllReduce: 16384 Bytes -> Algo RING proto LL channel{Lo..Hi}={0..0}
worldvln:82901:82901 [0] NCCL INFO AllReduce: 16384 Bytes -> Algo RING proto LL channel{Lo..Hi}={0..0}
worldvln:82901:82901 [0] NCCL INFO AllReduce: 16384 Bytes -> Algo RING proto LL channel{Lo..Hi}={0..0}
worldvln:82901:82901 [0] NCCL INFO AllReduce: 16384 Bytes -> Algo RING proto LL channel{Lo..Hi}={0..0}
worldvln:82901:82901 [0] NCCL INFO AllReduce: 16384 Bytes -> Algo RING proto LL channel{Lo..Hi}={0..0}
worldvln:82901:82901 [0] NCCL INFO AllReduce: 16384 Bytes -> Algo RING proto LL channel{Lo..Hi}={0..0}
worldvln:82901:82901 [0] NCCL INFO AllReduce: 16384 Bytes -> Algo RING proto LL channel{Lo..Hi}={0..0}
worldvln:82901:82901 [0] NCCL INFO AllReduce: 16384 Bytes -> Algo RING proto LL channel{Lo..Hi}={0..0}
worldvln:82901:82901 [0] NCCL INFO AllReduce: 65536 Bytes -> Algo RING proto LL channel{Lo..Hi}={0..1}
worldvln:82901:82901 [0] NCCL INFO AllReduce: 65536 Bytes -> Algo RING proto LL channel{Lo..Hi}={0..1}
worldvln:82901:82901 [0] NCCL INFO AllReduce: 65536 Bytes -> Algo RING proto LL channel{Lo..Hi}={0..1}
worldvln:82901:82901 [0] NCCL INFO AllReduce: 4 Bytes -> Algo RING proto LL channel{Lo..Hi}={0..0}
worldvln:82901:82901 [0] NCCL INFO AllReduce: 65536 Bytes -> Algo RING proto LL channel{Lo..Hi}={0..1}
worldvln:82901:82901 [0] NCCL INFO AllReduce: 65536 Bytes -> Algo RING proto LL channel{Lo..Hi}={0..1}
worldvln:82901:82901 [0] NCCL INFO AllReduce: 65536 Bytes -> Algo RING proto LL channel{Lo..Hi}={0..1}
worldvln:82901:82901 [0] NCCL INFO AllReduce: 65536 Bytes -> Algo RING proto LL channel{Lo..Hi}={0..1}
worldvln:82901:82901 [0] NCCL INFO AllReduce: 65536 Bytes -> Algo RING proto LL channel{Lo..Hi}={0..1}
worldvln:82901:82901 [0] NCCL INFO AllReduce: 65536 Bytes -> Algo RING proto LL channel{Lo..Hi}={0..1}
worldvln:82901:82901 [0] NCCL INFO AllReduce: 65536 Bytes -> Algo RING proto LL channel{Lo..Hi}={0..1}
worldvln:82901:82901 [0] NCCL INFO AllReduce: 65536 Bytes -> Algo RING proto LL channel{Lo..Hi}={0..1}
worldvln:82901:82901 [0] NCCL INFO AllReduce: 65536 Bytes -> Algo RING proto LL channel{Lo..Hi}={0..1}
worldvln:82901:82901 [0] NCCL INFO AllReduce: 65536 Bytes -> Algo RING proto LL channel{Lo..Hi}={0..1}
worldvln:82901:82901 [0] NCCL INFO AllReduce: 65536 Bytes -> Algo RING proto LL channel{Lo..Hi}={0..1}
worldvln:82901:82901 [0] NCCL INFO AllReduce: 65536 Bytes -> Algo RING proto LL channel{Lo..Hi}={0..1}
worldvln:82901:82901 [0] NCCL INFO AllReduce: 65536 Bytes -> Algo RING proto LL channel{Lo..Hi}={0..1}
worldvln:82901:82901 [0] NCCL INFO AllReduce: 65536 Bytes -> Algo RING proto LL channel{Lo..Hi}={0..1}
worldvln:82901:82901 [0] NCCL INFO AllReduce: 65536 Bytes -> Algo RING proto LL channel{Lo..Hi}={0..1}
worldvln:82901:82901 [0] NCCL INFO AllReduce: 65536 Bytes -> Algo RING proto LL channel{Lo..Hi}={0..1}
worldvln:82901:82901 [0] NCCL INFO AllReduce: 65536 Bytes -> Algo RING proto LL channel{Lo..Hi}={0..1}
worldvln:82901:82901 [0] NCCL INFO AllReduce: 65536 Bytes -> Algo RING proto LL channel{Lo..Hi}={0..1}
worldvln:82901:82901 [0] NCCL INFO AllReduce: 65536 Bytes -> Algo RING proto LL channel{Lo..Hi}={0..1}
worldvln:82901:82901 [0] NCCL INFO AllReduce: 65536 Bytes -> Algo RING proto LL channel{Lo..Hi}={0..1}
worldvln:82901:82901 [0] NCCL INFO AllReduce: 262144 Bytes -> Algo RING proto SIMPLE channel{Lo..Hi}={0..1}
worldvln:82901:82901 [0] NCCL INFO AllReduce: 262144 Bytes -> Algo RING proto SIMPLE channel{Lo..Hi}={0..1}
worldvln:82901:82901 [0] NCCL INFO AllReduce: 262144 Bytes -> Algo RING proto SIMPLE channel{Lo..Hi}={0..1}
worldvln:82901:82901 [0] NCCL INFO AllReduce: 4 Bytes -> Algo RING proto LL channel{Lo..Hi}={0..0}
worldvln:82901:82901 [0] NCCL INFO AllReduce: 262144 Bytes -> Algo RING proto SIMPLE channel{Lo..Hi}={0..1}
worldvln:82901:82901 [0] NCCL INFO AllReduce: 262144 Bytes -> Algo RING proto SIMPLE channel{Lo..Hi}={0..1}
worldvln:82901:82901 [0] NCCL INFO AllReduce: 262144 Bytes -> Algo RING proto SIMPLE channel{Lo..Hi}={0..1}
worldvln:82901:82901 [0] NCCL INFO AllReduce: 262144 Bytes -> Algo RING proto SIMPLE channel{Lo..Hi}={0..1}
worldvln:82901:82901 [0] NCCL INFO AllReduce: 262144 Bytes -> Algo RING proto SIMPLE channel{Lo..Hi}={0..1}
worldvln:82901:82901 [0] NCCL INFO AllReduce: 262144 Bytes -> Algo RING proto SIMPLE channel{Lo..Hi}={0..1}
worldvln:82901:82901 [0] NCCL INFO AllReduce: 262144 Bytes -> Algo RING proto SIMPLE channel{Lo..Hi}={0..1}
worldvln:82901:82901 [0] NCCL INFO AllReduce: 262144 Bytes -> Algo RING proto SIMPLE channel{Lo..Hi}={0..1}
worldvln:82901:82901 [0] NCCL INFO AllReduce: 262144 Bytes -> Algo RING proto SIMPLE channel{Lo..Hi}={0..1}
worldvln:82901:82901 [0] NCCL INFO AllReduce: 262144 Bytes -> Algo RING proto SIMPLE channel{Lo..Hi}={0..1}
worldvln:82901:82901 [0] NCCL INFO AllReduce: 262144 Bytes -> Algo RING proto SIMPLE channel{Lo..Hi}={0..1}
worldvln:82901:82901 [0] NCCL INFO AllReduce: 262144 Bytes -> Algo RING proto SIMPLE channel{Lo..Hi}={0..1}
worldvln:82901:82901 [0] NCCL INFO AllReduce: 262144 Bytes -> Algo RING proto SIMPLE channel{Lo..Hi}={0..1}
worldvln:82901:82901 [0] NCCL INFO AllReduce: 262144 Bytes -> Algo RING proto SIMPLE channel{Lo..Hi}={0..1}
worldvln:82901:82901 [0] NCCL INFO AllReduce: 262144 Bytes -> Algo RING proto SIMPLE channel{Lo..Hi}={0..1}
worldvln:82901:82901 [0] NCCL INFO AllReduce: 262144 Bytes -> Algo RING proto SIMPLE channel{Lo..Hi}={0..1}
worldvln:82901:82901 [0] NCCL INFO AllReduce: 262144 Bytes -> Algo RING proto SIMPLE channel{Lo..Hi}={0..1}
worldvln:82901:82901 [0] NCCL INFO AllReduce: 262144 Bytes -> Algo RING proto SIMPLE channel{Lo..Hi}={0..1}
worldvln:82901:82901 [0] NCCL INFO AllReduce: 262144 Bytes -> Algo RING proto SIMPLE channel{Lo..Hi}={0..1}
worldvln:82901:82901 [0] NCCL INFO AllReduce: 262144 Bytes -> Algo RING proto SIMPLE channel{Lo..Hi}={0..1}
worldvln:82901:82901 [0] NCCL INFO AllReduce: 1048576 Bytes -> Algo RING proto SIMPLE channel{Lo..Hi}={0..1}
worldvln:82901:82901 [0] NCCL INFO AllReduce: 1048576 Bytes -> Algo RING proto SIMPLE channel{Lo..Hi}={0..1}
worldvln:82901:82901 [0] NCCL INFO AllReduce: 1048576 Bytes -> Algo RING proto SIMPLE channel{Lo..Hi}={0..1}
worldvln:82901:82901 [0] NCCL INFO AllReduce: 4 Bytes -> Algo RING proto LL channel{Lo..Hi}={0..0}
worldvln:82901:82901 [0] NCCL INFO AllReduce: 1048576 Bytes -> Algo RING proto SIMPLE channel{Lo..Hi}={0..1}
worldvln:82901:82901 [0] NCCL INFO AllReduce: 1048576 Bytes -> Algo RING proto SIMPLE channel{Lo..Hi}={0..1}
worldvln:82901:82901 [0] NCCL INFO AllReduce: 1048576 Bytes -> Algo RING proto SIMPLE channel{Lo..Hi}={0..1}
worldvln:82901:82901 [0] NCCL INFO AllReduce: 1048576 Bytes -> Algo RING proto SIMPLE channel{Lo..Hi}={0..1}
worldvln:82901:82901 [0] NCCL INFO AllReduce: 1048576 Bytes -> Algo RING proto SIMPLE channel{Lo..Hi}={0..1}
worldvln:82901:82901 [0] NCCL INFO AllReduce: 1048576 Bytes -> Algo RING proto SIMPLE channel{Lo..Hi}={0..1}
worldvln:82901:82901 [0] NCCL INFO AllReduce: 1048576 Bytes -> Algo RING proto SIMPLE channel{Lo..Hi}={0..1}
worldvln:82901:82901 [0] NCCL INFO AllReduce: 1048576 Bytes -> Algo RING proto SIMPLE channel{Lo..Hi}={0..1}
worldvln:82901:82901 [0] NCCL INFO AllReduce: 1048576 Bytes -> Algo RING proto SIMPLE channel{Lo..Hi}={0..1}
worldvln:82901:82901 [0] NCCL INFO AllReduce: 1048576 Bytes -> Algo RING proto SIMPLE channel{Lo..Hi}={0..1}
worldvln:82901:82901 [0] NCCL INFO AllReduce: 1048576 Bytes -> Algo RING proto SIMPLE channel{Lo..Hi}={0..1}
worldvln:82901:82901 [0] NCCL INFO AllReduce: 1048576 Bytes -> Algo RING proto SIMPLE channel{Lo..Hi}={0..1}
worldvln:82901:82901 [0] NCCL INFO AllReduce: 1048576 Bytes -> Algo RING proto SIMPLE channel{Lo..Hi}={0..1}
worldvln:82901:82901 [0] NCCL INFO AllReduce: 1048576 Bytes -> Algo RING proto SIMPLE channel{Lo..Hi}={0..1}
worldvln:82901:82901 [0] NCCL INFO AllReduce: 1048576 Bytes -> Algo RING proto SIMPLE channel{Lo..Hi}={0..1}
worldvln:82901:82901 [0] NCCL INFO AllReduce: 1048576 Bytes -> Algo RING proto SIMPLE channel{Lo..Hi}={0..1}
worldvln:82901:82901 [0] NCCL INFO AllReduce: 1048576 Bytes -> Algo RING proto SIMPLE channel{Lo..Hi}={0..1}
worldvln:82901:82901 [0] NCCL INFO AllReduce: 1048576 Bytes -> Algo RING proto SIMPLE channel{Lo..Hi}={0..1}
worldvln:82901:82901 [0] NCCL INFO AllReduce: 1048576 Bytes -> Algo RING proto SIMPLE channel{Lo..Hi}={0..1}
worldvln:82901:82901 [0] NCCL INFO AllReduce: 1048576 Bytes -> Algo RING proto SIMPLE channel{Lo..Hi}={0..1}
worldvln:82901:82901 [0] NCCL INFO AllReduce: 4194304 Bytes -> Algo RING proto SIMPLE channel{Lo..Hi}={0..1}
worldvln:82901:82901 [0] NCCL INFO AllReduce: 4194304 Bytes -> Algo RING proto SIMPLE channel{Lo..Hi}={0..1}
worldvln:82901:82901 [0] NCCL INFO AllReduce: 4194304 Bytes -> Algo RING proto SIMPLE channel{Lo..Hi}={0..1}
worldvln:82901:82901 [0] NCCL INFO AllReduce: 4 Bytes -> Algo RING proto LL channel{Lo..Hi}={0..0}
worldvln:82901:82901 [0] NCCL INFO AllReduce: 4194304 Bytes -> Algo RING proto SIMPLE channel{Lo..Hi}={0..1}
worldvln:82901:82901 [0] NCCL INFO AllReduce: 4194304 Bytes -> Algo RING proto SIMPLE channel{Lo..Hi}={0..1}
worldvln:82901:82901 [0] NCCL INFO AllReduce: 4194304 Bytes -> Algo RING proto SIMPLE channel{Lo..Hi}={0..1}
worldvln:82901:82901 [0] NCCL INFO AllReduce: 4194304 Bytes -> Algo RING proto SIMPLE channel{Lo..Hi}={0..1}
worldvln:82901:82901 [0] NCCL INFO AllReduce: 4194304 Bytes -> Algo RING proto SIMPLE channel{Lo..Hi}={0..1}
worldvln:82901:82901 [0] NCCL INFO AllReduce: 4194304 Bytes -> Algo RING proto SIMPLE channel{Lo..Hi}={0..1}
worldvln:82901:82901 [0] NCCL INFO AllReduce: 4194304 Bytes -> Algo RING proto SIMPLE channel{Lo..Hi}={0..1}
worldvln:82901:82901 [0] NCCL INFO AllReduce: 4194304 Bytes -> Algo RING proto SIMPLE channel{Lo..Hi}={0..1}
worldvln:82901:82901 [0] NCCL INFO AllReduce: 4194304 Bytes -> Algo RING proto SIMPLE channel{Lo..Hi}={0..1}
worldvln:82901:82901 [0] NCCL INFO AllReduce: 4194304 Bytes -> Algo RING proto SIMPLE channel{Lo..Hi}={0..1}
worldvln:82901:82901 [0] NCCL INFO AllReduce: 4194304 Bytes -> Algo RING proto SIMPLE channel{Lo..Hi}={0..1}
worldvln:82901:82901 [0] NCCL INFO AllReduce: 4194304 Bytes -> Algo RING proto SIMPLE channel{Lo..Hi}={0..1}
worldvln:82901:82901 [0] NCCL INFO AllReduce: 4194304 Bytes -> Algo RING proto SIMPLE channel{Lo..Hi}={0..1}
worldvln:82901:82901 [0] NCCL INFO AllReduce: 4194304 Bytes -> Algo RING proto SIMPLE channel{Lo..Hi}={0..1}
worldvln:82901:82901 [0] NCCL INFO AllReduce: 4194304 Bytes -> Algo RING proto SIMPLE channel{Lo..Hi}={0..1}
worldvln:82901:82901 [0] NCCL INFO AllReduce: 4194304 Bytes -> Algo RING proto SIMPLE channel{Lo..Hi}={0..1}
worldvln:82901:82901 [0] NCCL INFO AllReduce: 4194304 Bytes -> Algo RING proto SIMPLE channel{Lo..Hi}={0..1}
worldvln:82901:82901 [0] NCCL INFO AllReduce: 4194304 Bytes -> Algo RING proto SIMPLE channel{Lo..Hi}={0..1}
worldvln:82901:82901 [0] NCCL INFO AllReduce: 4194304 Bytes -> Algo RING proto SIMPLE channel{Lo..Hi}={0..1}
worldvln:82901:82901 [0] NCCL INFO AllReduce: 4194304 Bytes -> Algo RING proto SIMPLE channel{Lo..Hi}={0..1}
worldvln:82901:82901 [0] NCCL INFO AllReduce: 16777216 Bytes -> Algo RING proto SIMPLE channel{Lo..Hi}={0..1}
worldvln:82901:82901 [0] NCCL INFO AllReduce: 16777216 Bytes -> Algo RING proto SIMPLE channel{Lo..Hi}={0..1}
worldvln:82901:82901 [0] NCCL INFO AllReduce: 16777216 Bytes -> Algo RING proto SIMPLE channel{Lo..Hi}={0..1}
worldvln:82901:82901 [0] NCCL INFO AllReduce: 4 Bytes -> Algo RING proto LL channel{Lo..Hi}={0..0}
worldvln:82901:82901 [0] NCCL INFO AllReduce: 16777216 Bytes -> Algo RING proto SIMPLE channel{Lo..Hi}={0..1}
worldvln:82901:82901 [0] NCCL INFO AllReduce: 16777216 Bytes -> Algo RING proto SIMPLE channel{Lo..Hi}={0..1}
worldvln:82901:82901 [0] NCCL INFO AllReduce: 16777216 Bytes -> Algo RING proto SIMPLE channel{Lo..Hi}={0..1}
worldvln:82901:82901 [0] NCCL INFO AllReduce: 16777216 Bytes -> Algo RING proto SIMPLE channel{Lo..Hi}={0..1}
worldvln:82901:82901 [0] NCCL INFO AllReduce: 16777216 Bytes -> Algo RING proto SIMPLE channel{Lo..Hi}={0..1}
worldvln:82901:82901 [0] NCCL INFO AllReduce: 16777216 Bytes -> Algo RING proto SIMPLE channel{Lo..Hi}={0..1}
worldvln:82901:82901 [0] NCCL INFO AllReduce: 16777216 Bytes -> Algo RING proto SIMPLE channel{Lo..Hi}={0..1}
worldvln:82901:82901 [0] NCCL INFO AllReduce: 16777216 Bytes -> Algo RING proto SIMPLE channel{Lo..Hi}={0..1}
worldvln:82901:82901 [0] NCCL INFO AllReduce: 67108864 Bytes -> Algo RING proto SIMPLE channel{Lo..Hi}={0..1}
worldvln:82901:82901 [0] NCCL INFO AllReduce: 67108864 Bytes -> Algo RING proto SIMPLE channel{Lo..Hi}={0..1}
worldvln:82901:82901 [0] NCCL INFO AllReduce: 67108864 Bytes -> Algo RING proto SIMPLE channel{Lo..Hi}={0..1}
worldvln:82901:82901 [0] NCCL INFO AllReduce: 4 Bytes -> Algo RING proto LL channel{Lo..Hi}={0..0}
worldvln:82901:82901 [0] NCCL INFO AllReduce: 67108864 Bytes -> Algo RING proto SIMPLE channel{Lo..Hi}={0..1}
worldvln:82901:82901 [0] NCCL INFO AllReduce: 67108864 Bytes -> Algo RING proto SIMPLE channel{Lo..Hi}={0..1}
worldvln:82901:82901 [0] NCCL INFO AllReduce: 67108864 Bytes -> Algo RING proto SIMPLE channel{Lo..Hi}={0..1}
worldvln:82901:82901 [0] NCCL INFO AllReduce: 67108864 Bytes -> Algo RING proto SIMPLE channel{Lo..Hi}={0..1}
worldvln:82901:82901 [0] NCCL INFO AllReduce: 67108864 Bytes -> Algo RING proto SIMPLE channel{Lo..Hi}={0..1}
worldvln:82901:82901 [0] NCCL INFO AllReduce: 67108864 Bytes -> Algo RING proto SIMPLE channel{Lo..Hi}={0..1}
worldvln:82901:82901 [0] NCCL INFO AllReduce: 67108864 Bytes -> Algo RING proto SIMPLE channel{Lo..Hi}={0..1}
worldvln:82901:82901 [0] NCCL INFO AllReduce: 67108864 Bytes -> Algo RING proto SIMPLE channel{Lo..Hi}={0..1}
worldvln:82901:82901 [0] NCCL INFO AllReduce: 268435456 Bytes -> Algo RING proto SIMPLE channel{Lo..Hi}={0..1}
worldvln:82901:82901 [0] NCCL INFO AllReduce: 268435456 Bytes -> Algo RING proto SIMPLE channel{Lo..Hi}={0..1}
worldvln:82901:82901 [0] NCCL INFO AllReduce: 268435456 Bytes -> Algo RING proto SIMPLE channel{Lo..Hi}={0..1}
worldvln:82901:82901 [0] NCCL INFO AllReduce: 4 Bytes -> Algo RING proto LL channel{Lo..Hi}={0..0}
worldvln:82901:82901 [0] NCCL INFO AllReduce: 268435456 Bytes -> Algo RING proto SIMPLE channel{Lo..Hi}={0..1}
worldvln:82901:82901 [0] NCCL INFO AllReduce: 268435456 Bytes -> Algo RING proto SIMPLE channel{Lo..Hi}={0..1}
worldvln:82901:82901 [0] NCCL INFO AllReduce: 268435456 Bytes -> Algo RING proto SIMPLE channel{Lo..Hi}={0..1}
worldvln:82901:82901 [0] NCCL INFO AllReduce: 268435456 Bytes -> Algo RING proto SIMPLE channel{Lo..Hi}={0..1}
worldvln:82901:82901 [0] NCCL INFO AllReduce: 268435456 Bytes -> Algo RING proto SIMPLE channel{Lo..Hi}={0..1}
worldvln:82901:82901 [0] NCCL INFO AllReduce: 268435456 Bytes -> Algo RING proto SIMPLE channel{Lo..Hi}={0..1}
worldvln:82901:82901 [0] NCCL INFO AllReduce: 268435456 Bytes -> Algo RING proto SIMPLE channel{Lo..Hi}={0..1}
worldvln:82901:82901 [0] NCCL INFO AllReduce: 268435456 Bytes -> Algo RING proto SIMPLE channel{Lo..Hi}={0..1}
worldvln:82901:82901 [0] NCCL INFO AllReduce: 4 Bytes -> Algo RING proto LL channel{Lo..Hi}={0..0}
worldvln:82901:82901 [0] NCCL INFO AllGather: 4096 Bytes -> Algo RING proto LL channel{Lo..Hi}={0..0}
worldvln:82901:82901 [0] NCCL INFO AllGather: 4096 Bytes -> Algo RING proto LL channel{Lo..Hi}={0..0}
worldvln:82901:82901 [0] NCCL INFO AllGather: 4096 Bytes -> Algo RING proto LL channel{Lo..Hi}={0..0}
worldvln:82901:82901 [0] NCCL INFO AllReduce: 4 Bytes -> Algo RING proto LL channel{Lo..Hi}={0..0}
worldvln:82901:82901 [0] NCCL INFO AllGather: 4096 Bytes -> Algo RING proto LL channel{Lo..Hi}={0..0}
worldvln:82901:82901 [0] NCCL INFO AllGather: 4096 Bytes -> Algo RING proto LL channel{Lo..Hi}={0..0}
worldvln:82901:82901 [0] NCCL INFO AllGather: 4096 Bytes -> Algo RING proto LL channel{Lo..Hi}={0..0}
worldvln:82901:82901 [0] NCCL INFO AllGather: 4096 Bytes -> Algo RING proto LL channel{Lo..Hi}={0..0}
worldvln:82901:82901 [0] NCCL INFO AllGather: 4096 Bytes -> Algo RING proto LL channel{Lo..Hi}={0..0}
worldvln:82901:82901 [0] NCCL INFO AllGather: 4096 Bytes -> Algo RING proto LL channel{Lo..Hi}={0..0}
worldvln:82901:82901 [0] NCCL INFO AllGather: 4096 Bytes -> Algo RING proto LL channel{Lo..Hi}={0..0}
worldvln:82901:82901 [0] NCCL INFO AllGather: 4096 Bytes -> Algo RING proto LL channel{Lo..Hi}={0..0}
worldvln:82901:82901 [0] NCCL INFO AllGather: 4096 Bytes -> Algo RING proto LL channel{Lo..Hi}={0..0}
worldvln:82901:82901 [0] NCCL INFO AllGather: 4096 Bytes -> Algo RING proto LL channel{Lo..Hi}={0..0}
worldvln:82901:82901 [0] NCCL INFO AllGather: 4096 Bytes -> Algo RING proto LL channel{Lo..Hi}={0..0}
worldvln:82901:82901 [0] NCCL INFO AllGather: 4096 Bytes -> Algo RING proto LL channel{Lo..Hi}={0..0}
worldvln:82901:82901 [0] NCCL INFO AllGather: 4096 Bytes -> Algo RING proto LL channel{Lo..Hi}={0..0}
worldvln:82901:82901 [0] NCCL INFO AllGather: 4096 Bytes -> Algo RING proto LL channel{Lo..Hi}={0..0}
worldvln:82901:82901 [0] NCCL INFO AllGather: 4096 Bytes -> Algo RING proto LL channel{Lo..Hi}={0..0}
worldvln:82901:82901 [0] NCCL INFO AllGather: 4096 Bytes -> Algo RING proto LL channel{Lo..Hi}={0..0}
worldvln:82901:82901 [0] NCCL INFO AllGather: 4096 Bytes -> Algo RING proto LL channel{Lo..Hi}={0..0}
worldvln:82901:82901 [0] NCCL INFO AllGather: 4096 Bytes -> Algo RING proto LL channel{Lo..Hi}={0..0}
worldvln:82901:82901 [0] NCCL INFO AllGather: 4096 Bytes -> Algo RING proto LL channel{Lo..Hi}={0..0}
worldvln:82901:82901 [0] NCCL INFO AllGather: 4096 Bytes -> Algo RING proto LL channel{Lo..Hi}={0..0}
worldvln:82901:82901 [0] NCCL INFO AllGather: 16384 Bytes -> Algo RING proto LL channel{Lo..Hi}={0..1}
worldvln:82901:82901 [0] NCCL INFO AllGather: 16384 Bytes -> Algo RING proto LL channel{Lo..Hi}={0..1}
worldvln:82901:82901 [0] NCCL INFO AllGather: 16384 Bytes -> Algo RING proto LL channel{Lo..Hi}={0..1}
worldvln:82901:82901 [0] NCCL INFO AllReduce: 4 Bytes -> Algo RING proto LL channel{Lo..Hi}={0..0}
worldvln:82901:82901 [0] NCCL INFO AllGather: 16384 Bytes -> Algo RING proto LL channel{Lo..Hi}={0..1}
worldvln:82901:82901 [0] NCCL INFO AllGather: 16384 Bytes -> Algo RING proto LL channel{Lo..Hi}={0..1}
worldvln:82901:82901 [0] NCCL INFO AllGather: 16384 Bytes -> Algo RING proto LL channel{Lo..Hi}={0..1}
worldvln:82901:82901 [0] NCCL INFO AllGather: 16384 Bytes -> Algo RING proto LL channel{Lo..Hi}={0..1}
worldvln:82901:82901 [0] NCCL INFO AllGather: 16384 Bytes -> Algo RING proto LL channel{Lo..Hi}={0..1}
worldvln:82901:82901 [0] NCCL INFO AllGather: 16384 Bytes -> Algo RING proto LL channel{Lo..Hi}={0..1}
worldvln:82901:82901 [0] NCCL INFO AllGather: 16384 Bytes -> Algo RING proto LL channel{Lo..Hi}={0..1}
worldvln:82901:82901 [0] NCCL INFO AllGather: 16384 Bytes -> Algo RING proto LL channel{Lo..Hi}={0..1}
worldvln:82901:82901 [0] NCCL INFO AllGather: 16384 Bytes -> Algo RING proto LL channel{Lo..Hi}={0..1}
worldvln:82901:82901 [0] NCCL INFO AllGather: 16384 Bytes -> Algo RING proto LL channel{Lo..Hi}={0..1}
worldvln:82901:82901 [0] NCCL INFO AllGather: 16384 Bytes -> Algo RING proto LL channel{Lo..Hi}={0..1}
worldvln:82901:82901 [0] NCCL INFO AllGather: 16384 Bytes -> Algo RING proto LL channel{Lo..Hi}={0..1}
worldvln:82901:82901 [0] NCCL INFO AllGather: 16384 Bytes -> Algo RING proto LL channel{Lo..Hi}={0..1}
worldvln:82901:82901 [0] NCCL INFO AllGather: 16384 Bytes -> Algo RING proto LL channel{Lo..Hi}={0..1}
worldvln:82901:82901 [0] NCCL INFO AllGather: 16384 Bytes -> Algo RING proto LL channel{Lo..Hi}={0..1}
worldvln:82901:82901 [0] NCCL INFO AllGather: 16384 Bytes -> Algo RING proto LL channel{Lo..Hi}={0..1}
worldvln:82901:82901 [0] NCCL INFO AllGather: 16384 Bytes -> Algo RING proto LL channel{Lo..Hi}={0..1}
worldvln:82901:82901 [0] NCCL INFO AllGather: 16384 Bytes -> Algo RING proto LL channel{Lo..Hi}={0..1}
worldvln:82901:82901 [0] NCCL INFO AllGather: 16384 Bytes -> Algo RING proto LL channel{Lo..Hi}={0..1}
worldvln:82901:82901 [0] NCCL INFO AllGather: 16384 Bytes -> Algo RING proto LL channel{Lo..Hi}={0..1}
worldvln:82901:82901 [0] NCCL INFO AllGather: 65536 Bytes -> Algo RING proto SIMPLE channel{Lo..Hi}={0..1}
worldvln:82901:82901 [0] NCCL INFO AllGather: 65536 Bytes -> Algo RING proto SIMPLE channel{Lo..Hi}={0..1}
worldvln:82901:82901 [0] NCCL INFO AllGather: 65536 Bytes -> Algo RING proto SIMPLE channel{Lo..Hi}={0..1}
worldvln:82901:82901 [0] NCCL INFO AllReduce: 4 Bytes -> Algo RING proto LL channel{Lo..Hi}={0..0}
worldvln:82901:82901 [0] NCCL INFO AllGather: 65536 Bytes -> Algo RING proto SIMPLE channel{Lo..Hi}={0..1}
worldvln:82901:82901 [0] NCCL INFO AllGather: 65536 Bytes -> Algo RING proto SIMPLE channel{Lo..Hi}={0..1}
worldvln:82901:82901 [0] NCCL INFO AllGather: 65536 Bytes -> Algo RING proto SIMPLE channel{Lo..Hi}={0..1}
worldvln:82901:82901 [0] NCCL INFO AllGather: 65536 Bytes -> Algo RING proto SIMPLE channel{Lo..Hi}={0..1}
worldvln:82901:82901 [0] NCCL INFO AllGather: 65536 Bytes -> Algo RING proto SIMPLE channel{Lo..Hi}={0..1}
worldvln:82901:82901 [0] NCCL INFO AllGather: 65536 Bytes -> Algo RING proto SIMPLE channel{Lo..Hi}={0..1}
worldvln:82901:82901 [0] NCCL INFO AllGather: 65536 Bytes -> Algo RING proto SIMPLE channel{Lo..Hi}={0..1}
worldvln:82901:82901 [0] NCCL INFO AllGather: 65536 Bytes -> Algo RING proto SIMPLE channel{Lo..Hi}={0..1}
worldvln:82901:82901 [0] NCCL INFO AllGather: 65536 Bytes -> Algo RING proto SIMPLE channel{Lo..Hi}={0..1}
worldvln:82901:82901 [0] NCCL INFO AllGather: 65536 Bytes -> Algo RING proto SIMPLE channel{Lo..Hi}={0..1}
worldvln:82901:82901 [0] NCCL INFO AllGather: 65536 Bytes -> Algo RING proto SIMPLE channel{Lo..Hi}={0..1}
worldvln:82901:82901 [0] NCCL INFO AllGather: 65536 Bytes -> Algo RING proto SIMPLE channel{Lo..Hi}={0..1}
worldvln:82901:82901 [0] NCCL INFO AllGather: 65536 Bytes -> Algo RING proto SIMPLE channel{Lo..Hi}={0..1}
worldvln:82901:82901 [0] NCCL INFO AllGather: 65536 Bytes -> Algo RING proto SIMPLE channel{Lo..Hi}={0..1}
worldvln:82901:82901 [0] NCCL INFO AllGather: 65536 Bytes -> Algo RING proto SIMPLE channel{Lo..Hi}={0..1}
worldvln:82901:82901 [0] NCCL INFO AllGather: 65536 Bytes -> Algo RING proto SIMPLE channel{Lo..Hi}={0..1}
worldvln:82901:82901 [0] NCCL INFO AllGather: 65536 Bytes -> Algo RING proto SIMPLE channel{Lo..Hi}={0..1}
worldvln:82901:82901 [0] NCCL INFO AllGather: 65536 Bytes -> Algo RING proto SIMPLE channel{Lo..Hi}={0..1}
worldvln:82901:82901 [0] NCCL INFO AllGather: 65536 Bytes -> Algo RING proto SIMPLE channel{Lo..Hi}={0..1}
worldvln:82901:82901 [0] NCCL INFO AllGather: 65536 Bytes -> Algo RING proto SIMPLE channel{Lo..Hi}={0..1}
worldvln:82901:82901 [0] NCCL INFO AllGather: 262144 Bytes -> Algo RING proto SIMPLE channel{Lo..Hi}={0..1}
worldvln:82901:82901 [0] NCCL INFO AllGather: 262144 Bytes -> Algo RING proto SIMPLE channel{Lo..Hi}={0..1}
worldvln:82901:82901 [0] NCCL INFO AllGather: 262144 Bytes -> Algo RING proto SIMPLE channel{Lo..Hi}={0..1}
worldvln:82901:82901 [0] NCCL INFO AllReduce: 4 Bytes -> Algo RING proto LL channel{Lo..Hi}={0..0}
worldvln:82901:82901 [0] NCCL INFO AllGather: 262144 Bytes -> Algo RING proto SIMPLE channel{Lo..Hi}={0..1}
worldvln:82901:82901 [0] NCCL INFO AllGather: 262144 Bytes -> Algo RING proto SIMPLE channel{Lo..Hi}={0..1}
worldvln:82901:82901 [0] NCCL INFO AllGather: 262144 Bytes -> Algo RING proto SIMPLE channel{Lo..Hi}={0..1}
worldvln:82901:82901 [0] NCCL INFO AllGather: 262144 Bytes -> Algo RING proto SIMPLE channel{Lo..Hi}={0..1}
worldvln:82901:82901 [0] NCCL INFO AllGather: 262144 Bytes -> Algo RING proto SIMPLE channel{Lo..Hi}={0..1}
worldvln:82901:82901 [0] NCCL INFO AllGather: 262144 Bytes -> Algo RING proto SIMPLE channel{Lo..Hi}={0..1}
worldvln:82901:82901 [0] NCCL INFO AllGather: 262144 Bytes -> Algo RING proto SIMPLE channel{Lo..Hi}={0..1}
worldvln:82901:82901 [0] NCCL INFO AllGather: 262144 Bytes -> Algo RING proto SIMPLE channel{Lo..Hi}={0..1}
worldvln:82901:82901 [0] NCCL INFO AllGather: 262144 Bytes -> Algo RING proto SIMPLE channel{Lo..Hi}={0..1}
worldvln:82901:82901 [0] NCCL INFO AllGather: 262144 Bytes -> Algo RING proto SIMPLE channel{Lo..Hi}={0..1}
worldvln:82901:82901 [0] NCCL INFO AllGather: 262144 Bytes -> Algo RING proto SIMPLE channel{Lo..Hi}={0..1}
worldvln:82901:82901 [0] NCCL INFO AllGather: 262144 Bytes -> Algo RING proto SIMPLE channel{Lo..Hi}={0..1}
worldvln:82901:82901 [0] NCCL INFO AllGather: 262144 Bytes -> Algo RING proto SIMPLE channel{Lo..Hi}={0..1}
worldvln:82901:82901 [0] NCCL INFO AllGather: 262144 Bytes -> Algo RING proto SIMPLE channel{Lo..Hi}={0..1}
worldvln:82901:82901 [0] NCCL INFO AllGather: 262144 Bytes -> Algo RING proto SIMPLE channel{Lo..Hi}={0..1}
worldvln:82901:82901 [0] NCCL INFO AllGather: 262144 Bytes -> Algo RING proto SIMPLE channel{Lo..Hi}={0..1}
worldvln:82901:82901 [0] NCCL INFO AllGather: 262144 Bytes -> Algo RING proto SIMPLE channel{Lo..Hi}={0..1}
worldvln:82901:82901 [0] NCCL INFO AllGather: 262144 Bytes -> Algo RING proto SIMPLE channel{Lo..Hi}={0..1}
worldvln:82901:82901 [0] NCCL INFO AllGather: 262144 Bytes -> Algo RING proto SIMPLE channel{Lo..Hi}={0..1}
worldvln:82901:82901 [0] NCCL INFO AllGather: 262144 Bytes -> Algo RING proto SIMPLE channel{Lo..Hi}={0..1}
worldvln:82901:82901 [0] NCCL INFO AllGather: 1048576 Bytes -> Algo RING proto SIMPLE channel{Lo..Hi}={0..1}
worldvln:82901:82901 [0] NCCL INFO AllGather: 1048576 Bytes -> Algo RING proto SIMPLE channel{Lo..Hi}={0..1}
worldvln:82901:82901 [0] NCCL INFO AllGather: 1048576 Bytes -> Algo RING proto SIMPLE channel{Lo..Hi}={0..1}
worldvln:82901:82901 [0] NCCL INFO AllReduce: 4 Bytes -> Algo RING proto LL channel{Lo..Hi}={0..0}
worldvln:82901:82901 [0] NCCL INFO AllGather: 1048576 Bytes -> Algo RING proto SIMPLE channel{Lo..Hi}={0..1}
worldvln:82901:82901 [0] NCCL INFO AllGather: 1048576 Bytes -> Algo RING proto SIMPLE channel{Lo..Hi}={0..1}
worldvln:82901:82901 [0] NCCL INFO AllGather: 1048576 Bytes -> Algo RING proto SIMPLE channel{Lo..Hi}={0..1}
worldvln:82901:82901 [0] NCCL INFO AllGather: 1048576 Bytes -> Algo RING proto SIMPLE channel{Lo..Hi}={0..1}
worldvln:82901:82901 [0] NCCL INFO AllGather: 1048576 Bytes -> Algo RING proto SIMPLE channel{Lo..Hi}={0..1}
worldvln:82901:82901 [0] NCCL INFO AllGather: 1048576 Bytes -> Algo RING proto SIMPLE channel{Lo..Hi}={0..1}
worldvln:82901:82901 [0] NCCL INFO AllGather: 1048576 Bytes -> Algo RING proto SIMPLE channel{Lo..Hi}={0..1}
worldvln:82901:82901 [0] NCCL INFO AllGather: 1048576 Bytes -> Algo RING proto SIMPLE channel{Lo..Hi}={0..1}
worldvln:82901:82901 [0] NCCL INFO AllGather: 1048576 Bytes -> Algo RING proto SIMPLE channel{Lo..Hi}={0..1}
worldvln:82901:82901 [0] NCCL INFO AllGather: 1048576 Bytes -> Algo RING proto SIMPLE channel{Lo..Hi}={0..1}
worldvln:82901:82901 [0] NCCL INFO AllGather: 1048576 Bytes -> Algo RING proto SIMPLE channel{Lo..Hi}={0..1}
worldvln:82901:82901 [0] NCCL INFO AllGather: 1048576 Bytes -> Algo RING proto SIMPLE channel{Lo..Hi}={0..1}
worldvln:82901:82901 [0] NCCL INFO AllGather: 1048576 Bytes -> Algo RING proto SIMPLE channel{Lo..Hi}={0..1}
worldvln:82901:82901 [0] NCCL INFO AllGather: 1048576 Bytes -> Algo RING proto SIMPLE channel{Lo..Hi}={0..1}
worldvln:82901:82901 [0] NCCL INFO AllGather: 1048576 Bytes -> Algo RING proto SIMPLE channel{Lo..Hi}={0..1}
worldvln:82901:82901 [0] NCCL INFO AllGather: 1048576 Bytes -> Algo RING proto SIMPLE channel{Lo..Hi}={0..1}
worldvln:82901:82901 [0] NCCL INFO AllGather: 1048576 Bytes -> Algo RING proto SIMPLE channel{Lo..Hi}={0..1}
worldvln:82901:82901 [0] NCCL INFO AllGather: 1048576 Bytes -> Algo RING proto SIMPLE channel{Lo..Hi}={0..1}
worldvln:82901:82901 [0] NCCL INFO AllGather: 1048576 Bytes -> Algo RING proto SIMPLE channel{Lo..Hi}={0..1}
worldvln:82901:82901 [0] NCCL INFO AllGather: 1048576 Bytes -> Algo RING proto SIMPLE channel{Lo..Hi}={0..1}
worldvln:82901:82901 [0] NCCL INFO AllGather: 4194304 Bytes -> Algo RING proto SIMPLE channel{Lo..Hi}={0..1}
worldvln:82901:82901 [0] NCCL INFO AllGather: 4194304 Bytes -> Algo RING proto SIMPLE channel{Lo..Hi}={0..1}
worldvln:82901:82901 [0] NCCL INFO AllGather: 4194304 Bytes -> Algo RING proto SIMPLE channel{Lo..Hi}={0..1}
worldvln:82901:82901 [0] NCCL INFO AllReduce: 4 Bytes -> Algo RING proto LL channel{Lo..Hi}={0..0}
worldvln:82901:82901 [0] NCCL INFO AllGather: 4194304 Bytes -> Algo RING proto SIMPLE channel{Lo..Hi}={0..1}
worldvln:82901:82901 [0] NCCL INFO AllGather: 4194304 Bytes -> Algo RING proto SIMPLE channel{Lo..Hi}={0..1}
worldvln:82901:82901 [0] NCCL INFO AllGather: 4194304 Bytes -> Algo RING proto SIMPLE channel{Lo..Hi}={0..1}
worldvln:82901:82901 [0] NCCL INFO AllGather: 4194304 Bytes -> Algo RING proto SIMPLE channel{Lo..Hi}={0..1}
worldvln:82901:82901 [0] NCCL INFO AllGather: 4194304 Bytes -> Algo RING proto SIMPLE channel{Lo..Hi}={0..1}
worldvln:82901:82901 [0] NCCL INFO AllGather: 4194304 Bytes -> Algo RING proto SIMPLE channel{Lo..Hi}={0..1}
worldvln:82901:82901 [0] NCCL INFO AllGather: 4194304 Bytes -> Algo RING proto SIMPLE channel{Lo..Hi}={0..1}
worldvln:82901:82901 [0] NCCL INFO AllGather: 4194304 Bytes -> Algo RING proto SIMPLE channel{Lo..Hi}={0..1}
worldvln:82901:82901 [0] NCCL INFO AllGather: 4194304 Bytes -> Algo RING proto SIMPLE channel{Lo..Hi}={0..1}
worldvln:82901:82901 [0] NCCL INFO AllGather: 4194304 Bytes -> Algo RING proto SIMPLE channel{Lo..Hi}={0..1}
worldvln:82901:82901 [0] NCCL INFO AllGather: 4194304 Bytes -> Algo RING proto SIMPLE channel{Lo..Hi}={0..1}
worldvln:82901:82901 [0] NCCL INFO AllGather: 4194304 Bytes -> Algo RING proto SIMPLE channel{Lo..Hi}={0..1}
worldvln:82901:82901 [0] NCCL INFO AllGather: 4194304 Bytes -> Algo RING proto SIMPLE channel{Lo..Hi}={0..1}
worldvln:82901:82901 [0] NCCL INFO AllGather: 4194304 Bytes -> Algo RING proto SIMPLE channel{Lo..Hi}={0..1}
worldvln:82901:82901 [0] NCCL INFO AllGather: 4194304 Bytes -> Algo RING proto SIMPLE channel{Lo..Hi}={0..1}
worldvln:82901:82901 [0] NCCL INFO AllGather: 4194304 Bytes -> Algo RING proto SIMPLE channel{Lo..Hi}={0..1}
worldvln:82901:82901 [0] NCCL INFO AllGather: 4194304 Bytes -> Algo RING proto SIMPLE channel{Lo..Hi}={0..1}
worldvln:82901:82901 [0] NCCL INFO AllGather: 4194304 Bytes -> Algo RING proto SIMPLE channel{Lo..Hi}={0..1}
worldvln:82901:82901 [0] NCCL INFO AllGather: 4194304 Bytes -> Algo RING proto SIMPLE channel{Lo..Hi}={0..1}
worldvln:82901:82901 [0] NCCL INFO AllGather: 4194304 Bytes -> Algo RING proto SIMPLE channel{Lo..Hi}={0..1}
worldvln:82901:82901 [0] NCCL INFO AllGather: 16777216 Bytes -> Algo RING proto SIMPLE channel{Lo..Hi}={0..1}
worldvln:82901:82901 [0] NCCL INFO AllGather: 16777216 Bytes -> Algo RING proto SIMPLE channel{Lo..Hi}={0..1}
worldvln:82901:82901 [0] NCCL INFO AllGather: 16777216 Bytes -> Algo RING proto SIMPLE channel{Lo..Hi}={0..1}
worldvln:82901:82901 [0] NCCL INFO AllReduce: 4 Bytes -> Algo RING proto LL channel{Lo..Hi}={0..0}
worldvln:82901:82901 [0] NCCL INFO AllGather: 16777216 Bytes -> Algo RING proto SIMPLE channel{Lo..Hi}={0..1}
worldvln:82901:82901 [0] NCCL INFO AllGather: 16777216 Bytes -> Algo RING proto SIMPLE channel{Lo..Hi}={0..1}
worldvln:82901:82901 [0] NCCL INFO AllGather: 16777216 Bytes -> Algo RING proto SIMPLE channel{Lo..Hi}={0..1}
worldvln:82901:82901 [0] NCCL INFO AllGather: 16777216 Bytes -> Algo RING proto SIMPLE channel{Lo..Hi}={0..1}
worldvln:82901:82901 [0] NCCL INFO AllGather: 16777216 Bytes -> Algo RING proto SIMPLE channel{Lo..Hi}={0..1}
worldvln:82901:82901 [0] NCCL INFO AllGather: 16777216 Bytes -> Algo RING proto SIMPLE channel{Lo..Hi}={0..1}
worldvln:82901:82901 [0] NCCL INFO AllGather: 16777216 Bytes -> Algo RING proto SIMPLE channel{Lo..Hi}={0..1}
worldvln:82901:82901 [0] NCCL INFO AllGather: 16777216 Bytes -> Algo RING proto SIMPLE channel{Lo..Hi}={0..1}
worldvln:82901:82901 [0] NCCL INFO AllGather: 67108864 Bytes -> Algo RING proto SIMPLE channel{Lo..Hi}={0..1}
worldvln:82901:82901 [0] NCCL INFO AllGather: 67108864 Bytes -> Algo RING proto SIMPLE channel{Lo..Hi}={0..1}
worldvln:82901:82901 [0] NCCL INFO AllGather: 67108864 Bytes -> Algo RING proto SIMPLE channel{Lo..Hi}={0..1}
worldvln:82901:82901 [0] NCCL INFO AllReduce: 4 Bytes -> Algo RING proto LL channel{Lo..Hi}={0..0}
worldvln:82901:82901 [0] NCCL INFO AllGather: 67108864 Bytes -> Algo RING proto SIMPLE channel{Lo..Hi}={0..1}
worldvln:82901:82901 [0] NCCL INFO AllGather: 67108864 Bytes -> Algo RING proto SIMPLE channel{Lo..Hi}={0..1}
worldvln:82901:82901 [0] NCCL INFO AllGather: 67108864 Bytes -> Algo RING proto SIMPLE channel{Lo..Hi}={0..1}
worldvln:82901:82901 [0] NCCL INFO AllGather: 67108864 Bytes -> Algo RING proto SIMPLE channel{Lo..Hi}={0..1}
worldvln:82901:82901 [0] NCCL INFO AllGather: 67108864 Bytes -> Algo RING proto SIMPLE channel{Lo..Hi}={0..1}
worldvln:82901:82901 [0] NCCL INFO AllGather: 67108864 Bytes -> Algo RING proto SIMPLE channel{Lo..Hi}={0..1}
worldvln:82901:82901 [0] NCCL INFO AllGather: 67108864 Bytes -> Algo RING proto SIMPLE channel{Lo..Hi}={0..1}
worldvln:82901:82901 [0] NCCL INFO AllGather: 67108864 Bytes -> Algo RING proto SIMPLE channel{Lo..Hi}={0..1}
worldvln:82901:82901 [0] NCCL INFO AllGather: 268435456 Bytes -> Algo RING proto SIMPLE channel{Lo..Hi}={0..1}
worldvln:82901:82901 [0] NCCL INFO AllGather: 268435456 Bytes -> Algo RING proto SIMPLE channel{Lo..Hi}={0..1}
worldvln:82901:82901 [0] NCCL INFO AllGather: 268435456 Bytes -> Algo RING proto SIMPLE channel{Lo..Hi}={0..1}
worldvln:82901:82901 [0] NCCL INFO AllReduce: 4 Bytes -> Algo RING proto LL channel{Lo..Hi}={0..0}
worldvln:82901:82901 [0] NCCL INFO AllGather: 268435456 Bytes -> Algo RING proto SIMPLE channel{Lo..Hi}={0..1}
worldvln:82901:82901 [0] NCCL INFO AllGather: 268435456 Bytes -> Algo RING proto SIMPLE channel{Lo..Hi}={0..1}
worldvln:82901:82901 [0] NCCL INFO AllGather: 268435456 Bytes -> Algo RING proto SIMPLE channel{Lo..Hi}={0..1}
worldvln:82901:82901 [0] NCCL INFO AllGather: 268435456 Bytes -> Algo RING proto SIMPLE channel{Lo..Hi}={0..1}
worldvln:82901:82901 [0] NCCL INFO AllGather: 268435456 Bytes -> Algo RING proto SIMPLE channel{Lo..Hi}={0..1}
worldvln:82901:82901 [0] NCCL INFO AllGather: 268435456 Bytes -> Algo RING proto SIMPLE channel{Lo..Hi}={0..1}
worldvln:82901:82901 [0] NCCL INFO AllGather: 268435456 Bytes -> Algo RING proto SIMPLE channel{Lo..Hi}={0..1}
worldvln:82901:82901 [0] NCCL INFO AllGather: 268435456 Bytes -> Algo RING proto SIMPLE channel{Lo..Hi}={0..1}
worldvln:82901:82901 [0] NCCL INFO AllReduce: 4 Bytes -> Algo RING proto LL channel{Lo..Hi}={0..0}
worldvln:82901:82901 [0] NCCL INFO ReduceScatter: 4096 Bytes -> Algo RING proto LL channel{Lo..Hi}={0..0}
worldvln:82901:82901 [0] NCCL INFO ReduceScatter: 4096 Bytes -> Algo RING proto LL channel{Lo..Hi}={0..0}
worldvln:82901:82901 [0] NCCL INFO ReduceScatter: 4096 Bytes -> Algo RING proto LL channel{Lo..Hi}={0..0}
worldvln:82901:82901 [0] NCCL INFO AllReduce: 4 Bytes -> Algo RING proto LL channel{Lo..Hi}={0..0}
worldvln:82901:82901 [0] NCCL INFO ReduceScatter: 4096 Bytes -> Algo RING proto LL channel{Lo..Hi}={0..0}
worldvln:82901:82901 [0] NCCL INFO ReduceScatter: 4096 Bytes -> Algo RING proto LL channel{Lo..Hi}={0..0}
worldvln:82901:82901 [0] NCCL INFO ReduceScatter: 4096 Bytes -> Algo RING proto LL channel{Lo..Hi}={0..0}
worldvln:82901:82901 [0] NCCL INFO ReduceScatter: 4096 Bytes -> Algo RING proto LL channel{Lo..Hi}={0..0}
worldvln:82901:82901 [0] NCCL INFO ReduceScatter: 4096 Bytes -> Algo RING proto LL channel{Lo..Hi}={0..0}
worldvln:82901:82901 [0] NCCL INFO ReduceScatter: 4096 Bytes -> Algo RING proto LL channel{Lo..Hi}={0..0}
worldvln:82901:82901 [0] NCCL INFO ReduceScatter: 4096 Bytes -> Algo RING proto LL channel{Lo..Hi}={0..0}
worldvln:82901:82901 [0] NCCL INFO ReduceScatter: 4096 Bytes -> Algo RING proto LL channel{Lo..Hi}={0..0}
worldvln:82901:82901 [0] NCCL INFO ReduceScatter: 4096 Bytes -> Algo RING proto LL channel{Lo..Hi}={0..0}
worldvln:82901:82901 [0] NCCL INFO ReduceScatter: 4096 Bytes -> Algo RING proto LL channel{Lo..Hi}={0..0}
worldvln:82901:82901 [0] NCCL INFO ReduceScatter: 4096 Bytes -> Algo RING proto LL channel{Lo..Hi}={0..0}
worldvln:82901:82901 [0] NCCL INFO ReduceScatter: 4096 Bytes -> Algo RING proto LL channel{Lo..Hi}={0..0}
worldvln:82901:82901 [0] NCCL INFO ReduceScatter: 4096 Bytes -> Algo RING proto LL channel{Lo..Hi}={0..0}
worldvln:82901:82901 [0] NCCL INFO ReduceScatter: 4096 Bytes -> Algo RING proto LL channel{Lo..Hi}={0..0}
worldvln:82901:82901 [0] NCCL INFO ReduceScatter: 4096 Bytes -> Algo RING proto LL channel{Lo..Hi}={0..0}
worldvln:82901:82901 [0] NCCL INFO ReduceScatter: 4096 Bytes -> Algo RING proto LL channel{Lo..Hi}={0..0}
worldvln:82901:82901 [0] NCCL INFO ReduceScatter: 4096 Bytes -> Algo RING proto LL channel{Lo..Hi}={0..0}
worldvln:82901:82901 [0] NCCL INFO ReduceScatter: 4096 Bytes -> Algo RING proto LL channel{Lo..Hi}={0..0}
worldvln:82901:82901 [0] NCCL INFO ReduceScatter: 4096 Bytes -> Algo RING proto LL channel{Lo..Hi}={0..0}
worldvln:82901:82901 [0] NCCL INFO ReduceScatter: 4096 Bytes -> Algo RING proto LL channel{Lo..Hi}={0..0}
worldvln:82901:82901 [0] NCCL INFO ReduceScatter: 16384 Bytes -> Algo RING proto LL channel{Lo..Hi}={0..1}
worldvln:82901:82901 [0] NCCL INFO ReduceScatter: 16384 Bytes -> Algo RING proto LL channel{Lo..Hi}={0..1}
worldvln:82901:82901 [0] NCCL INFO ReduceScatter: 16384 Bytes -> Algo RING proto LL channel{Lo..Hi}={0..1}
worldvln:82901:82901 [0] NCCL INFO AllReduce: 4 Bytes -> Algo RING proto LL channel{Lo..Hi}={0..0}
worldvln:82901:82901 [0] NCCL INFO ReduceScatter: 16384 Bytes -> Algo RING proto LL channel{Lo..Hi}={0..1}
worldvln:82901:82901 [0] NCCL INFO ReduceScatter: 16384 Bytes -> Algo RING proto LL channel{Lo..Hi}={0..1}
worldvln:82901:82901 [0] NCCL INFO ReduceScatter: 16384 Bytes -> Algo RING proto LL channel{Lo..Hi}={0..1}
worldvln:82901:82901 [0] NCCL INFO ReduceScatter: 16384 Bytes -> Algo RING proto LL channel{Lo..Hi}={0..1}
worldvln:82901:82901 [0] NCCL INFO ReduceScatter: 16384 Bytes -> Algo RING proto LL channel{Lo..Hi}={0..1}
worldvln:82901:82901 [0] NCCL INFO ReduceScatter: 16384 Bytes -> Algo RING proto LL channel{Lo..Hi}={0..1}
worldvln:82901:82901 [0] NCCL INFO ReduceScatter: 16384 Bytes -> Algo RING proto LL channel{Lo..Hi}={0..1}
worldvln:82901:82901 [0] NCCL INFO ReduceScatter: 16384 Bytes -> Algo RING proto LL channel{Lo..Hi}={0..1}
worldvln:82901:82901 [0] NCCL INFO ReduceScatter: 16384 Bytes -> Algo RING proto LL channel{Lo..Hi}={0..1}
worldvln:82901:82901 [0] NCCL INFO ReduceScatter: 16384 Bytes -> Algo RING proto LL channel{Lo..Hi}={0..1}
worldvln:82901:82901 [0] NCCL INFO ReduceScatter: 16384 Bytes -> Algo RING proto LL channel{Lo..Hi}={0..1}
worldvln:82901:82901 [0] NCCL INFO ReduceScatter: 16384 Bytes -> Algo RING proto LL channel{Lo..Hi}={0..1}
worldvln:82901:82901 [0] NCCL INFO ReduceScatter: 16384 Bytes -> Algo RING proto LL channel{Lo..Hi}={0..1}
worldvln:82901:82901 [0] NCCL INFO ReduceScatter: 16384 Bytes -> Algo RING proto LL channel{Lo..Hi}={0..1}
worldvln:82901:82901 [0] NCCL INFO ReduceScatter: 16384 Bytes -> Algo RING proto LL channel{Lo..Hi}={0..1}
worldvln:82901:82901 [0] NCCL INFO ReduceScatter: 16384 Bytes -> Algo RING proto LL channel{Lo..Hi}={0..1}
worldvln:82901:82901 [0] NCCL INFO ReduceScatter: 16384 Bytes -> Algo RING proto LL channel{Lo..Hi}={0..1}
worldvln:82901:82901 [0] NCCL INFO ReduceScatter: 16384 Bytes -> Algo RING proto LL channel{Lo..Hi}={0..1}
worldvln:82901:82901 [0] NCCL INFO ReduceScatter: 16384 Bytes -> Algo RING proto LL channel{Lo..Hi}={0..1}
worldvln:82901:82901 [0] NCCL INFO ReduceScatter: 16384 Bytes -> Algo RING proto LL channel{Lo..Hi}={0..1}
worldvln:82901:82901 [0] NCCL INFO ReduceScatter: 65536 Bytes -> Algo RING proto SIMPLE channel{Lo..Hi}={0..1}
worldvln:82901:82901 [0] NCCL INFO ReduceScatter: 65536 Bytes -> Algo RING proto SIMPLE channel{Lo..Hi}={0..1}
worldvln:82901:82901 [0] NCCL INFO ReduceScatter: 65536 Bytes -> Algo RING proto SIMPLE channel{Lo..Hi}={0..1}
worldvln:82901:82901 [0] NCCL INFO AllReduce: 4 Bytes -> Algo RING proto LL channel{Lo..Hi}={0..0}
worldvln:82901:82901 [0] NCCL INFO ReduceScatter: 65536 Bytes -> Algo RING proto SIMPLE channel{Lo..Hi}={0..1}
worldvln:82901:82901 [0] NCCL INFO ReduceScatter: 65536 Bytes -> Algo RING proto SIMPLE channel{Lo..Hi}={0..1}
worldvln:82901:82901 [0] NCCL INFO ReduceScatter: 65536 Bytes -> Algo RING proto SIMPLE channel{Lo..Hi}={0..1}
worldvln:82901:82901 [0] NCCL INFO ReduceScatter: 65536 Bytes -> Algo RING proto SIMPLE channel{Lo..Hi}={0..1}
worldvln:82901:82901 [0] NCCL INFO ReduceScatter: 65536 Bytes -> Algo RING proto SIMPLE channel{Lo..Hi}={0..1}
worldvln:82901:82901 [0] NCCL INFO ReduceScatter: 65536 Bytes -> Algo RING proto SIMPLE channel{Lo..Hi}={0..1}
worldvln:82901:82901 [0] NCCL INFO ReduceScatter: 65536 Bytes -> Algo RING proto SIMPLE channel{Lo..Hi}={0..1}
worldvln:82901:82901 [0] NCCL INFO ReduceScatter: 65536 Bytes -> Algo RING proto SIMPLE channel{Lo..Hi}={0..1}
worldvln:82901:82901 [0] NCCL INFO ReduceScatter: 65536 Bytes -> Algo RING proto SIMPLE channel{Lo..Hi}={0..1}
worldvln:82901:82901 [0] NCCL INFO ReduceScatter: 65536 Bytes -> Algo RING proto SIMPLE channel{Lo..Hi}={0..1}
worldvln:82901:82901 [0] NCCL INFO ReduceScatter: 65536 Bytes -> Algo RING proto SIMPLE channel{Lo..Hi}={0..1}
worldvln:82901:82901 [0] NCCL INFO ReduceScatter: 65536 Bytes -> Algo RING proto SIMPLE channel{Lo..Hi}={0..1}
worldvln:82901:82901 [0] NCCL INFO ReduceScatter: 65536 Bytes -> Algo RING proto SIMPLE channel{Lo..Hi}={0..1}
worldvln:82901:82901 [0] NCCL INFO ReduceScatter: 65536 Bytes -> Algo RING proto SIMPLE channel{Lo..Hi}={0..1}
worldvln:82901:82901 [0] NCCL INFO ReduceScatter: 65536 Bytes -> Algo RING proto SIMPLE channel{Lo..Hi}={0..1}
worldvln:82901:82901 [0] NCCL INFO ReduceScatter: 65536 Bytes -> Algo RING proto SIMPLE channel{Lo..Hi}={0..1}
worldvln:82901:82901 [0] NCCL INFO ReduceScatter: 65536 Bytes -> Algo RING proto SIMPLE channel{Lo..Hi}={0..1}
worldvln:82901:82901 [0] NCCL INFO ReduceScatter: 65536 Bytes -> Algo RING proto SIMPLE channel{Lo..Hi}={0..1}
worldvln:82901:82901 [0] NCCL INFO ReduceScatter: 65536 Bytes -> Algo RING proto SIMPLE channel{Lo..Hi}={0..1}
worldvln:82901:82901 [0] NCCL INFO ReduceScatter: 65536 Bytes -> Algo RING proto SIMPLE channel{Lo..Hi}={0..1}
worldvln:82901:82901 [0] NCCL INFO ReduceScatter: 262144 Bytes -> Algo RING proto SIMPLE channel{Lo..Hi}={0..1}
worldvln:82901:82901 [0] NCCL INFO ReduceScatter: 262144 Bytes -> Algo RING proto SIMPLE channel{Lo..Hi}={0..1}
worldvln:82901:82901 [0] NCCL INFO ReduceScatter: 262144 Bytes -> Algo RING proto SIMPLE channel{Lo..Hi}={0..1}
worldvln:82901:82901 [0] NCCL INFO AllReduce: 4 Bytes -> Algo RING proto LL channel{Lo..Hi}={0..0}
worldvln:82901:82901 [0] NCCL INFO ReduceScatter: 262144 Bytes -> Algo RING proto SIMPLE channel{Lo..Hi}={0..1}
worldvln:82901:82901 [0] NCCL INFO ReduceScatter: 262144 Bytes -> Algo RING proto SIMPLE channel{Lo..Hi}={0..1}
worldvln:82901:82901 [0] NCCL INFO ReduceScatter: 262144 Bytes -> Algo RING proto SIMPLE channel{Lo..Hi}={0..1}
worldvln:82901:82901 [0] NCCL INFO ReduceScatter: 262144 Bytes -> Algo RING proto SIMPLE channel{Lo..Hi}={0..1}
worldvln:82901:82901 [0] NCCL INFO ReduceScatter: 262144 Bytes -> Algo RING proto SIMPLE channel{Lo..Hi}={0..1}
worldvln:82901:82901 [0] NCCL INFO ReduceScatter: 262144 Bytes -> Algo RING proto SIMPLE channel{Lo..Hi}={0..1}
worldvln:82901:82901 [0] NCCL INFO ReduceScatter: 262144 Bytes -> Algo RING proto SIMPLE channel{Lo..Hi}={0..1}
worldvln:82901:82901 [0] NCCL INFO ReduceScatter: 262144 Bytes -> Algo RING proto SIMPLE channel{Lo..Hi}={0..1}
worldvln:82901:82901 [0] NCCL INFO ReduceScatter: 262144 Bytes -> Algo RING proto SIMPLE channel{Lo..Hi}={0..1}
worldvln:82901:82901 [0] NCCL INFO ReduceScatter: 262144 Bytes -> Algo RING proto SIMPLE channel{Lo..Hi}={0..1}
worldvln:82901:82901 [0] NCCL INFO ReduceScatter: 262144 Bytes -> Algo RING proto SIMPLE channel{Lo..Hi}={0..1}
worldvln:82901:82901 [0] NCCL INFO ReduceScatter: 262144 Bytes -> Algo RING proto SIMPLE channel{Lo..Hi}={0..1}
worldvln:82901:82901 [0] NCCL INFO ReduceScatter: 262144 Bytes -> Algo RING proto SIMPLE channel{Lo..Hi}={0..1}
worldvln:82901:82901 [0] NCCL INFO ReduceScatter: 262144 Bytes -> Algo RING proto SIMPLE channel{Lo..Hi}={0..1}
worldvln:82901:82901 [0] NCCL INFO ReduceScatter: 262144 Bytes -> Algo RING proto SIMPLE channel{Lo..Hi}={0..1}
worldvln:82901:82901 [0] NCCL INFO ReduceScatter: 262144 Bytes -> Algo RING proto SIMPLE channel{Lo..Hi}={0..1}
worldvln:82901:82901 [0] NCCL INFO ReduceScatter: 262144 Bytes -> Algo RING proto SIMPLE channel{Lo..Hi}={0..1}
worldvln:82901:82901 [0] NCCL INFO ReduceScatter: 262144 Bytes -> Algo RING proto SIMPLE channel{Lo..Hi}={0..1}
worldvln:82901:82901 [0] NCCL INFO ReduceScatter: 262144 Bytes -> Algo RING proto SIMPLE channel{Lo..Hi}={0..1}
worldvln:82901:82901 [0] NCCL INFO ReduceScatter: 262144 Bytes -> Algo RING proto SIMPLE channel{Lo..Hi}={0..1}
worldvln:82901:82901 [0] NCCL INFO ReduceScatter: 1048576 Bytes -> Algo RING proto SIMPLE channel{Lo..Hi}={0..1}
worldvln:82901:82901 [0] NCCL INFO ReduceScatter: 1048576 Bytes -> Algo RING proto SIMPLE channel{Lo..Hi}={0..1}
worldvln:82901:82901 [0] NCCL INFO ReduceScatter: 1048576 Bytes -> Algo RING proto SIMPLE channel{Lo..Hi}={0..1}
worldvln:82901:82901 [0] NCCL INFO AllReduce: 4 Bytes -> Algo RING proto LL channel{Lo..Hi}={0..0}
worldvln:82901:82901 [0] NCCL INFO ReduceScatter: 1048576 Bytes -> Algo RING proto SIMPLE channel{Lo..Hi}={0..1}
worldvln:82901:82901 [0] NCCL INFO ReduceScatter: 1048576 Bytes -> Algo RING proto SIMPLE channel{Lo..Hi}={0..1}
worldvln:82901:82901 [0] NCCL INFO ReduceScatter: 1048576 Bytes -> Algo RING proto SIMPLE channel{Lo..Hi}={0..1}
worldvln:82901:82901 [0] NCCL INFO ReduceScatter: 1048576 Bytes -> Algo RING proto SIMPLE channel{Lo..Hi}={0..1}
worldvln:82901:82901 [0] NCCL INFO ReduceScatter: 1048576 Bytes -> Algo RING proto SIMPLE channel{Lo..Hi}={0..1}
worldvln:82901:82901 [0] NCCL INFO ReduceScatter: 1048576 Bytes -> Algo RING proto SIMPLE channel{Lo..Hi}={0..1}
worldvln:82901:82901 [0] NCCL INFO ReduceScatter: 1048576 Bytes -> Algo RING proto SIMPLE channel{Lo..Hi}={0..1}
worldvln:82901:82901 [0] NCCL INFO ReduceScatter: 1048576 Bytes -> Algo RING proto SIMPLE channel{Lo..Hi}={0..1}
worldvln:82901:82901 [0] NCCL INFO ReduceScatter: 1048576 Bytes -> Algo RING proto SIMPLE channel{Lo..Hi}={0..1}
worldvln:82901:82901 [0] NCCL INFO ReduceScatter: 1048576 Bytes -> Algo RING proto SIMPLE channel{Lo..Hi}={0..1}
worldvln:82901:82901 [0] NCCL INFO ReduceScatter: 1048576 Bytes -> Algo RING proto SIMPLE channel{Lo..Hi}={0..1}
worldvln:82901:82901 [0] NCCL INFO ReduceScatter: 1048576 Bytes -> Algo RING proto SIMPLE channel{Lo..Hi}={0..1}
worldvln:82901:82901 [0] NCCL INFO ReduceScatter: 1048576 Bytes -> Algo RING proto SIMPLE channel{Lo..Hi}={0..1}
worldvln:82901:82901 [0] NCCL INFO ReduceScatter: 1048576 Bytes -> Algo RING proto SIMPLE channel{Lo..Hi}={0..1}
worldvln:82901:82901 [0] NCCL INFO ReduceScatter: 1048576 Bytes -> Algo RING proto SIMPLE channel{Lo..Hi}={0..1}
worldvln:82901:82901 [0] NCCL INFO ReduceScatter: 1048576 Bytes -> Algo RING proto SIMPLE channel{Lo..Hi}={0..1}
worldvln:82901:82901 [0] NCCL INFO ReduceScatter: 1048576 Bytes -> Algo RING proto SIMPLE channel{Lo..Hi}={0..1}
worldvln:82901:82901 [0] NCCL INFO ReduceScatter: 1048576 Bytes -> Algo RING proto SIMPLE channel{Lo..Hi}={0..1}
worldvln:82901:82901 [0] NCCL INFO ReduceScatter: 1048576 Bytes -> Algo RING proto SIMPLE channel{Lo..Hi}={0..1}
worldvln:82901:82901 [0] NCCL INFO ReduceScatter: 1048576 Bytes -> Algo RING proto SIMPLE channel{Lo..Hi}={0..1}
worldvln:82901:82901 [0] NCCL INFO ReduceScatter: 4194304 Bytes -> Algo RING proto SIMPLE channel{Lo..Hi}={0..1}
worldvln:82901:82901 [0] NCCL INFO ReduceScatter: 4194304 Bytes -> Algo RING proto SIMPLE channel{Lo..Hi}={0..1}
worldvln:82901:82901 [0] NCCL INFO ReduceScatter: 4194304 Bytes -> Algo RING proto SIMPLE channel{Lo..Hi}={0..1}
worldvln:82901:82901 [0] NCCL INFO AllReduce: 4 Bytes -> Algo RING proto LL channel{Lo..Hi}={0..0}
worldvln:82901:82901 [0] NCCL INFO ReduceScatter: 4194304 Bytes -> Algo RING proto SIMPLE channel{Lo..Hi}={0..1}
worldvln:82901:82901 [0] NCCL INFO ReduceScatter: 4194304 Bytes -> Algo RING proto SIMPLE channel{Lo..Hi}={0..1}
worldvln:82901:82901 [0] NCCL INFO ReduceScatter: 4194304 Bytes -> Algo RING proto SIMPLE channel{Lo..Hi}={0..1}
worldvln:82901:82901 [0] NCCL INFO ReduceScatter: 4194304 Bytes -> Algo RING proto SIMPLE channel{Lo..Hi}={0..1}
worldvln:82901:82901 [0] NCCL INFO ReduceScatter: 4194304 Bytes -> Algo RING proto SIMPLE channel{Lo..Hi}={0..1}
worldvln:82901:82901 [0] NCCL INFO ReduceScatter: 4194304 Bytes -> Algo RING proto SIMPLE channel{Lo..Hi}={0..1}
worldvln:82901:82901 [0] NCCL INFO ReduceScatter: 4194304 Bytes -> Algo RING proto SIMPLE channel{Lo..Hi}={0..1}
worldvln:82901:82901 [0] NCCL INFO ReduceScatter: 4194304 Bytes -> Algo RING proto SIMPLE channel{Lo..Hi}={0..1}
worldvln:82901:82901 [0] NCCL INFO ReduceScatter: 4194304 Bytes -> Algo RING proto SIMPLE channel{Lo..Hi}={0..1}
worldvln:82901:82901 [0] NCCL INFO ReduceScatter: 4194304 Bytes -> Algo RING proto SIMPLE channel{Lo..Hi}={0..1}
worldvln:82901:82901 [0] NCCL INFO ReduceScatter: 4194304 Bytes -> Algo RING proto SIMPLE channel{Lo..Hi}={0..1}
worldvln:82901:82901 [0] NCCL INFO ReduceScatter: 4194304 Bytes -> Algo RING proto SIMPLE channel{Lo..Hi}={0..1}
worldvln:82901:82901 [0] NCCL INFO ReduceScatter: 4194304 Bytes -> Algo RING proto SIMPLE channel{Lo..Hi}={0..1}
worldvln:82901:82901 [0] NCCL INFO ReduceScatter: 4194304 Bytes -> Algo RING proto SIMPLE channel{Lo..Hi}={0..1}
worldvln:82901:82901 [0] NCCL INFO ReduceScatter: 4194304 Bytes -> Algo RING proto SIMPLE channel{Lo..Hi}={0..1}
worldvln:82901:82901 [0] NCCL INFO ReduceScatter: 4194304 Bytes -> Algo RING proto SIMPLE channel{Lo..Hi}={0..1}
worldvln:82901:82901 [0] NCCL INFO ReduceScatter: 4194304 Bytes -> Algo RING proto SIMPLE channel{Lo..Hi}={0..1}
worldvln:82901:82901 [0] NCCL INFO ReduceScatter: 4194304 Bytes -> Algo RING proto SIMPLE channel{Lo..Hi}={0..1}
worldvln:82901:82901 [0] NCCL INFO ReduceScatter: 4194304 Bytes -> Algo RING proto SIMPLE channel{Lo..Hi}={0..1}
worldvln:82901:82901 [0] NCCL INFO ReduceScatter: 4194304 Bytes -> Algo RING proto SIMPLE channel{Lo..Hi}={0..1}
worldvln:82901:82901 [0] NCCL INFO ReduceScatter: 16777216 Bytes -> Algo RING proto SIMPLE channel{Lo..Hi}={0..1}
worldvln:82901:82901 [0] NCCL INFO ReduceScatter: 16777216 Bytes -> Algo RING proto SIMPLE channel{Lo..Hi}={0..1}
worldvln:82901:82901 [0] NCCL INFO ReduceScatter: 16777216 Bytes -> Algo RING proto SIMPLE channel{Lo..Hi}={0..1}
worldvln:82901:82901 [0] NCCL INFO AllReduce: 4 Bytes -> Algo RING proto LL channel{Lo..Hi}={0..0}
worldvln:82901:82901 [0] NCCL INFO ReduceScatter: 16777216 Bytes -> Algo RING proto SIMPLE channel{Lo..Hi}={0..1}
worldvln:82901:82901 [0] NCCL INFO ReduceScatter: 16777216 Bytes -> Algo RING proto SIMPLE channel{Lo..Hi}={0..1}
worldvln:82901:82901 [0] NCCL INFO ReduceScatter: 16777216 Bytes -> Algo RING proto SIMPLE channel{Lo..Hi}={0..1}
worldvln:82901:82901 [0] NCCL INFO ReduceScatter: 16777216 Bytes -> Algo RING proto SIMPLE channel{Lo..Hi}={0..1}
worldvln:82901:82901 [0] NCCL INFO ReduceScatter: 16777216 Bytes -> Algo RING proto SIMPLE channel{Lo..Hi}={0..1}
worldvln:82901:82901 [0] NCCL INFO ReduceScatter: 16777216 Bytes -> Algo RING proto SIMPLE channel{Lo..Hi}={0..1}
worldvln:82901:82901 [0] NCCL INFO ReduceScatter: 16777216 Bytes -> Algo RING proto SIMPLE channel{Lo..Hi}={0..1}
worldvln:82901:82901 [0] NCCL INFO ReduceScatter: 16777216 Bytes -> Algo RING proto SIMPLE channel{Lo..Hi}={0..1}
worldvln:82901:82901 [0] NCCL INFO ReduceScatter: 67108864 Bytes -> Algo RING proto SIMPLE channel{Lo..Hi}={0..1}
worldvln:82901:82901 [0] NCCL INFO ReduceScatter: 67108864 Bytes -> Algo RING proto SIMPLE channel{Lo..Hi}={0..1}
worldvln:82901:82901 [0] NCCL INFO ReduceScatter: 67108864 Bytes -> Algo RING proto SIMPLE channel{Lo..Hi}={0..1}
worldvln:82901:82901 [0] NCCL INFO AllReduce: 4 Bytes -> Algo RING proto LL channel{Lo..Hi}={0..0}
worldvln:82901:82901 [0] NCCL INFO ReduceScatter: 67108864 Bytes -> Algo RING proto SIMPLE channel{Lo..Hi}={0..1}
worldvln:82901:82901 [0] NCCL INFO ReduceScatter: 67108864 Bytes -> Algo RING proto SIMPLE channel{Lo..Hi}={0..1}
worldvln:82901:82901 [0] NCCL INFO ReduceScatter: 67108864 Bytes -> Algo RING proto SIMPLE channel{Lo..Hi}={0..1}
worldvln:82901:82901 [0] NCCL INFO ReduceScatter: 67108864 Bytes -> Algo RING proto SIMPLE channel{Lo..Hi}={0..1}
worldvln:82901:82901 [0] NCCL INFO ReduceScatter: 67108864 Bytes -> Algo RING proto SIMPLE channel{Lo..Hi}={0..1}
worldvln:82901:82901 [0] NCCL INFO ReduceScatter: 67108864 Bytes -> Algo RING proto SIMPLE channel{Lo..Hi}={0..1}
worldvln:82901:82901 [0] NCCL INFO ReduceScatter: 67108864 Bytes -> Algo RING proto SIMPLE channel{Lo..Hi}={0..1}
worldvln:82901:82901 [0] NCCL INFO ReduceScatter: 67108864 Bytes -> Algo RING proto SIMPLE channel{Lo..Hi}={0..1}
worldvln:82901:82901 [0] NCCL INFO ReduceScatter: 268435456 Bytes -> Algo RING proto SIMPLE channel{Lo..Hi}={0..1}
worldvln:82901:82901 [0] NCCL INFO ReduceScatter: 268435456 Bytes -> Algo RING proto SIMPLE channel{Lo..Hi}={0..1}
worldvln:82901:82901 [0] NCCL INFO ReduceScatter: 268435456 Bytes -> Algo RING proto SIMPLE channel{Lo..Hi}={0..1}
worldvln:82901:82901 [0] NCCL INFO AllReduce: 4 Bytes -> Algo RING proto LL channel{Lo..Hi}={0..0}
worldvln:82901:82901 [0] NCCL INFO ReduceScatter: 268435456 Bytes -> Algo RING proto SIMPLE channel{Lo..Hi}={0..1}
worldvln:82901:82901 [0] NCCL INFO ReduceScatter: 268435456 Bytes -> Algo RING proto SIMPLE channel{Lo..Hi}={0..1}
worldvln:82901:82901 [0] NCCL INFO ReduceScatter: 268435456 Bytes -> Algo RING proto SIMPLE channel{Lo..Hi}={0..1}
worldvln:82901:82901 [0] NCCL INFO ReduceScatter: 268435456 Bytes -> Algo RING proto SIMPLE channel{Lo..Hi}={0..1}
worldvln:82901:82901 [0] NCCL INFO ReduceScatter: 268435456 Bytes -> Algo RING proto SIMPLE channel{Lo..Hi}={0..1}
worldvln:82901:82901 [0] NCCL INFO ReduceScatter: 268435456 Bytes -> Algo RING proto SIMPLE channel{Lo..Hi}={0..1}
worldvln:82901:82901 [0] NCCL INFO ReduceScatter: 268435456 Bytes -> Algo RING proto SIMPLE channel{Lo..Hi}={0..1}
worldvln:82901:82901 [0] NCCL INFO ReduceScatter: 268435456 Bytes -> Algo RING proto SIMPLE channel{Lo..Hi}={0..1}
worldvln:82901:82901 [0] NCCL INFO AllReduce: 4 Bytes -> Algo RING proto LL channel{Lo..Hi}={0..0}
worldvln:82901:82901 [0] NCCL INFO Broadcast: 4096 Bytes -> Algo RING proto LL channel{Lo..Hi}={0..0}
worldvln:82901:82901 [0] NCCL INFO Broadcast: 4096 Bytes -> Algo RING proto LL channel{Lo..Hi}={0..0}
worldvln:82901:82901 [0] NCCL INFO Broadcast: 4096 Bytes -> Algo RING proto LL channel{Lo..Hi}={0..0}
worldvln:82901:82901 [0] NCCL INFO AllReduce: 4 Bytes -> Algo RING proto LL channel{Lo..Hi}={0..0}
worldvln:82901:82901 [0] NCCL INFO Broadcast: 4096 Bytes -> Algo RING proto LL channel{Lo..Hi}={0..0}
worldvln:82901:82901 [0] NCCL INFO Broadcast: 4096 Bytes -> Algo RING proto LL channel{Lo..Hi}={0..0}
worldvln:82901:82901 [0] NCCL INFO Broadcast: 4096 Bytes -> Algo RING proto LL channel{Lo..Hi}={0..0}
worldvln:82901:82901 [0] NCCL INFO Broadcast: 4096 Bytes -> Algo RING proto LL channel{Lo..Hi}={0..0}
worldvln:82901:82901 [0] NCCL INFO Broadcast: 4096 Bytes -> Algo RING proto LL channel{Lo..Hi}={0..0}
worldvln:82901:82901 [0] NCCL INFO Broadcast: 4096 Bytes -> Algo RING proto LL channel{Lo..Hi}={0..0}
worldvln:82901:82901 [0] NCCL INFO Broadcast: 4096 Bytes -> Algo RING proto LL channel{Lo..Hi}={0..0}
worldvln:82901:82901 [0] NCCL INFO Broadcast: 4096 Bytes -> Algo RING proto LL channel{Lo..Hi}={0..0}
worldvln:82901:82901 [0] NCCL INFO Broadcast: 4096 Bytes -> Algo RING proto LL channel{Lo..Hi}={0..0}
worldvln:82901:82901 [0] NCCL INFO Broadcast: 4096 Bytes -> Algo RING proto LL channel{Lo..Hi}={0..0}
worldvln:82901:82901 [0] NCCL INFO Broadcast: 4096 Bytes -> Algo RING proto LL channel{Lo..Hi}={0..0}
worldvln:82901:82901 [0] NCCL INFO Broadcast: 4096 Bytes -> Algo RING proto LL channel{Lo..Hi}={0..0}
worldvln:82901:82901 [0] NCCL INFO Broadcast: 4096 Bytes -> Algo RING proto LL channel{Lo..Hi}={0..0}
worldvln:82901:82901 [0] NCCL INFO Broadcast: 4096 Bytes -> Algo RING proto LL channel{Lo..Hi}={0..0}
worldvln:82901:82901 [0] NCCL INFO Broadcast: 4096 Bytes -> Algo RING proto LL channel{Lo..Hi}={0..0}
worldvln:82901:82901 [0] NCCL INFO Broadcast: 4096 Bytes -> Algo RING proto LL channel{Lo..Hi}={0..0}
worldvln:82901:82901 [0] NCCL INFO Broadcast: 4096 Bytes -> Algo RING proto LL channel{Lo..Hi}={0..0}
worldvln:82901:82901 [0] NCCL INFO Broadcast: 4096 Bytes -> Algo RING proto LL channel{Lo..Hi}={0..0}
worldvln:82901:82901 [0] NCCL INFO Broadcast: 4096 Bytes -> Algo RING proto LL channel{Lo..Hi}={0..0}
worldvln:82901:82901 [0] NCCL INFO Broadcast: 4096 Bytes -> Algo RING proto LL channel{Lo..Hi}={0..0}
worldvln:82901:82901 [0] NCCL INFO Broadcast: 16384 Bytes -> Algo RING proto LL channel{Lo..Hi}={0..0}
worldvln:82901:82901 [0] NCCL INFO Broadcast: 16384 Bytes -> Algo RING proto LL channel{Lo..Hi}={0..0}
worldvln:82901:82901 [0] NCCL INFO Broadcast: 16384 Bytes -> Algo RING proto LL channel{Lo..Hi}={0..0}
worldvln:82901:82901 [0] NCCL INFO AllReduce: 4 Bytes -> Algo RING proto LL channel{Lo..Hi}={0..0}
worldvln:82901:82901 [0] NCCL INFO Broadcast: 16384 Bytes -> Algo RING proto LL channel{Lo..Hi}={0..0}
worldvln:82901:82901 [0] NCCL INFO Broadcast: 16384 Bytes -> Algo RING proto LL channel{Lo..Hi}={0..0}
worldvln:82901:82901 [0] NCCL INFO Broadcast: 16384 Bytes -> Algo RING proto LL channel{Lo..Hi}={0..0}
worldvln:82901:82901 [0] NCCL INFO Broadcast: 16384 Bytes -> Algo RING proto LL channel{Lo..Hi}={0..0}
worldvln:82901:82901 [0] NCCL INFO Broadcast: 16384 Bytes -> Algo RING proto LL channel{Lo..Hi}={0..0}
worldvln:82901:82901 [0] NCCL INFO Broadcast: 16384 Bytes -> Algo RING proto LL channel{Lo..Hi}={0..0}
worldvln:82901:82901 [0] NCCL INFO Broadcast: 16384 Bytes -> Algo RING proto LL channel{Lo..Hi}={0..0}
worldvln:82901:82901 [0] NCCL INFO Broadcast: 16384 Bytes -> Algo RING proto LL channel{Lo..Hi}={0..0}
worldvln:82901:82901 [0] NCCL INFO Broadcast: 16384 Bytes -> Algo RING proto LL channel{Lo..Hi}={0..0}
worldvln:82901:82901 [0] NCCL INFO Broadcast: 16384 Bytes -> Algo RING proto LL channel{Lo..Hi}={0..0}
worldvln:82901:82901 [0] NCCL INFO Broadcast: 16384 Bytes -> Algo RING proto LL channel{Lo..Hi}={0..0}
worldvln:82901:82901 [0] NCCL INFO Broadcast: 16384 Bytes -> Algo RING proto LL channel{Lo..Hi}={0..0}
worldvln:82901:82901 [0] NCCL INFO Broadcast: 16384 Bytes -> Algo RING proto LL channel{Lo..Hi}={0..0}
worldvln:82901:82901 [0] NCCL INFO Broadcast: 16384 Bytes -> Algo RING proto LL channel{Lo..Hi}={0..0}
worldvln:82901:82901 [0] NCCL INFO Broadcast: 16384 Bytes -> Algo RING proto LL channel{Lo..Hi}={0..0}
worldvln:82901:82901 [0] NCCL INFO Broadcast: 16384 Bytes -> Algo RING proto LL channel{Lo..Hi}={0..0}
worldvln:82901:82901 [0] NCCL INFO Broadcast: 16384 Bytes -> Algo RING proto LL channel{Lo..Hi}={0..0}
worldvln:82901:82901 [0] NCCL INFO Broadcast: 16384 Bytes -> Algo RING proto LL channel{Lo..Hi}={0..0}
worldvln:82901:82901 [0] NCCL INFO Broadcast: 16384 Bytes -> Algo RING proto LL channel{Lo..Hi}={0..0}
worldvln:82901:82901 [0] NCCL INFO Broadcast: 16384 Bytes -> Algo RING proto LL channel{Lo..Hi}={0..0}
worldvln:82901:82901 [0] NCCL INFO Broadcast: 65536 Bytes -> Algo RING proto SIMPLE channel{Lo..Hi}={0..1}
worldvln:82901:82901 [0] NCCL INFO Broadcast: 65536 Bytes -> Algo RING proto SIMPLE channel{Lo..Hi}={0..1}
worldvln:82901:82901 [0] NCCL INFO Broadcast: 65536 Bytes -> Algo RING proto SIMPLE channel{Lo..Hi}={0..1}
worldvln:82901:82901 [0] NCCL INFO AllReduce: 4 Bytes -> Algo RING proto LL channel{Lo..Hi}={0..0}
worldvln:82901:82901 [0] NCCL INFO Broadcast: 65536 Bytes -> Algo RING proto SIMPLE channel{Lo..Hi}={0..1}
worldvln:82901:82901 [0] NCCL INFO Broadcast: 65536 Bytes -> Algo RING proto SIMPLE channel{Lo..Hi}={0..1}
worldvln:82901:82901 [0] NCCL INFO Broadcast: 65536 Bytes -> Algo RING proto SIMPLE channel{Lo..Hi}={0..1}
worldvln:82901:82901 [0] NCCL INFO Broadcast: 65536 Bytes -> Algo RING proto SIMPLE channel{Lo..Hi}={0..1}
worldvln:82901:82901 [0] NCCL INFO Broadcast: 65536 Bytes -> Algo RING proto SIMPLE channel{Lo..Hi}={0..1}
worldvln:82901:82901 [0] NCCL INFO Broadcast: 65536 Bytes -> Algo RING proto SIMPLE channel{Lo..Hi}={0..1}
worldvln:82901:82901 [0] NCCL INFO Broadcast: 65536 Bytes -> Algo RING proto SIMPLE channel{Lo..Hi}={0..1}
worldvln:82901:82901 [0] NCCL INFO Broadcast: 65536 Bytes -> Algo RING proto SIMPLE channel{Lo..Hi}={0..1}
worldvln:82901:82901 [0] NCCL INFO Broadcast: 65536 Bytes -> Algo RING proto SIMPLE channel{Lo..Hi}={0..1}
worldvln:82901:82901 [0] NCCL INFO Broadcast: 65536 Bytes -> Algo RING proto SIMPLE channel{Lo..Hi}={0..1}
worldvln:82901:82901 [0] NCCL INFO Broadcast: 65536 Bytes -> Algo RING proto SIMPLE channel{Lo..Hi}={0..1}
worldvln:82901:82901 [0] NCCL INFO Broadcast: 65536 Bytes -> Algo RING proto SIMPLE channel{Lo..Hi}={0..1}
worldvln:82901:82901 [0] NCCL INFO Broadcast: 65536 Bytes -> Algo RING proto SIMPLE channel{Lo..Hi}={0..1}
worldvln:82901:82901 [0] NCCL INFO Broadcast: 65536 Bytes -> Algo RING proto SIMPLE channel{Lo..Hi}={0..1}
worldvln:82901:82901 [0] NCCL INFO Broadcast: 65536 Bytes -> Algo RING proto SIMPLE channel{Lo..Hi}={0..1}
worldvln:82901:82901 [0] NCCL INFO Broadcast: 65536 Bytes -> Algo RING proto SIMPLE channel{Lo..Hi}={0..1}
worldvln:82901:82901 [0] NCCL INFO Broadcast: 65536 Bytes -> Algo RING proto SIMPLE channel{Lo..Hi}={0..1}
worldvln:82901:82901 [0] NCCL INFO Broadcast: 65536 Bytes -> Algo RING proto SIMPLE channel{Lo..Hi}={0..1}
worldvln:82901:82901 [0] NCCL INFO Broadcast: 65536 Bytes -> Algo RING proto SIMPLE channel{Lo..Hi}={0..1}
worldvln:82901:82901 [0] NCCL INFO Broadcast: 65536 Bytes -> Algo RING proto SIMPLE channel{Lo..Hi}={0..1}
worldvln:82901:82901 [0] NCCL INFO Broadcast: 262144 Bytes -> Algo RING proto SIMPLE channel{Lo..Hi}={0..1}
worldvln:82901:82901 [0] NCCL INFO Broadcast: 262144 Bytes -> Algo RING proto SIMPLE channel{Lo..Hi}={0..1}
worldvln:82901:82901 [0] NCCL INFO Broadcast: 262144 Bytes -> Algo RING proto SIMPLE channel{Lo..Hi}={0..1}
worldvln:82901:82901 [0] NCCL INFO AllReduce: 4 Bytes -> Algo RING proto LL channel{Lo..Hi}={0..0}
worldvln:82901:82901 [0] NCCL INFO Broadcast: 262144 Bytes -> Algo RING proto SIMPLE channel{Lo..Hi}={0..1}
worldvln:82901:82901 [0] NCCL INFO Broadcast: 262144 Bytes -> Algo RING proto SIMPLE channel{Lo..Hi}={0..1}
worldvln:82901:82901 [0] NCCL INFO Broadcast: 262144 Bytes -> Algo RING proto SIMPLE channel{Lo..Hi}={0..1}
worldvln:82901:82901 [0] NCCL INFO Broadcast: 262144 Bytes -> Algo RING proto SIMPLE channel{Lo..Hi}={0..1}
worldvln:82901:82901 [0] NCCL INFO Broadcast: 262144 Bytes -> Algo RING proto SIMPLE channel{Lo..Hi}={0..1}
worldvln:82901:82901 [0] NCCL INFO Broadcast: 262144 Bytes -> Algo RING proto SIMPLE channel{Lo..Hi}={0..1}
worldvln:82901:82901 [0] NCCL INFO Broadcast: 262144 Bytes -> Algo RING proto SIMPLE channel{Lo..Hi}={0..1}
worldvln:82901:82901 [0] NCCL INFO Broadcast: 262144 Bytes -> Algo RING proto SIMPLE channel{Lo..Hi}={0..1}
worldvln:82901:82901 [0] NCCL INFO Broadcast: 262144 Bytes -> Algo RING proto SIMPLE channel{Lo..Hi}={0..1}
worldvln:82901:82901 [0] NCCL INFO Broadcast: 262144 Bytes -> Algo RING proto SIMPLE channel{Lo..Hi}={0..1}
worldvln:82901:82901 [0] NCCL INFO Broadcast: 262144 Bytes -> Algo RING proto SIMPLE channel{Lo..Hi}={0..1}
worldvln:82901:82901 [0] NCCL INFO Broadcast: 262144 Bytes -> Algo RING proto SIMPLE channel{Lo..Hi}={0..1}
worldvln:82901:82901 [0] NCCL INFO Broadcast: 262144 Bytes -> Algo RING proto SIMPLE channel{Lo..Hi}={0..1}
worldvln:82901:82901 [0] NCCL INFO Broadcast: 262144 Bytes -> Algo RING proto SIMPLE channel{Lo..Hi}={0..1}
worldvln:82901:82901 [0] NCCL INFO Broadcast: 262144 Bytes -> Algo RING proto SIMPLE channel{Lo..Hi}={0..1}
worldvln:82901:82901 [0] NCCL INFO Broadcast: 262144 Bytes -> Algo RING proto SIMPLE channel{Lo..Hi}={0..1}
worldvln:82901:82901 [0] NCCL INFO Broadcast: 262144 Bytes -> Algo RING proto SIMPLE channel{Lo..Hi}={0..1}
worldvln:82901:82901 [0] NCCL INFO Broadcast: 262144 Bytes -> Algo RING proto SIMPLE channel{Lo..Hi}={0..1}
worldvln:82901:82901 [0] NCCL INFO Broadcast: 262144 Bytes -> Algo RING proto SIMPLE channel{Lo..Hi}={0..1}
worldvln:82901:82901 [0] NCCL INFO Broadcast: 262144 Bytes -> Algo RING proto SIMPLE channel{Lo..Hi}={0..1}
worldvln:82901:82901 [0] NCCL INFO Broadcast: 1048576 Bytes -> Algo RING proto SIMPLE channel{Lo..Hi}={0..1}
worldvln:82901:82901 [0] NCCL INFO Broadcast: 1048576 Bytes -> Algo RING proto SIMPLE channel{Lo..Hi}={0..1}
worldvln:82901:82901 [0] NCCL INFO Broadcast: 1048576 Bytes -> Algo RING proto SIMPLE channel{Lo..Hi}={0..1}
worldvln:82901:82901 [0] NCCL INFO AllReduce: 4 Bytes -> Algo RING proto LL channel{Lo..Hi}={0..0}
worldvln:82901:82901 [0] NCCL INFO Broadcast: 1048576 Bytes -> Algo RING proto SIMPLE channel{Lo..Hi}={0..1}
worldvln:82901:82901 [0] NCCL INFO Broadcast: 1048576 Bytes -> Algo RING proto SIMPLE channel{Lo..Hi}={0..1}
worldvln:82901:82901 [0] NCCL INFO Broadcast: 1048576 Bytes -> Algo RING proto SIMPLE channel{Lo..Hi}={0..1}
worldvln:82901:82901 [0] NCCL INFO Broadcast: 1048576 Bytes -> Algo RING proto SIMPLE channel{Lo..Hi}={0..1}
worldvln:82901:82901 [0] NCCL INFO Broadcast: 1048576 Bytes -> Algo RING proto SIMPLE channel{Lo..Hi}={0..1}
worldvln:82901:82901 [0] NCCL INFO Broadcast: 1048576 Bytes -> Algo RING proto SIMPLE channel{Lo..Hi}={0..1}
worldvln:82901:82901 [0] NCCL INFO Broadcast: 1048576 Bytes -> Algo RING proto SIMPLE channel{Lo..Hi}={0..1}
worldvln:82901:82901 [0] NCCL INFO Broadcast: 1048576 Bytes -> Algo RING proto SIMPLE channel{Lo..Hi}={0..1}
worldvln:82901:82901 [0] NCCL INFO Broadcast: 1048576 Bytes -> Algo RING proto SIMPLE channel{Lo..Hi}={0..1}
worldvln:82901:82901 [0] NCCL INFO Broadcast: 1048576 Bytes -> Algo RING proto SIMPLE channel{Lo..Hi}={0..1}
worldvln:82901:82901 [0] NCCL INFO Broadcast: 1048576 Bytes -> Algo RING proto SIMPLE channel{Lo..Hi}={0..1}
worldvln:82901:82901 [0] NCCL INFO Broadcast: 1048576 Bytes -> Algo RING proto SIMPLE channel{Lo..Hi}={0..1}
worldvln:82901:82901 [0] NCCL INFO Broadcast: 1048576 Bytes -> Algo RING proto SIMPLE channel{Lo..Hi}={0..1}
worldvln:82901:82901 [0] NCCL INFO Broadcast: 1048576 Bytes -> Algo RING proto SIMPLE channel{Lo..Hi}={0..1}
worldvln:82901:82901 [0] NCCL INFO Broadcast: 1048576 Bytes -> Algo RING proto SIMPLE channel{Lo..Hi}={0..1}
worldvln:82901:82901 [0] NCCL INFO Broadcast: 1048576 Bytes -> Algo RING proto SIMPLE channel{Lo..Hi}={0..1}
worldvln:82901:82901 [0] NCCL INFO Broadcast: 1048576 Bytes -> Algo RING proto SIMPLE channel{Lo..Hi}={0..1}
worldvln:82901:82901 [0] NCCL INFO Broadcast: 1048576 Bytes -> Algo RING proto SIMPLE channel{Lo..Hi}={0..1}
worldvln:82901:82901 [0] NCCL INFO Broadcast: 1048576 Bytes -> Algo RING proto SIMPLE channel{Lo..Hi}={0..1}
worldvln:82901:82901 [0] NCCL INFO Broadcast: 1048576 Bytes -> Algo RING proto SIMPLE channel{Lo..Hi}={0..1}
worldvln:82901:82901 [0] NCCL INFO Broadcast: 4194304 Bytes -> Algo RING proto SIMPLE channel{Lo..Hi}={0..1}
worldvln:82901:82901 [0] NCCL INFO Broadcast: 4194304 Bytes -> Algo RING proto SIMPLE channel{Lo..Hi}={0..1}
worldvln:82901:82901 [0] NCCL INFO Broadcast: 4194304 Bytes -> Algo RING proto SIMPLE channel{Lo..Hi}={0..1}
worldvln:82901:82901 [0] NCCL INFO AllReduce: 4 Bytes -> Algo RING proto LL channel{Lo..Hi}={0..0}
worldvln:82901:82901 [0] NCCL INFO Broadcast: 4194304 Bytes -> Algo RING proto SIMPLE channel{Lo..Hi}={0..1}
worldvln:82901:82901 [0] NCCL INFO Broadcast: 4194304 Bytes -> Algo RING proto SIMPLE channel{Lo..Hi}={0..1}
worldvln:82901:82901 [0] NCCL INFO Broadcast: 4194304 Bytes -> Algo RING proto SIMPLE channel{Lo..Hi}={0..1}
worldvln:82901:82901 [0] NCCL INFO Broadcast: 4194304 Bytes -> Algo RING proto SIMPLE channel{Lo..Hi}={0..1}
worldvln:82901:82901 [0] NCCL INFO Broadcast: 4194304 Bytes -> Algo RING proto SIMPLE channel{Lo..Hi}={0..1}
worldvln:82901:82901 [0] NCCL INFO Broadcast: 4194304 Bytes -> Algo RING proto SIMPLE channel{Lo..Hi}={0..1}
worldvln:82901:82901 [0] NCCL INFO Broadcast: 4194304 Bytes -> Algo RING proto SIMPLE channel{Lo..Hi}={0..1}
worldvln:82901:82901 [0] NCCL INFO Broadcast: 4194304 Bytes -> Algo RING proto SIMPLE channel{Lo..Hi}={0..1}
worldvln:82901:82901 [0] NCCL INFO Broadcast: 4194304 Bytes -> Algo RING proto SIMPLE channel{Lo..Hi}={0..1}
worldvln:82901:82901 [0] NCCL INFO Broadcast: 4194304 Bytes -> Algo RING proto SIMPLE channel{Lo..Hi}={0..1}
worldvln:82901:82901 [0] NCCL INFO Broadcast: 4194304 Bytes -> Algo RING proto SIMPLE channel{Lo..Hi}={0..1}
worldvln:82901:82901 [0] NCCL INFO Broadcast: 4194304 Bytes -> Algo RING proto SIMPLE channel{Lo..Hi}={0..1}
worldvln:82901:82901 [0] NCCL INFO Broadcast: 4194304 Bytes -> Algo RING proto SIMPLE channel{Lo..Hi}={0..1}
worldvln:82901:82901 [0] NCCL INFO Broadcast: 4194304 Bytes -> Algo RING proto SIMPLE channel{Lo..Hi}={0..1}
worldvln:82901:82901 [0] NCCL INFO Broadcast: 4194304 Bytes -> Algo RING proto SIMPLE channel{Lo..Hi}={0..1}
worldvln:82901:82901 [0] NCCL INFO Broadcast: 4194304 Bytes -> Algo RING proto SIMPLE channel{Lo..Hi}={0..1}
worldvln:82901:82901 [0] NCCL INFO Broadcast: 4194304 Bytes -> Algo RING proto SIMPLE channel{Lo..Hi}={0..1}
worldvln:82901:82901 [0] NCCL INFO Broadcast: 4194304 Bytes -> Algo RING proto SIMPLE channel{Lo..Hi}={0..1}
worldvln:82901:82901 [0] NCCL INFO Broadcast: 4194304 Bytes -> Algo RING proto SIMPLE channel{Lo..Hi}={0..1}
worldvln:82901:82901 [0] NCCL INFO Broadcast: 4194304 Bytes -> Algo RING proto SIMPLE channel{Lo..Hi}={0..1}
worldvln:82901:82901 [0] NCCL INFO Broadcast: 16777216 Bytes -> Algo RING proto SIMPLE channel{Lo..Hi}={0..1}
worldvln:82901:82901 [0] NCCL INFO Broadcast: 16777216 Bytes -> Algo RING proto SIMPLE channel{Lo..Hi}={0..1}
worldvln:82901:82901 [0] NCCL INFO Broadcast: 16777216 Bytes -> Algo RING proto SIMPLE channel{Lo..Hi}={0..1}
worldvln:82901:82901 [0] NCCL INFO AllReduce: 4 Bytes -> Algo RING proto LL channel{Lo..Hi}={0..0}
worldvln:82901:82901 [0] NCCL INFO Broadcast: 16777216 Bytes -> Algo RING proto SIMPLE channel{Lo..Hi}={0..1}
worldvln:82901:82901 [0] NCCL INFO Broadcast: 16777216 Bytes -> Algo RING proto SIMPLE channel{Lo..Hi}={0..1}
worldvln:82901:82901 [0] NCCL INFO Broadcast: 16777216 Bytes -> Algo RING proto SIMPLE channel{Lo..Hi}={0..1}
worldvln:82901:82901 [0] NCCL INFO Broadcast: 16777216 Bytes -> Algo RING proto SIMPLE channel{Lo..Hi}={0..1}
worldvln:82901:82901 [0] NCCL INFO Broadcast: 16777216 Bytes -> Algo RING proto SIMPLE channel{Lo..Hi}={0..1}
worldvln:82901:82901 [0] NCCL INFO Broadcast: 16777216 Bytes -> Algo RING proto SIMPLE channel{Lo..Hi}={0..1}
worldvln:82901:82901 [0] NCCL INFO Broadcast: 16777216 Bytes -> Algo RING proto SIMPLE channel{Lo..Hi}={0..1}
worldvln:82901:82901 [0] NCCL INFO Broadcast: 16777216 Bytes -> Algo RING proto SIMPLE channel{Lo..Hi}={0..1}
worldvln:82901:82901 [0] NCCL INFO Broadcast: 67108864 Bytes -> Algo RING proto SIMPLE channel{Lo..Hi}={0..1}
worldvln:82901:82901 [0] NCCL INFO Broadcast: 67108864 Bytes -> Algo RING proto SIMPLE channel{Lo..Hi}={0..1}
worldvln:82901:82901 [0] NCCL INFO Broadcast: 67108864 Bytes -> Algo RING proto SIMPLE channel{Lo..Hi}={0..1}
worldvln:82901:82901 [0] NCCL INFO AllReduce: 4 Bytes -> Algo RING proto LL channel{Lo..Hi}={0..0}
worldvln:82901:82901 [0] NCCL INFO Broadcast: 67108864 Bytes -> Algo RING proto SIMPLE channel{Lo..Hi}={0..1}
worldvln:82901:82901 [0] NCCL INFO Broadcast: 67108864 Bytes -> Algo RING proto SIMPLE channel{Lo..Hi}={0..1}
worldvln:82901:82901 [0] NCCL INFO Broadcast: 67108864 Bytes -> Algo RING proto SIMPLE channel{Lo..Hi}={0..1}
worldvln:82901:82901 [0] NCCL INFO Broadcast: 67108864 Bytes -> Algo RING proto SIMPLE channel{Lo..Hi}={0..1}
worldvln:82901:82901 [0] NCCL INFO Broadcast: 67108864 Bytes -> Algo RING proto SIMPLE channel{Lo..Hi}={0..1}
worldvln:82901:82901 [0] NCCL INFO Broadcast: 67108864 Bytes -> Algo RING proto SIMPLE channel{Lo..Hi}={0..1}
worldvln:82901:82901 [0] NCCL INFO Broadcast: 67108864 Bytes -> Algo RING proto SIMPLE channel{Lo..Hi}={0..1}
worldvln:82901:82901 [0] NCCL INFO Broadcast: 67108864 Bytes -> Algo RING proto SIMPLE channel{Lo..Hi}={0..1}
worldvln:82901:82901 [0] NCCL INFO Broadcast: 268435456 Bytes -> Algo RING proto SIMPLE channel{Lo..Hi}={0..1}
worldvln:82901:82901 [0] NCCL INFO Broadcast: 268435456 Bytes -> Algo RING proto SIMPLE channel{Lo..Hi}={0..1}
worldvln:82901:82901 [0] NCCL INFO Broadcast: 268435456 Bytes -> Algo RING proto SIMPLE channel{Lo..Hi}={0..1}
worldvln:82901:82901 [0] NCCL INFO AllReduce: 4 Bytes -> Algo RING proto LL channel{Lo..Hi}={0..0}
worldvln:82901:82901 [0] NCCL INFO Broadcast: 268435456 Bytes -> Algo RING proto SIMPLE channel{Lo..Hi}={0..1}
worldvln:82901:82901 [0] NCCL INFO Broadcast: 268435456 Bytes -> Algo RING proto SIMPLE channel{Lo..Hi}={0..1}
worldvln:82901:82901 [0] NCCL INFO Broadcast: 268435456 Bytes -> Algo RING proto SIMPLE channel{Lo..Hi}={0..1}
worldvln:82901:82901 [0] NCCL INFO Broadcast: 268435456 Bytes -> Algo RING proto SIMPLE channel{Lo..Hi}={0..1}
worldvln:82901:82901 [0] NCCL INFO Broadcast: 268435456 Bytes -> Algo RING proto SIMPLE channel{Lo..Hi}={0..1}
worldvln:82901:82901 [0] NCCL INFO Broadcast: 268435456 Bytes -> Algo RING proto SIMPLE channel{Lo..Hi}={0..1}
worldvln:82901:82901 [0] NCCL INFO Broadcast: 268435456 Bytes -> Algo RING proto SIMPLE channel{Lo..Hi}={0..1}
worldvln:82901:82901 [0] NCCL INFO Broadcast: 268435456 Bytes -> Algo RING proto SIMPLE channel{Lo..Hi}={0..1}
worldvln:82901:82901 [0] NCCL INFO AllReduce: 4 Bytes -> Algo RING proto LL channel{Lo..Hi}={0..0}
worldvln:82901:82901 [0] NCCL INFO Channel 00 : 0[0] -> 1[1] via SHM/direct/direct
worldvln:82901:82901 [0] NCCL INFO Channel 01 : 0[0] -> 1[1] via SHM/direct/direct
worldvln:82901:82901 [0] NCCL INFO AllReduce: 4 Bytes -> Algo RING proto LL channel{Lo..Hi}={0..0}
worldvln:82901:82901 [0] NCCL INFO AllReduce: 4 Bytes -> Algo RING proto LL channel{Lo..Hi}={0..0}
worldvln:82901:82901 [0] NCCL INFO AllReduce: 4 Bytes -> Algo RING proto LL channel{Lo..Hi}={0..0}
worldvln:82901:82901 [0] NCCL INFO AllReduce: 4 Bytes -> Algo RING proto LL channel{Lo..Hi}={0..0}
worldvln:82901:82901 [0] NCCL INFO AllReduce: 4 Bytes -> Algo RING proto LL channel{Lo..Hi}={0..0}
worldvln:82901:82901 [0] NCCL INFO AllReduce: 4 Bytes -> Algo RING proto LL channel{Lo..Hi}={0..0}
worldvln:82901:82901 [0] NCCL INFO AllReduce: 4 Bytes -> Algo RING proto LL channel{Lo..Hi}={0..0}
worldvln:82901:82901 [0] NCCL INFO AllReduce: 4 Bytes -> Algo RING proto LL channel{Lo..Hi}={0..0}
worldvln:82901:82901 [0] NCCL INFO AllReduce: 4 Bytes -> Algo RING proto LL channel{Lo..Hi}={0..0}
worldvln:82901:82901 [0] NCCL INFO AllReduce: 4 Bytes -> Algo RING proto LL channel{Lo..Hi}={0..0}
worldvln:82901:82901 [0] NCCL INFO AllGather: 8 Bytes -> Algo RING proto LL channel{Lo..Hi}={0..0}
worldvln:82901:82901 [0] NCCL INFO AllGather: 8190 Bytes -> Algo RING proto LL channel{Lo..Hi}={0..0}
worldvln:82901:82901 [0] NCCL INFO AllReduce: 4 Bytes -> Algo RING proto LL channel{Lo..Hi}={0..0}
worldvln:82901:82901 [0] NCCL INFO comm 0xf3211a0 rank 0 nranks 4 cudaDev 0 busId 16000 - Destroy COMPLETE
worldvln:82901:82901 [0] NCCL INFO ENV/Plugin: Closing env plugin ncclEnvDefault
