/root/learn/envs/serve/lib/python3.12/site-packages/torch/distributed/c10d_logger.py:83: UserWarning: barrier(): using the device under current context. You can specify `device_id` in `init_process_group` to mute this warning.
  return func(*args, **kwargs)
  all_reduce          4KiB t=    0.039 ms
  all_reduce         16KiB t=    0.039 ms
  all_reduce         64KiB t=    0.044 ms
  all_reduce        256KiB t=    0.085 ms
  all_reduce          1MiB t=    0.198 ms
  all_reduce          4MiB t=    0.690 ms
  all_reduce         16MiB t=    2.641 ms
  all_reduce         64MiB t=   10.417 ms
  all_reduce        256MiB t=   41.093 ms
/root/learn/envs/serve/lib/python3.12/site-packages/torch/distributed/c10d_logger.py:83: FutureWarning: `torch.distributed.all_gather_into_tensor` is deprecated. Please use `torch.distributed.all_gather_single` instead.
  return func(*args, **kwargs)
/root/learn/envs/serve/lib/python3.12/site-packages/torch/distributed/c10d_logger.py:83: FutureWarning: `torch.distributed.all_gather_into_tensor` is deprecated. Please use `torch.distributed.all_gather_single` instead.
  return func(*args, **kwargs)
/root/learn/envs/serve/lib/python3.12/site-packages/torch/distributed/c10d_logger.py:83: FutureWarning: `torch.distributed.all_gather_into_tensor` is deprecated. Please use `torch.distributed.all_gather_single` instead.
  return func(*args, **kwargs)
/root/learn/envs/serve/lib/python3.12/site-packages/torch/distributed/c10d_logger.py:83: FutureWarning: `torch.distributed.all_gather_into_tensor` is deprecated. Please use `torch.distributed.all_gather_single` instead.
  return func(*args, **kwargs)
  all_gather          4KiB t=    0.038 ms
  all_gather         16KiB t=    0.037 ms
  all_gather         64KiB t=    0.050 ms
  all_gather        256KiB t=    0.104 ms
  all_gather          1MiB t=    0.360 ms
  all_gather          4MiB t=    1.363 ms
  all_gather         16MiB t=    5.413 ms
  all_gather         64MiB t=   21.428 ms
  all_gather        256MiB t=   85.070 ms
/root/learn/envs/serve/lib/python3.12/site-packages/torch/distributed/c10d_logger.py:83: FutureWarning: `torch.distributed.reduce_scatter_tensor` is deprecated. Please use `torch.distributed.reduce_scatter_single` instead.
  return func(*args, **kwargs)
/root/learn/envs/serve/lib/python3.12/site-packages/torch/distributed/c10d_logger.py:83: FutureWarning: `torch.distributed.reduce_scatter_tensor` is deprecated. Please use `torch.distributed.reduce_scatter_single` instead.
  return func(*args, **kwargs)
/root/learn/envs/serve/lib/python3.12/site-packages/torch/distributed/c10d_logger.py:83: FutureWarning: `torch.distributed.reduce_scatter_tensor` is deprecated. Please use `torch.distributed.reduce_scatter_single` instead.
  return func(*args, **kwargs)
/root/learn/envs/serve/lib/python3.12/site-packages/torch/distributed/c10d_logger.py:83: FutureWarning: `torch.distributed.reduce_scatter_tensor` is deprecated. Please use `torch.distributed.reduce_scatter_single` instead.
  return func(*args, **kwargs)
  reduce_scatter      4KiB t=    0.038 ms
  reduce_scatter     16KiB t=    0.036 ms
  reduce_scatter     64KiB t=    0.047 ms
  reduce_scatter    256KiB t=    0.105 ms
  reduce_scatter      1MiB t=    0.370 ms
  reduce_scatter      4MiB t=    1.402 ms
  reduce_scatter     16MiB t=    5.572 ms
  reduce_scatter     64MiB t=   22.247 ms
  reduce_scatter    256MiB t=   89.050 ms
  broadcast           4KiB t=    0.036 ms
  broadcast          16KiB t=    0.035 ms
  broadcast          64KiB t=    0.035 ms
  broadcast         256KiB t=    0.040 ms
  broadcast           1MiB t=    0.053 ms
  broadcast           4MiB t=    0.372 ms
  broadcast          16MiB t=    1.452 ms
  broadcast          64MiB t=    5.777 ms
  broadcast         256MiB t=   23.049 ms
  sendrecv            4KiB t=    0.061 ms
  sendrecv           16KiB t=    0.057 ms
  sendrecv           64KiB t=    0.055 ms
  sendrecv          256KiB t=    0.055 ms
  sendrecv            1MiB t=    0.160 ms
  sendrecv            4MiB t=    0.624 ms
  sendrecv           16MiB t=    2.197 ms
  sendrecv           64MiB t=    8.620 ms
  sendrecv          256MiB t=   34.300 ms
