Using device: cuda
================================================================================

1. RecurrentGemma 架构分析
--------------------------------------------------------------------------------
{
  "model_type": "recurrent_gemma",
  "hidden_size": 2560,
  "num_hidden_layers": 26,
  "num_attention_heads": 10,
  "num_key_value_heads": 1,
  "vocab_size": 256000,
  "lru_width": 2560,
  "attention_window_size": 2048,
  "block_pattern": [
    "recurrent",
    "recurrent",
    "attention"
  ],
  "num_attention_layers": 8,
  "num_recurrent_layers": 18,
  "layer_sequence": [
    "recurrent",
    "recurrent",
    "attention",
    "recurrent",
    "recurrent",
    "attention",
    "recurrent",
    "recurrent",
    "attention",
    "recurrent",
    "recurrent",
    "attention",
    "recurrent",
    "recurrent",
    "attention",
    "recurrent",
    "recurrent",
    "attention",
    "recurrent",
    "recurrent",
    "attention",
    "recurrent",
    "recurrent",
    "attention",
    "recurrent",
    "recurrent"
  ]
}

2. 序列长度扫描：FLOPs 和内存对比
--------------------------------------------------------------------------------
Seq Len    Hybrid FLOPs    Trans FLOPs     Speedup    Mem Ratio 
128        31.54           4.36            0.14      x 3.20      x
256        65.77           17.45           0.27      x 3.22      x
512        142.27          69.79           0.49      x 3.24      x
1024       327.49          279.17          0.85      x 3.24      x
2048       826.78          1116.69         1.35      x 3.25      x
4096       2340.76         4466.77         1.91      x 3.25      x
8192       7430.29         17867.06        2.40      x 3.25      x
16384      25855.70        71468.26        2.76      x 3.25      x

3. KV Cache 增长对比
--------------------------------------------------------------------------------
Seq Len    Trans KV (MB)   Hybrid KV (MB)  Hybrid Total (MB)  Saving    
1          0.06            0.02            0.10               0.62      x
1025       65.06           20.02           20.10              3.24      x
2049       130.06          40.02           40.10              3.24      x
3073       195.06          60.02           60.10              3.25      x

结果已保存到: /scratch/learn/results/hybrid_arch/412_hybrid_complexity.json
================================================================================
