[sweep] rank=0/2 master=192.168.105.100:29921 host=sg-admin-260624-2348f-default0-0
/scratch/learn/envs/serve/lib/python3.12/site-packages/torch/distributed/c10d_logger.py:83: UserWarning: barrier(): using the device under current context. You can specify `device_id` in `init_process_group` to mute this warning.
  return func(*args, **kwargs)
  all_reduce          4KiB t=    0.161 ms
  all_reduce         16KiB t=    0.251 ms
  all_reduce         64KiB t=    0.641 ms
  all_reduce        256KiB t=    2.305 ms
  all_reduce          1MiB t=    9.028 ms
  all_reduce          4MiB t=   35.864 ms
  all_reduce         16MiB t=  143.092 ms
  all_reduce         64MiB t=  571.691 ms
  all_reduce        256MiB t= 2286.370 ms
/scratch/learn/envs/serve/lib/python3.12/site-packages/torch/distributed/c10d_logger.py:83: FutureWarning: `torch.distributed.all_gather_into_tensor` is deprecated. Please use `torch.distributed.all_gather_single` instead.
  return func(*args, **kwargs)
  all_gather          4KiB t=    0.090 ms
  all_gather         16KiB t=    0.203 ms
  all_gather         64KiB t=    0.629 ms
  all_gather        256KiB t=    2.305 ms
  all_gather          1MiB t=    9.025 ms
  all_gather          4MiB t=   35.908 ms
  all_gather         16MiB t=  143.102 ms
  all_gather         64MiB t=  573.058 ms
  all_gather        256MiB t= 2288.915 ms
/scratch/learn/envs/serve/lib/python3.12/site-packages/torch/distributed/c10d_logger.py:83: FutureWarning: `torch.distributed.reduce_scatter_tensor` is deprecated. Please use `torch.distributed.reduce_scatter_single` instead.
  return func(*args, **kwargs)
  reduce_scatter      4KiB t=    0.093 ms
  reduce_scatter     16KiB t=    0.250 ms
  reduce_scatter     64KiB t=    1.001 ms
  reduce_scatter    256KiB t=    3.005 ms
  reduce_scatter      1MiB t=    9.949 ms
  reduce_scatter      4MiB t=   37.629 ms
  reduce_scatter     16MiB t=  144.153 ms
  reduce_scatter     64MiB t=  573.994 ms
  reduce_scatter    256MiB t= 2289.892 ms
  broadcast           4KiB t=    0.017 ms
  broadcast          16KiB t=    0.018 ms
  broadcast          64KiB t=    0.020 ms
  broadcast         256KiB t=    0.022 ms
  broadcast           1MiB t=    0.105 ms
  broadcast           4MiB t=   35.967 ms
  broadcast          16MiB t=  142.850 ms
  broadcast          64MiB t=  570.371 ms
  broadcast         256MiB t= 2281.193 ms
  sendrecv            4KiB t=    0.089 ms
  sendrecv           16KiB t=    0.208 ms
  sendrecv           64KiB t=    0.680 ms
  sendrecv          256KiB t=    2.624 ms
  sendrecv            1MiB t=    9.052 ms
  sendrecv            4MiB t=   37.618 ms
  sendrecv           16MiB t=  144.077 ms
  sendrecv           64MiB t=  571.663 ms
  sendrecv          256MiB t= 2286.112 ms
[write] /scratch/learn/work/out/6.1/20260921-crosshost-net1/sweep.rank0.json
[write] /scratch/learn/work/out/6.1/20260921-crosshost-net1/manifest.rank0.json
/scratch/learn/envs/serve/lib/python3.12/site-packages/torch/distributed/c10d_logger.py:83: UserWarning: barrier(): using the device under current context. You can specify `device_id` in `init_process_group` to mute this warning.
  return func(*args, **kwargs)
