[hol] listening on 8123, mode=inloop, probe=tokenize, b_reps=4
[hol] handle: tokenizing 276 chars
[hol] handle: tokenized 65 tokens in 1.0 ms
[hol] A warmed: 6 tokens, a.done=False engine_error=False
{
  "mode": "inloop",
  "probe": "tokenize",
  "b_reps": 4,
  "b_prompt_chars": 276,
  "engine_error": null,
  "tokenize_calls": [
    {
      "mode": "inloop",
      "ms": 0.964,
      "tokens": 65,
      "chars": 276
    },
    {
      "mode": "inloop",
      "ms": 0.181,
      "tokens": 65,
      "chars": 276
    }
  ],
  "request_a": {
    "tokens": 64,
    "gap_before_B_ms": {
      "n": 5,
      "max": 20.661,
      "median": 0.002
    },
    "gap_after_B_ms": {
      "n": 58,
      "max": 21.096,
      "median": 0.055
    },
    "all_gaps_ms": [
      0.002,
      20.661,
      0.001,
      20.597,
      0.001,
      20.848,
      0.001,
      20.85,
      0.001,
      20.654,
      0.001,
      20.996,
      0.001,
      20.728,
      0.001,
      21.096,
      0.001,
      20.606,
      0.001,
      20.4,
      0.001,
      20.469,
      0.001,
      20.634,
      0.001,
      20.517,
      0.001,
      20.514,
      0.001,
      20.999,
      0.001,
      20.539,
      0.001,
      20.466,
      0.001,
      20.513,
      0.001,
      20.49,
      0.001,
      20.441,
      0.001,
      20.362,
      0.001,
      20.496,
      0.001,
      20.417,
      0.001,
      20.471,
      0.001,
      20.555,
      0.001,
      20.448,
      0.001,
      20.407,
      0.001,
      20.528,
      0.001,
      20.402,
      0.001,
      20.362,
      0.001,
      0.108,
      0.001
    ],
    "gap_stamps_ms": [
      -51.618,
      -30.956,
      -30.955,
      -10.358,
      -10.357,
      10.491,
      10.492,
      31.341,
      31.342,
      51.996,
      51.997,
      72.993,
      72.994,
      93.722,
      93.723,
      114.82,
      114.821,
      135.427,
      135.428,
      155.828,
      155.829,
      176.298,
      176.299,
      196.934,
      196.935,
      217.452,
      217.453,
      237.967,
      237.968,
      258.968,
      258.969,
      279.507,
      279.508,
      299.975,
      299.976,
      320.489,
      320.49,
      340.98,
      340.981,
      361.422,
      361.423,
      381.785,
      381.785,
      402.281,
      402.282,
      422.699,
      422.699,
      443.17,
      443.171,
      463.726,
      463.727,
      484.175,
      484.176,
      504.582,
      504.583,
      525.111,
      525.112,
      545.513,
      545.514,
      565.876,
      565.877,
      565.985,
      565.986
    ]
  },
  "probe_result": {
    "client_ms": 52.014,
    "server_ms": 0.19,
    "tokens": 65,
    "tokenize_ms": 0.964,
    "accept_latency_ms": null
  }
}
