/root/learn/envs/serve/lib/python3.12/site-packages/torch/distributed/c10d_logger.py:83: UserWarning: barrier(): using the device under current context. You can specify `device_id` in `init_process_group` to mute this warning.
  return func(*args, **kwargs)
  all_reduce          4KiB t=    0.034 ms
  all_reduce         16KiB t=    0.034 ms
  all_reduce         64KiB t=    0.036 ms
  all_reduce        256KiB t=    0.055 ms
  all_reduce          1MiB t=    0.152 ms
  all_reduce          4MiB t=    0.333 ms
  all_reduce         16MiB t=    1.190 ms
  all_reduce         64MiB t=    4.588 ms
  all_reduce        256MiB t=   17.710 ms
  broadcast           4KiB ERROR NCCL error in: /__w/pytorch/pytorch/torch/csrc/distributed/c10d/ProcessGroupNCCL.cpp:3866, invalid usage (run with NCCL_DEBUG=WARN for details), NCCL version 2.29.7
ncclInvalidUsage: This usually reflects invalid usage of NCCL library.
Last error:
Error : no algorithm/protocol available for function Broadcast with datatype ncclInt8. NCCL_ALGO was set to Tree. NCCL_PROTO was set to Simple.
  broadcast          16KiB ERROR NCCL error in: /__w/pytorch/pytorch/torch/csrc/distributed/c10d/ProcessGroupNCCL.cpp:3866, invalid usage (run with NCCL_DEBUG=WARN for details), NCCL version 2.29.7
ncclInvalidUsage: This usually reflects invalid usage of NCCL library.
Last error:
Error : no algorithm/protocol available for function Broadcast with datatype ncclInt8. NCCL_ALGO was set to Tree. NCCL_PROTO was set to Simple.
  broadcast          64KiB ERROR NCCL error in: /__w/pytorch/pytorch/torch/csrc/distributed/c10d/ProcessGroupNCCL.cpp:3866, invalid usage (run with NCCL_DEBUG=WARN for details), NCCL version 2.29.7
ncclInvalidUsage: This usually reflects invalid usage of NCCL library.
Last error:
Error : no algorithm/protocol available for function Broadcast with datatype ncclInt8. NCCL_ALGO was set to Tree. NCCL_PROTO was set to Simple.
  broadcast         256KiB ERROR NCCL error in: /__w/pytorch/pytorch/torch/csrc/distributed/c10d/ProcessGroupNCCL.cpp:3866, invalid usage (run with NCCL_DEBUG=WARN for details), NCCL version 2.29.7
ncclInvalidUsage: This usually reflects invalid usage of NCCL library.
Last error:
Error : no algorithm/protocol available for function Broadcast with datatype ncclInt8. NCCL_ALGO was set to Tree. NCCL_PROTO was set to Simple.
  broadcast           1MiB ERROR NCCL error in: /__w/pytorch/pytorch/torch/csrc/distributed/c10d/ProcessGroupNCCL.cpp:3866, invalid usage (run with NCCL_DEBUG=WARN for details), NCCL version 2.29.7
ncclInvalidUsage: This usually reflects invalid usage of NCCL library.
Last error:
Error : no algorithm/protocol available for function Broadcast with datatype ncclInt8. NCCL_ALGO was set to Tree. NCCL_PROTO was set to Simple.
  broadcast           4MiB ERROR NCCL error in: /__w/pytorch/pytorch/torch/csrc/distributed/c10d/ProcessGroupNCCL.cpp:3866, invalid usage (run with NCCL_DEBUG=WARN for details), NCCL version 2.29.7
ncclInvalidUsage: This usually reflects invalid usage of NCCL library.
Last error:
Error : no algorithm/protocol available for function Broadcast with datatype ncclInt8. NCCL_ALGO was set to Tree. NCCL_PROTO was set to Simple.
  broadcast          16MiB ERROR NCCL error in: /__w/pytorch/pytorch/torch/csrc/distributed/c10d/ProcessGroupNCCL.cpp:3866, invalid usage (run with NCCL_DEBUG=WARN for details), NCCL version 2.29.7
ncclInvalidUsage: This usually reflects invalid usage of NCCL library.
Last error:
Error : no algorithm/protocol available for function Broadcast with datatype ncclInt8. NCCL_ALGO was set to Tree. NCCL_PROTO was set to Simple.
  broadcast          64MiB ERROR NCCL error in: /__w/pytorch/pytorch/torch/csrc/distributed/c10d/ProcessGroupNCCL.cpp:3866, invalid usage (run with NCCL_DEBUG=WARN for details), NCCL version 2.29.7
ncclInvalidUsage: This usually reflects invalid usage of NCCL library.
Last error:
Error : no algorithm/protocol available for function Broadcast with datatype ncclInt8. NCCL_ALGO was set to Tree. NCCL_PROTO was set to Simple.
  broadcast         256MiB ERROR NCCL error in: /__w/pytorch/pytorch/torch/csrc/distributed/c10d/ProcessGroupNCCL.cpp:3866, invalid usage (run with NCCL_DEBUG=WARN for details), NCCL version 2.29.7
ncclInvalidUsage: This usually reflects invalid usage of NCCL library.
Last error:
Error : no algorithm/protocol available for function Broadcast with datatype ncclInt8. NCCL_ALGO was set to Tree. NCCL_PROTO was set to Simple.
