{
 "run": "/scratch/learn/work/out/9.1-spans-20260921/collect",
 "sessions": 300,
 "serial_example": {
  "session_id": "compute-050-c16-38f947fa",
  "task_id": "compute-050",
  "task_class": "compute",
  "t_arrive_ms": 15797.494,
  "admission_delay_ms": 1248.438,
  "edges": [
   [
    "compute-050#t1",
    "compute-050#t2"
   ],
   [
    "compute-050#t2",
    "compute-050#t3"
   ]
  ],
  "tool_edges": [
   [
    "compute-050#t1",
    "compute-050#t1/tool0"
   ],
   [
    "compute-050#t2",
    "compute-050#t2/tool0"
   ]
  ],
  "serial_chain": true,
  "fork_join_nodes": [],
  "critical_path_ms": 9883.718,
  "sum_node_ms": 9883.718,
  "sum_tool_ms": 0.293,
  "task_wall_ms": 9884.59,
  "note": "关键路径在 fork 处取最长分支；sum_node_ms 把所有并行节点直接相加，只有串行链两者才相等"
 },
 "fork_join_example": {
  "session_id": "compute-046-c16-f5fb7367",
  "task_id": "compute-046",
  "task_class": "compute",
  "t_arrive_ms": 14426.803,
  "admission_delay_ms": 1094.039,
  "edges": [
   [
    "compute-046#t1",
    "compute-046#t2"
   ]
  ],
  "tool_edges": [
   [
    "compute-046#t1",
    "compute-046#t1/tool0"
   ],
   [
    "compute-046#t1",
    "compute-046#t1/tool1"
   ]
  ],
  "serial_chain": false,
  "fork_join_nodes": [
   {
    "node_id": "compute-046#t1",
    "tools": [
     "calculate",
     "calculate"
    ],
    "tool_durations_ms": [
     0.243,
     0.415
    ],
    "fork_wall_ms": 0.476,
    "sum_tool_ms": 0.658,
    "join_saving_ms": 0.182
   }
  ],
  "critical_path_ms": 4330.861,
  "sum_node_ms": 4330.861,
  "sum_tool_ms": 0.658,
  "task_wall_ms": 4332.382,
  "note": "关键路径在 fork 处取最长分支；sum_node_ms 把所有并行节点直接相加，只有串行链两者才相等"
 },
 "first_output_definition": [
  "model_first_reasoning",
  "model_first_final",
  "model_first_tool"
 ],
 "ttft_definition": "首个任意 delta（三者中最早出现的那个）；不是 prefill",
 "stream_tail_definition": "client_e2e_ms - ttft_ms，客户端观测的流式尾段；不是 GPU decode"
}
