=== 单进程自定义 JSON 提交协议故障模拟（不调用 DCP） ===
Step 1000 保存: success=True (Checkpoint successfully committed and published)
  -> 当前最新合法 Checkpoint: Step 1000

[注入测试] 场景: FAULT_PRE_STAGING (序列化前崩溃) @ Step 2000
  保存执行结果: success=False | 拦截消息: SimulatedCrash: Process terminated before staging shards
  恢复定位结果: Step 1000, 回退降级: False

[注入测试] 场景: FAULT_PARTIAL_SHARD (分片写途中崩溃(截断损坏)) @ Step 2000
  保存执行结果: success=False | 拦截消息: SimulatedCrash: I/O error or kernel panic while writing rank 1 shard
  恢复定位结果: Step 1000, 回退降级: False

[注入测试] 场景: FAULT_PRE_MANIFEST (分片完成但元数据提交前崩溃) @ Step 2000
  保存执行结果: success=False | 拦截消息: SimulatedCrash: Node coordinator killed before finalizing .metadata manifest
  恢复定位结果: Step 1000, 回退降级: False

[注入测试] 场景: FAULT_PRE_LATEST (元数据提交完成但指针未更新) @ Step 2000
  保存执行结果: success=False | 拦截消息: SimulatedCrash: Process died before updating latest_checkpoint.json
  恢复定位结果: Step 1000, 回退降级: False

[恢复测试] 正常保存 Step 3000
  -> 当前最新合法 Checkpoint: Step 3000, 回退状态: False
{
  "test_suite": "Custom_JSON_Atomic_Commit_Failure_Injection",
  "logical_shards": 4,
  "real_worker_processes": 0,
  "dcp_called": false,
  "baseline_step": 1000,
  "scenarios": {
    "FAULT_PRE_STAGING": {
      "description": "序列化前崩溃",
      "target_step": 2000,
      "save_success": false,
      "error_msg": "SimulatedCrash: Process terminated before staging shards",
      "resolved_step": 1000,
      "is_corrupt_chosen": false
    },
    "FAULT_PARTIAL_SHARD": {
      "description": "分片写途中崩溃(截断损坏)",
      "target_step": 2000,
      "save_success": false,
      "error_msg": "SimulatedCrash: I/O error or kernel panic while writing rank 1 shard",
      "resolved_step": 1000,
      "is_corrupt_chosen": false
    },
    "FAULT_PRE_MANIFEST": {
      "description": "分片完成但元数据提交前崩溃",
      "target_step": 2000,
      "save_success": false,
      "error_msg": "SimulatedCrash: Node coordinator killed before finalizing .metadata manifest",
      "resolved_step": 1000,
      "is_corrupt_chosen": false
    },
    "FAULT_PRE_LATEST": {
      "description": "元数据提交完成但指针未更新",
      "target_step": 2000,
      "save_success": false,
      "error_msg": "SimulatedCrash: Process died before updating latest_checkpoint.json",
      "resolved_step": 1000,
      "is_corrupt_chosen": false
    }
  },
  "post_recovery_step": 3000
}
