[rank1]:[W913 18:57:37.786518111 TCPStore.cpp:125] [c10d] recvValue failed on SocketImpl(fd=3, addr=[localhost]:37712, remote=[localhost]:29603): Failed to recv, got 0 bytes. Connection was likely closed. Did the remote server shutdown or crash?
Exception raised from recvBytes at /__w/pytorch/pytorch/torch/csrc/distributed/c10d/Utils.hpp:787 (most recent call first):
frame #0: c10::Error::Error(c10::SourceLocation, std::__cxx11::basic_string<char, std::char_traits<char>, std::allocator<char> >) + 0x9d (0x7f479ad63bfd in /root/learn/envs/serve/lib/python3.12/site-packages/torch/lib/libc10.so)
frame #1: c10::DistError::DistError(c10::SourceLocation, std::__cxx11::basic_string<char, std::char_traits<char>, std::allocator<char> >) + 0x72 (0x7f479ad64bd2 in /root/learn/envs/serve/lib/python3.12/site-packages/torch/lib/libc10.so)
frame #2: c10::DistNetworkError::DistNetworkError(c10::SourceLocation, std::__cxx11::basic_string<char, std::char_traits<char>, std::allocator<char> >) + 0x72 (0x7f479ad65092 in /root/learn/envs/serve/lib/python3.12/site-packages/torch/lib/libc10.so)
frame #3: <unknown function> + 0x66acf0d (0x7f4703eacf0d in /root/learn/envs/serve/lib/python3.12/site-packages/torch/lib/libtorch_cpu.so)
frame #4: c10d::TCPStore::check(std::vector<std::__cxx11::basic_string<char, std::char_traits<char>, std::allocator<char> >, std::allocator<std::__cxx11::basic_string<char, std::char_traits<char>, std::allocator<char> > > > const&) + 0x383 (0x7f4703ea63e3 in /root/learn/envs/serve/lib/python3.12/site-packages/torch/lib/libtorch_cpu.so)
frame #5: c10d::ProcessGroupNCCL::HeartbeatMonitor::runLoop() + 0x43d (0x7f46e5d5419d in /root/learn/envs/serve/lib/python3.12/site-packages/torch/lib/libtorch_cuda.so)
frame #6: <unknown function> + 0xecdb4 (0x7f476b2ecdb4 in /lib/x86_64-linux-gnu/libstdc++.so.6)
frame #7: <unknown function> + 0x9cb84 (0x7f479be9cb84 in /lib/x86_64-linux-gnu/libc.so.6)
frame #8: <unknown function> + 0x129ecc (0x7f479bf29ecc in /lib/x86_64-linux-gnu/libc.so.6)

[rank1]:[W913 18:57:37.791080070 ProcessGroupNCCL.cpp:1876] [PG ID 0 PG GUID 0(default_pg) Rank 1] Failed to check the "should dump" flag on TCPStore, (maybe TCPStore server has shut down too early), with error: Failed to recv, got 0 bytes. Connection was likely closed. Did the remote server shutdown or crash?
[rank1]:[W913 18:57:38.791233600 TCPStore.cpp:106] [c10d] sendBytes failed on SocketImpl(fd=3, addr=[localhost]:37712, remote=[localhost]:29603): Broken pipe
Exception raised from sendBytes at /__w/pytorch/pytorch/torch/csrc/distributed/c10d/Utils.hpp:758 (most recent call first):
frame #0: c10::Error::Error(c10::SourceLocation, std::__cxx11::basic_string<char, std::char_traits<char>, std::allocator<char> >) + 0x9d (0x7f479ad63bfd in /root/learn/envs/serve/lib/python3.12/site-packages/torch/lib/libc10.so)
frame #1: c10::DistError::DistError(c10::SourceLocation, std::__cxx11::basic_string<char, std::char_traits<char>, std::allocator<char> >) + 0x72 (0x7f479ad64bd2 in /root/learn/envs/serve/lib/python3.12/site-packages/torch/lib/libc10.so)
frame #2: c10::DistNetworkError::DistNetworkError(c10::SourceLocation, std::__cxx11::basic_string<char, std::char_traits<char>, std::allocator<char> >) + 0x72 (0x7f479ad65092 in /root/learn/envs/serve/lib/python3.12/site-packages/torch/lib/libc10.so)
frame #3: <unknown function> + 0x66ac332 (0x7f4703eac332 in /root/learn/envs/serve/lib/python3.12/site-packages/torch/lib/libtorch_cpu.so)
frame #4: <unknown function> + 0x66ad3e1 (0x7f4703ead3e1 in /root/learn/envs/serve/lib/python3.12/site-packages/torch/lib/libtorch_cpu.so)
frame #5: <unknown function> + 0x66ad58d (0x7f4703ead58d in /root/learn/envs/serve/lib/python3.12/site-packages/torch/lib/libtorch_cpu.so)
frame #6: c10d::TCPStore::check(std::vector<std::__cxx11::basic_string<char, std::char_traits<char>, std::allocator<char> >, std::allocator<std::__cxx11::basic_string<char, std::char_traits<char>, std::allocator<char> > > > const&) + 0x35d (0x7f4703ea63bd in /root/learn/envs/serve/lib/python3.12/site-packages/torch/lib/libtorch_cpu.so)
frame #7: c10d::ProcessGroupNCCL::HeartbeatMonitor::runLoop() + 0x43d (0x7f46e5d5419d in /root/learn/envs/serve/lib/python3.12/site-packages/torch/lib/libtorch_cuda.so)
frame #8: <unknown function> + 0xecdb4 (0x7f476b2ecdb4 in /lib/x86_64-linux-gnu/libstdc++.so.6)
frame #9: <unknown function> + 0x9cb84 (0x7f479be9cb84 in /lib/x86_64-linux-gnu/libc.so.6)
frame #10: <unknown function> + 0x129ecc (0x7f479bf29ecc in /lib/x86_64-linux-gnu/libc.so.6)

[rank1]:[W913 18:57:38.797914432 ProcessGroupNCCL.cpp:1876] [PG ID 0 PG GUID 0(default_pg) Rank 1] Failed to check the "should dump" flag on TCPStore, (maybe TCPStore server has shut down too early), with error: Broken pipe
[rank1]:[W913 18:57:39.798069933 TCPStore.cpp:106] [c10d] sendBytes failed on SocketImpl(fd=3, addr=[localhost]:37712, remote=[localhost]:29603): Broken pipe
Exception raised from sendBytes at /__w/pytorch/pytorch/torch/csrc/distributed/c10d/Utils.hpp:758 (most recent call first):
frame #0: c10::Error::Error(c10::SourceLocation, std::__cxx11::basic_string<char, std::char_traits<char>, std::allocator<char> >) + 0x9d (0x7f479ad63bfd in /root/learn/envs/serve/lib/python3.12/site-packages/torch/lib/libc10.so)
frame #1: c10::DistError::DistError(c10::SourceLocation, std::__cxx11::basic_string<char, std::char_traits<char>, std::allocator<char> >) + 0x72 (0x7f479ad64bd2 in /root/learn/envs/serve/lib/python3.12/site-packages/torch/lib/libc10.so)
frame #2: c10::DistNetworkError::DistNetworkError(c10::SourceLocation, std::__cxx11::basic_string<char, std::char_traits<char>, std::allocator<char> >) + 0x72 (0x7f479ad65092 in /root/learn/envs/serve/lib/python3.12/site-packages/torch/lib/libc10.so)
frame #3: <unknown function> + 0x66ac332 (0x7f4703eac332 in /root/learn/envs/serve/lib/python3.12/site-packages/torch/lib/libtorch_cpu.so)
frame #4: <unknown function> + 0x66ad3e1 (0x7f4703ead3e1 in /root/learn/envs/serve/lib/python3.12/site-packages/torch/lib/libtorch_cpu.so)
frame #5: <unknown function> + 0x66ad58d (0x7f4703ead58d in /root/learn/envs/serve/lib/python3.12/site-packages/torch/lib/libtorch_cpu.so)
frame #6: c10d::TCPStore::check(std::vector<std::__cxx11::basic_string<char, std::char_traits<char>, std::allocator<char> >, std::allocator<std::__cxx11::basic_string<char, std::char_traits<char>, std::allocator<char> > > > const&) + 0x35d (0x7f4703ea63bd in /root/learn/envs/serve/lib/python3.12/site-packages/torch/lib/libtorch_cpu.so)
frame #7: c10d::ProcessGroupNCCL::HeartbeatMonitor::runLoop() + 0x43d (0x7f46e5d5419d in /root/learn/envs/serve/lib/python3.12/site-packages/torch/lib/libtorch_cuda.so)
frame #8: <unknown function> + 0xecdb4 (0x7f476b2ecdb4 in /lib/x86_64-linux-gnu/libstdc++.so.6)
frame #9: <unknown function> + 0x9cb84 (0x7f479be9cb84 in /lib/x86_64-linux-gnu/libc.so.6)
frame #10: <unknown function> + 0x129ecc (0x7f479bf29ecc in /lib/x86_64-linux-gnu/libc.so.6)

[rank1]:[W913 18:57:39.803494430 ProcessGroupNCCL.cpp:1876] [PG ID 0 PG GUID 0(default_pg) Rank 1] Failed to check the "should dump" flag on TCPStore, (maybe TCPStore server has shut down too early), with error: Broken pipe
[rank1]:[W913 18:57:40.803628234 TCPStore.cpp:106] [c10d] sendBytes failed on SocketImpl(fd=3, addr=[localhost]:37712, remote=[localhost]:29603): Broken pipe
Exception raised from sendBytes at /__w/pytorch/pytorch/torch/csrc/distributed/c10d/Utils.hpp:758 (most recent call first):
frame #0: c10::Error::Error(c10::SourceLocation, std::__cxx11::basic_string<char, std::char_traits<char>, std::allocator<char> >) + 0x9d (0x7f479ad63bfd in /root/learn/envs/serve/lib/python3.12/site-packages/torch/lib/libc10.so)
frame #1: c10::DistError::DistError(c10::SourceLocation, std::__cxx11::basic_string<char, std::char_traits<char>, std::allocator<char> >) + 0x72 (0x7f479ad64bd2 in /root/learn/envs/serve/lib/python3.12/site-packages/torch/lib/libc10.so)
frame #2: c10::DistNetworkError::DistNetworkError(c10::SourceLocation, std::__cxx11::basic_string<char, std::char_traits<char>, std::allocator<char> >) + 0x72 (0x7f479ad65092 in /root/learn/envs/serve/lib/python3.12/site-packages/torch/lib/libc10.so)
frame #3: <unknown function> + 0x66ac332 (0x7f4703eac332 in /root/learn/envs/serve/lib/python3.12/site-packages/torch/lib/libtorch_cpu.so)
frame #4: <unknown function> + 0x66ad3e1 (0x7f4703ead3e1 in /root/learn/envs/serve/lib/python3.12/site-packages/torch/lib/libtorch_cpu.so)
frame #5: <unknown function> + 0x66ad58d (0x7f4703ead58d in /root/learn/envs/serve/lib/python3.12/site-packages/torch/lib/libtorch_cpu.so)
frame #6: c10d::TCPStore::check(std::vector<std::__cxx11::basic_string<char, std::char_traits<char>, std::allocator<char> >, std::allocator<std::__cxx11::basic_string<char, std::char_traits<char>, std::allocator<char> > > > const&) + 0x35d (0x7f4703ea63bd in /root/learn/envs/serve/lib/python3.12/site-packages/torch/lib/libtorch_cpu.so)
frame #7: c10d::ProcessGroupNCCL::HeartbeatMonitor::runLoop() + 0x43d (0x7f46e5d5419d in /root/learn/envs/serve/lib/python3.12/site-packages/torch/lib/libtorch_cuda.so)
frame #8: <unknown function> + 0xecdb4 (0x7f476b2ecdb4 in /lib/x86_64-linux-gnu/libstdc++.so.6)
frame #9: <unknown function> + 0x9cb84 (0x7f479be9cb84 in /lib/x86_64-linux-gnu/libc.so.6)
frame #10: <unknown function> + 0x129ecc (0x7f479bf29ecc in /lib/x86_64-linux-gnu/libc.so.6)

[rank1]:[W913 18:57:40.809875789 ProcessGroupNCCL.cpp:1876] [PG ID 0 PG GUID 0(default_pg) Rank 1] Failed to check the "should dump" flag on TCPStore, (maybe TCPStore server has shut down too early), with error: Broken pipe
[rank1]:[W913 18:57:41.809998188 TCPStore.cpp:106] [c10d] sendBytes failed on SocketImpl(fd=3, addr=[localhost]:37712, remote=[localhost]:29603): Broken pipe
Exception raised from sendBytes at /__w/pytorch/pytorch/torch/csrc/distributed/c10d/Utils.hpp:758 (most recent call first):
frame #0: c10::Error::Error(c10::SourceLocation, std::__cxx11::basic_string<char, std::char_traits<char>, std::allocator<char> >) + 0x9d (0x7f479ad63bfd in /root/learn/envs/serve/lib/python3.12/site-packages/torch/lib/libc10.so)
frame #1: c10::DistError::DistError(c10::SourceLocation, std::__cxx11::basic_string<char, std::char_traits<char>, std::allocator<char> >) + 0x72 (0x7f479ad64bd2 in /root/learn/envs/serve/lib/python3.12/site-packages/torch/lib/libc10.so)
frame #2: c10::DistNetworkError::DistNetworkError(c10::SourceLocation, std::__cxx11::basic_string<char, std::char_traits<char>, std::allocator<char> >) + 0x72 (0x7f479ad65092 in /root/learn/envs/serve/lib/python3.12/site-packages/torch/lib/libc10.so)
frame #3: <unknown function> + 0x66ac332 (0x7f4703eac332 in /root/learn/envs/serve/lib/python3.12/site-packages/torch/lib/libtorch_cpu.so)
frame #4: <unknown function> + 0x66ad3e1 (0x7f4703ead3e1 in /root/learn/envs/serve/lib/python3.12/site-packages/torch/lib/libtorch_cpu.so)
frame #5: <unknown function> + 0x66ad58d (0x7f4703ead58d in /root/learn/envs/serve/lib/python3.12/site-packages/torch/lib/libtorch_cpu.so)
frame #6: c10d::TCPStore::check(std::vector<std::__cxx11::basic_string<char, std::char_traits<char>, std::allocator<char> >, std::allocator<std::__cxx11::basic_string<char, std::char_traits<char>, std::allocator<char> > > > const&) + 0x35d (0x7f4703ea63bd in /root/learn/envs/serve/lib/python3.12/site-packages/torch/lib/libtorch_cpu.so)
frame #7: c10d::ProcessGroupNCCL::HeartbeatMonitor::runLoop() + 0x43d (0x7f46e5d5419d in /root/learn/envs/serve/lib/python3.12/site-packages/torch/lib/libtorch_cuda.so)
frame #8: <unknown function> + 0xecdb4 (0x7f476b2ecdb4 in /lib/x86_64-linux-gnu/libstdc++.so.6)
frame #9: <unknown function> + 0x9cb84 (0x7f479be9cb84 in /lib/x86_64-linux-gnu/libc.so.6)
frame #10: <unknown function> + 0x129ecc (0x7f479bf29ecc in /lib/x86_64-linux-gnu/libc.so.6)

[rank1]:[W913 18:57:41.815933220 ProcessGroupNCCL.cpp:1876] [PG ID 0 PG GUID 0(default_pg) Rank 1] Failed to check the "should dump" flag on TCPStore, (maybe TCPStore server has shut down too early), with error: Broken pipe
[rank1]:[W913 18:57:42.816057614 TCPStore.cpp:106] [c10d] sendBytes failed on SocketImpl(fd=3, addr=[localhost]:37712, remote=[localhost]:29603): Broken pipe
Exception raised from sendBytes at /__w/pytorch/pytorch/torch/csrc/distributed/c10d/Utils.hpp:758 (most recent call first):
frame #0: c10::Error::Error(c10::SourceLocation, std::__cxx11::basic_string<char, std::char_traits<char>, std::allocator<char> >) + 0x9d (0x7f479ad63bfd in /root/learn/envs/serve/lib/python3.12/site-packages/torch/lib/libc10.so)
frame #1: c10::DistError::DistError(c10::SourceLocation, std::__cxx11::basic_string<char, std::char_traits<char>, std::allocator<char> >) + 0x72 (0x7f479ad64bd2 in /root/learn/envs/serve/lib/python3.12/site-packages/torch/lib/libc10.so)
frame #2: c10::DistNetworkError::DistNetworkError(c10::SourceLocation, std::__cxx11::basic_string<char, std::char_traits<char>, std::allocator<char> >) + 0x72 (0x7f479ad65092 in /root/learn/envs/serve/lib/python3.12/site-packages/torch/lib/libc10.so)
frame #3: <unknown function> + 0x66ac332 (0x7f4703eac332 in /root/learn/envs/serve/lib/python3.12/site-packages/torch/lib/libtorch_cpu.so)
frame #4: <unknown function> + 0x66ad3e1 (0x7f4703ead3e1 in /root/learn/envs/serve/lib/python3.12/site-packages/torch/lib/libtorch_cpu.so)
frame #5: <unknown function> + 0x66ad58d (0x7f4703ead58d in /root/learn/envs/serve/lib/python3.12/site-packages/torch/lib/libtorch_cpu.so)
frame #6: c10d::TCPStore::check(std::vector<std::__cxx11::basic_string<char, std::char_traits<char>, std::allocator<char> >, std::allocator<std::__cxx11::basic_string<char, std::char_traits<char>, std::allocator<char> > > > const&) + 0x35d (0x7f4703ea63bd in /root/learn/envs/serve/lib/python3.12/site-packages/torch/lib/libtorch_cpu.so)
frame #7: c10d::ProcessGroupNCCL::HeartbeatMonitor::runLoop() + 0x43d (0x7f46e5d5419d in /root/learn/envs/serve/lib/python3.12/site-packages/torch/lib/libtorch_cuda.so)
frame #8: <unknown function> + 0xecdb4 (0x7f476b2ecdb4 in /lib/x86_64-linux-gnu/libstdc++.so.6)
frame #9: <unknown function> + 0x9cb84 (0x7f479be9cb84 in /lib/x86_64-linux-gnu/libc.so.6)
frame #10: <unknown function> + 0x129ecc (0x7f479bf29ecc in /lib/x86_64-linux-gnu/libc.so.6)

[rank1]:[W913 18:57:42.821443347 ProcessGroupNCCL.cpp:1876] [PG ID 0 PG GUID 0(default_pg) Rank 1] Failed to check the "should dump" flag on TCPStore, (maybe TCPStore server has shut down too early), with error: Broken pipe
[rank1]:[W913 18:57:43.821601791 TCPStore.cpp:106] [c10d] sendBytes failed on SocketImpl(fd=3, addr=[localhost]:37712, remote=[localhost]:29603): Broken pipe
Exception raised from sendBytes at /__w/pytorch/pytorch/torch/csrc/distributed/c10d/Utils.hpp:758 (most recent call first):
frame #0: c10::Error::Error(c10::SourceLocation, std::__cxx11::basic_string<char, std::char_traits<char>, std::allocator<char> >) + 0x9d (0x7f479ad63bfd in /root/learn/envs/serve/lib/python3.12/site-packages/torch/lib/libc10.so)
frame #1: c10::DistError::DistError(c10::SourceLocation, std::__cxx11::basic_string<char, std::char_traits<char>, std::allocator<char> >) + 0x72 (0x7f479ad64bd2 in /root/learn/envs/serve/lib/python3.12/site-packages/torch/lib/libc10.so)
frame #2: c10::DistNetworkError::DistNetworkError(c10::SourceLocation, std::__cxx11::basic_string<char, std::char_traits<char>, std::allocator<char> >) + 0x72 (0x7f479ad65092 in /root/learn/envs/serve/lib/python3.12/site-packages/torch/lib/libc10.so)
frame #3: <unknown function> + 0x66ac332 (0x7f4703eac332 in /root/learn/envs/serve/lib/python3.12/site-packages/torch/lib/libtorch_cpu.so)
frame #4: <unknown function> + 0x66ad3e1 (0x7f4703ead3e1 in /root/learn/envs/serve/lib/python3.12/site-packages/torch/lib/libtorch_cpu.so)
frame #5: <unknown function> + 0x66ad58d (0x7f4703ead58d in /root/learn/envs/serve/lib/python3.12/site-packages/torch/lib/libtorch_cpu.so)
frame #6: c10d::TCPStore::check(std::vector<std::__cxx11::basic_string<char, std::char_traits<char>, std::allocator<char> >, std::allocator<std::__cxx11::basic_string<char, std::char_traits<char>, std::allocator<char> > > > const&) + 0x35d (0x7f4703ea63bd in /root/learn/envs/serve/lib/python3.12/site-packages/torch/lib/libtorch_cpu.so)
frame #7: c10d::ProcessGroupNCCL::HeartbeatMonitor::runLoop() + 0x43d (0x7f46e5d5419d in /root/learn/envs/serve/lib/python3.12/site-packages/torch/lib/libtorch_cuda.so)
frame #8: <unknown function> + 0xecdb4 (0x7f476b2ecdb4 in /lib/x86_64-linux-gnu/libstdc++.so.6)
frame #9: <unknown function> + 0x9cb84 (0x7f479be9cb84 in /lib/x86_64-linux-gnu/libc.so.6)
frame #10: <unknown function> + 0x129ecc (0x7f479bf29ecc in /lib/x86_64-linux-gnu/libc.so.6)

[rank1]:[W913 18:57:43.828462700 ProcessGroupNCCL.cpp:1876] [PG ID 0 PG GUID 0(default_pg) Rank 1] Failed to check the "should dump" flag on TCPStore, (maybe TCPStore server has shut down too early), with error: Broken pipe
[rank1]:[W913 18:57:44.828601494 TCPStore.cpp:106] [c10d] sendBytes failed on SocketImpl(fd=3, addr=[localhost]:37712, remote=[localhost]:29603): Broken pipe
Exception raised from sendBytes at /__w/pytorch/pytorch/torch/csrc/distributed/c10d/Utils.hpp:758 (most recent call first):
frame #0: c10::Error::Error(c10::SourceLocation, std::__cxx11::basic_string<char, std::char_traits<char>, std::allocator<char> >) + 0x9d (0x7f479ad63bfd in /root/learn/envs/serve/lib/python3.12/site-packages/torch/lib/libc10.so)
frame #1: c10::DistError::DistError(c10::SourceLocation, std::__cxx11::basic_string<char, std::char_traits<char>, std::allocator<char> >) + 0x72 (0x7f479ad64bd2 in /root/learn/envs/serve/lib/python3.12/site-packages/torch/lib/libc10.so)
frame #2: c10::DistNetworkError::DistNetworkError(c10::SourceLocation, std::__cxx11::basic_string<char, std::char_traits<char>, std::allocator<char> >) + 0x72 (0x7f479ad65092 in /root/learn/envs/serve/lib/python3.12/site-packages/torch/lib/libc10.so)
frame #3: <unknown function> + 0x66ac332 (0x7f4703eac332 in /root/learn/envs/serve/lib/python3.12/site-packages/torch/lib/libtorch_cpu.so)
frame #4: <unknown function> + 0x66ad3e1 (0x7f4703ead3e1 in /root/learn/envs/serve/lib/python3.12/site-packages/torch/lib/libtorch_cpu.so)
frame #5: <unknown function> + 0x66ad58d (0x7f4703ead58d in /root/learn/envs/serve/lib/python3.12/site-packages/torch/lib/libtorch_cpu.so)
frame #6: c10d::TCPStore::check(std::vector<std::__cxx11::basic_string<char, std::char_traits<char>, std::allocator<char> >, std::allocator<std::__cxx11::basic_string<char, std::char_traits<char>, std::allocator<char> > > > const&) + 0x35d (0x7f4703ea63bd in /root/learn/envs/serve/lib/python3.12/site-packages/torch/lib/libtorch_cpu.so)
frame #7: c10d::ProcessGroupNCCL::HeartbeatMonitor::runLoop() + 0x43d (0x7f46e5d5419d in /root/learn/envs/serve/lib/python3.12/site-packages/torch/lib/libtorch_cuda.so)
frame #8: <unknown function> + 0xecdb4 (0x7f476b2ecdb4 in /lib/x86_64-linux-gnu/libstdc++.so.6)
frame #9: <unknown function> + 0x9cb84 (0x7f479be9cb84 in /lib/x86_64-linux-gnu/libc.so.6)
frame #10: <unknown function> + 0x129ecc (0x7f479bf29ecc in /lib/x86_64-linux-gnu/libc.so.6)

[rank1]:[W913 18:57:44.834884482 ProcessGroupNCCL.cpp:1876] [PG ID 0 PG GUID 0(default_pg) Rank 1] Failed to check the "should dump" flag on TCPStore, (maybe TCPStore server has shut down too early), with error: Broken pipe
[rank1]:[W913 18:57:45.834999671 TCPStore.cpp:106] [c10d] sendBytes failed on SocketImpl(fd=3, addr=[localhost]:37712, remote=[localhost]:29603): Broken pipe
Exception raised from sendBytes at /__w/pytorch/pytorch/torch/csrc/distributed/c10d/Utils.hpp:758 (most recent call first):
frame #0: c10::Error::Error(c10::SourceLocation, std::__cxx11::basic_string<char, std::char_traits<char>, std::allocator<char> >) + 0x9d (0x7f479ad63bfd in /root/learn/envs/serve/lib/python3.12/site-packages/torch/lib/libc10.so)
frame #1: c10::DistError::DistError(c10::SourceLocation, std::__cxx11::basic_string<char, std::char_traits<char>, std::allocator<char> >) + 0x72 (0x7f479ad64bd2 in /root/learn/envs/serve/lib/python3.12/site-packages/torch/lib/libc10.so)
frame #2: c10::DistNetworkError::DistNetworkError(c10::SourceLocation, std::__cxx11::basic_string<char, std::char_traits<char>, std::allocator<char> >) + 0x72 (0x7f479ad65092 in /root/learn/envs/serve/lib/python3.12/site-packages/torch/lib/libc10.so)
frame #3: <unknown function> + 0x66ac332 (0x7f4703eac332 in /root/learn/envs/serve/lib/python3.12/site-packages/torch/lib/libtorch_cpu.so)
frame #4: <unknown function> + 0x66ad3e1 (0x7f4703ead3e1 in /root/learn/envs/serve/lib/python3.12/site-packages/torch/lib/libtorch_cpu.so)
frame #5: <unknown function> + 0x66ad58d (0x7f4703ead58d in /root/learn/envs/serve/lib/python3.12/site-packages/torch/lib/libtorch_cpu.so)
frame #6: c10d::TCPStore::check(std::vector<std::__cxx11::basic_string<char, std::char_traits<char>, std::allocator<char> >, std::allocator<std::__cxx11::basic_string<char, std::char_traits<char>, std::allocator<char> > > > const&) + 0x35d (0x7f4703ea63bd in /root/learn/envs/serve/lib/python3.12/site-packages/torch/lib/libtorch_cpu.so)
frame #7: c10d::ProcessGroupNCCL::HeartbeatMonitor::runLoop() + 0x43d (0x7f46e5d5419d in /root/learn/envs/serve/lib/python3.12/site-packages/torch/lib/libtorch_cuda.so)
frame #8: <unknown function> + 0xecdb4 (0x7f476b2ecdb4 in /lib/x86_64-linux-gnu/libstdc++.so.6)
frame #9: <unknown function> + 0x9cb84 (0x7f479be9cb84 in /lib/x86_64-linux-gnu/libc.so.6)
frame #10: <unknown function> + 0x129ecc (0x7f479bf29ecc in /lib/x86_64-linux-gnu/libc.so.6)

[rank1]:[W913 18:57:45.840349468 ProcessGroupNCCL.cpp:1876] [PG ID 0 PG GUID 0(default_pg) Rank 1] Failed to check the "should dump" flag on TCPStore, (maybe TCPStore server has shut down too early), with error: Broken pipe
[rank1]:[W913 18:57:46.840465942 TCPStore.cpp:106] [c10d] sendBytes failed on SocketImpl(fd=3, addr=[localhost]:37712, remote=[localhost]:29603): Broken pipe
Exception raised from sendBytes at /__w/pytorch/pytorch/torch/csrc/distributed/c10d/Utils.hpp:758 (most recent call first):
frame #0: c10::Error::Error(c10::SourceLocation, std::__cxx11::basic_string<char, std::char_traits<char>, std::allocator<char> >) + 0x9d (0x7f479ad63bfd in /root/learn/envs/serve/lib/python3.12/site-packages/torch/lib/libc10.so)
frame #1: c10::DistError::DistError(c10::SourceLocation, std::__cxx11::basic_string<char, std::char_traits<char>, std::allocator<char> >) + 0x72 (0x7f479ad64bd2 in /root/learn/envs/serve/lib/python3.12/site-packages/torch/lib/libc10.so)
frame #2: c10::DistNetworkError::DistNetworkError(c10::SourceLocation, std::__cxx11::basic_string<char, std::char_traits<char>, std::allocator<char> >) + 0x72 (0x7f479ad65092 in /root/learn/envs/serve/lib/python3.12/site-packages/torch/lib/libc10.so)
frame #3: <unknown function> + 0x66ac332 (0x7f4703eac332 in /root/learn/envs/serve/lib/python3.12/site-packages/torch/lib/libtorch_cpu.so)
frame #4: <unknown function> + 0x66ad3e1 (0x7f4703ead3e1 in /root/learn/envs/serve/lib/python3.12/site-packages/torch/lib/libtorch_cpu.so)
frame #5: <unknown function> + 0x66ad58d (0x7f4703ead58d in /root/learn/envs/serve/lib/python3.12/site-packages/torch/lib/libtorch_cpu.so)
frame #6: c10d::TCPStore::check(std::vector<std::__cxx11::basic_string<char, std::char_traits<char>, std::allocator<char> >, std::allocator<std::__cxx11::basic_string<char, std::char_traits<char>, std::allocator<char> > > > const&) + 0x35d (0x7f4703ea63bd in /root/learn/envs/serve/lib/python3.12/site-packages/torch/lib/libtorch_cpu.so)
frame #7: c10d::ProcessGroupNCCL::HeartbeatMonitor::runLoop() + 0x43d (0x7f46e5d5419d in /root/learn/envs/serve/lib/python3.12/site-packages/torch/lib/libtorch_cuda.so)
frame #8: <unknown function> + 0xecdb4 (0x7f476b2ecdb4 in /lib/x86_64-linux-gnu/libstdc++.so.6)
frame #9: <unknown function> + 0x9cb84 (0x7f479be9cb84 in /lib/x86_64-linux-gnu/libc.so.6)
frame #10: <unknown function> + 0x129ecc (0x7f479bf29ecc in /lib/x86_64-linux-gnu/libc.so.6)

[rank1]:[W913 18:57:46.847392467 ProcessGroupNCCL.cpp:1876] [PG ID 0 PG GUID 0(default_pg) Rank 1] Failed to check the "should dump" flag on TCPStore, (maybe TCPStore server has shut down too early), with error: Broken pipe
[rank1]:[W913 18:57:47.847595389 TCPStore.cpp:106] [c10d] sendBytes failed on SocketImpl(fd=3, addr=[localhost]:37712, remote=[localhost]:29603): Broken pipe
Exception raised from sendBytes at /__w/pytorch/pytorch/torch/csrc/distributed/c10d/Utils.hpp:758 (most recent call first):
frame #0: c10::Error::Error(c10::SourceLocation, std::__cxx11::basic_string<char, std::char_traits<char>, std::allocator<char> >) + 0x9d (0x7f479ad63bfd in /root/learn/envs/serve/lib/python3.12/site-packages/torch/lib/libc10.so)
frame #1: c10::DistError::DistError(c10::SourceLocation, std::__cxx11::basic_string<char, std::char_traits<char>, std::allocator<char> >) + 0x72 (0x7f479ad64bd2 in /root/learn/envs/serve/lib/python3.12/site-packages/torch/lib/libc10.so)
frame #2: c10::DistNetworkError::DistNetworkError(c10::SourceLocation, std::__cxx11::basic_string<char, std::char_traits<char>, std::allocator<char> >) + 0x72 (0x7f479ad65092 in /root/learn/envs/serve/lib/python3.12/site-packages/torch/lib/libc10.so)
frame #3: <unknown function> + 0x66ac332 (0x7f4703eac332 in /root/learn/envs/serve/lib/python3.12/site-packages/torch/lib/libtorch_cpu.so)
frame #4: <unknown function> + 0x66ad3e1 (0x7f4703ead3e1 in /root/learn/envs/serve/lib/python3.12/site-packages/torch/lib/libtorch_cpu.so)
frame #5: <unknown function> + 0x66ad58d (0x7f4703ead58d in /root/learn/envs/serve/lib/python3.12/site-packages/torch/lib/libtorch_cpu.so)
frame #6: c10d::TCPStore::check(std::vector<std::__cxx11::basic_string<char, std::char_traits<char>, std::allocator<char> >, std::allocator<std::__cxx11::basic_string<char, std::char_traits<char>, std::allocator<char> > > > const&) + 0x35d (0x7f4703ea63bd in /root/learn/envs/serve/lib/python3.12/site-packages/torch/lib/libtorch_cpu.so)
frame #7: c10d::ProcessGroupNCCL::HeartbeatMonitor::runLoop() + 0x43d (0x7f46e5d5419d in /root/learn/envs/serve/lib/python3.12/site-packages/torch/lib/libtorch_cuda.so)
frame #8: <unknown function> + 0xecdb4 (0x7f476b2ecdb4 in /lib/x86_64-linux-gnu/libstdc++.so.6)
frame #9: <unknown function> + 0x9cb84 (0x7f479be9cb84 in /lib/x86_64-linux-gnu/libc.so.6)
frame #10: <unknown function> + 0x129ecc (0x7f479bf29ecc in /lib/x86_64-linux-gnu/libc.so.6)

[rank1]:[W913 18:57:47.854194278 ProcessGroupNCCL.cpp:1876] [PG ID 0 PG GUID 0(default_pg) Rank 1] Failed to check the "should dump" flag on TCPStore, (maybe TCPStore server has shut down too early), with error: Broken pipe
[rank1]:[W913 18:57:48.854324821 TCPStore.cpp:106] [c10d] sendBytes failed on SocketImpl(fd=3, addr=[localhost]:37712, remote=[localhost]:29603): Broken pipe
Exception raised from sendBytes at /__w/pytorch/pytorch/torch/csrc/distributed/c10d/Utils.hpp:758 (most recent call first):
frame #0: c10::Error::Error(c10::SourceLocation, std::__cxx11::basic_string<char, std::char_traits<char>, std::allocator<char> >) + 0x9d (0x7f479ad63bfd in /root/learn/envs/serve/lib/python3.12/site-packages/torch/lib/libc10.so)
frame #1: c10::DistError::DistError(c10::SourceLocation, std::__cxx11::basic_string<char, std::char_traits<char>, std::allocator<char> >) + 0x72 (0x7f479ad64bd2 in /root/learn/envs/serve/lib/python3.12/site-packages/torch/lib/libc10.so)
frame #2: c10::DistNetworkError::DistNetworkError(c10::SourceLocation, std::__cxx11::basic_string<char, std::char_traits<char>, std::allocator<char> >) + 0x72 (0x7f479ad65092 in /root/learn/envs/serve/lib/python3.12/site-packages/torch/lib/libc10.so)
frame #3: <unknown function> + 0x66ac332 (0x7f4703eac332 in /root/learn/envs/serve/lib/python3.12/site-packages/torch/lib/libtorch_cpu.so)
frame #4: <unknown function> + 0x66ad3e1 (0x7f4703ead3e1 in /root/learn/envs/serve/lib/python3.12/site-packages/torch/lib/libtorch_cpu.so)
frame #5: <unknown function> + 0x66ad58d (0x7f4703ead58d in /root/learn/envs/serve/lib/python3.12/site-packages/torch/lib/libtorch_cpu.so)
frame #6: c10d::TCPStore::check(std::vector<std::__cxx11::basic_string<char, std::char_traits<char>, std::allocator<char> >, std::allocator<std::__cxx11::basic_string<char, std::char_traits<char>, std::allocator<char> > > > const&) + 0x35d (0x7f4703ea63bd in /root/learn/envs/serve/lib/python3.12/site-packages/torch/lib/libtorch_cpu.so)
frame #7: c10d::ProcessGroupNCCL::HeartbeatMonitor::runLoop() + 0x43d (0x7f46e5d5419d in /root/learn/envs/serve/lib/python3.12/site-packages/torch/lib/libtorch_cuda.so)
frame #8: <unknown function> + 0xecdb4 (0x7f476b2ecdb4 in /lib/x86_64-linux-gnu/libstdc++.so.6)
frame #9: <unknown function> + 0x9cb84 (0x7f479be9cb84 in /lib/x86_64-linux-gnu/libc.so.6)
frame #10: <unknown function> + 0x129ecc (0x7f479bf29ecc in /lib/x86_64-linux-gnu/libc.so.6)

[rank1]:[W913 18:57:48.860496495 ProcessGroupNCCL.cpp:1876] [PG ID 0 PG GUID 0(default_pg) Rank 1] Failed to check the "should dump" flag on TCPStore, (maybe TCPStore server has shut down too early), with error: Broken pipe
[rank1]:[W913 18:57:49.860606761 TCPStore.cpp:106] [c10d] sendBytes failed on SocketImpl(fd=3, addr=[localhost]:37712, remote=[localhost]:29603): Broken pipe
Exception raised from sendBytes at /__w/pytorch/pytorch/torch/csrc/distributed/c10d/Utils.hpp:758 (most recent call first):
frame #0: c10::Error::Error(c10::SourceLocation, std::__cxx11::basic_string<char, std::char_traits<char>, std::allocator<char> >) + 0x9d (0x7f479ad63bfd in /root/learn/envs/serve/lib/python3.12/site-packages/torch/lib/libc10.so)
frame #1: c10::DistError::DistError(c10::SourceLocation, std::__cxx11::basic_string<char, std::char_traits<char>, std::allocator<char> >) + 0x72 (0x7f479ad64bd2 in /root/learn/envs/serve/lib/python3.12/site-packages/torch/lib/libc10.so)
frame #2: c10::DistNetworkError::DistNetworkError(c10::SourceLocation, std::__cxx11::basic_string<char, std::char_traits<char>, std::allocator<char> >) + 0x72 (0x7f479ad65092 in /root/learn/envs/serve/lib/python3.12/site-packages/torch/lib/libc10.so)
frame #3: <unknown function> + 0x66ac332 (0x7f4703eac332 in /root/learn/envs/serve/lib/python3.12/site-packages/torch/lib/libtorch_cpu.so)
frame #4: <unknown function> + 0x66ad3e1 (0x7f4703ead3e1 in /root/learn/envs/serve/lib/python3.12/site-packages/torch/lib/libtorch_cpu.so)
frame #5: <unknown function> + 0x66ad58d (0x7f4703ead58d in /root/learn/envs/serve/lib/python3.12/site-packages/torch/lib/libtorch_cpu.so)
frame #6: c10d::TCPStore::check(std::vector<std::__cxx11::basic_string<char, std::char_traits<char>, std::allocator<char> >, std::allocator<std::__cxx11::basic_string<char, std::char_traits<char>, std::allocator<char> > > > const&) + 0x35d (0x7f4703ea63bd in /root/learn/envs/serve/lib/python3.12/site-packages/torch/lib/libtorch_cpu.so)
frame #7: c10d::ProcessGroupNCCL::HeartbeatMonitor::runLoop() + 0x43d (0x7f46e5d5419d in /root/learn/envs/serve/lib/python3.12/site-packages/torch/lib/libtorch_cuda.so)
frame #8: <unknown function> + 0xecdb4 (0x7f476b2ecdb4 in /lib/x86_64-linux-gnu/libstdc++.so.6)
frame #9: <unknown function> + 0x9cb84 (0x7f479be9cb84 in /lib/x86_64-linux-gnu/libc.so.6)
frame #10: <unknown function> + 0x129ecc (0x7f479bf29ecc in /lib/x86_64-linux-gnu/libc.so.6)

[rank1]:[W913 18:57:49.866595665 ProcessGroupNCCL.cpp:1876] [PG ID 0 PG GUID 0(default_pg) Rank 1] Failed to check the "should dump" flag on TCPStore, (maybe TCPStore server has shut down too early), with error: Broken pipe
[rank1]:[W913 18:57:50.866754845 TCPStore.cpp:106] [c10d] sendBytes failed on SocketImpl(fd=3, addr=[localhost]:37712, remote=[localhost]:29603): Broken pipe
Exception raised from sendBytes at /__w/pytorch/pytorch/torch/csrc/distributed/c10d/Utils.hpp:758 (most recent call first):
frame #0: c10::Error::Error(c10::SourceLocation, std::__cxx11::basic_string<char, std::char_traits<char>, std::allocator<char> >) + 0x9d (0x7f479ad63bfd in /root/learn/envs/serve/lib/python3.12/site-packages/torch/lib/libc10.so)
frame #1: c10::DistError::DistError(c10::SourceLocation, std::__cxx11::basic_string<char, std::char_traits<char>, std::allocator<char> >) + 0x72 (0x7f479ad64bd2 in /root/learn/envs/serve/lib/python3.12/site-packages/torch/lib/libc10.so)
frame #2: c10::DistNetworkError::DistNetworkError(c10::SourceLocation, std::__cxx11::basic_string<char, std::char_traits<char>, std::allocator<char> >) + 0x72 (0x7f479ad65092 in /root/learn/envs/serve/lib/python3.12/site-packages/torch/lib/libc10.so)
frame #3: <unknown function> + 0x66ac332 (0x7f4703eac332 in /root/learn/envs/serve/lib/python3.12/site-packages/torch/lib/libtorch_cpu.so)
frame #4: <unknown function> + 0x66ad3e1 (0x7f4703ead3e1 in /root/learn/envs/serve/lib/python3.12/site-packages/torch/lib/libtorch_cpu.so)
frame #5: <unknown function> + 0x66ad58d (0x7f4703ead58d in /root/learn/envs/serve/lib/python3.12/site-packages/torch/lib/libtorch_cpu.so)
frame #6: c10d::TCPStore::check(std::vector<std::__cxx11::basic_string<char, std::char_traits<char>, std::allocator<char> >, std::allocator<std::__cxx11::basic_string<char, std::char_traits<char>, std::allocator<char> > > > const&) + 0x35d (0x7f4703ea63bd in /root/learn/envs/serve/lib/python3.12/site-packages/torch/lib/libtorch_cpu.so)
frame #7: c10d::ProcessGroupNCCL::HeartbeatMonitor::runLoop() + 0x43d (0x7f46e5d5419d in /root/learn/envs/serve/lib/python3.12/site-packages/torch/lib/libtorch_cuda.so)
frame #8: <unknown function> + 0xecdb4 (0x7f476b2ecdb4 in /lib/x86_64-linux-gnu/libstdc++.so.6)
frame #9: <unknown function> + 0x9cb84 (0x7f479be9cb84 in /lib/x86_64-linux-gnu/libc.so.6)
frame #10: <unknown function> + 0x129ecc (0x7f479bf29ecc in /lib/x86_64-linux-gnu/libc.so.6)

[rank1]:[W913 18:57:50.873438162 ProcessGroupNCCL.cpp:1876] [PG ID 0 PG GUID 0(default_pg) Rank 1] Failed to check the "should dump" flag on TCPStore, (maybe TCPStore server has shut down too early), with error: Broken pipe
[rank1]:[W913 18:57:51.873568732 TCPStore.cpp:106] [c10d] sendBytes failed on SocketImpl(fd=3, addr=[localhost]:37712, remote=[localhost]:29603): Broken pipe
Exception raised from sendBytes at /__w/pytorch/pytorch/torch/csrc/distributed/c10d/Utils.hpp:758 (most recent call first):
frame #0: c10::Error::Error(c10::SourceLocation, std::__cxx11::basic_string<char, std::char_traits<char>, std::allocator<char> >) + 0x9d (0x7f479ad63bfd in /root/learn/envs/serve/lib/python3.12/site-packages/torch/lib/libc10.so)
frame #1: c10::DistError::DistError(c10::SourceLocation, std::__cxx11::basic_string<char, std::char_traits<char>, std::allocator<char> >) + 0x72 (0x7f479ad64bd2 in /root/learn/envs/serve/lib/python3.12/site-packages/torch/lib/libc10.so)
frame #2: c10::DistNetworkError::DistNetworkError(c10::SourceLocation, std::__cxx11::basic_string<char, std::char_traits<char>, std::allocator<char> >) + 0x72 (0x7f479ad65092 in /root/learn/envs/serve/lib/python3.12/site-packages/torch/lib/libc10.so)
frame #3: <unknown function> + 0x66ac332 (0x7f4703eac332 in /root/learn/envs/serve/lib/python3.12/site-packages/torch/lib/libtorch_cpu.so)
frame #4: <unknown function> + 0x66ad3e1 (0x7f4703ead3e1 in /root/learn/envs/serve/lib/python3.12/site-packages/torch/lib/libtorch_cpu.so)
frame #5: <unknown function> + 0x66ad58d (0x7f4703ead58d in /root/learn/envs/serve/lib/python3.12/site-packages/torch/lib/libtorch_cpu.so)
frame #6: c10d::TCPStore::check(std::vector<std::__cxx11::basic_string<char, std::char_traits<char>, std::allocator<char> >, std::allocator<std::__cxx11::basic_string<char, std::char_traits<char>, std::allocator<char> > > > const&) + 0x35d (0x7f4703ea63bd in /root/learn/envs/serve/lib/python3.12/site-packages/torch/lib/libtorch_cpu.so)
frame #7: c10d::ProcessGroupNCCL::HeartbeatMonitor::runLoop() + 0x43d (0x7f46e5d5419d in /root/learn/envs/serve/lib/python3.12/site-packages/torch/lib/libtorch_cuda.so)
frame #8: <unknown function> + 0xecdb4 (0x7f476b2ecdb4 in /lib/x86_64-linux-gnu/libstdc++.so.6)
frame #9: <unknown function> + 0x9cb84 (0x7f479be9cb84 in /lib/x86_64-linux-gnu/libc.so.6)
frame #10: <unknown function> + 0x129ecc (0x7f479bf29ecc in /lib/x86_64-linux-gnu/libc.so.6)

[rank1]:[W913 18:57:51.879744260 ProcessGroupNCCL.cpp:1876] [PG ID 0 PG GUID 0(default_pg) Rank 1] Failed to check the "should dump" flag on TCPStore, (maybe TCPStore server has shut down too early), with error: Broken pipe
[rank1]:[W913 18:57:52.879845028 TCPStore.cpp:106] [c10d] sendBytes failed on SocketImpl(fd=3, addr=[localhost]:37712, remote=[localhost]:29603): Broken pipe
Exception raised from sendBytes at /__w/pytorch/pytorch/torch/csrc/distributed/c10d/Utils.hpp:758 (most recent call first):
frame #0: c10::Error::Error(c10::SourceLocation, std::__cxx11::basic_string<char, std::char_traits<char>, std::allocator<char> >) + 0x9d (0x7f479ad63bfd in /root/learn/envs/serve/lib/python3.12/site-packages/torch/lib/libc10.so)
frame #1: c10::DistError::DistError(c10::SourceLocation, std::__cxx11::basic_string<char, std::char_traits<char>, std::allocator<char> >) + 0x72 (0x7f479ad64bd2 in /root/learn/envs/serve/lib/python3.12/site-packages/torch/lib/libc10.so)
frame #2: c10::DistNetworkError::DistNetworkError(c10::SourceLocation, std::__cxx11::basic_string<char, std::char_traits<char>, std::allocator<char> >) + 0x72 (0x7f479ad65092 in /root/learn/envs/serve/lib/python3.12/site-packages/torch/lib/libc10.so)
frame #3: <unknown function> + 0x66ac332 (0x7f4703eac332 in /root/learn/envs/serve/lib/python3.12/site-packages/torch/lib/libtorch_cpu.so)
frame #4: <unknown function> + 0x66ad3e1 (0x7f4703ead3e1 in /root/learn/envs/serve/lib/python3.12/site-packages/torch/lib/libtorch_cpu.so)
frame #5: <unknown function> + 0x66ad58d (0x7f4703ead58d in /root/learn/envs/serve/lib/python3.12/site-packages/torch/lib/libtorch_cpu.so)
frame #6: c10d::TCPStore::check(std::vector<std::__cxx11::basic_string<char, std::char_traits<char>, std::allocator<char> >, std::allocator<std::__cxx11::basic_string<char, std::char_traits<char>, std::allocator<char> > > > const&) + 0x35d (0x7f4703ea63bd in /root/learn/envs/serve/lib/python3.12/site-packages/torch/lib/libtorch_cpu.so)
frame #7: c10d::ProcessGroupNCCL::HeartbeatMonitor::runLoop() + 0x43d (0x7f46e5d5419d in /root/learn/envs/serve/lib/python3.12/site-packages/torch/lib/libtorch_cuda.so)
frame #8: <unknown function> + 0xecdb4 (0x7f476b2ecdb4 in /lib/x86_64-linux-gnu/libstdc++.so.6)
frame #9: <unknown function> + 0x9cb84 (0x7f479be9cb84 in /lib/x86_64-linux-gnu/libc.so.6)
frame #10: <unknown function> + 0x129ecc (0x7f479bf29ecc in /lib/x86_64-linux-gnu/libc.so.6)

[rank1]:[W913 18:57:52.887331235 ProcessGroupNCCL.cpp:1876] [PG ID 0 PG GUID 0(default_pg) Rank 1] Failed to check the "should dump" flag on TCPStore, (maybe TCPStore server has shut down too early), with error: Broken pipe
[rank1]:[W913 18:57:53.887479176 TCPStore.cpp:106] [c10d] sendBytes failed on SocketImpl(fd=3, addr=[localhost]:37712, remote=[localhost]:29603): Broken pipe
Exception raised from sendBytes at /__w/pytorch/pytorch/torch/csrc/distributed/c10d/Utils.hpp:758 (most recent call first):
frame #0: c10::Error::Error(c10::SourceLocation, std::__cxx11::basic_string<char, std::char_traits<char>, std::allocator<char> >) + 0x9d (0x7f479ad63bfd in /root/learn/envs/serve/lib/python3.12/site-packages/torch/lib/libc10.so)
frame #1: c10::DistError::DistError(c10::SourceLocation, std::__cxx11::basic_string<char, std::char_traits<char>, std::allocator<char> >) + 0x72 (0x7f479ad64bd2 in /root/learn/envs/serve/lib/python3.12/site-packages/torch/lib/libc10.so)
frame #2: c10::DistNetworkError::DistNetworkError(c10::SourceLocation, std::__cxx11::basic_string<char, std::char_traits<char>, std::allocator<char> >) + 0x72 (0x7f479ad65092 in /root/learn/envs/serve/lib/python3.12/site-packages/torch/lib/libc10.so)
frame #3: <unknown function> + 0x66ac332 (0x7f4703eac332 in /root/learn/envs/serve/lib/python3.12/site-packages/torch/lib/libtorch_cpu.so)
frame #4: <unknown function> + 0x66ad3e1 (0x7f4703ead3e1 in /root/learn/envs/serve/lib/python3.12/site-packages/torch/lib/libtorch_cpu.so)
frame #5: <unknown function> + 0x66ad58d (0x7f4703ead58d in /root/learn/envs/serve/lib/python3.12/site-packages/torch/lib/libtorch_cpu.so)
frame #6: c10d::TCPStore::check(std::vector<std::__cxx11::basic_string<char, std::char_traits<char>, std::allocator<char> >, std::allocator<std::__cxx11::basic_string<char, std::char_traits<char>, std::allocator<char> > > > const&) + 0x35d (0x7f4703ea63bd in /root/learn/envs/serve/lib/python3.12/site-packages/torch/lib/libtorch_cpu.so)
frame #7: c10d::ProcessGroupNCCL::HeartbeatMonitor::runLoop() + 0x43d (0x7f46e5d5419d in /root/learn/envs/serve/lib/python3.12/site-packages/torch/lib/libtorch_cuda.so)
frame #8: <unknown function> + 0xecdb4 (0x7f476b2ecdb4 in /lib/x86_64-linux-gnu/libstdc++.so.6)
frame #9: <unknown function> + 0x9cb84 (0x7f479be9cb84 in /lib/x86_64-linux-gnu/libc.so.6)
frame #10: <unknown function> + 0x129ecc (0x7f479bf29ecc in /lib/x86_64-linux-gnu/libc.so.6)

[rank1]:[W913 18:57:53.892915846 ProcessGroupNCCL.cpp:1876] [PG ID 0 PG GUID 0(default_pg) Rank 1] Failed to check the "should dump" flag on TCPStore, (maybe TCPStore server has shut down too early), with error: Broken pipe
[rank1]:[W913 18:57:54.893035054 TCPStore.cpp:106] [c10d] sendBytes failed on SocketImpl(fd=3, addr=[localhost]:37712, remote=[localhost]:29603): Broken pipe
Exception raised from sendBytes at /__w/pytorch/pytorch/torch/csrc/distributed/c10d/Utils.hpp:758 (most recent call first):
frame #0: c10::Error::Error(c10::SourceLocation, std::__cxx11::basic_string<char, std::char_traits<char>, std::allocator<char> >) + 0x9d (0x7f479ad63bfd in /root/learn/envs/serve/lib/python3.12/site-packages/torch/lib/libc10.so)
frame #1: c10::DistError::DistError(c10::SourceLocation, std::__cxx11::basic_string<char, std::char_traits<char>, std::allocator<char> >) + 0x72 (0x7f479ad64bd2 in /root/learn/envs/serve/lib/python3.12/site-packages/torch/lib/libc10.so)
frame #2: c10::DistNetworkError::DistNetworkError(c10::SourceLocation, std::__cxx11::basic_string<char, std::char_traits<char>, std::allocator<char> >) + 0x72 (0x7f479ad65092 in /root/learn/envs/serve/lib/python3.12/site-packages/torch/lib/libc10.so)
frame #3: <unknown function> + 0x66ac332 (0x7f4703eac332 in /root/learn/envs/serve/lib/python3.12/site-packages/torch/lib/libtorch_cpu.so)
frame #4: <unknown function> + 0x66ad3e1 (0x7f4703ead3e1 in /root/learn/envs/serve/lib/python3.12/site-packages/torch/lib/libtorch_cpu.so)
frame #5: <unknown function> + 0x66ad58d (0x7f4703ead58d in /root/learn/envs/serve/lib/python3.12/site-packages/torch/lib/libtorch_cpu.so)
frame #6: c10d::TCPStore::check(std::vector<std::__cxx11::basic_string<char, std::char_traits<char>, std::allocator<char> >, std::allocator<std::__cxx11::basic_string<char, std::char_traits<char>, std::allocator<char> > > > const&) + 0x35d (0x7f4703ea63bd in /root/learn/envs/serve/lib/python3.12/site-packages/torch/lib/libtorch_cpu.so)
frame #7: c10d::ProcessGroupNCCL::HeartbeatMonitor::runLoop() + 0x43d (0x7f46e5d5419d in /root/learn/envs/serve/lib/python3.12/site-packages/torch/lib/libtorch_cuda.so)
frame #8: <unknown function> + 0xecdb4 (0x7f476b2ecdb4 in /lib/x86_64-linux-gnu/libstdc++.so.6)
frame #9: <unknown function> + 0x9cb84 (0x7f479be9cb84 in /lib/x86_64-linux-gnu/libc.so.6)
frame #10: <unknown function> + 0x129ecc (0x7f479bf29ecc in /lib/x86_64-linux-gnu/libc.so.6)

[rank1]:[W913 18:57:54.900082886 ProcessGroupNCCL.cpp:1876] [PG ID 0 PG GUID 0(default_pg) Rank 1] Failed to check the "should dump" flag on TCPStore, (maybe TCPStore server has shut down too early), with error: Broken pipe
[rank1]:[W913 18:57:55.900197850 TCPStore.cpp:106] [c10d] sendBytes failed on SocketImpl(fd=3, addr=[localhost]:37712, remote=[localhost]:29603): Broken pipe
Exception raised from sendBytes at /__w/pytorch/pytorch/torch/csrc/distributed/c10d/Utils.hpp:758 (most recent call first):
frame #0: c10::Error::Error(c10::SourceLocation, std::__cxx11::basic_string<char, std::char_traits<char>, std::allocator<char> >) + 0x9d (0x7f479ad63bfd in /root/learn/envs/serve/lib/python3.12/site-packages/torch/lib/libc10.so)
frame #1: c10::DistError::DistError(c10::SourceLocation, std::__cxx11::basic_string<char, std::char_traits<char>, std::allocator<char> >) + 0x72 (0x7f479ad64bd2 in /root/learn/envs/serve/lib/python3.12/site-packages/torch/lib/libc10.so)
frame #2: c10::DistNetworkError::DistNetworkError(c10::SourceLocation, std::__cxx11::basic_string<char, std::char_traits<char>, std::allocator<char> >) + 0x72 (0x7f479ad65092 in /root/learn/envs/serve/lib/python3.12/site-packages/torch/lib/libc10.so)
frame #3: <unknown function> + 0x66ac332 (0x7f4703eac332 in /root/learn/envs/serve/lib/python3.12/site-packages/torch/lib/libtorch_cpu.so)
frame #4: <unknown function> + 0x66ad3e1 (0x7f4703ead3e1 in /root/learn/envs/serve/lib/python3.12/site-packages/torch/lib/libtorch_cpu.so)
frame #5: <unknown function> + 0x66ad58d (0x7f4703ead58d in /root/learn/envs/serve/lib/python3.12/site-packages/torch/lib/libtorch_cpu.so)
frame #6: c10d::TCPStore::check(std::vector<std::__cxx11::basic_string<char, std::char_traits<char>, std::allocator<char> >, std::allocator<std::__cxx11::basic_string<char, std::char_traits<char>, std::allocator<char> > > > const&) + 0x35d (0x7f4703ea63bd in /root/learn/envs/serve/lib/python3.12/site-packages/torch/lib/libtorch_cpu.so)
frame #7: c10d::ProcessGroupNCCL::HeartbeatMonitor::runLoop() + 0x43d (0x7f46e5d5419d in /root/learn/envs/serve/lib/python3.12/site-packages/torch/lib/libtorch_cuda.so)
frame #8: <unknown function> + 0xecdb4 (0x7f476b2ecdb4 in /lib/x86_64-linux-gnu/libstdc++.so.6)
frame #9: <unknown function> + 0x9cb84 (0x7f479be9cb84 in /lib/x86_64-linux-gnu/libc.so.6)
frame #10: <unknown function> + 0x129ecc (0x7f479bf29ecc in /lib/x86_64-linux-gnu/libc.so.6)

[rank1]:[W913 18:57:55.907316908 ProcessGroupNCCL.cpp:1876] [PG ID 0 PG GUID 0(default_pg) Rank 1] Failed to check the "should dump" flag on TCPStore, (maybe TCPStore server has shut down too early), with error: Broken pipe
[rank1]:[W913 18:57:56.907459319 TCPStore.cpp:106] [c10d] sendBytes failed on SocketImpl(fd=3, addr=[localhost]:37712, remote=[localhost]:29603): Broken pipe
Exception raised from sendBytes at /__w/pytorch/pytorch/torch/csrc/distributed/c10d/Utils.hpp:758 (most recent call first):
frame #0: c10::Error::Error(c10::SourceLocation, std::__cxx11::basic_string<char, std::char_traits<char>, std::allocator<char> >) + 0x9d (0x7f479ad63bfd in /root/learn/envs/serve/lib/python3.12/site-packages/torch/lib/libc10.so)
frame #1: c10::DistError::DistError(c10::SourceLocation, std::__cxx11::basic_string<char, std::char_traits<char>, std::allocator<char> >) + 0x72 (0x7f479ad64bd2 in /root/learn/envs/serve/lib/python3.12/site-packages/torch/lib/libc10.so)
frame #2: c10::DistNetworkError::DistNetworkError(c10::SourceLocation, std::__cxx11::basic_string<char, std::char_traits<char>, std::allocator<char> >) + 0x72 (0x7f479ad65092 in /root/learn/envs/serve/lib/python3.12/site-packages/torch/lib/libc10.so)
frame #3: <unknown function> + 0x66ac332 (0x7f4703eac332 in /root/learn/envs/serve/lib/python3.12/site-packages/torch/lib/libtorch_cpu.so)
frame #4: <unknown function> + 0x66ad3e1 (0x7f4703ead3e1 in /root/learn/envs/serve/lib/python3.12/site-packages/torch/lib/libtorch_cpu.so)
frame #5: <unknown function> + 0x66ad58d (0x7f4703ead58d in /root/learn/envs/serve/lib/python3.12/site-packages/torch/lib/libtorch_cpu.so)
frame #6: c10d::TCPStore::check(std::vector<std::__cxx11::basic_string<char, std::char_traits<char>, std::allocator<char> >, std::allocator<std::__cxx11::basic_string<char, std::char_traits<char>, std::allocator<char> > > > const&) + 0x35d (0x7f4703ea63bd in /root/learn/envs/serve/lib/python3.12/site-packages/torch/lib/libtorch_cpu.so)
frame #7: c10d::ProcessGroupNCCL::HeartbeatMonitor::runLoop() + 0x43d (0x7f46e5d5419d in /root/learn/envs/serve/lib/python3.12/site-packages/torch/lib/libtorch_cuda.so)
frame #8: <unknown function> + 0xecdb4 (0x7f476b2ecdb4 in /lib/x86_64-linux-gnu/libstdc++.so.6)
frame #9: <unknown function> + 0x9cb84 (0x7f479be9cb84 in /lib/x86_64-linux-gnu/libc.so.6)
frame #10: <unknown function> + 0x129ecc (0x7f479bf29ecc in /lib/x86_64-linux-gnu/libc.so.6)

[rank1]:[W913 18:57:56.912913880 ProcessGroupNCCL.cpp:1876] [PG ID 0 PG GUID 0(default_pg) Rank 1] Failed to check the "should dump" flag on TCPStore, (maybe TCPStore server has shut down too early), with error: Broken pipe
[rank1]:[E913 18:57:56.299986887 ProcessGroupNCCL.cpp:730] [Rank 1] Watchdog caught collective operation timeout: WorkNCCL(SeqNum=2, OpType=ALLREDUCE, NumelIn=1, NumelOut=1, Timeout(ms)=20000) ran for 20059 milliseconds before timing out.
[rank1]:[E913 18:57:56.300132405 ProcessGroupNCCL.cpp:2372] [PG ID 0 PG GUID 0(default_pg) Rank 1]  failure detected by watchdog at work sequence id: 2 PG status: last enqueued work: 2, last started work: -1 (), last completed work: 1
[rank1]:[W913 18:57:57.913086452 TCPStore.cpp:106] [c10d] sendBytes failed on SocketImpl(fd=3, addr=[localhost]:37712, remote=[localhost]:29603): Broken pipe
Exception raised from sendBytes at /__w/pytorch/pytorch/torch/csrc/distributed/c10d/Utils.hpp:758 (most recent call first):
frame #0: c10::Error::Error(c10::SourceLocation, std::__cxx11::basic_string<char, std::char_traits<char>, std::allocator<char> >) + 0x9d (0x7f479ad63bfd in /root/learn/envs/serve/lib/python3.12/site-packages/torch/lib/libc10.so)
frame #1: c10::DistError::DistError(c10::SourceLocation, std::__cxx11::basic_string<char, std::char_traits<char>, std::allocator<char> >) + 0x72 (0x7f479ad64bd2 in /root/learn/envs/serve/lib/python3.12/site-packages/torch/lib/libc10.so)
frame #2: c10::DistNetworkError::DistNetworkError(c10::SourceLocation, std::__cxx11::basic_string<char, std::char_traits<char>, std::allocator<char> >) + 0x72 (0x7f479ad65092 in /root/learn/envs/serve/lib/python3.12/site-packages/torch/lib/libc10.so)
frame #3: <unknown function> + 0x66ac332 (0x7f4703eac332 in /root/learn/envs/serve/lib/python3.12/site-packages/torch/lib/libtorch_cpu.so)
frame #4: <unknown function> + 0x66ad3e1 (0x7f4703ead3e1 in /root/learn/envs/serve/lib/python3.12/site-packages/torch/lib/libtorch_cpu.so)
frame #5: <unknown function> + 0x66ad58d (0x7f4703ead58d in /root/learn/envs/serve/lib/python3.12/site-packages/torch/lib/libtorch_cpu.so)
frame #6: c10d::TCPStore::check(std::vector<std::__cxx11::basic_string<char, std::char_traits<char>, std::allocator<char> >, std::allocator<std::__cxx11::basic_string<char, std::char_traits<char>, std::allocator<char> > > > const&) + 0x35d (0x7f4703ea63bd in /root/learn/envs/serve/lib/python3.12/site-packages/torch/lib/libtorch_cpu.so)
frame #7: c10d::ProcessGroupNCCL::HeartbeatMonitor::runLoop() + 0x43d (0x7f46e5d5419d in /root/learn/envs/serve/lib/python3.12/site-packages/torch/lib/libtorch_cuda.so)
frame #8: <unknown function> + 0xecdb4 (0x7f476b2ecdb4 in /lib/x86_64-linux-gnu/libstdc++.so.6)
frame #9: <unknown function> + 0x9cb84 (0x7f479be9cb84 in /lib/x86_64-linux-gnu/libc.so.6)
frame #10: <unknown function> + 0x129ecc (0x7f479bf29ecc in /lib/x86_64-linux-gnu/libc.so.6)

[rank1]:[W913 18:57:57.917530426 ProcessGroupNCCL.cpp:1876] [PG ID 0 PG GUID 0(default_pg) Rank 1] Failed to check the "should dump" flag on TCPStore, (maybe TCPStore server has shut down too early), with error: Broken pipe
[rank1]:[E913 18:57:57.186103048 ProcessGroupNCCL.cpp:774] Stack trace of the failed collective: 
#0 all_reduce from /root/learn/envs/serve/lib/python3.12/site-packages/torch/distributed/distributed_c10d.py:3245
#1 wrapper from /root/learn/envs/serve/lib/python3.12/site-packages/torch/distributed/c10d_logger.py:83
#2 <lambda> from /root/learn/work/labs/L6/collective_contracts.py:302
#3 call from /root/learn/work/labs/L6/comm_sequence.py:130
#4 worker_early_exit from /root/learn/work/labs/L6/collective_contracts.py:301
#5 main from /root/learn/work/labs/L6/collective_contracts.py:621
#6 <module> from /root/learn/work/labs/L6/collective_contracts.py:633

[rank1]:[W913 18:57:57.186244884 TCPStore.cpp:106] [c10d] sendBytes failed on SocketImpl(fd=3, addr=[localhost]:37712, remote=[localhost]:29603): Broken pipe
Exception raised from sendBytes at /__w/pytorch/pytorch/torch/csrc/distributed/c10d/Utils.hpp:758 (most recent call first):
frame #0: c10::Error::Error(c10::SourceLocation, std::__cxx11::basic_string<char, std::char_traits<char>, std::allocator<char> >) + 0x9d (0x7f479ad63bfd in /root/learn/envs/serve/lib/python3.12/site-packages/torch/lib/libc10.so)
frame #1: c10::DistError::DistError(c10::SourceLocation, std::__cxx11::basic_string<char, std::char_traits<char>, std::allocator<char> >) + 0x72 (0x7f479ad64bd2 in /root/learn/envs/serve/lib/python3.12/site-packages/torch/lib/libc10.so)
frame #2: c10::DistNetworkError::DistNetworkError(c10::SourceLocation, std::__cxx11::basic_string<char, std::char_traits<char>, std::allocator<char> >) + 0x72 (0x7f479ad65092 in /root/learn/envs/serve/lib/python3.12/site-packages/torch/lib/libc10.so)
frame #3: <unknown function> + 0x66ac332 (0x7f4703eac332 in /root/learn/envs/serve/lib/python3.12/site-packages/torch/lib/libtorch_cpu.so)
frame #4: c10d::TCPStore::set(std::__cxx11::basic_string<char, std::char_traits<char>, std::allocator<char> > const&, std::vector<unsigned char, std::allocator<unsigned char> > const&) + 0x12d (0x7f4703eaa9ed in /root/learn/envs/serve/lib/python3.12/site-packages/torch/lib/libtorch_cpu.so)
frame #5: c10d::ProcessGroupNCCL::broadcastSignal(c10::intrusive_ptr<c10d::Store, c10::detail::intrusive_target_default_null_type<c10d::Store> >&, std::__cxx11::basic_string<char, std::char_traits<char>, std::allocator<char> > const&, int) + 0x97 (0x7f46e5d47457 in /root/learn/envs/serve/lib/python3.12/site-packages/torch/lib/libtorch_cuda.so)
frame #6: c10d::ProcessGroupNCCL::broadcastDumpSignal() + 0x64 (0x7f46e5d49a64 in /root/learn/envs/serve/lib/python3.12/site-packages/torch/lib/libtorch_cuda.so)
frame #7: c10d::ProcessGroupNCCL::Watchdog::runLoop() + 0x906 (0x7f46e5d5bcf6 in /root/learn/envs/serve/lib/python3.12/site-packages/torch/lib/libtorch_cuda.so)
frame #8: c10d::ProcessGroupNCCL::Watchdog::run() + 0x157 (0x7f46e5d5dd47 in /root/learn/envs/serve/lib/python3.12/site-packages/torch/lib/libtorch_cuda.so)
frame #9: <unknown function> + 0xecdb4 (0x7f476b2ecdb4 in /lib/x86_64-linux-gnu/libstdc++.so.6)
frame #10: <unknown function> + 0x9cb84 (0x7f479be9cb84 in /lib/x86_64-linux-gnu/libc.so.6)
frame #11: <unknown function> + 0x129ecc (0x7f479bf29ecc in /lib/x86_64-linux-gnu/libc.so.6)

[rank1]:[E913 18:57:57.192368277 ProcessGroupNCCL.cpp:2704] [PG ID 0 PG GUID 0(default_pg) Rank 1] Failed to broadcast signal exception_dump through TCPStore. Error: Broken pipe
Exception raised from sendBytes at /__w/pytorch/pytorch/torch/csrc/distributed/c10d/Utils.hpp:758 (most recent call first):
frame #0: c10::Error::Error(c10::SourceLocation, std::__cxx11::basic_string<char, std::char_traits<char>, std::allocator<char> >) + 0x9d (0x7f479ad63bfd in /root/learn/envs/serve/lib/python3.12/site-packages/torch/lib/libc10.so)
frame #1: c10::DistError::DistError(c10::SourceLocation, std::__cxx11::basic_string<char, std::char_traits<char>, std::allocator<char> >) + 0x72 (0x7f479ad64bd2 in /root/learn/envs/serve/lib/python3.12/site-packages/torch/lib/libc10.so)
frame #2: c10::DistNetworkError::DistNetworkError(c10::SourceLocation, std::__cxx11::basic_string<char, std::char_traits<char>, std::allocator<char> >) + 0x72 (0x7f479ad65092 in /root/learn/envs/serve/lib/python3.12/site-packages/torch/lib/libc10.so)
frame #3: <unknown function> + 0x66ac332 (0x7f4703eac332 in /root/learn/envs/serve/lib/python3.12/site-packages/torch/lib/libtorch_cpu.so)
frame #4: c10d::TCPStore::set(std::__cxx11::basic_string<char, std::char_traits<char>, std::allocator<char> > const&, std::vector<unsigned char, std::allocator<unsigned char> > const&) + 0x12d (0x7f4703eaa9ed in /root/learn/envs/serve/lib/python3.12/site-packages/torch/lib/libtorch_cpu.so)
frame #5: c10d::ProcessGroupNCCL::broadcastSignal(c10::intrusive_ptr<c10d::Store, c10::detail::intrusive_target_default_null_type<c10d::Store> >&, std::__cxx11::basic_string<char, std::char_traits<char>, std::allocator<char> > const&, int) + 0x97 (0x7f46e5d47457 in /root/learn/envs/serve/lib/python3.12/site-packages/torch/lib/libtorch_cuda.so)
frame #6: c10d::ProcessGroupNCCL::broadcastDumpSignal() + 0x64 (0x7f46e5d49a64 in /root/learn/envs/serve/lib/python3.12/site-packages/torch/lib/libtorch_cuda.so)
frame #7: c10d::ProcessGroupNCCL::Watchdog::runLoop() + 0x906 (0x7f46e5d5bcf6 in /root/learn/envs/serve/lib/python3.12/site-packages/torch/lib/libtorch_cuda.so)
frame #8: c10d::ProcessGroupNCCL::Watchdog::run() + 0x157 (0x7f46e5d5dd47 in /root/learn/envs/serve/lib/python3.12/site-packages/torch/lib/libtorch_cuda.so)
frame #9: <unknown function> + 0xecdb4 (0x7f476b2ecdb4 in /lib/x86_64-linux-gnu/libstdc++.so.6)
frame #10: <unknown function> + 0x9cb84 (0x7f479be9cb84 in /lib/x86_64-linux-gnu/libc.so.6)
frame #11: <unknown function> + 0x129ecc (0x7f479bf29ecc in /lib/x86_64-linux-gnu/libc.so.6)

[rank1]:[E913 18:57:57.192378609 ProcessGroupNCCL.cpp:2714] [PG ID 0 PG GUID 0(default_pg) Rank 1] First PG on this rank to signal dumping.
[rank1]:[E913 18:57:58.917656777 ProcessGroupNCCL.cpp:1964] [PG ID 0 PG GUID 0(default_pg) Rank 1] Received a dump signal due to a collective timeout from this local rank and we will try our best to dump the debug info. Last enqueued NCCL work: 2, last completed NCCL work: 1.This is most likely caused by incorrect usages of collectives, e.g., wrong sizes used across ranks, the order of collectives is not same for all ranks or the scheduled collective, for some reason, didn't run. Additionally, this can be caused by GIL deadlock or other reasons such as network errors or bugs in the communications library (e.g. NCCL), etc. 
[rank1]:[E913 18:57:58.918015295 ProcessGroupNCCL.cpp:1677] [PG ID 0 PG GUID 0(default_pg) Rank 1] ProcessGroupNCCL preparing to dump debug info. Include stack trace: 1, only active collectives: 0
[rank1]:[E913 18:58:57.192506178 ProcessGroupNCCL.cpp:791] [Rank 1] Some NCCL operations have failed or timed out. Due to the asynchronous nature of CUDA kernels, subsequent GPU operations might run on corrupted/incomplete data.
[rank1]:[E913 18:58:57.192586930 ProcessGroupNCCL.cpp:805] [Rank 1] To avoid data inconsistency, we are taking the entire process down.
[rank1]:[E913 18:58:57.194714261 ProcessGroupNCCL.cpp:2174] [PG ID 0 PG GUID 0(default_pg) Rank 1] Process group watchdog thread terminated with exception: [Rank 1] Watchdog caught collective operation timeout: WorkNCCL(SeqNum=2, OpType=ALLREDUCE, NumelIn=1, NumelOut=1, Timeout(ms)=20000) ran for 20059 milliseconds before timing out.
Exception raised from checkTimeout at /__w/pytorch/pytorch/torch/csrc/distributed/c10d/ProcessGroupNCCL.cpp:733 (most recent call first):
frame #0: c10::Error::Error(c10::SourceLocation, std::__cxx11::basic_string<char, std::char_traits<char>, std::allocator<char> >) + 0x9d (0x7f479ad63bfd in /root/learn/envs/serve/lib/python3.12/site-packages/torch/lib/libc10.so)
frame #1: c10::DistError::DistError(c10::SourceLocation, std::__cxx11::basic_string<char, std::char_traits<char>, std::allocator<char> >) + 0x72 (0x7f479ad64bd2 in /root/learn/envs/serve/lib/python3.12/site-packages/torch/lib/libc10.so)
frame #2: c10::DistBackendError::DistBackendError(c10::SourceLocation, std::__cxx11::basic_string<char, std::char_traits<char>, std::allocator<char> >) + 0x72 (0x7f479ad64d02 in /root/learn/envs/serve/lib/python3.12/site-packages/torch/lib/libc10.so)
frame #3: c10d::ProcessGroupNCCL::WorkNCCL::checkTimeout(std::optional<std::chrono::duration<long, std::ratio<1l, 1000l> > >) + 0x2b1 (0x7f46e5d50b41 in /root/learn/envs/serve/lib/python3.12/site-packages/torch/lib/libtorch_cuda.so)
frame #4: c10d::ProcessGroupNCCL::Watchdog::runLoop() + 0x1541 (0x7f46e5d5c931 in /root/learn/envs/serve/lib/python3.12/site-packages/torch/lib/libtorch_cuda.so)
frame #5: c10d::ProcessGroupNCCL::Watchdog::run() + 0x157 (0x7f46e5d5dd47 in /root/learn/envs/serve/lib/python3.12/site-packages/torch/lib/libtorch_cuda.so)
frame #6: <unknown function> + 0xecdb4 (0x7f476b2ecdb4 in /lib/x86_64-linux-gnu/libstdc++.so.6)
frame #7: <unknown function> + 0x9cb84 (0x7f479be9cb84 in /lib/x86_64-linux-gnu/libc.so.6)
frame #8: <unknown function> + 0x129ecc (0x7f479bf29ecc in /lib/x86_64-linux-gnu/libc.so.6)

terminate called after throwing an instance of 'c10::DistBackendError'
  what():  [PG ID 0 PG GUID 0(default_pg) Rank 1] Process group watchdog thread terminated with exception: [Rank 1] Watchdog caught collective operation timeout: WorkNCCL(SeqNum=2, OpType=ALLREDUCE, NumelIn=1, NumelOut=1, Timeout(ms)=20000) ran for 20059 milliseconds before timing out.
Exception raised from checkTimeout at /__w/pytorch/pytorch/torch/csrc/distributed/c10d/ProcessGroupNCCL.cpp:733 (most recent call first):
frame #0: c10::Error::Error(c10::SourceLocation, std::__cxx11::basic_string<char, std::char_traits<char>, std::allocator<char> >) + 0x9d (0x7f479ad63bfd in /root/learn/envs/serve/lib/python3.12/site-packages/torch/lib/libc10.so)
frame #1: c10::DistError::DistError(c10::SourceLocation, std::__cxx11::basic_string<char, std::char_traits<char>, std::allocator<char> >) + 0x72 (0x7f479ad64bd2 in /root/learn/envs/serve/lib/python3.12/site-packages/torch/lib/libc10.so)
frame #2: c10::DistBackendError::DistBackendError(c10::SourceLocation, std::__cxx11::basic_string<char, std::char_traits<char>, std::allocator<char> >) + 0x72 (0x7f479ad64d02 in /root/learn/envs/serve/lib/python3.12/site-packages/torch/lib/libc10.so)
frame #3: c10d::ProcessGroupNCCL::WorkNCCL::checkTimeout(std::optional<std::chrono::duration<long, std::ratio<1l, 1000l> > >) + 0x2b1 (0x7f46e5d50b41 in /root/learn/envs/serve/lib/python3.12/site-packages/torch/lib/libtorch_cuda.so)
frame #4: c10d::ProcessGroupNCCL::Watchdog::runLoop() + 0x1541 (0x7f46e5d5c931 in /root/learn/envs/serve/lib/python3.12/site-packages/torch/lib/libtorch_cuda.so)
frame #5: c10d::ProcessGroupNCCL::Watchdog::run() + 0x157 (0x7f46e5d5dd47 in /root/learn/envs/serve/lib/python3.12/site-packages/torch/lib/libtorch_cuda.so)
frame #6: <unknown function> + 0xecdb4 (0x7f476b2ecdb4 in /lib/x86_64-linux-gnu/libstdc++.so.6)
frame #7: <unknown function> + 0x9cb84 (0x7f479be9cb84 in /lib/x86_64-linux-gnu/libc.so.6)
frame #8: <unknown function> + 0x129ecc (0x7f479bf29ecc in /lib/x86_64-linux-gnu/libc.so.6)

Exception raised from run at /__w/pytorch/pytorch/torch/csrc/distributed/c10d/ProcessGroupNCCL.cpp:2180 (most recent call first):
frame #0: c10::Error::Error(c10::SourceLocation, std::__cxx11::basic_string<char, std::char_traits<char>, std::allocator<char> >) + 0x9d (0x7f479ad63bfd in /root/learn/envs/serve/lib/python3.12/site-packages/torch/lib/libc10.so)
frame #1: c10::DistError::DistError(c10::SourceLocation, std::__cxx11::basic_string<char, std::char_traits<char>, std::allocator<char> >) + 0x72 (0x7f479ad64bd2 in /root/learn/envs/serve/lib/python3.12/site-packages/torch/lib/libc10.so)
frame #2: c10::DistBackendError::DistBackendError(c10::SourceLocation, std::__cxx11::basic_string<char, std::char_traits<char>, std::allocator<char> >) + 0x72 (0x7f479ad64d02 in /root/learn/envs/serve/lib/python3.12/site-packages/torch/lib/libc10.so)
frame #3: <unknown function> + 0x697922 (0x7f46e5497922 in /root/learn/envs/serve/lib/python3.12/site-packages/torch/lib/libtorch_cuda.so)
frame #4: <unknown function> + 0xecdb4 (0x7f476b2ecdb4 in /lib/x86_64-linux-gnu/libstdc++.so.6)
frame #5: <unknown function> + 0x9cb84 (0x7f479be9cb84 in /lib/x86_64-linux-gnu/libc.so.6)
frame #6: <unknown function> + 0x129ecc (0x7f479bf29ecc in /lib/x86_64-linux-gnu/libc.so.6)

