[Rank 1] Initialized with backend=gloo, world_size=2

[Rank 1] === Experiment 1: Basic Collectives ===
[Rank 1] Initial tensor: 2.0
[Rank 1] After all_reduce(SUM): 3.0
[Rank 1] After broadcast from rank 0: 100.0

[Rank 1] === Experiment 2: Order Matching ===
[Rank 1] Correct order - t1: 10.0, t2: 20.0

[Rank 1] === Experiment 3: Async Semantics on cpu ===
[Rank 1] Sync call: 0.112 ms
[Rank 1] Async return: 0.012 ms, complete: 0.084 ms

[Rank 1] === Experiment 4: Buffer Lifecycle ===
[Rank 1] Correct usage - sum: 3.0

[Rank 1] === Experiment 5: Timeout Detection ===
[Rank 1] Normal communication succeeded: 3.0
[Rank 0] Initialized with backend=gloo, world_size=2

[Rank 0] === Experiment 1: Basic Collectives ===
[Rank 0] Initial tensor: 1.0
[Rank 0] After all_reduce(SUM): 3.0
[Rank 0] After broadcast from rank 0: 100.0
[Rank 0] Gathered tensors: [1.0, 2.0]

[Rank 0] === Experiment 2: Order Matching ===
[Rank 0] Correct order - t1: 10.0, t2: 20.0

[Rank 0] === Experiment 3: Async Semantics on cpu ===
[Rank 0] Sync call: 0.103 ms
[Rank 0] Async return: 0.011 ms, complete: 0.085 ms

[Rank 0] === Experiment 4: Buffer Lifecycle ===
[Rank 0] Correct usage - sum: 3.0

[Rank 0] === Experiment 5: Timeout Detection ===
[Rank 0] Normal communication succeeded: 3.0

[Rank 0] Results saved to results/local/6.0/cpu_gloo_results.json
