[p2p] rank=1/2 master=192.168.105.100:29921 host=sg-admin-260724-4ea38-default0-0
[rank1]:[W922 05:40:14.791899204 ProcessGroupNCCL.cpp:5276] Guessing device ID based on global rank. This can cause a hang if rank to GPU mapping is heterogeneous. You can specify device_id in init_process_group()
[rank1]:[W922 05:40:14.941489002 ProcessGroupNCCL.cpp:4173] Warning: An unbatched P2P op (send/recv) was called on this ProcessGroup with size 2.  In lazy initialization mode, this will result in a new 2-rank NCCL communicator to be created. (function operator())
[rank1]:[W922 05:40:21.088938985 ProcessGroupNCCL.cpp:4173] Warning: An unbatched P2P op (send/recv) was called on this ProcessGroup with size 2.  In lazy initialization mode, this will result in a new 2-rank NCCL communicator to be created. (function operator())
[rank1]:[E922 05:40:21.129456971 ProcessGroupNCCL.cpp:2174] [PG ID 0 PG GUID 0(default_pg) Rank 1] Process group watchdog thread terminated with exception: CUDA error: an illegal memory access was encountered
Search for `cudaErrorIllegalAddress' in https://docs.nvidia.com/cuda/cuda-runtime-api/group__CUDART__TYPES.html for more information.
CUDA kernel errors might be asynchronously reported at some other API call, so the stacktrace below might be incorrect.
For debugging consider passing CUDA_LAUNCH_BLOCKING=1

Exception raised from query at /__w/pytorch/pytorch/c10/cuda/CUDAEvent.h:111 (most recent call first):
frame #0: c10::Error::Error(c10::SourceLocation, std::__cxx11::basic_string<char, std::char_traits<char>, std::allocator<char> >) + 0x9d (0x7d53d6f63bfd in /scratch/learn/envs/serve/lib/python3.12/site-packages/torch/lib/libc10.so)
frame #1: <unknown function> + 0xc4e9 (0x7d53d72bb4e9 in /scratch/learn/envs/serve/lib/python3.12/site-packages/torch/lib/libc10_cuda.so)
frame #2: c10d::ProcessGroupNCCL::WorkNCCL::finishedGPUExecutionInternal() const + 0x50 (0x7d5322645920 in /scratch/learn/envs/serve/lib/python3.12/site-packages/torch/lib/libtorch_cuda.so)
frame #3: c10d::ProcessGroupNCCL::WorkNCCL::isCompleted() + 0x68 (0x7d532264f7b8 in /scratch/learn/envs/serve/lib/python3.12/site-packages/torch/lib/libtorch_cuda.so)
frame #4: c10d::ProcessGroupNCCL::Watchdog::runLoop() + 0xa7a (0x7d532265ae6a in /scratch/learn/envs/serve/lib/python3.12/site-packages/torch/lib/libtorch_cuda.so)
frame #5: c10d::ProcessGroupNCCL::Watchdog::run() + 0x157 (0x7d532265cd47 in /scratch/learn/envs/serve/lib/python3.12/site-packages/torch/lib/libtorch_cuda.so)
frame #6: <unknown function> + 0xdc253 (0x7d53a72b0253 in /usr/lib/x86_64-linux-gnu/libstdc++.so.6)
frame #7: <unknown function> + 0x94ac3 (0x7d53d7b25ac3 in /usr/lib/x86_64-linux-gnu/libc.so.6)
frame #8: <unknown function> + 0x126850 (0x7d53d7bb7850 in /usr/lib/x86_64-linux-gnu/libc.so.6)

terminate called after throwing an instance of 'c10::DistBackendError'
  what():  [PG ID 0 PG GUID 0(default_pg) Rank 1] Process group watchdog thread terminated with exception: CUDA error: an illegal memory access was encountered
Search for `cudaErrorIllegalAddress' in https://docs.nvidia.com/cuda/cuda-runtime-api/group__CUDART__TYPES.html for more information.
CUDA kernel errors might be asynchronously reported at some other API call, so the stacktrace below might be incorrect.
For debugging consider passing CUDA_LAUNCH_BLOCKING=1

Exception raised from query at /__w/pytorch/pytorch/c10/cuda/CUDAEvent.h:111 (most recent call first):
frame #0: c10::Error::Error(c10::SourceLocation, std::__cxx11::basic_string<char, std::char_traits<char>, std::allocator<char> >) + 0x9d (0x7d53d6f63bfd in /scratch/learn/envs/serve/lib/python3.12/site-packages/torch/lib/libc10.so)
frame #1: <unknown function> + 0xc4e9 (0x7d53d72bb4e9 in /scratch/learn/envs/serve/lib/python3.12/site-packages/torch/lib/libc10_cuda.so)
frame #2: c10d::ProcessGroupNCCL::WorkNCCL::finishedGPUExecutionInternal() const + 0x50 (0x7d5322645920 in /scratch/learn/envs/serve/lib/python3.12/site-packages/torch/lib/libtorch_cuda.so)
frame #3: c10d::ProcessGroupNCCL::WorkNCCL::isCompleted() + 0x68 (0x7d532264f7b8 in /scratch/learn/envs/serve/lib/python3.12/site-packages/torch/lib/libtorch_cuda.so)
frame #4: c10d::ProcessGroupNCCL::Watchdog::runLoop() + 0xa7a (0x7d532265ae6a in /scratch/learn/envs/serve/lib/python3.12/site-packages/torch/lib/libtorch_cuda.so)
frame #5: c10d::ProcessGroupNCCL::Watchdog::run() + 0x157 (0x7d532265cd47 in /scratch/learn/envs/serve/lib/python3.12/site-packages/torch/lib/libtorch_cuda.so)
frame #6: <unknown function> + 0xdc253 (0x7d53a72b0253 in /usr/lib/x86_64-linux-gnu/libstdc++.so.6)
frame #7: <unknown function> + 0x94ac3 (0x7d53d7b25ac3 in /usr/lib/x86_64-linux-gnu/libc.so.6)
frame #8: <unknown function> + 0x126850 (0x7d53d7bb7850 in /usr/lib/x86_64-linux-gnu/libc.so.6)

Exception raised from run at /__w/pytorch/pytorch/torch/csrc/distributed/c10d/ProcessGroupNCCL.cpp:2180 (most recent call first):
frame #0: c10::Error::Error(c10::SourceLocation, std::__cxx11::basic_string<char, std::char_traits<char>, std::allocator<char> >) + 0x9d (0x7d53d6f63bfd in /scratch/learn/envs/serve/lib/python3.12/site-packages/torch/lib/libc10.so)
frame #1: c10::DistError::DistError(c10::SourceLocation, std::__cxx11::basic_string<char, std::char_traits<char>, std::allocator<char> >) + 0x72 (0x7d53d6f64bd2 in /scratch/learn/envs/serve/lib/python3.12/site-packages/torch/lib/libc10.so)
frame #2: c10::DistBackendError::DistBackendError(c10::SourceLocation, std::__cxx11::basic_string<char, std::char_traits<char>, std::allocator<char> >) + 0x72 (0x7d53d6f64d02 in /scratch/learn/envs/serve/lib/python3.12/site-packages/torch/lib/libc10.so)
frame #3: <unknown function> + 0x697922 (0x7d5321d96922 in /scratch/learn/envs/serve/lib/python3.12/site-packages/torch/lib/libtorch_cuda.so)
frame #4: <unknown function> + 0xdc253 (0x7d53a72b0253 in /usr/lib/x86_64-linux-gnu/libstdc++.so.6)
frame #5: <unknown function> + 0x94ac3 (0x7d53d7b25ac3 in /usr/lib/x86_64-linux-gnu/libc.so.6)
frame #6: <unknown function> + 0x126850 (0x7d53d7bb7850 in /usr/lib/x86_64-linux-gnu/libc.so.6)

