V0913 21:58:29.107000 2595211 torch/_dynamo/guards.py:4786] [0/0] [__guards] GUARDS:
V0913 21:58:29.107000 2595211 torch/_dynamo/guards.py:4483] [0/0] [__guards] 
V0913 21:58:29.107000 2595211 torch/_dynamo/guards.py:4483] [0/0] [__guards] TREE_GUARD_MANAGER:
V0913 21:58:29.107000 2595211 torch/_dynamo/guards.py:4483] [0/0] [__guards] +- RootGuardManager
V0913 21:58:29.107000 2595211 torch/_dynamo/guards.py:4483] [0/0] [__guards] | +- LAMBDA_GUARD: torch._functorch.aot_autograd.utils.top_saved_tensors_hooks ids == None  # _dynamo/output_graph.py:1135 in init_ambient_guards
V0913 21:58:29.107000 2595211 torch/_dynamo/guards.py:4483] [0/0] [__guards] | +- GLOBAL_STATE: ___check_global_state() against {"allow_bf16_reduce":0,"allow_fp16_reduce":0,"allow_tf32":false,"autocast_state":{"cached_enabled":true,"dtype":[15,5,5,15,5,5,15,15,5,5],"enabled":[false,false,false,false,false,false,false,false,false,false]},"default_dtype":6,"deterministic_algorithms":false,"deterministic_algorithms_warn_only":false,"grad_mode":true,"num_threads":16,"torch_function":true,"torch_function_all_disabled":false}
V0913 21:58:29.107000 2595211 torch/_dynamo/guards.py:4483] [0/0] [__guards] | +- TORCH_FUNCTION_MODE_STACK: ___check_torch_function_mode_stack()
V0913 21:58:29.107000 2595211 torch/_dynamo/guards.py:4483] [0/0] [__guards] | +- DEFAULT_DEVICE: utils_device.CURRENT_DEVICE == None                           # _dynamo/output_graph.py:1122 in init_ambient_guards
V0913 21:58:29.107000 2595211 torch/_dynamo/guards.py:4483] [0/0] [__guards] | +- GuardManager: source=L['x'], accessed_by=FrameLocalsGuardAccessor(key='x', framelocals_idx=0), type=<class 'torch.Tensor'>, tag_safe=(False, False)
V0913 21:58:29.107000 2595211 torch/_dynamo/guards.py:4483] [0/0] [__guards] | | +- TENSOR_MATCH: check_tensor(L['x'], Tensor, DispatchKeySet(CPU, BackendSelect, ADInplaceOrView, AutogradCPU), torch.float32, device=None, requires_grad=False, size=[8, 128], stride=[128, 1])  # return (x * scale).relu().sum()  # work/guard_seq.py:5 in f
V0913 21:58:29.107000 2595211 torch/_dynamo/guards.py:4483] [0/0] [__guards] | | +- DIMENSION_DYNAMIC_MARKING_GUARD: hasattr(L['x'], '_dynamo_dynamic_indices') == False           # return (x * scale).relu().sum()  # work/guard_seq.py:5 in f
V0913 21:58:29.107000 2595211 torch/_dynamo/guards.py:4483] [0/0] [__guards] | | +- DIMENSION_DYNAMIC_MARKING_GUARD: hasattr(L['x'], '_dynamo_weak_dynamic_indices') == False      # return (x * scale).relu().sum()  # work/guard_seq.py:5 in f
V0913 21:58:29.107000 2595211 torch/_dynamo/guards.py:4483] [0/0] [__guards] | | +- DIMENSION_DYNAMIC_MARKING_GUARD: hasattr(L['x'], '_dynamo_unbacked_indices') == False          # return (x * scale).relu().sum()  # work/guard_seq.py:5 in f
V0913 21:58:29.107000 2595211 torch/_dynamo/guards.py:4483] [0/0] [__guards] | | +- DIMENSION_DYNAMIC_MARKING_GUARD: hasattr(L['x'], '_dynamo_strict_unbacked_indices') == False   # return (x * scale).relu().sum()  # work/guard_seq.py:5 in f
V0913 21:58:29.107000 2595211 torch/_dynamo/guards.py:4483] [0/0] [__guards] | | +- DIMENSION_DYNAMIC_MARKING_GUARD: hasattr(L['x'], '_dynamo_static_indices') == False            # return (x * scale).relu().sum()  # work/guard_seq.py:5 in f
V0913 21:58:29.107000 2595211 torch/_dynamo/guards.py:4483] [0/0] [__guards] | +- GuardManager: source=L['scale'], accessed_by=FrameLocalsGuardAccessor(key='scale', framelocals_idx=1), type=<class 'float'>, tag_safe=(False, False)
V0913 21:58:29.107000 2595211 torch/_dynamo/guards.py:4483] [0/0] [__guards] | | +- EQUALS_MATCH: L['scale'] == 2.0                                             # return (x * scale).relu().sum()  # work/guard_seq.py:5 in f
V0913 21:58:29.107000 2595211 torch/_dynamo/guards.py:4483] [0/0] [__guards] 
V0913 21:58:29.114000 2595211 torch/_dynamo/guards.py:4519] [0/0] [__guards] Guard eval latency = 4.68 us
V0913 21:58:29.122000 2595211 torch/_dynamo/guards.py:5396] [0/1] [__recompiles] Recompiling function f in /scratch/learn/work/guard_seq.py:4
V0913 21:58:29.122000 2595211 torch/_dynamo/guards.py:5396] [0/1] [__recompiles]     triggered by the following guard failure(s):
V0913 21:58:29.122000 2595211 torch/_dynamo/guards.py:5396] [0/1] [__recompiles]     - 0/0: scale == 2.0                                             # return (x * scale).relu().sum()  # work/guard_seq.py:5 in f
V0913 21:58:29.122000 2595211 torch/_dynamo/guards.py:5396] [0/1] [__recompiles]     - User stack trace:
V0913 21:58:29.122000 2595211 torch/_dynamo/guards.py:5396] [0/1] [__recompiles]     -   File "/scratch/learn/work/guard_seq.py", line 5, in f
V0913 21:58:29.122000 2595211 torch/_dynamo/guards.py:5396] [0/1] [__recompiles]     -     return (x * scale).relu().sum()
V0913 21:58:29.132000 2595211 torch/_dynamo/guards.py:4786] [0/1] [__guards] GUARDS:
V0913 21:58:29.132000 2595211 torch/_dynamo/guards.py:4483] [0/1] [__guards] 
V0913 21:58:29.132000 2595211 torch/_dynamo/guards.py:4483] [0/1] [__guards] TREE_GUARD_MANAGER:
V0913 21:58:29.132000 2595211 torch/_dynamo/guards.py:4483] [0/1] [__guards] +- RootGuardManager
V0913 21:58:29.132000 2595211 torch/_dynamo/guards.py:4483] [0/1] [__guards] | +- LAMBDA_GUARD: torch._functorch.aot_autograd.utils.top_saved_tensors_hooks ids == None  # _dynamo/output_graph.py:1135 in init_ambient_guards
V0913 21:58:29.132000 2595211 torch/_dynamo/guards.py:4483] [0/1] [__guards] | +- GLOBAL_STATE: ___check_global_state() against {"allow_bf16_reduce":0,"allow_fp16_reduce":0,"allow_tf32":false,"autocast_state":{"cached_enabled":true,"dtype":[15,5,5,15,5,5,15,15,5,5],"enabled":[false,false,false,false,false,false,false,false,false,false]},"default_dtype":6,"deterministic_algorithms":false,"deterministic_algorithms_warn_only":false,"grad_mode":true,"num_threads":16,"torch_function":true,"torch_function_all_disabled":false}
V0913 21:58:29.132000 2595211 torch/_dynamo/guards.py:4483] [0/1] [__guards] | +- TORCH_FUNCTION_MODE_STACK: ___check_torch_function_mode_stack()
V0913 21:58:29.132000 2595211 torch/_dynamo/guards.py:4483] [0/1] [__guards] | +- DEFAULT_DEVICE: utils_device.CURRENT_DEVICE == None                           # _dynamo/output_graph.py:1122 in init_ambient_guards
V0913 21:58:29.132000 2595211 torch/_dynamo/guards.py:4483] [0/1] [__guards] | +- GuardManager: source=L['x'], accessed_by=FrameLocalsGuardAccessor(key='x', framelocals_idx=0), type=<class 'torch.Tensor'>, tag_safe=(False, False)
V0913 21:58:29.132000 2595211 torch/_dynamo/guards.py:4483] [0/1] [__guards] | | +- TENSOR_MATCH: check_tensor(L['x'], Tensor, DispatchKeySet(CPU, BackendSelect, ADInplaceOrView, AutogradCPU), torch.float32, device=None, requires_grad=False, size=[8, 128], stride=[128, 1])  # return (x * scale).relu().sum()  # work/guard_seq.py:5 in f
V0913 21:58:29.132000 2595211 torch/_dynamo/guards.py:4483] [0/1] [__guards] | | +- DIMENSION_DYNAMIC_MARKING_GUARD: hasattr(L['x'], '_dynamo_dynamic_indices') == False           # return (x * scale).relu().sum()  # work/guard_seq.py:5 in f
V0913 21:58:29.132000 2595211 torch/_dynamo/guards.py:4483] [0/1] [__guards] | | +- DIMENSION_DYNAMIC_MARKING_GUARD: hasattr(L['x'], '_dynamo_weak_dynamic_indices') == False      # return (x * scale).relu().sum()  # work/guard_seq.py:5 in f
V0913 21:58:29.132000 2595211 torch/_dynamo/guards.py:4483] [0/1] [__guards] | | +- DIMENSION_DYNAMIC_MARKING_GUARD: hasattr(L['x'], '_dynamo_unbacked_indices') == False          # return (x * scale).relu().sum()  # work/guard_seq.py:5 in f
V0913 21:58:29.132000 2595211 torch/_dynamo/guards.py:4483] [0/1] [__guards] | | +- DIMENSION_DYNAMIC_MARKING_GUARD: hasattr(L['x'], '_dynamo_strict_unbacked_indices') == False   # return (x * scale).relu().sum()  # work/guard_seq.py:5 in f
V0913 21:58:29.132000 2595211 torch/_dynamo/guards.py:4483] [0/1] [__guards] | | +- DIMENSION_DYNAMIC_MARKING_GUARD: hasattr(L['x'], '_dynamo_static_indices') == False            # return (x * scale).relu().sum()  # work/guard_seq.py:5 in f
V0913 21:58:29.132000 2595211 torch/_dynamo/guards.py:4483] [0/1] [__guards] | +- GuardManager: source=L['scale'], accessed_by=FrameLocalsGuardAccessor(key='scale', framelocals_idx=1), type=<class 'float'>, tag_safe=(False, False)
V0913 21:58:29.132000 2595211 torch/_dynamo/guards.py:4483] [0/1] [__guards] | | +- EQUALS_MATCH: L['scale'] == 3.0                                             # return (x * scale).relu().sum()  # work/guard_seq.py:5 in f
V0913 21:58:29.132000 2595211 torch/_dynamo/guards.py:4483] [0/1] [__guards] 
V0913 21:58:29.140000 2595211 torch/_dynamo/guards.py:4519] [0/1] [__guards] Guard eval latency = 16.63 us
V0913 21:58:29.141000 2595211 torch/_dynamo/guards.py:5396] [0/2] [__recompiles] Recompiling function f in /scratch/learn/work/guard_seq.py:4
V0913 21:58:29.141000 2595211 torch/_dynamo/guards.py:5396] [0/2] [__recompiles]     triggered by the following guard failure(s):
V0913 21:58:29.141000 2595211 torch/_dynamo/guards.py:5396] [0/2] [__recompiles]     - 0/1: scale == 3.0                                             # return (x * scale).relu().sum()  # work/guard_seq.py:5 in f
V0913 21:58:29.141000 2595211 torch/_dynamo/guards.py:5396] [0/2] [__recompiles]     - User stack trace:
V0913 21:58:29.141000 2595211 torch/_dynamo/guards.py:5396] [0/2] [__recompiles]     -   File "/scratch/learn/work/guard_seq.py", line 5, in f
V0913 21:58:29.141000 2595211 torch/_dynamo/guards.py:5396] [0/2] [__recompiles]     -     return (x * scale).relu().sum()
V0913 21:58:29.141000 2595211 torch/_dynamo/guards.py:5396] [0/2] [__recompiles]     - 0/0: scale == 2.0                                             # return (x * scale).relu().sum()  # work/guard_seq.py:5 in f
V0913 21:58:29.141000 2595211 torch/_dynamo/guards.py:5396] [0/2] [__recompiles]     - User stack trace:
V0913 21:58:29.141000 2595211 torch/_dynamo/guards.py:5396] [0/2] [__recompiles]     -   File "/scratch/learn/work/guard_seq.py", line 5, in f
V0913 21:58:29.141000 2595211 torch/_dynamo/guards.py:5396] [0/2] [__recompiles]     -     return (x * scale).relu().sum()
V0913 21:58:29.149000 2595211 torch/_dynamo/guards.py:4786] [0/2] [__guards] GUARDS:
V0913 21:58:29.149000 2595211 torch/_dynamo/guards.py:4483] [0/2] [__guards] 
V0913 21:58:29.149000 2595211 torch/_dynamo/guards.py:4483] [0/2] [__guards] TREE_GUARD_MANAGER:
V0913 21:58:29.149000 2595211 torch/_dynamo/guards.py:4483] [0/2] [__guards] +- RootGuardManager
V0913 21:58:29.149000 2595211 torch/_dynamo/guards.py:4483] [0/2] [__guards] | +- LAMBDA_GUARD: torch._functorch.aot_autograd.utils.top_saved_tensors_hooks ids == None  # _dynamo/output_graph.py:1135 in init_ambient_guards
V0913 21:58:29.149000 2595211 torch/_dynamo/guards.py:4483] [0/2] [__guards] | +- GLOBAL_STATE: ___check_global_state() against {"allow_bf16_reduce":0,"allow_fp16_reduce":0,"allow_tf32":false,"autocast_state":{"cached_enabled":true,"dtype":[15,5,5,15,5,5,15,15,5,5],"enabled":[false,false,false,false,false,false,false,false,false,false]},"default_dtype":6,"deterministic_algorithms":false,"deterministic_algorithms_warn_only":false,"grad_mode":true,"num_threads":16,"torch_function":true,"torch_function_all_disabled":false}
V0913 21:58:29.149000 2595211 torch/_dynamo/guards.py:4483] [0/2] [__guards] | +- TORCH_FUNCTION_MODE_STACK: ___check_torch_function_mode_stack()
V0913 21:58:29.149000 2595211 torch/_dynamo/guards.py:4483] [0/2] [__guards] | +- DEFAULT_DEVICE: utils_device.CURRENT_DEVICE == None                           # _dynamo/output_graph.py:1122 in init_ambient_guards
V0913 21:58:29.149000 2595211 torch/_dynamo/guards.py:4483] [0/2] [__guards] | +- GuardManager: source=L['x'], accessed_by=FrameLocalsGuardAccessor(key='x', framelocals_idx=0), type=<class 'torch.Tensor'>, tag_safe=(False, False)
V0913 21:58:29.149000 2595211 torch/_dynamo/guards.py:4483] [0/2] [__guards] | | +- TENSOR_MATCH: check_tensor(L['x'], Tensor, DispatchKeySet(CPU, BackendSelect, ADInplaceOrView, AutogradCPU), torch.float32, device=None, requires_grad=False, size=[8, 128], stride=[128, 1])  # return (x * scale).relu().sum()  # work/guard_seq.py:5 in f
V0913 21:58:29.149000 2595211 torch/_dynamo/guards.py:4483] [0/2] [__guards] | | +- DIMENSION_DYNAMIC_MARKING_GUARD: hasattr(L['x'], '_dynamo_dynamic_indices') == False           # return (x * scale).relu().sum()  # work/guard_seq.py:5 in f
V0913 21:58:29.149000 2595211 torch/_dynamo/guards.py:4483] [0/2] [__guards] | | +- DIMENSION_DYNAMIC_MARKING_GUARD: hasattr(L['x'], '_dynamo_weak_dynamic_indices') == False      # return (x * scale).relu().sum()  # work/guard_seq.py:5 in f
V0913 21:58:29.149000 2595211 torch/_dynamo/guards.py:4483] [0/2] [__guards] | | +- DIMENSION_DYNAMIC_MARKING_GUARD: hasattr(L['x'], '_dynamo_unbacked_indices') == False          # return (x * scale).relu().sum()  # work/guard_seq.py:5 in f
V0913 21:58:29.149000 2595211 torch/_dynamo/guards.py:4483] [0/2] [__guards] | | +- DIMENSION_DYNAMIC_MARKING_GUARD: hasattr(L['x'], '_dynamo_strict_unbacked_indices') == False   # return (x * scale).relu().sum()  # work/guard_seq.py:5 in f
V0913 21:58:29.149000 2595211 torch/_dynamo/guards.py:4483] [0/2] [__guards] | | +- DIMENSION_DYNAMIC_MARKING_GUARD: hasattr(L['x'], '_dynamo_static_indices') == False            # return (x * scale).relu().sum()  # work/guard_seq.py:5 in f
V0913 21:58:29.149000 2595211 torch/_dynamo/guards.py:4483] [0/2] [__guards] | +- GuardManager: source=L['scale'], accessed_by=FrameLocalsGuardAccessor(key='scale', framelocals_idx=1), type=<class 'int'>, tag_safe=(False, False)
V0913 21:58:29.149000 2595211 torch/_dynamo/guards.py:4483] [0/2] [__guards] | | +- EQUALS_MATCH: L['scale'] == 2                                               # return (x * scale).relu().sum()  # work/guard_seq.py:5 in f
V0913 21:58:29.149000 2595211 torch/_dynamo/guards.py:4483] [0/2] [__guards] 
V0913 21:58:29.156000 2595211 torch/_dynamo/guards.py:4519] [0/2] [__guards] Guard eval latency = 4.27 us
V0913 21:58:29.157000 2595211 torch/_dynamo/guards.py:5396] [0/3] [__recompiles] Recompiling function f in /scratch/learn/work/guard_seq.py:4
V0913 21:58:29.157000 2595211 torch/_dynamo/guards.py:5396] [0/3] [__recompiles]     triggered by the following guard failure(s):
V0913 21:58:29.157000 2595211 torch/_dynamo/guards.py:5396] [0/3] [__recompiles]     - 0/2: tensor 'x' size mismatch at index 0. expected 8, actual 9
V0913 21:58:29.157000 2595211 torch/_dynamo/guards.py:5396] [0/3] [__recompiles]     - 0/1: scale == 3.0                                             # return (x * scale).relu().sum()  # work/guard_seq.py:5 in f
V0913 21:58:29.157000 2595211 torch/_dynamo/guards.py:5396] [0/3] [__recompiles]     - User stack trace:
V0913 21:58:29.157000 2595211 torch/_dynamo/guards.py:5396] [0/3] [__recompiles]     -   File "/scratch/learn/work/guard_seq.py", line 5, in f
V0913 21:58:29.157000 2595211 torch/_dynamo/guards.py:5396] [0/3] [__recompiles]     -     return (x * scale).relu().sum()
V0913 21:58:29.157000 2595211 torch/_dynamo/guards.py:5396] [0/3] [__recompiles]     - 0/0: tensor 'x' size mismatch at index 0. expected 8, actual 9
V0913 21:58:29.165000 2595211 torch/_dynamo/guards.py:4786] [0/3] [__guards] GUARDS:
V0913 21:58:29.165000 2595211 torch/_dynamo/guards.py:4483] [0/3] [__guards] 
V0913 21:58:29.165000 2595211 torch/_dynamo/guards.py:4483] [0/3] [__guards] TREE_GUARD_MANAGER:
V0913 21:58:29.165000 2595211 torch/_dynamo/guards.py:4483] [0/3] [__guards] +- RootGuardManager
V0913 21:58:29.165000 2595211 torch/_dynamo/guards.py:4483] [0/3] [__guards] | +- LAMBDA_GUARD: torch._functorch.aot_autograd.utils.top_saved_tensors_hooks ids == None  # _dynamo/output_graph.py:1135 in init_ambient_guards
V0913 21:58:29.165000 2595211 torch/_dynamo/guards.py:4483] [0/3] [__guards] | +- GLOBAL_STATE: ___check_global_state() against {"allow_bf16_reduce":0,"allow_fp16_reduce":0,"allow_tf32":false,"autocast_state":{"cached_enabled":true,"dtype":[15,5,5,15,5,5,15,15,5,5],"enabled":[false,false,false,false,false,false,false,false,false,false]},"default_dtype":6,"deterministic_algorithms":false,"deterministic_algorithms_warn_only":false,"grad_mode":true,"num_threads":16,"torch_function":true,"torch_function_all_disabled":false}
V0913 21:58:29.165000 2595211 torch/_dynamo/guards.py:4483] [0/3] [__guards] | +- TORCH_FUNCTION_MODE_STACK: ___check_torch_function_mode_stack()
V0913 21:58:29.165000 2595211 torch/_dynamo/guards.py:4483] [0/3] [__guards] | +- DEFAULT_DEVICE: utils_device.CURRENT_DEVICE == None                           # _dynamo/output_graph.py:1122 in init_ambient_guards
V0913 21:58:29.165000 2595211 torch/_dynamo/guards.py:4483] [0/3] [__guards] | +- GuardManager: source=L['x'], accessed_by=FrameLocalsGuardAccessor(key='x', framelocals_idx=0), type=<class 'torch.Tensor'>, tag_safe=(False, False)
V0913 21:58:29.165000 2595211 torch/_dynamo/guards.py:4483] [0/3] [__guards] | | +- TENSOR_MATCH: check_tensor(L['x'], Tensor, DispatchKeySet(CPU, BackendSelect, ADInplaceOrView, AutogradCPU), torch.float32, device=None, requires_grad=False, size=[9, 128], stride=[128, 1])  # return (x * scale).relu().sum()  # work/guard_seq.py:5 in f
V0913 21:58:29.165000 2595211 torch/_dynamo/guards.py:4483] [0/3] [__guards] | | +- DIMENSION_DYNAMIC_MARKING_GUARD: hasattr(L['x'], '_dynamo_dynamic_indices') == False           # return (x * scale).relu().sum()  # work/guard_seq.py:5 in f
V0913 21:58:29.165000 2595211 torch/_dynamo/guards.py:4483] [0/3] [__guards] | | +- DIMENSION_DYNAMIC_MARKING_GUARD: hasattr(L['x'], '_dynamo_weak_dynamic_indices') == False      # return (x * scale).relu().sum()  # work/guard_seq.py:5 in f
V0913 21:58:29.165000 2595211 torch/_dynamo/guards.py:4483] [0/3] [__guards] | | +- DIMENSION_DYNAMIC_MARKING_GUARD: hasattr(L['x'], '_dynamo_unbacked_indices') == False          # return (x * scale).relu().sum()  # work/guard_seq.py:5 in f
V0913 21:58:29.165000 2595211 torch/_dynamo/guards.py:4483] [0/3] [__guards] | | +- DIMENSION_DYNAMIC_MARKING_GUARD: hasattr(L['x'], '_dynamo_strict_unbacked_indices') == False   # return (x * scale).relu().sum()  # work/guard_seq.py:5 in f
V0913 21:58:29.165000 2595211 torch/_dynamo/guards.py:4483] [0/3] [__guards] | | +- DIMENSION_DYNAMIC_MARKING_GUARD: hasattr(L['x'], '_dynamo_static_indices') == False            # return (x * scale).relu().sum()  # work/guard_seq.py:5 in f
V0913 21:58:29.165000 2595211 torch/_dynamo/guards.py:4483] [0/3] [__guards] | +- GuardManager: source=L['scale'], accessed_by=FrameLocalsGuardAccessor(key='scale', framelocals_idx=1), type=<class 'float'>, tag_safe=(False, False)
V0913 21:58:29.165000 2595211 torch/_dynamo/guards.py:4483] [0/3] [__guards] | | +- EQUALS_MATCH: L['scale'] == 2.0                                             # return (x * scale).relu().sum()  # work/guard_seq.py:5 in f
V0913 21:58:29.165000 2595211 torch/_dynamo/guards.py:4483] [0/3] [__guards] 
V0913 21:58:29.171000 2595211 torch/_dynamo/guards.py:4519] [0/3] [__guards] Guard eval latency = 4.62 us
V0913 21:58:29.172000 2595211 torch/_dynamo/guards.py:5396] [0/4] [__recompiles] Recompiling function f in /scratch/learn/work/guard_seq.py:4
V0913 21:58:29.172000 2595211 torch/_dynamo/guards.py:5396] [0/4] [__recompiles]     triggered by the following guard failure(s):
V0913 21:58:29.172000 2595211 torch/_dynamo/guards.py:5396] [0/4] [__recompiles]     - 0/3: tensor 'x' rank mismatch. expected 2, actual 3
V0913 21:58:29.172000 2595211 torch/_dynamo/guards.py:5396] [0/4] [__recompiles]     - 0/2: tensor 'x' rank mismatch. expected 2, actual 3
V0913 21:58:29.172000 2595211 torch/_dynamo/guards.py:5396] [0/4] [__recompiles]     - 0/1: scale == 3.0                                             # return (x * scale).relu().sum()  # work/guard_seq.py:5 in f
V0913 21:58:29.172000 2595211 torch/_dynamo/guards.py:5396] [0/4] [__recompiles]     - User stack trace:
V0913 21:58:29.172000 2595211 torch/_dynamo/guards.py:5396] [0/4] [__recompiles]     -   File "/scratch/learn/work/guard_seq.py", line 5, in f
V0913 21:58:29.172000 2595211 torch/_dynamo/guards.py:5396] [0/4] [__recompiles]     -     return (x * scale).relu().sum()
V0913 21:58:29.172000 2595211 torch/_dynamo/guards.py:5396] [0/4] [__recompiles]     - 0/0: tensor 'x' rank mismatch. expected 2, actual 3
V0913 21:58:29.180000 2595211 torch/_dynamo/guards.py:4786] [0/4] [__guards] GUARDS:
V0913 21:58:29.180000 2595211 torch/_dynamo/guards.py:4483] [0/4] [__guards] 
V0913 21:58:29.180000 2595211 torch/_dynamo/guards.py:4483] [0/4] [__guards] TREE_GUARD_MANAGER:
V0913 21:58:29.180000 2595211 torch/_dynamo/guards.py:4483] [0/4] [__guards] +- RootGuardManager
V0913 21:58:29.180000 2595211 torch/_dynamo/guards.py:4483] [0/4] [__guards] | +- LAMBDA_GUARD: torch._functorch.aot_autograd.utils.top_saved_tensors_hooks ids == None  # _dynamo/output_graph.py:1135 in init_ambient_guards
V0913 21:58:29.180000 2595211 torch/_dynamo/guards.py:4483] [0/4] [__guards] | +- GLOBAL_STATE: ___check_global_state() against {"allow_bf16_reduce":0,"allow_fp16_reduce":0,"allow_tf32":false,"autocast_state":{"cached_enabled":true,"dtype":[15,5,5,15,5,5,15,15,5,5],"enabled":[false,false,false,false,false,false,false,false,false,false]},"default_dtype":6,"deterministic_algorithms":false,"deterministic_algorithms_warn_only":false,"grad_mode":true,"num_threads":16,"torch_function":true,"torch_function_all_disabled":false}
V0913 21:58:29.180000 2595211 torch/_dynamo/guards.py:4483] [0/4] [__guards] | +- TORCH_FUNCTION_MODE_STACK: ___check_torch_function_mode_stack()
V0913 21:58:29.180000 2595211 torch/_dynamo/guards.py:4483] [0/4] [__guards] | +- DEFAULT_DEVICE: utils_device.CURRENT_DEVICE == None                           # _dynamo/output_graph.py:1122 in init_ambient_guards
V0913 21:58:29.180000 2595211 torch/_dynamo/guards.py:4483] [0/4] [__guards] | +- GuardManager: source=L['x'], accessed_by=FrameLocalsGuardAccessor(key='x', framelocals_idx=0), type=<class 'torch.Tensor'>, tag_safe=(False, False)
V0913 21:58:29.180000 2595211 torch/_dynamo/guards.py:4483] [0/4] [__guards] | | +- TENSOR_MATCH: check_tensor(L['x'], Tensor, DispatchKeySet(CPU, BackendSelect, ADInplaceOrView, AutogradCPU), torch.float32, device=None, requires_grad=False, size=[2, 4, 128], stride=[512, 128, 1])  # return (x * scale).relu().sum()  # work/guard_seq.py:5 in f
V0913 21:58:29.180000 2595211 torch/_dynamo/guards.py:4483] [0/4] [__guards] | | +- DIMENSION_DYNAMIC_MARKING_GUARD: hasattr(L['x'], '_dynamo_dynamic_indices') == False           # return (x * scale).relu().sum()  # work/guard_seq.py:5 in f
V0913 21:58:29.180000 2595211 torch/_dynamo/guards.py:4483] [0/4] [__guards] | | +- DIMENSION_DYNAMIC_MARKING_GUARD: hasattr(L['x'], '_dynamo_weak_dynamic_indices') == False      # return (x * scale).relu().sum()  # work/guard_seq.py:5 in f
V0913 21:58:29.180000 2595211 torch/_dynamo/guards.py:4483] [0/4] [__guards] | | +- DIMENSION_DYNAMIC_MARKING_GUARD: hasattr(L['x'], '_dynamo_unbacked_indices') == False          # return (x * scale).relu().sum()  # work/guard_seq.py:5 in f
V0913 21:58:29.180000 2595211 torch/_dynamo/guards.py:4483] [0/4] [__guards] | | +- DIMENSION_DYNAMIC_MARKING_GUARD: hasattr(L['x'], '_dynamo_strict_unbacked_indices') == False   # return (x * scale).relu().sum()  # work/guard_seq.py:5 in f
V0913 21:58:29.180000 2595211 torch/_dynamo/guards.py:4483] [0/4] [__guards] | | +- DIMENSION_DYNAMIC_MARKING_GUARD: hasattr(L['x'], '_dynamo_static_indices') == False            # return (x * scale).relu().sum()  # work/guard_seq.py:5 in f
V0913 21:58:29.180000 2595211 torch/_dynamo/guards.py:4483] [0/4] [__guards] | +- GuardManager: source=L['scale'], accessed_by=FrameLocalsGuardAccessor(key='scale', framelocals_idx=1), type=<class 'float'>, tag_safe=(False, False)
V0913 21:58:29.180000 2595211 torch/_dynamo/guards.py:4483] [0/4] [__guards] | | +- EQUALS_MATCH: L['scale'] == 2.0                                             # return (x * scale).relu().sum()  # work/guard_seq.py:5 in f
V0913 21:58:29.180000 2595211 torch/_dynamo/guards.py:4483] [0/4] [__guards] 
V0913 21:58:29.186000 2595211 torch/_dynamo/guards.py:4519] [0/4] [__guards] Guard eval latency = 5.36 us
V0913 21:58:29.187000 2595211 torch/_dynamo/guards.py:5396] [0/5] [__recompiles] Recompiling function f in /scratch/learn/work/guard_seq.py:4
V0913 21:58:29.187000 2595211 torch/_dynamo/guards.py:5396] [0/5] [__recompiles]     triggered by the following guard failure(s):
V0913 21:58:29.187000 2595211 torch/_dynamo/guards.py:5396] [0/5] [__recompiles]     - 0/4: tensor 'x' dtype mismatch. expected Float, actual Double
V0913 21:58:29.187000 2595211 torch/_dynamo/guards.py:5396] [0/5] [__recompiles]     - 0/3: tensor 'x' dtype mismatch. expected Float, actual Double
V0913 21:58:29.187000 2595211 torch/_dynamo/guards.py:5396] [0/5] [__recompiles]     - 0/2: tensor 'x' dtype mismatch. expected Float, actual Double
V0913 21:58:29.187000 2595211 torch/_dynamo/guards.py:5396] [0/5] [__recompiles]     - 0/1: scale == 3.0                                             # return (x * scale).relu().sum()  # work/guard_seq.py:5 in f
V0913 21:58:29.187000 2595211 torch/_dynamo/guards.py:5396] [0/5] [__recompiles]     - User stack trace:
V0913 21:58:29.187000 2595211 torch/_dynamo/guards.py:5396] [0/5] [__recompiles]     -   File "/scratch/learn/work/guard_seq.py", line 5, in f
V0913 21:58:29.187000 2595211 torch/_dynamo/guards.py:5396] [0/5] [__recompiles]     -     return (x * scale).relu().sum()
V0913 21:58:29.187000 2595211 torch/_dynamo/guards.py:5396] [0/5] [__recompiles]     - 0/0: tensor 'x' dtype mismatch. expected Float, actual Double
V0913 21:58:29.195000 2595211 torch/_dynamo/guards.py:4786] [0/5] [__guards] GUARDS:
V0913 21:58:29.195000 2595211 torch/_dynamo/guards.py:4483] [0/5] [__guards] 
V0913 21:58:29.195000 2595211 torch/_dynamo/guards.py:4483] [0/5] [__guards] TREE_GUARD_MANAGER:
V0913 21:58:29.195000 2595211 torch/_dynamo/guards.py:4483] [0/5] [__guards] +- RootGuardManager
V0913 21:58:29.195000 2595211 torch/_dynamo/guards.py:4483] [0/5] [__guards] | +- LAMBDA_GUARD: torch._functorch.aot_autograd.utils.top_saved_tensors_hooks ids == None  # _dynamo/output_graph.py:1135 in init_ambient_guards
V0913 21:58:29.195000 2595211 torch/_dynamo/guards.py:4483] [0/5] [__guards] | +- GLOBAL_STATE: ___check_global_state() against {"allow_bf16_reduce":0,"allow_fp16_reduce":0,"allow_tf32":false,"autocast_state":{"cached_enabled":true,"dtype":[15,5,5,15,5,5,15,15,5,5],"enabled":[false,false,false,false,false,false,false,false,false,false]},"default_dtype":6,"deterministic_algorithms":false,"deterministic_algorithms_warn_only":false,"grad_mode":true,"num_threads":16,"torch_function":true,"torch_function_all_disabled":false}
V0913 21:58:29.195000 2595211 torch/_dynamo/guards.py:4483] [0/5] [__guards] | +- TORCH_FUNCTION_MODE_STACK: ___check_torch_function_mode_stack()
V0913 21:58:29.195000 2595211 torch/_dynamo/guards.py:4483] [0/5] [__guards] | +- DEFAULT_DEVICE: utils_device.CURRENT_DEVICE == None                           # _dynamo/output_graph.py:1122 in init_ambient_guards
V0913 21:58:29.195000 2595211 torch/_dynamo/guards.py:4483] [0/5] [__guards] | +- GuardManager: source=L['x'], accessed_by=FrameLocalsGuardAccessor(key='x', framelocals_idx=0), type=<class 'torch.Tensor'>, tag_safe=(False, False)
V0913 21:58:29.195000 2595211 torch/_dynamo/guards.py:4483] [0/5] [__guards] | | +- TENSOR_MATCH: check_tensor(L['x'], Tensor, DispatchKeySet(CPU, BackendSelect, ADInplaceOrView, AutogradCPU), torch.float64, device=None, requires_grad=False, size=[8, 128], stride=[128, 1])  # return (x * scale).relu().sum()  # work/guard_seq.py:5 in f
V0913 21:58:29.195000 2595211 torch/_dynamo/guards.py:4483] [0/5] [__guards] | | +- DIMENSION_DYNAMIC_MARKING_GUARD: hasattr(L['x'], '_dynamo_dynamic_indices') == False           # return (x * scale).relu().sum()  # work/guard_seq.py:5 in f
V0913 21:58:29.195000 2595211 torch/_dynamo/guards.py:4483] [0/5] [__guards] | | +- DIMENSION_DYNAMIC_MARKING_GUARD: hasattr(L['x'], '_dynamo_weak_dynamic_indices') == False      # return (x * scale).relu().sum()  # work/guard_seq.py:5 in f
V0913 21:58:29.195000 2595211 torch/_dynamo/guards.py:4483] [0/5] [__guards] | | +- DIMENSION_DYNAMIC_MARKING_GUARD: hasattr(L['x'], '_dynamo_unbacked_indices') == False          # return (x * scale).relu().sum()  # work/guard_seq.py:5 in f
V0913 21:58:29.195000 2595211 torch/_dynamo/guards.py:4483] [0/5] [__guards] | | +- DIMENSION_DYNAMIC_MARKING_GUARD: hasattr(L['x'], '_dynamo_strict_unbacked_indices') == False   # return (x * scale).relu().sum()  # work/guard_seq.py:5 in f
V0913 21:58:29.195000 2595211 torch/_dynamo/guards.py:4483] [0/5] [__guards] | | +- DIMENSION_DYNAMIC_MARKING_GUARD: hasattr(L['x'], '_dynamo_static_indices') == False            # return (x * scale).relu().sum()  # work/guard_seq.py:5 in f
V0913 21:58:29.195000 2595211 torch/_dynamo/guards.py:4483] [0/5] [__guards] | +- GuardManager: source=L['scale'], accessed_by=FrameLocalsGuardAccessor(key='scale', framelocals_idx=1), type=<class 'float'>, tag_safe=(False, False)
V0913 21:58:29.195000 2595211 torch/_dynamo/guards.py:4483] [0/5] [__guards] | | +- EQUALS_MATCH: L['scale'] == 2.0                                             # return (x * scale).relu().sum()  # work/guard_seq.py:5 in f
V0913 21:58:29.195000 2595211 torch/_dynamo/guards.py:4483] [0/5] [__guards] 
V0913 21:58:29.202000 2595211 torch/_dynamo/guards.py:4519] [0/5] [__guards] Guard eval latency = 3.53 us
OK   首次调用
OK   同样输入
OK   标量换值 3.0
OK   标量换成 int 2
OK   batch 8→9
OK   rank 2D→3D
OK   dtype fp32→fp64
OK   回到最初
