[轴 1] 抖动注入（freq=10, queue=4, latest）
    jitter00                           有效 1.000  miss 0.000  年龄 p50/p95 45.13/50.14 ms  drops {}
    jitter05                           有效 0.993  miss 0.000  年龄 p50/p95 46.71/339.87 ms  drops {'latest': 126}
    jitter20                           有效 0.993  miss 0.000  年龄 p50/p95 62.96/431.91 ms  drops {'latest': 92}
    jitter50                           有效 0.993  miss 0.000  年龄 p50/p95 98.41/330.49 ms  drops {'latest': 72}
[轴 2] 频率 × 队列容量 × 策略（jitter=20 ms）
    f05_q01_fifo                       有效 0.733  miss 0.000  年龄 p50/p95 50.02/232.78 ms  drops {'queue_full': 21}
    f05_q01_latest                     有效 0.733  miss 0.000  年龄 p50/p95 50.23/232.63 ms  drops {'queue_full': 21}
    f05_q01_drop-stale                 有效 0.733  miss 0.000  年龄 p50/p95 49.92/232.77 ms  drops {'queue_full': 21}
    f05_q04_fifo                       有效 0.987  miss 0.000  年龄 p50/p95 241.39/260.04 ms  drops {}
    f05_q04_latest                     有效 0.987  miss 0.000  年龄 p50/p95 58.0/828.79 ms  drops {'latest': 43}
    f05_q04_drop-stale                 有效 0.987  miss 0.000  年龄 p50/p95 57.62/828.8 ms  drops {'drop-stale': 43}
    f05_q16_fifo                       有效 0.987  miss 0.000  年龄 p50/p95 240.99/259.69 ms  drops {}
    f05_q16_latest                     有效 0.987  miss 0.000  年龄 p50/p95 57.99/829.09 ms  drops {'latest': 43}
    f05_q16_drop-stale                 有效 0.987  miss 0.000  年龄 p50/p95 58.78/829.43 ms  drops {'drop-stale': 43}
    f10_q01_fifo                       有效 0.767  miss 0.000  年龄 p50/p95 54.92/134.54 ms  drops {'queue_full': 36}
    f10_q01_latest                     有效 0.760  miss 0.000  年龄 p50/p95 55.67/134.89 ms  drops {'queue_full': 37}
    f10_q01_drop-stale                 有效 0.760  miss 0.000  年龄 p50/p95 56.9/136.43 ms  drops {'queue_full': 37}
    f10_q04_fifo                       有效 0.993  miss 0.000  年龄 p50/p95 142.89/166.03 ms  drops {}
    f10_q04_latest                     有效 0.993  miss 0.000  年龄 p50/p95 62.18/430.69 ms  drops {'latest': 91}
    f10_q04_drop-stale                 有效 0.993  miss 0.000  年龄 p50/p95 62.55/431.42 ms  drops {'drop-stale': 92}
    f10_q16_fifo                       有效 0.993  miss 0.000  年龄 p50/p95 142.46/165.05 ms  drops {}
    f10_q16_latest                     有效 0.993  miss 0.000  年龄 p50/p95 62.64/431.68 ms  drops {'latest': 92}
    f10_q16_drop-stale                 有效 0.993  miss 0.000  年龄 p50/p95 62.54/431.37 ms  drops {'drop-stale': 92}
    f20_q01_fifo                       有效 0.837  miss 0.000  年龄 p50/p95 57.26/80.33 ms  drops {'queue_full': 50}
    f20_q01_latest                     有效 0.837  miss 0.000  年龄 p50/p95 56.97/80.26 ms  drops {'queue_full': 50}
    f20_q01_drop-stale                 有效 0.837  miss 0.000  年龄 p50/p95 56.91/80.33 ms  drops {'queue_full': 50}
    f20_q04_fifo                       有效 0.997  miss 0.000  年龄 p50/p95 98.55/120.5 ms  drops {}
    f20_q04_latest                     有效 0.997  miss 0.000  年龄 p50/p95 60.82/281.28 ms  drops {'latest': 217}
    f20_q04_drop-stale                 有效 0.997  miss 0.000  年龄 p50/p95 61.02/234.31 ms  drops {'drop-stale': 219}
    f20_q16_fifo                       有效 0.997  miss 0.000  年龄 p50/p95 99.04/121.28 ms  drops {}
    f20_q16_latest                     有效 0.997  miss 0.000  年龄 p50/p95 60.39/234.44 ms  drops {'latest': 222}
    f20_q16_drop-stale                 有效 0.997  miss 0.000  年龄 p50/p95 60.92/284.42 ms  drops {'drop-stale': 214}
[轴 3] action chunk（freq=10, queue=4, latest, jitter=20 ms）
    chunk1                             有效 0.993  miss 0.000  年龄 p50/p95 62.64/339.88 ms  drops {'latest': 83}
    chunk4                             有效 0.993  miss 0.000  年龄 p50/p95 204.18/401.59 ms  drops {'queue_full': 110, 'latest': 111}
    chunk8                             有效 0.993  miss 0.000  年龄 p50/p95 401.67/723.4 ms  drops {'queue_full': 129, 'latest': 54}
写出 /scratch/learn/results/1.7/matrix_sleep_crater.json
