[sweep] rank=0/2 master=192.168.105.100:29921 host=sg-admin-260624-2348f-default0-0
/scratch/learn/envs/serve/lib/python3.12/site-packages/torch/distributed/c10d_logger.py:83: UserWarning: barrier(): using the device under current context. You can specify `device_id` in `init_process_group` to mute this warning.
  return func(*args, **kwargs)
  all_reduce          4KiB t=    0.165 ms
  all_reduce         16KiB t=    0.270 ms
  all_reduce         64KiB t=    0.678 ms
  all_reduce        256KiB t=    2.343 ms
  all_reduce          1MiB t=    9.057 ms
  all_reduce          4MiB t=   35.879 ms
/scratch/learn/envs/serve/lib/python3.12/site-packages/torch/distributed/c10d_logger.py:83: FutureWarning: `torch.distributed.all_gather_into_tensor` is deprecated. Please use `torch.distributed.all_gather_single` instead.
  return func(*args, **kwargs)
  all_gather          4KiB t=    0.129 ms
  all_gather         16KiB t=    0.235 ms
  all_gather         64KiB t=    0.670 ms
  all_gather        256KiB t=    2.344 ms
  all_gather          1MiB t=    9.065 ms
  all_gather          4MiB t=   35.957 ms
  reduce_scatter      4KiB t=    0.128 ms
/scratch/learn/envs/serve/lib/python3.12/site-packages/torch/distributed/c10d_logger.py:83: FutureWarning: `torch.distributed.reduce_scatter_tensor` is deprecated. Please use `torch.distributed.reduce_scatter_single` instead.
  return func(*args, **kwargs)
  reduce_scatter     16KiB t=    0.237 ms
  reduce_scatter     64KiB t=    0.669 ms
  reduce_scatter    256KiB t=    2.345 ms
  reduce_scatter      1MiB t=    9.084 ms
  reduce_scatter      4MiB t=   36.007 ms
  broadcast           4KiB t=    0.017 ms
  broadcast          16KiB t=    0.019 ms
  broadcast          64KiB t=    0.023 ms
  broadcast         256KiB t=    0.028 ms
  broadcast           1MiB t=    0.052 ms
  broadcast           4MiB t=    0.154 ms
  sendrecv            4KiB t=    0.146 ms
  sendrecv           16KiB t=    0.244 ms
  sendrecv           64KiB t=    0.672 ms
  sendrecv          256KiB t=    2.579 ms
  sendrecv            1MiB t=    9.055 ms
  sendrecv            4MiB t=   35.841 ms
[write] /scratch/learn/work/out/6.1/20260921-crosshost-iso/sweep.rank0.json
[write] /scratch/learn/work/out/6.1/20260921-crosshost-iso/manifest.rank0.json
/scratch/learn/envs/serve/lib/python3.12/site-packages/torch/distributed/c10d_logger.py:83: UserWarning: barrier(): using the device under current context. You can specify `device_id` in `init_process_group` to mute this warning.
  return func(*args, **kwargs)
