
==============================================================================
[A] processor 配置、手写 resize/normalize/patchify 与对拍
==============================================================================
  图像 processor：patch 16、temporal 2、merge 2、mean [0.5, 0.5, 0.5]、std [0.5, 0.5, 0.5]
  resize 边界（像素数）：最短边 65536、最长边 16777216  → 65536 = 256²，16777216 = 4096²
  视频 processor：Qwen3VLVideoProcessor，边界 {'longest_edge': 25165824, 'shortest_edge': 4096}，patch/temporal/merge 同上
  对齐因子 = patch × merge = 16 × 2 = 32

--- A1 手写 smart_resize 与官方 resize 对照 --------------------------------------
/scratch/learn/work/labs/L4/vision_preprocess.py:92: UserWarning: The given NumPy array is not writable, and PyTorch does not support non-writable tensors. This means writing to this tensor will result in undefined behavior. You may want to copy the array to protect its data or make it writable before converting it to a tensor. This type of warning will be suppressed for the rest of this program. (Triggered internally at /__w/pytorch/pytorch/torch/csrc/utils/tensor_numpy.cpp:213.)
  arr = torch.from_numpy(np.asarray(im)).float() / 255.0     # [H,W,3]
  img01_ocr_320x240.png      [320, 240] → [320, 256]  grid [1, 16, 20]  token 80    patch 320×1536  mean|diff| 6.77e-03  max 1.86e+00
  img02_count_320x240.png    [320, 240] → [320, 256]  grid [1, 16, 20]  token 80    patch 320×1536  mean|diff| 4.91e-02  max 1.75e+00
  img03_time_320x240.png     [320, 240] → [320, 256]  grid [1, 16, 20]  token 80    patch 320×1536  mean|diff| 5.20e-02  max 1.86e+00
  img04_ocr_640x480.png      [640, 480] → [640, 480]  grid [1, 30, 40]  token 300   patch 1200×1536  mean|diff| 1.76e-03  max 1.84e+00
  img11_count_480x640.png    [480, 640] → [480, 640]  grid [1, 40, 30]  token 300   patch 1200×1536  mean|diff| 3.61e-02  max 1.58e+00
  img12_time_480x640.png     [480, 640] → [480, 640]  grid [1, 40, 30]  token 300   patch 1200×1536  mean|diff| 3.98e-02  max 1.86e+00
  12 张图逐元素对拍：全部为 0 = False
  平均绝对差 5.71e-02（取值域 [-1,1]），超过 0.5 的元素占比最大 4.8824%
  形状与几何完全一致（grid_thw 与 patch 数逐张相同），残差集中在高对比细笔画像素上；原因未定位，见本章“陷阱”
  对照：把 patch 内顺序改成 (t,c,ph,pw)，平均绝对差最大 1.02e-01，是正确顺序的 1.8–66.7 倍 → 顺序判断是决定性的

已写出 out/4.5/20260913-vlm/vision_preprocess.json
