{
  "gradient_parity_fp64": {
    "beta": 0.1,
    "loss_value": 0.6443966600735709,
    "gradients": [
      -0.047502081252106004,
      0.047502081252106004
    ],
    "analytical_gradients": [
      -0.047502081252106004,
      0.047502081252106004
    ],
    "max_abs_error": 0.0
  },
  "failure_modes": {
    "different_lengths_equal_policy_reference": {
      "lengths": [
        50,
        5
      ],
      "policy_sequence_logprobs": [
        -11.157177565710485,
        -3.4657359027997265
      ],
      "reference_sequence_logprobs": [
        -11.157177565710485,
        -3.4657359027997265
      ],
      "loss": 0.6931471805599453,
      "gradients_with_frozen_reference": [
        -0.05,
        0.05
      ],
      "interpretation": "Sequence length alone does not create a nonzero policy/reference log-ratio."
    },
    "reference_aliases_policy_graph": {
      "loss": 0.6931471805599453,
      "policy_gradient": [
        0.0,
        0.0
      ],
      "interpretation": "Using the same differentiable logprob for policy and reference cancels gradients; independent unfrozen models do not necessarily collapse immediately."
    },
    "inverted_pairing": {
      "normal_gradient_for_original_chosen": -0.05,
      "inverted_gradient_for_original_chosen": 0.05,
      "inverted_loss": 0.6931471805599453
    },
    "injected_reference_offset": {
      "offset": [
        2.0,
        -1.0
      ],
      "loss_before": 0.6931471805599453,
      "loss_after": 0.8543552444685272,
      "scope": "logprob-level numerical example, not a tokenizer or task-quality measurement"
    }
  },
  "apo_gradients": [
    {
      "seed": 0,
      "variant": "apo_zero",
      "loss": 1.1779952809995022,
      "gradients": [
        -0.023438411398962,
        0.024718763431120575
      ],
      "max_abs_error": 3.469446951953614e-18
    },
    {
      "seed": 0,
      "variant": "apo_down",
      "loss": 1.0484352631294458,
      "gradients": [
        0.0014451258473768603,
        0.02199328555158514
      ],
      "max_abs_error": 3.469446951953614e-18
    },
    {
      "seed": 1,
      "variant": "apo_zero",
      "loss": 0.9449465148602914,
      "gradients": [
        -0.0248134460525459,
        0.024985930259171087
      ],
      "max_abs_error": 3.469446951953614e-18
    },
    {
      "seed": 1,
      "variant": "apo_down",
      "loss": 0.9882509964693493,
      "gradients": [
        0.00011529624508494763,
        0.02469814980746095
      ],
      "max_abs_error": 3.469446951953614e-18
    },
    {
      "seed": 2,
      "variant": "apo_zero",
      "loss": 1.1610696154339766,
      "gradients": [
        -0.02472945936446412,
        0.023810676824278246
      ],
      "max_abs_error": 3.469446951953614e-18
    },
    {
      "seed": 2,
      "variant": "apo_down",
      "loss": 1.1054825764785496,
      "gradients": [
        0.0022099614330917507,
        0.022519497931372368
      ],
      "max_abs_error": 0.0
    }
  ]
}
