[rank1]:[W913 18:59:00.168169616 TCPStore.cpp:138] [c10d] recvValueWithTimeout failed on SocketImpl(fd=3, addr=[localhost]:45094, remote=[localhost]:29604): Failed to recv, got 0 bytes. Connection was likely closed. Did the remote server shutdown or crash?
Exception raised from recvBytes at /__w/pytorch/pytorch/torch/csrc/distributed/c10d/Utils.hpp:787 (most recent call first):
frame #0: c10::Error::Error(c10::SourceLocation, std::__cxx11::basic_string<char, std::char_traits<char>, std::allocator<char> >) + 0x9d (0x7b30ed363bfd in /root/learn/envs/serve/lib/python3.12/site-packages/torch/lib/libc10.so)
frame #1: c10::DistError::DistError(c10::SourceLocation, std::__cxx11::basic_string<char, std::char_traits<char>, std::allocator<char> >) + 0x72 (0x7b30ed364bd2 in /root/learn/envs/serve/lib/python3.12/site-packages/torch/lib/libc10.so)
frame #2: c10::DistNetworkError::DistNetworkError(c10::SourceLocation, std::__cxx11::basic_string<char, std::char_traits<char>, std::allocator<char> >) + 0x72 (0x7b30ed365092 in /root/learn/envs/serve/lib/python3.12/site-packages/torch/lib/libc10.so)
frame #3: <unknown function> + 0x66ad16d (0x7b30560ad16d in /root/learn/envs/serve/lib/python3.12/site-packages/torch/lib/libtorch_cpu.so)
frame #4: <unknown function> + 0x66ae15b (0x7b30560ae15b in /root/learn/envs/serve/lib/python3.12/site-packages/torch/lib/libtorch_cpu.so)
frame #5: c10d::TCPStore::doWait(c10::ArrayRef<std::__cxx11::basic_string<char, std::char_traits<char>, std::allocator<char> > >, std::chrono::duration<long, std::ratio<1l, 1000l> >) + 0xc5 (0x7b30560a7625 in /root/learn/envs/serve/lib/python3.12/site-packages/torch/lib/libtorch_cpu.so)
frame #6: c10d::TCPStore::doGet(std::__cxx11::basic_string<char, std::char_traits<char>, std::allocator<char> > const&) + 0x2a (0x7b30560a81fa in /root/learn/envs/serve/lib/python3.12/site-packages/torch/lib/libtorch_cpu.so)
frame #7: c10d::TCPStore::get(std::__cxx11::basic_string<char, std::char_traits<char>, std::allocator<char> > const&) + 0x8e (0x7b30560a830e in /root/learn/envs/serve/lib/python3.12/site-packages/torch/lib/libtorch_cpu.so)
frame #8: c10d::PrefixStore::get(std::__cxx11::basic_string<char, std::char_traits<char>, std::allocator<char> > const&) + 0x36e (0x7b30560354ae in /root/learn/envs/serve/lib/python3.12/site-packages/torch/lib/libtorch_cpu.so)
frame #9: c10d::ProcessGroupNCCL::broadcastUniqueNCCLID(ncclUniqueId*, bool, std::__cxx11::basic_string<char, std::char_traits<char>, std::allocator<char> > const&, int) + 0x684 (0x7b3037f654b4 in /root/learn/envs/serve/lib/python3.12/site-packages/torch/lib/libtorch_cuda.so)
frame #10: c10d::ProcessGroupNCCL::initNCCLComm(std::__cxx11::basic_string<char, std::char_traits<char>, std::allocator<char> > const&, c10::Device&, c10d::OpType, int, bool) + 0x828 (0x7b3037f671e8 in /root/learn/envs/serve/lib/python3.12/site-packages/torch/lib/libtorch_cuda.so)
frame #11: <unknown function> + 0xf6d93c (0x7b3037f6d93c in /root/learn/envs/serve/lib/python3.12/site-packages/torch/lib/libtorch_cuda.so)
frame #12: c10d::ProcessGroupNCCL::allreduce_impl(at::Tensor&, char const*, c10d::AllreduceOptions const&) + 0xf2 (0x7b3037f6e0d2 in /root/learn/envs/serve/lib/python3.12/site-packages/torch/lib/libtorch_cuda.so)
frame #13: c10d::ProcessGroupNCCL::allreduce(std::vector<at::Tensor, std::allocator<at::Tensor> >&, c10d::AllreduceOptions const&) + 0x64d (0x7b3037f6e82d in /root/learn/envs/serve/lib/python3.12/site-packages/torch/lib/libtorch_cuda.so)
frame #14: <unknown function> + 0x6627df1 (0x7b3056027df1 in /root/learn/envs/serve/lib/python3.12/site-packages/torch/lib/libtorch_cpu.so)
frame #15: <unknown function> + 0x662eaae (0x7b305602eaae in /root/learn/envs/serve/lib/python3.12/site-packages/torch/lib/libtorch_cpu.so)
frame #16: <unknown function> + 0x5b88da4 (0x7b3055588da4 in /root/learn/envs/serve/lib/python3.12/site-packages/torch/lib/libtorch_cpu.so)
frame #17: <unknown function> + 0x6649975 (0x7b3056049975 in /root/learn/envs/serve/lib/python3.12/site-packages/torch/lib/libtorch_cpu.so)
frame #18: <unknown function> + 0x6656ecc (0x7b3056056ecc in /root/learn/envs/serve/lib/python3.12/site-packages/torch/lib/libtorch_cpu.so)
frame #19: <unknown function> + 0xfcb0b8 (0x7b30659cb0b8 in /root/learn/envs/serve/lib/python3.12/site-packages/torch/lib/libtorch_python.so)
frame #20: <unknown function> + 0x3f2bb2 (0x7b3064df2bb2 in /root/learn/envs/serve/lib/python3.12/site-packages/torch/lib/libtorch_python.so)
frame #21: /root/learn/envs/serve/bin/python() [0x581fed]
frame #22: PyObject_Vectorcall + 0x35 (0x5499b5 in /root/learn/envs/serve/bin/python)
frame #23: _PyEval_EvalFrameDefault + 0xadf (0x5d710f in /root/learn/envs/serve/bin/python)
frame #24: PyEval_EvalCode + 0x15b (0x5d55eb in /root/learn/envs/serve/bin/python)
frame #25: /root/learn/envs/serve/bin/python() [0x608852]
frame #26: /root/learn/envs/serve/bin/python() [0x6b50d3]
frame #27: _PyRun_SimpleFileObject + 0x1aa (0x6b4e3a in /root/learn/envs/serve/bin/python)
frame #28: _PyRun_AnyFileObject + 0x4f (0x6b4c6f in /root/learn/envs/serve/bin/python)
frame #29: Py_RunMain + 0x3b5 (0x6bccd5 in /root/learn/envs/serve/bin/python)
frame #30: Py_BytesMain + 0x2d (0x6bc7bd in /root/learn/envs/serve/bin/python)
frame #31: <unknown function> + 0x2a1ca (0x7b30ee22a1ca in /lib/x86_64-linux-gnu/libc.so.6)
frame #32: __libc_start_main + 0x8b (0x7b30ee22a28b in /lib/x86_64-linux-gnu/libc.so.6)
frame #33: _start + 0x25 (0x657a05 in /root/learn/envs/serve/bin/python)

Traceback (most recent call last):
  File "/root/learn/work/labs/L6/collective_contracts.py", line 621, in main
    fn(a.worker_rank, ws, a.backend, a.out)
  File "/root/learn/work/labs/L6/collective_contracts.py", line 319, in worker_group_mismatch
    lg.call("all_reduce", None, "world", {"x": x},
  File "/root/learn/work/labs/L6/comm_sequence.py", line 130, in call
    fn()
  File "/root/learn/work/labs/L6/collective_contracts.py", line 320, in <lambda>
    lambda: dist.all_reduce(x, op=dist.ReduceOp.SUM),
            ^^^^^^^^^^^^^^^^^^^^^^^^^^^^^^^^^^^^^^^^
  File "/root/learn/envs/serve/lib/python3.12/site-packages/torch/distributed/c10d_logger.py", line 83, in wrapper
    return func(*args, **kwargs)
           ^^^^^^^^^^^^^^^^^^^^^
  File "/root/learn/envs/serve/lib/python3.12/site-packages/torch/distributed/distributed_c10d.py", line 3245, in all_reduce
    work = group.allreduce([tensor], opts)
           ^^^^^^^^^^^^^^^^^^^^^^^^^^^^^^^
torch.distributed.DistBackendError: [1] is setting up NCCL communicator and retrieving ncclUniqueId from [0] via c10d key-value store by key '0', but store->get('0') got error: Failed to recv, got 0 bytes. Connection was likely closed. Did the remote server shutdown or crash?
Exception raised from recvBytes at /__w/pytorch/pytorch/torch/csrc/distributed/c10d/Utils.hpp:787 (most recent call first):
frame #0: c10::Error::Error(c10::SourceLocation, std::__cxx11::basic_string<char, std::char_traits<char>, std::allocator<char> >) + 0x9d (0x7b30ed363bfd in /root/learn/envs/serve/lib/python3.12/site-packages/torch/lib/libc10.so)
frame #1: c10::DistError::DistError(c10::SourceLocation, std::__cxx11::basic_string<char, std::char_traits<char>, std::allocator<char> >) + 0x72 (0x7b30ed364bd2 in /root/learn/envs/serve/lib/python3.12/site-packages/torch/lib/libc10.so)
frame #2: c10::DistNetworkError::DistNetworkError(c10::SourceLocation, std::__cxx11::basic_string<char, std::char_traits<char>, std::allocator<char> >) + 0x72 (0x7b30ed365092 in /root/learn/envs/serve/lib/python3.12/site-packages/torch/lib/libc10.so)
frame #3: <unknown function> + 0x66ad16d (0x7b30560ad16d in /root/learn/envs/serve/lib/python3.12/site-packages/torch/lib/libtorch_cpu.so)
frame #4: <unknown function> + 0x66ae15b (0x7b30560ae15b in /root/learn/envs/serve/lib/python3.12/site-packages/torch/lib/libtorch_cpu.so)
frame #5: c10d::TCPStore::doWait(c10::ArrayRef<std::__cxx11::basic_string<char, std::char_traits<char>, std::allocator<char> > >, std::chrono::duration<long, std::ratio<1l, 1000l> >) + 0xc5 (0x7b30560a7625 in /root/learn/envs/serve/lib/python3.12/site-packages/torch/lib/libtorch_cpu.so)
frame #6: c10d::TCPStore::doGet(std::__cxx11::basic_string<char, std::char_traits<char>, std::allocator<char> > const&) + 0x2a (0x7b30560a81fa in /root/learn/envs/serve/lib/python3.12/site-packages/torch/lib/libtorch_cpu.so)
frame #7: c10d::TCPStore::get(std::__cxx11::basic_string<char, std::char_traits<char>, std::allocator<char> > const&) + 0x8e (0x7b30560a830e in /root/learn/envs/serve/lib/python3.12/site-packages/torch/lib/libtorch_cpu.so)
frame #8: c10d::PrefixStore::get(std::__cxx11::basic_string<char, std::char_traits<char>, std::allocator<char> > const&) + 0x36e (0x7b30560354ae in /root/learn/envs/serve/lib/python3.12/site-packages/torch/lib/libtorch_cpu.so)
frame #9: c10d::ProcessGroupNCCL::broadcastUniqueNCCLID(ncclUniqueId*, bool, std::__cxx11::basic_string<char, std::char_traits<char>, std::allocator<char> > const&, int) + 0x684 (0x7b3037f654b4 in /root/learn/envs/serve/lib/python3.12/site-packages/torch/lib/libtorch_cuda.so)
frame #10: c10d::ProcessGroupNCCL::initNCCLComm(std::__cxx11::basic_string<char, std::char_traits<char>, std::allocator<char> > const&, c10::Device&, c10d::OpType, int, bool) + 0x828 (0x7b3037f671e8 in /root/learn/envs/serve/lib/python3.12/site-packages/torch/lib/libtorch_cuda.so)
frame #11: <unknown function> + 0xf6d93c (0x7b3037f6d93c in /root/learn/envs/serve/lib/python3.12/site-packages/torch/lib/libtorch_cuda.so)
frame #12: c10d::ProcessGroupNCCL::allreduce_impl(at::Tensor&, char const*, c10d::AllreduceOptions const&) + 0xf2 (0x7b3037f6e0d2 in /root/learn/envs/serve/lib/python3.12/site-packages/torch/lib/libtorch_cuda.so)
frame #13: c10d::ProcessGroupNCCL::allreduce(std::vector<at::Tensor, std::allocator<at::Tensor> >&, c10d::AllreduceOptions const&) + 0x64d (0x7b3037f6e82d in /root/learn/envs/serve/lib/python3.12/site-packages/torch/lib/libtorch_cuda.so)
frame #14: <unknown function> + 0x6627df1 (0x7b3056027df1 in /root/learn/envs/serve/lib/python3.12/site-packages/torch/lib/libtorch_cpu.so)
frame #15: <unknown function> + 0x662eaae (0x7b305602eaae in /root/learn/envs/serve/lib/python3.12/site-packages/torch/lib/libtorch_cpu.so)
frame #16: <unknown function> + 0x5b88da4 (0x7b3055588da4 in /root/learn/envs/serve/lib/python3.12/site-packages/torch/lib/libtorch_cpu.so)
frame #17: <unknown function> + 0x6649975 (0x7b3056049975 in /root/learn/envs/serve/lib/python3.12/site-packages/torch/lib/libtorch_cpu.so)
frame #18: <unknown function> + 0x6656ecc (0x7b3056056ecc in /root/learn/envs/serve/lib/python3.12/site-packages/torch/lib/libtorch_cpu.so)
frame #19: <unknown function> + 0xfcb0b8 (0x7b30659cb0b8 in /root/learn/envs/serve/lib/python3.12/site-packages/torch/lib/libtorch_python.so)
frame #20: <unknown function> + 0x3f2bb2 (0x7b3064df2bb2 in /root/learn/envs/serve/lib/python3.12/site-packages/torch/lib/libtorch_python.so)
frame #21: /root/learn/envs/serve/bin/python() [0x581fed]
frame #22: PyObject_Vectorcall + 0x35 (0x5499b5 in /root/learn/envs/serve/bin/python)
frame #23: _PyEval_EvalFrameDefault + 0xadf (0x5d710f in /root/learn/envs/serve/bin/python)
frame #24: PyEval_EvalCode + 0x15b (0x5d55eb in /root/learn/envs/serve/bin/python)
frame #25: /root/learn/envs/serve/bin/python() [0x608852]
frame #26: /root/learn/envs/serve/bin/python() [0x6b50d3]
frame #27: _PyRun_SimpleFileObject + 0x1aa (0x6b4e3a in /root/learn/envs/serve/bin/python)
frame #28: _PyRun_AnyFileObject + 0x4f (0x6b4c6f in /root/learn/envs/serve/bin/python)
frame #29: Py_RunMain + 0x3b5 (0x6bccd5 in /root/learn/envs/serve/bin/python)
frame #30: Py_BytesMain + 0x2d (0x6bc7bd in /root/learn/envs/serve/bin/python)
frame #31: <unknown function> + 0x2a1ca (0x7b30ee22a1ca in /lib/x86_64-linux-gnu/libc.so.6)
frame #32: __libc_start_main + 0x8b (0x7b30ee22a28b in /lib/x86_64-linux-gnu/libc.so.6)
frame #33: _start + 0x25 (0x657a05 in /root/learn/envs/serve/bin/python)
. This may indicate a possible application crash on rank 0 or a network set up issue.
[rank1]:[W913 18:59:00.260469301 TCPStore.cpp:125] [c10d] recvValue failed on SocketImpl(fd=3, addr=[localhost]:45094, remote=[localhost]:29604): Failed to recv, got 0 bytes. Connection was likely closed. Did the remote server shutdown or crash?
Exception raised from recvBytes at /__w/pytorch/pytorch/torch/csrc/distributed/c10d/Utils.hpp:787 (most recent call first):
frame #0: c10::Error::Error(c10::SourceLocation, std::__cxx11::basic_string<char, std::char_traits<char>, std::allocator<char> >) + 0x9d (0x7b30ed363bfd in /root/learn/envs/serve/lib/python3.12/site-packages/torch/lib/libc10.so)
frame #1: c10::DistError::DistError(c10::SourceLocation, std::__cxx11::basic_string<char, std::char_traits<char>, std::allocator<char> >) + 0x72 (0x7b30ed364bd2 in /root/learn/envs/serve/lib/python3.12/site-packages/torch/lib/libc10.so)
frame #2: c10::DistNetworkError::DistNetworkError(c10::SourceLocation, std::__cxx11::basic_string<char, std::char_traits<char>, std::allocator<char> >) + 0x72 (0x7b30ed365092 in /root/learn/envs/serve/lib/python3.12/site-packages/torch/lib/libc10.so)
frame #3: <unknown function> + 0x66acf0d (0x7b30560acf0d in /root/learn/envs/serve/lib/python3.12/site-packages/torch/lib/libtorch_cpu.so)
frame #4: c10d::TCPStore::check(std::vector<std::__cxx11::basic_string<char, std::char_traits<char>, std::allocator<char> >, std::allocator<std::__cxx11::basic_string<char, std::char_traits<char>, std::allocator<char> > > > const&) + 0x383 (0x7b30560a63e3 in /root/learn/envs/serve/lib/python3.12/site-packages/torch/lib/libtorch_cpu.so)
frame #5: c10d::ProcessGroupNCCL::HeartbeatMonitor::runLoop() + 0x43d (0x7b3037f5419d in /root/learn/envs/serve/lib/python3.12/site-packages/torch/lib/libtorch_cuda.so)
frame #6: <unknown function> + 0xecdb4 (0x7b30bd4ecdb4 in /lib/x86_64-linux-gnu/libstdc++.so.6)
frame #7: <unknown function> + 0x9cb84 (0x7b30ee29cb84 in /lib/x86_64-linux-gnu/libc.so.6)
frame #8: <unknown function> + 0x129ecc (0x7b30ee329ecc in /lib/x86_64-linux-gnu/libc.so.6)

[rank1]:[W913 18:59:00.265788160 ProcessGroupNCCL.cpp:1876] [PG ID 0 PG GUID 0(default_pg) Rank 1] Failed to check the "should dump" flag on TCPStore, (maybe TCPStore server has shut down too early), with error: Failed to recv, got 0 bytes. Connection was likely closed. Did the remote server shutdown or crash?
[rank1]:[W913 18:59:00.317157546 ProcessGroupNCCL.cpp:1624] Warning: WARNING: destroy_process_group() was not called before program exit, which can leak resources. For more info, please see https://pytorch.org/docs/stable/distributed.html#shutdown (function operator())
