[rank1]:[W913 18:59:03.501873600 ProcessGroupNCCL.cpp:4173] Warning: An unbatched P2P op (send/recv) was called on this ProcessGroup with size 2.  In lazy initialization mode, this will result in a new 2-rank NCCL communicator to be created. (function operator())
[rank1]:[W913 18:59:03.763594792 ProcessGroupNCCL.cpp:4173] Warning: An unbatched P2P op (send/recv) was called on this ProcessGroup with size 2.  In lazy initialization mode, this will result in a new 2-rank NCCL communicator to be created. (function operator())
[rank1]:[E913 18:59:23.835148660 ProcessGroupNCCL.cpp:730] [Rank 1] Watchdog caught collective operation timeout: WorkNCCL(SeqNum=2, OpType=RECV, NumelIn=4, NumelOut=4, Timeout(ms)=20000) ran for 20071 milliseconds before timing out.
[rank1]:[E913 18:59:23.835845733 ProcessGroupNCCL.cpp:2372] [PG ID 0 PG GUID 0(default_pg) Rank 1]  failure detected by watchdog at work sequence id: 2 PG status: last enqueued work: 2, last started work: -1 (), last completed work: 1
[rank1]:[E913 18:59:24.754624964 ProcessGroupNCCL.cpp:774] Stack trace of the failed collective: 
#0 irecv from /root/learn/envs/serve/lib/python3.12/site-packages/torch/distributed/distributed_c10d.py:2709
#1 worker_p2p_send_first from /root/learn/work/labs/L6/collective_contracts.py:339
#2 main from /root/learn/work/labs/L6/collective_contracts.py:621
#3 <module> from /root/learn/work/labs/L6/collective_contracts.py:633

[rank1]:[E913 18:59:24.754756806 ProcessGroupNCCL.cpp:2714] [PG ID 0 PG GUID 0(default_pg) Rank 1] First PG on this rank to signal dumping.
[rank1]:[E913 18:59:24.323942962 ProcessGroupNCCL.cpp:1964] [PG ID 0 PG GUID 0(default_pg) Rank 1] Received a dump signal due to a collective timeout from this local rank and we will try our best to dump the debug info. Last enqueued NCCL work: 2, last completed NCCL work: 1.This is most likely caused by incorrect usages of collectives, e.g., wrong sizes used across ranks, the order of collectives is not same for all ranks or the scheduled collective, for some reason, didn't run. Additionally, this can be caused by GIL deadlock or other reasons such as network errors or bugs in the communications library (e.g. NCCL), etc. 
[rank1]:[E913 18:59:24.324255567 ProcessGroupNCCL.cpp:1677] [PG ID 0 PG GUID 0(default_pg) Rank 1] ProcessGroupNCCL preparing to dump debug info. Include stack trace: 1, only active collectives: 0
[rank1]:[E913 19:00:24.754902061 ProcessGroupNCCL.cpp:791] [Rank 1] Some NCCL operations have failed or timed out. Due to the asynchronous nature of CUDA kernels, subsequent GPU operations might run on corrupted/incomplete data.
[rank1]:[E913 19:00:24.754985649 ProcessGroupNCCL.cpp:805] [Rank 1] To avoid data inconsistency, we are taking the entire process down.
[rank1]:[E913 19:00:24.757888110 ProcessGroupNCCL.cpp:2174] [PG ID 0 PG GUID 0(default_pg) Rank 1] Process group watchdog thread terminated with exception: [Rank 1] Watchdog caught collective operation timeout: WorkNCCL(SeqNum=2, OpType=RECV, NumelIn=4, NumelOut=4, Timeout(ms)=20000) ran for 20071 milliseconds before timing out.
Exception raised from checkTimeout at /__w/pytorch/pytorch/torch/csrc/distributed/c10d/ProcessGroupNCCL.cpp:733 (most recent call first):
frame #0: c10::Error::Error(c10::SourceLocation, std::__cxx11::basic_string<char, std::char_traits<char>, std::allocator<char> >) + 0x9d (0x70f2d6d63bfd in /root/learn/envs/serve/lib/python3.12/site-packages/torch/lib/libc10.so)
frame #1: c10::DistError::DistError(c10::SourceLocation, std::__cxx11::basic_string<char, std::char_traits<char>, std::allocator<char> >) + 0x72 (0x70f2d6d64bd2 in /root/learn/envs/serve/lib/python3.12/site-packages/torch/lib/libc10.so)
frame #2: c10::DistBackendError::DistBackendError(c10::SourceLocation, std::__cxx11::basic_string<char, std::char_traits<char>, std::allocator<char> >) + 0x72 (0x70f2d6d64d02 in /root/learn/envs/serve/lib/python3.12/site-packages/torch/lib/libc10.so)
frame #3: c10d::ProcessGroupNCCL::WorkNCCL::checkTimeout(std::optional<std::chrono::duration<long, std::ratio<1l, 1000l> > >) + 0x2b1 (0x70f221950b41 in /root/learn/envs/serve/lib/python3.12/site-packages/torch/lib/libtorch_cuda.so)
frame #4: c10d::ProcessGroupNCCL::Watchdog::runLoop() + 0x1541 (0x70f22195c931 in /root/learn/envs/serve/lib/python3.12/site-packages/torch/lib/libtorch_cuda.so)
frame #5: c10d::ProcessGroupNCCL::Watchdog::run() + 0x157 (0x70f22195dd47 in /root/learn/envs/serve/lib/python3.12/site-packages/torch/lib/libtorch_cuda.so)
frame #6: <unknown function> + 0xecdb4 (0x70f2a6eecdb4 in /lib/x86_64-linux-gnu/libstdc++.so.6)
frame #7: <unknown function> + 0x9cb84 (0x70f2d7c9cb84 in /lib/x86_64-linux-gnu/libc.so.6)
frame #8: <unknown function> + 0x129ecc (0x70f2d7d29ecc in /lib/x86_64-linux-gnu/libc.so.6)

terminate called after throwing an instance of 'c10::DistBackendError'
  what():  [PG ID 0 PG GUID 0(default_pg) Rank 1] Process group watchdog thread terminated with exception: [Rank 1] Watchdog caught collective operation timeout: WorkNCCL(SeqNum=2, OpType=RECV, NumelIn=4, NumelOut=4, Timeout(ms)=20000) ran for 20071 milliseconds before timing out.
Exception raised from checkTimeout at /__w/pytorch/pytorch/torch/csrc/distributed/c10d/ProcessGroupNCCL.cpp:733 (most recent call first):
frame #0: c10::Error::Error(c10::SourceLocation, std::__cxx11::basic_string<char, std::char_traits<char>, std::allocator<char> >) + 0x9d (0x70f2d6d63bfd in /root/learn/envs/serve/lib/python3.12/site-packages/torch/lib/libc10.so)
frame #1: c10::DistError::DistError(c10::SourceLocation, std::__cxx11::basic_string<char, std::char_traits<char>, std::allocator<char> >) + 0x72 (0x70f2d6d64bd2 in /root/learn/envs/serve/lib/python3.12/site-packages/torch/lib/libc10.so)
frame #2: c10::DistBackendError::DistBackendError(c10::SourceLocation, std::__cxx11::basic_string<char, std::char_traits<char>, std::allocator<char> >) + 0x72 (0x70f2d6d64d02 in /root/learn/envs/serve/lib/python3.12/site-packages/torch/lib/libc10.so)
frame #3: c10d::ProcessGroupNCCL::WorkNCCL::checkTimeout(std::optional<std::chrono::duration<long, std::ratio<1l, 1000l> > >) + 0x2b1 (0x70f221950b41 in /root/learn/envs/serve/lib/python3.12/site-packages/torch/lib/libtorch_cuda.so)
frame #4: c10d::ProcessGroupNCCL::Watchdog::runLoop() + 0x1541 (0x70f22195c931 in /root/learn/envs/serve/lib/python3.12/site-packages/torch/lib/libtorch_cuda.so)
frame #5: c10d::ProcessGroupNCCL::Watchdog::run() + 0x157 (0x70f22195dd47 in /root/learn/envs/serve/lib/python3.12/site-packages/torch/lib/libtorch_cuda.so)
frame #6: <unknown function> + 0xecdb4 (0x70f2a6eecdb4 in /lib/x86_64-linux-gnu/libstdc++.so.6)
frame #7: <unknown function> + 0x9cb84 (0x70f2d7c9cb84 in /lib/x86_64-linux-gnu/libc.so.6)
frame #8: <unknown function> + 0x129ecc (0x70f2d7d29ecc in /lib/x86_64-linux-gnu/libc.so.6)

Exception raised from run at /__w/pytorch/pytorch/torch/csrc/distributed/c10d/ProcessGroupNCCL.cpp:2180 (most recent call first):
frame #0: c10::Error::Error(c10::SourceLocation, std::__cxx11::basic_string<char, std::char_traits<char>, std::allocator<char> >) + 0x9d (0x70f2d6d63bfd in /root/learn/envs/serve/lib/python3.12/site-packages/torch/lib/libc10.so)
frame #1: c10::DistError::DistError(c10::SourceLocation, std::__cxx11::basic_string<char, std::char_traits<char>, std::allocator<char> >) + 0x72 (0x70f2d6d64bd2 in /root/learn/envs/serve/lib/python3.12/site-packages/torch/lib/libc10.so)
frame #2: c10::DistBackendError::DistBackendError(c10::SourceLocation, std::__cxx11::basic_string<char, std::char_traits<char>, std::allocator<char> >) + 0x72 (0x70f2d6d64d02 in /root/learn/envs/serve/lib/python3.12/site-packages/torch/lib/libc10.so)
frame #3: <unknown function> + 0x697922 (0x70f221097922 in /root/learn/envs/serve/lib/python3.12/site-packages/torch/lib/libtorch_cuda.so)
frame #4: <unknown function> + 0xecdb4 (0x70f2a6eecdb4 in /lib/x86_64-linux-gnu/libstdc++.so.6)
frame #5: <unknown function> + 0x9cb84 (0x70f2d7c9cb84 in /lib/x86_64-linux-gnu/libc.so.6)
frame #6: <unknown function> + 0x129ecc (0x70f2d7d29ecc in /lib/x86_64-linux-gnu/libc.so.6)

