
==============================================================================
[A] 波形到特征：长度传播、mask 与官方对拍
==============================================================================
Warning: You are sending unauthenticated requests to the HF Hub. Please set a HF_TOKEN to enable higher rate limits and faster downloads.
  processor 配置：{"chunk_length": 30, "dither": 0.0, "feature_extractor_type": "WhisperFeatureExtractor", "feature_size": 128, "hop_length": 160, "n_fft": 400, "n_samples": 480000, "nb_max_frames": 3000, "padding_side": "right", "padding_value": 0.0, "processor_class": "Qwen3ASRProcessor", "return_attention_mask": true}
  取到 3 条真实语音（LibriSpeech dummy，16 kHz 单声道）
  滤波器组对照：我的 slaney fb 与官方 mel_filter_bank 有 128/128 行不同，最大元素差 3.929e-02
  ls_dummy_0: 16000 Hz / 1 ch / 93680 采样 / 5.86 s → 我 3000 帧，官方 (1, 128, 3000)，max|diff| 0.8627399802207947
  滤波器组对照：我的 slaney fb 与官方 mel_filter_bank 有 128/128 行不同，最大元素差 3.929e-02
  ls_dummy_1: 16000 Hz / 1 ch / 77040 采样 / 4.82 s → 我 3000 帧，官方 (1, 128, 3000)，max|diff| 1.185028314590454
  滤波器组对照：我的 slaney fb 与官方 mel_filter_bank 有 128/128 行不同，最大元素差 3.929e-02
  ls_dummy_2: 16000 Hz / 1 ch / 199760 采样 / 12.48 s → 我 3000 帧，官方 (1, 128, 3000)，max|diff| 0.8465417623519897

  长度传播（第一条）：采样 93680 → 帧 586（官方 3000）
  公式：帧数 ≈ ceil(采样数 / hop)（hop=160 = 10 ms），理论 586

--- A2 边界与非法输入 ------------------------------------------------------------
  错误采样率 8k（不重采样）             ValueError: The model corresponding to this feature extractor: WhisperFeatureExtractor was trained using a sampling rate o
  重采样到 16k（正确做法）             (1, 128, 3000)
  空音频（0 采样）                  (1, 128, 3000)
  纯静音 1 s                    (1, 128, 3000)
  截断到 0.2 s                  (1, 128, 3000)
  超长（拼接 60 s）                features (1, 128, 3000)，attention_mask 有效**采样**数 480000（输入 5620800 采样；上限 30 s = 480000 采样）
  空音频的 mask                  features (1, 128, 3000)，attention_mask 有效**采样**数 0（输入 0 采样；上限 30 s = 480000 采样）
  静音 1 s 的 mask              features (1, 128, 3000)，attention_mask 有效**采样**数 16000（输入 16000 采样；上限 30 s = 480000 采样）
  截断 0.2 s 的 mask            features (1, 128, 3000)，attention_mask 有效**采样**数 3200（输入 3200 采样；上限 30 s = 480000 采样）
  31 s（超过 30 s 上限）           features (1, 128, 3000)，attention_mask 有效**采样**数 480000（输入 496000 采样；上限 30 s = 480000 采样）

已写出 out/4.9/20260913-asr/asr_frontend.json
