{"kind": "jump", "schema": "loose", "step": 0, "prefix": "", "next_piece": "{\"", "jump_forward": "{", "jump_chars": 1}
{"kind": "jump", "schema": "loose", "step": 1, "prefix": "{\"", "next_piece": "name", "jump_forward": "name\"", "jump_chars": 5}
{"kind": "jump", "schema": "loose", "step": 2, "prefix": "{\"name", "next_piece": "\":\"", "jump_forward": "\"", "jump_chars": 1}
{"kind": "jump", "schema": "loose", "step": 3, "prefix": "{\"name\":\"", "next_piece": "Z", "jump_forward": "", "jump_chars": 0}
{"kind": "jump", "schema": "loose", "step": 4, "prefix": "{\"name\":\"Z", "next_piece": "hang", "jump_forward": "", "jump_chars": 0}
{"kind": "jump", "schema": "loose", "step": 5, "prefix": "{\"name\":\"Zhang", "next_piece": "\",\"", "jump_forward": "", "jump_chars": 0}
{"kind": "jump", "schema": "loose", "step": 6, "prefix": "{\"name\":\"Zhang\",\"", "next_piece": "city", "jump_forward": "city\"", "jump_chars": 5}
{"kind": "jump", "schema": "loose", "step": 7, "prefix": "{\"name\":\"Zhang\",\"city", "next_piece": "\":\"", "jump_forward": "\"", "jump_chars": 1}
{"kind": "jump", "schema": "loose", "step": 8, "prefix": "{\"name\":\"Zhang\",\"city\":\"", "next_piece": "Sh", "jump_forward": "", "jump_chars": 0}
{"kind": "jump", "schema": "loose", "step": 9, "prefix": "{\"name\":\"Zhang\",\"city\":\"Sh", "next_piece": "enzhen", "jump_forward": "", "jump_chars": 0}
{"kind": "jump", "schema": "loose", "step": 10, "prefix": "{\"name\":\"Zhang\",\"city\":\"Shenzhen", "next_piece": "\",\"", "jump_forward": "", "jump_chars": 0}
{"kind": "jump", "schema": "loose", "step": 11, "prefix": "{\"name\":\"Zhang\",\"city\":\"Shenzhen\",\"", "next_piece": "age", "jump_forward": "age\"", "jump_chars": 4}
{"kind": "jump", "schema": "loose", "step": 12, "prefix": "{\"name\":\"Zhang\",\"city\":\"Shenzhen\",\"age", "next_piece": "\":", "jump_forward": "\"", "jump_chars": 1}
{"kind": "jump", "schema": "loose", "step": 13, "prefix": "{\"name\":\"Zhang\",\"city\":\"Shenzhen\",\"age\":", "next_piece": "3", "jump_forward": "", "jump_chars": 0}
{"kind": "jump", "schema": "loose", "step": 14, "prefix": "{\"name\":\"Zhang\",\"city\":\"Shenzhen\",\"age\":3", "next_piece": "1", "jump_forward": "", "jump_chars": 0}
{"kind": "jump", "schema": "loose", "step": 15, "prefix": "{\"name\":\"Zhang\",\"city\":\"Shenzhen\",\"age\":31", "next_piece": "}", "jump_forward": "", "jump_chars": 0}
{"kind": "jump_total", "schema": "loose", "generated_chars": 43, "jump_chars_if_taken_greedily": 18}
{"kind": "jump", "schema": "tight", "step": 0, "prefix": "", "next_piece": "{\"", "jump_forward": "{", "jump_chars": 1}
{"kind": "jump", "schema": "tight", "step": 1, "prefix": "{\"", "next_piece": "name", "jump_forward": "name\"", "jump_chars": 5}
{"kind": "jump", "schema": "tight", "step": 2, "prefix": "{\"name", "next_piece": "\":\"", "jump_forward": "\"", "jump_chars": 1}
{"kind": "jump", "schema": "tight", "step": 3, "prefix": "{\"name\":\"", "next_piece": "Z", "jump_forward": "", "jump_chars": 0}
{"kind": "jump", "schema": "tight", "step": 4, "prefix": "{\"name\":\"Z", "next_piece": "hang", "jump_forward": "", "jump_chars": 0}
{"kind": "jump", "schema": "tight", "step": 5, "prefix": "{\"name\":\"Zhang", "next_piece": "\",\"", "jump_forward": "", "jump_chars": 0}
{"kind": "jump", "schema": "tight", "step": 6, "prefix": "{\"name\":\"Zhang\",\"", "next_piece": "city", "jump_forward": "city\"", "jump_chars": 5}
{"kind": "jump", "schema": "tight", "step": 7, "prefix": "{\"name\":\"Zhang\",\"city", "next_piece": "\":\"", "jump_forward": "\"", "jump_chars": 1}
{"kind": "jump", "schema": "tight", "step": 8, "prefix": "{\"name\":\"Zhang\",\"city\":\"", "next_piece": "Sh", "jump_forward": "", "jump_chars": 0}
{"kind": "jump", "schema": "tight", "step": 9, "prefix": "{\"name\":\"Zhang\",\"city\":\"Sh", "next_piece": "enzhen", "jump_forward": "", "jump_chars": 0}
{"kind": "jump", "schema": "tight", "step": 10, "prefix": "{\"name\":\"Zhang\",\"city\":\"Shenzhen", "next_piece": "\",\"", "jump_forward": "\"", "jump_chars": 1}
{"kind": "jump", "schema": "tight", "step": 11, "prefix": "{\"name\":\"Zhang\",\"city\":\"Shenzhen\",\"", "next_piece": "age", "jump_forward": "age\"", "jump_chars": 4}
{"kind": "jump", "schema": "tight", "step": 12, "prefix": "{\"name\":\"Zhang\",\"city\":\"Shenzhen\",\"age", "next_piece": "\":", "jump_forward": "\"", "jump_chars": 1}
{"kind": "jump", "schema": "tight", "step": 13, "prefix": "{\"name\":\"Zhang\",\"city\":\"Shenzhen\",\"age\":", "next_piece": "3", "jump_forward": "", "jump_chars": 0}
{"kind": "jump", "schema": "tight", "step": 14, "prefix": "{\"name\":\"Zhang\",\"city\":\"Shenzhen\",\"age\":3", "next_piece": "1", "jump_forward": "", "jump_chars": 0}
{"kind": "jump", "schema": "tight", "step": 15, "prefix": "{\"name\":\"Zhang\",\"city\":\"Shenzhen\",\"age\":31", "next_piece": "}", "jump_forward": "", "jump_chars": 0}
{"kind": "jump_total", "schema": "tight", "generated_chars": 43, "jump_chars_if_taken_greedily": 19}
