{"kind": "fill_step", "lib": "xgrammar", "schema": "loose", "step": 0, "piece": "{\"", "median_us": 0.68, "max_us": 0.76}
{"kind": "fill_step", "lib": "xgrammar", "schema": "loose", "step": 1, "piece": "name", "median_us": 0.655, "max_us": 0.72}
{"kind": "fill_step", "lib": "xgrammar", "schema": "loose", "step": 2, "piece": "\":\"", "median_us": 0.65, "max_us": 0.71}
{"kind": "fill_step", "lib": "xgrammar", "schema": "loose", "step": 3, "piece": "Z", "median_us": 12.15, "max_us": 18.41}
{"kind": "fill_step", "lib": "xgrammar", "schema": "loose", "step": 4, "piece": "hang", "median_us": 11.765, "max_us": 18.7}
{"kind": "fill_step", "lib": "xgrammar", "schema": "loose", "step": 5, "piece": "\",\"", "median_us": 11.765, "max_us": 18.12}
{"kind": "fill_step", "lib": "xgrammar", "schema": "loose", "step": 6, "piece": "city", "median_us": 0.63, "max_us": 0.96}
{"kind": "fill_step", "lib": "xgrammar", "schema": "loose", "step": 7, "piece": "\":\"", "median_us": 0.63, "max_us": 0.91}
{"kind": "fill_step", "lib": "xgrammar", "schema": "loose", "step": 8, "piece": "Sh", "median_us": 12.7, "max_us": 20.39}
{"kind": "fill_step", "lib": "xgrammar", "schema": "loose", "step": 9, "piece": "enzhen", "median_us": 12.515, "max_us": 19.62}
{"kind": "fill_step", "lib": "xgrammar", "schema": "loose", "step": 10, "piece": "\",\"", "median_us": 12.355, "max_us": 15.98}
{"kind": "fill_step", "lib": "xgrammar", "schema": "loose", "step": 11, "piece": "age", "median_us": 0.63, "max_us": 0.67}
{"kind": "fill_step", "lib": "xgrammar", "schema": "loose", "step": 12, "piece": "\":", "median_us": 0.62, "max_us": 0.66}
{"kind": "fill_step", "lib": "xgrammar", "schema": "loose", "step": 13, "piece": "3", "median_us": 1.045, "max_us": 1.18}
{"kind": "fill_step", "lib": "xgrammar", "schema": "loose", "step": 14, "piece": "1", "median_us": 0.95, "max_us": 1.02}
{"kind": "fill_step", "lib": "xgrammar", "schema": "loose", "step": 15, "piece": "}", "median_us": 0.95, "max_us": 0.98}
{"kind": "fill_step", "lib": "xgrammar", "schema": "tight", "step": 0, "piece": "{\"", "median_us": 0.68, "max_us": 1.21}
{"kind": "fill_step", "lib": "xgrammar", "schema": "tight", "step": 1, "piece": "name", "median_us": 0.65, "max_us": 0.85}
{"kind": "fill_step", "lib": "xgrammar", "schema": "tight", "step": 2, "piece": "\":\"", "median_us": 0.655, "max_us": 0.87}
{"kind": "fill_step", "lib": "xgrammar", "schema": "tight", "step": 3, "piece": "Z", "median_us": 1.5, "max_us": 1.71}
{"kind": "fill_step", "lib": "xgrammar", "schema": "tight", "step": 4, "piece": "hang", "median_us": 1.49, "max_us": 1.65}
{"kind": "fill_step", "lib": "xgrammar", "schema": "tight", "step": 5, "piece": "\",\"", "median_us": 1.62, "max_us": 16.68}
{"kind": "fill_step", "lib": "xgrammar", "schema": "tight", "step": 6, "piece": "city", "median_us": 0.62, "max_us": 3.67}
{"kind": "fill_step", "lib": "xgrammar", "schema": "tight", "step": 7, "piece": "\":\"", "median_us": 0.62, "max_us": 1.07}
{"kind": "fill_step", "lib": "xgrammar", "schema": "tight", "step": 8, "piece": "Sh", "median_us": 0.67, "max_us": 1.19}
{"kind": "fill_step", "lib": "xgrammar", "schema": "tight", "step": 9, "piece": "enzhen", "median_us": 0.61, "max_us": 0.8}
{"kind": "fill_step", "lib": "xgrammar", "schema": "tight", "step": 10, "piece": "\",\"", "median_us": 0.62, "max_us": 0.7}
{"kind": "fill_step", "lib": "xgrammar", "schema": "tight", "step": 11, "piece": "age", "median_us": 0.63, "max_us": 0.83}
{"kind": "fill_step", "lib": "xgrammar", "schema": "tight", "step": 12, "piece": "\":", "median_us": 0.615, "max_us": 0.67}
{"kind": "fill_step", "lib": "xgrammar", "schema": "tight", "step": 13, "piece": "3", "median_us": 1.01, "max_us": 1.48}
{"kind": "fill_step", "lib": "xgrammar", "schema": "tight", "step": 14, "piece": "1", "median_us": 0.975, "max_us": 1.3}
{"kind": "fill_step", "lib": "xgrammar", "schema": "tight", "step": 15, "piece": "}", "median_us": 0.89, "max_us": 0.98}
{"kind": "fill_step", "lib": "llguidance", "schema": "loose", "step": 0, "piece": "{\"", "median_us": 16.125, "max_us": 17.58}
{"kind": "fill_step", "lib": "llguidance", "schema": "loose", "step": 1, "piece": "name", "median_us": 10.1855, "max_us": 15.741}
{"kind": "fill_step", "lib": "llguidance", "schema": "loose", "step": 2, "piece": "\":\"", "median_us": 10.24, "max_us": 11.02}
{"kind": "fill_step", "lib": "llguidance", "schema": "loose", "step": 3, "piece": "Z", "median_us": 55.785, "max_us": 69.321}
{"kind": "fill_step", "lib": "llguidance", "schema": "loose", "step": 4, "piece": "hang", "median_us": 2.05, "max_us": 2.18}
{"kind": "fill_step", "lib": "llguidance", "schema": "loose", "step": 5, "piece": "\",\"", "median_us": 1.93, "max_us": 2.08}
{"kind": "fill_step", "lib": "llguidance", "schema": "loose", "step": 6, "piece": "city", "median_us": 8.745, "max_us": 9.8}
{"kind": "fill_step", "lib": "llguidance", "schema": "loose", "step": 7, "piece": "\":\"", "median_us": 7.125, "max_us": 7.891}
{"kind": "fill_step", "lib": "llguidance", "schema": "loose", "step": 8, "piece": "Sh", "median_us": 16.9155, "max_us": 21.77}
{"kind": "fill_step", "lib": "llguidance", "schema": "loose", "step": 9, "piece": "enzhen", "median_us": 1.88, "max_us": 2.07}
{"kind": "fill_step", "lib": "llguidance", "schema": "loose", "step": 10, "piece": "\",\"", "median_us": 1.89, "max_us": 2.17}
{"kind": "fill_step", "lib": "llguidance", "schema": "loose", "step": 11, "piece": "age", "median_us": 7.595, "max_us": 10.95}
{"kind": "fill_step", "lib": "llguidance", "schema": "loose", "step": 12, "piece": "\":", "median_us": 6.97, "max_us": 17.59}
{"kind": "fill_step", "lib": "llguidance", "schema": "loose", "step": 13, "piece": "3", "median_us": 16.435, "max_us": 22.5}
{"kind": "fill_step", "lib": "llguidance", "schema": "loose", "step": 14, "piece": "1", "median_us": 19.0205, "max_us": 20.51}
{"kind": "fill_step", "lib": "llguidance", "schema": "loose", "step": 15, "piece": "}", "median_us": 2.175, "max_us": 2.53}
{"kind": "fill_step", "lib": "llguidance", "schema": "tight", "step": 0, "piece": "{\"", "median_us": 16.895, "max_us": 28.86}
{"kind": "fill_step", "lib": "llguidance", "schema": "tight", "step": 1, "piece": "name", "median_us": 10.385, "max_us": 13.55}
{"kind": "fill_step", "lib": "llguidance", "schema": "tight", "step": 2, "piece": "\":\"", "median_us": 8.04, "max_us": 13.08}
{"kind": "fill_step", "lib": "llguidance", "schema": "tight", "step": 3, "piece": "Z", "median_us": 73.825, "max_us": 80.001}
{"kind": "fill_step", "lib": "llguidance", "schema": "tight", "step": 4, "piece": "hang", "median_us": 85.6905, "max_us": 90.57}
{"kind": "fill_step", "lib": "llguidance", "schema": "tight", "step": 5, "piece": "\",\"", "median_us": 101.4, "max_us": 109.06}
{"kind": "fill_step", "lib": "llguidance", "schema": "tight", "step": 6, "piece": "city", "median_us": 10.115, "max_us": 17.09}
{"kind": "fill_step", "lib": "llguidance", "schema": "tight", "step": 7, "piece": "\":\"", "median_us": 6.77, "max_us": 7.34}
{"kind": "fill_step", "lib": "llguidance", "schema": "tight", "step": 8, "piece": "Sh", "median_us": 21.2105, "max_us": 26.64}
{"kind": "fill_step", "lib": "llguidance", "schema": "tight", "step": 9, "piece": "enzhen", "median_us": 10.2655, "max_us": 10.67}
{"kind": "fill_step", "lib": "llguidance", "schema": "tight", "step": 10, "piece": "\",\"", "median_us": 7.26, "max_us": 7.51}
{"kind": "fill_step", "lib": "llguidance", "schema": "tight", "step": 11, "piece": "age", "median_us": 7.32, "max_us": 8.45}
{"kind": "fill_step", "lib": "llguidance", "schema": "tight", "step": 12, "piece": "\":", "median_us": 6.345, "max_us": 10.66}
{"kind": "fill_step", "lib": "llguidance", "schema": "tight", "step": 13, "piece": "3", "median_us": 17.285, "max_us": 19.3}
{"kind": "fill_step", "lib": "llguidance", "schema": "tight", "step": 14, "piece": "1", "median_us": 15.025, "max_us": 19.52}
{"kind": "fill_step", "lib": "llguidance", "schema": "tight", "step": 15, "piece": "}", "median_us": 5.3, "max_us": 7.6}
{"kind": "fill_step", "lib": "outlines_core", "schema": "loose", "step": 0, "piece": "{\"", "median_us": 1.3605, "max_us": 1.41}
{"kind": "fill_step", "lib": "outlines_core", "schema": "loose", "step": 1, "piece": "name", "median_us": 1.335, "max_us": 1.4}
{"kind": "fill_step", "lib": "outlines_core", "schema": "loose", "step": 2, "piece": "\":\"", "median_us": 1.355, "max_us": 1.38}
{"kind": "fill_step", "lib": "outlines_core", "schema": "loose", "step": 3, "piece": "Z", "median_us": 127.2655, "max_us": 137.481}
{"kind": "fill_step", "lib": "outlines_core", "schema": "loose", "step": 4, "piece": "hang", "median_us": 127.4, "max_us": 130.2}
{"kind": "fill_step", "lib": "outlines_core", "schema": "loose", "step": 5, "piece": "\",\"", "median_us": 127.255, "max_us": 138.871}
{"kind": "fill_step", "lib": "outlines_core", "schema": "loose", "step": 6, "piece": "city", "median_us": 1.95, "max_us": 2.1}
{"kind": "fill_step", "lib": "outlines_core", "schema": "loose", "step": 7, "piece": "\":\"", "median_us": 1.35, "max_us": 1.51}
{"kind": "fill_step", "lib": "outlines_core", "schema": "loose", "step": 8, "piece": "Sh", "median_us": 127.145, "max_us": 142.851}
{"kind": "fill_step", "lib": "outlines_core", "schema": "loose", "step": 9, "piece": "enzhen", "median_us": 127.146, "max_us": 140.53}
{"kind": "fill_step", "lib": "outlines_core", "schema": "loose", "step": 10, "piece": "\",\"", "median_us": 127.0505, "max_us": 142.95}
{"kind": "fill_step", "lib": "outlines_core", "schema": "loose", "step": 11, "piece": "age", "median_us": 1.93, "max_us": 1.98}
{"kind": "fill_step", "lib": "outlines_core", "schema": "loose", "step": 12, "piece": "\":", "median_us": 1.35, "max_us": 1.38}
{"kind": "fill_step", "lib": "outlines_core", "schema": "loose", "step": 13, "piece": "3", "median_us": 1.34, "max_us": 1.41}
{"kind": "fill_step", "lib": "outlines_core", "schema": "loose", "step": 14, "piece": "1", "median_us": 1.35, "max_us": 1.4}
{"kind": "fill_step", "lib": "outlines_core", "schema": "loose", "step": 15, "piece": "}", "median_us": 1.34, "max_us": 1.39}
{"kind": "fill_step", "lib": "outlines_core", "schema": "tight", "step": 0, "piece": "{\"", "median_us": 1.36, "max_us": 1.42}
{"kind": "fill_step", "lib": "outlines_core", "schema": "tight", "step": 1, "piece": "name", "median_us": 1.32, "max_us": 1.39}
{"kind": "fill_step", "lib": "outlines_core", "schema": "tight", "step": 2, "piece": "\":\"", "median_us": 1.31, "max_us": 1.4}
{"kind": "fill_step", "lib": "outlines_core", "schema": "tight", "step": 3, "piece": "Z", "median_us": 4.99, "max_us": 5.36}
{"kind": "fill_step", "lib": "outlines_core", "schema": "tight", "step": 4, "piece": "hang", "median_us": 13.445, "max_us": 15.45}
{"kind": "fill_step", "lib": "outlines_core", "schema": "tight", "step": 5, "piece": "\",\"", "median_us": 9.52, "max_us": 10.271}
{"kind": "fill_step", "lib": "outlines_core", "schema": "tight", "step": 6, "piece": "city", "median_us": 1.425, "max_us": 1.52}
{"kind": "fill_step", "lib": "outlines_core", "schema": "tight", "step": 7, "piece": "\":\"", "median_us": 1.31, "max_us": 1.33}
{"kind": "fill_step", "lib": "outlines_core", "schema": "tight", "step": 8, "piece": "Sh", "median_us": 1.325, "max_us": 1.39}
{"kind": "fill_step", "lib": "outlines_core", "schema": "tight", "step": 9, "piece": "enzhen", "median_us": 1.32, "max_us": 1.41}
{"kind": "fill_step", "lib": "outlines_core", "schema": "tight", "step": 10, "piece": "\",\"", "median_us": 1.32, "max_us": 1.35}
{"kind": "fill_step", "lib": "outlines_core", "schema": "tight", "step": 11, "piece": "age", "median_us": 1.31, "max_us": 1.34}
{"kind": "fill_step", "lib": "outlines_core", "schema": "tight", "step": 12, "piece": "\":", "median_us": 1.31, "max_us": 1.35}
{"kind": "fill_step", "lib": "outlines_core", "schema": "tight", "step": 13, "piece": "3", "median_us": 1.31, "max_us": 1.37}
{"kind": "fill_step", "lib": "outlines_core", "schema": "tight", "step": 14, "piece": "1", "median_us": 1.31, "max_us": 1.36}
{"kind": "fill_step", "lib": "outlines_core", "schema": "tight", "step": 15, "piece": "}", "median_us": 1.31, "max_us": 1.34}
