{
  "objective_parity": [
    {
      "seed": 0,
      "objective": "forward_kl",
      "loss": 0.08018248492526363,
      "max_gradient_error": 5.204170427930421e-18,
      "teacher_has_gradient": false,
      "valid_positions": 3
    },
    {
      "seed": 0,
      "objective": "jsd",
      "loss": 0.01657210437319813,
      "max_gradient_error": 3.3610267347050637e-18,
      "teacher_has_gradient": false,
      "valid_positions": 3
    },
    {
      "seed": 0,
      "objective": "reverse_kl",
      "loss": 0.07917946366072286,
      "max_gradient_error": 5.204170427930421e-18,
      "teacher_has_gradient": false,
      "valid_positions": 3
    },
    {
      "seed": 0,
      "objective": "ce",
      "loss": 1.5834124131229401,
      "max_gradient_error": 1.3877787807814457e-17,
      "valid_positions": 3
    },
    {
      "seed": 1,
      "objective": "forward_kl",
      "loss": 0.031898769937505185,
      "max_gradient_error": 5.637851296924623e-18,
      "teacher_has_gradient": false,
      "valid_positions": 3
    },
    {
      "seed": 1,
      "objective": "jsd",
      "loss": 0.00678289707888631,
      "max_gradient_error": 4.553649124439119e-18,
      "teacher_has_gradient": false,
      "valid_positions": 3
    },
    {
      "seed": 1,
      "objective": "reverse_kl",
      "loss": 0.034012801526822185,
      "max_gradient_error": 5.204170427930421e-18,
      "teacher_has_gradient": false,
      "valid_positions": 3
    },
    {
      "seed": 1,
      "objective": "ce",
      "loss": 1.5856185605354238,
      "max_gradient_error": 1.3877787807814457e-17,
      "valid_positions": 3
    },
    {
      "seed": 2,
      "objective": "forward_kl",
      "loss": 0.022600222695086287,
      "max_gradient_error": 6.938893903907228e-18,
      "teacher_has_gradient": false,
      "valid_positions": 3
    },
    {
      "seed": 2,
      "objective": "jsd",
      "loss": 0.004701002662571078,
      "max_gradient_error": 2.4936649967166602e-18,
      "teacher_has_gradient": false,
      "valid_positions": 3
    },
    {
      "seed": 2,
      "objective": "reverse_kl",
      "loss": 0.02226992392279072,
      "max_gradient_error": 3.7947076036992655e-18,
      "teacher_has_gradient": false,
      "valid_positions": 3
    },
    {
      "seed": 2,
      "objective": "ce",
      "loss": 1.4198504716965872,
      "max_gradient_error": 1.3877787807814457e-17,
      "valid_positions": 3
    }
  ],
  "temperature": {
    "gradient_norms": {
      "T1": 0.8320818955519595,
      "T4": 0.06942839746844989,
      "T4_times_T2": 1.1108543594951983
    },
    "fixed_T_scaling_ratio": 16.0,
    "constant_logit_shift_gradient": [
      [
        4.547473508864641e-15,
        4.547473508864641e-15,
        9.094947017729283e-15
      ]
    ],
    "high_T_formula": "[(zs-mean(zs))-(zt-mean(zt))]/V after T^2 compensation",
    "note": "The T=1 and T=4 compensated gradients are not generally equal."
  },
  "input_sources": {
    "synthetic_labels": [
      0,
      1,
      2,
      0
    ],
    "teacher_sampled_labels": [
      2,
      1,
      0,
      2
    ],
    "student_sampled_labels": [
      1,
      2,
      0,
      1
    ],
    "teacher_probabilities": [
      0.6,
      0.3,
      0.1
    ],
    "student_probabilities": [
      0.2,
      0.5,
      0.3
    ],
    "scope": "categorical input-source illustration; not text generation or task evaluation"
  },
  "feature_only_reference": {
    "student_has_grad": true,
    "teacher_has_grad": false,
    "not_an_eagle3_objective": true
  }
}
