[sweep] rank=0/2 master=192.168.105.100:29921 host=sg-admin-260624-2348f-default0-0
/scratch/learn/envs/serve/lib/python3.12/site-packages/torch/distributed/c10d_logger.py:83: UserWarning: barrier(): using the device under current context. You can specify `device_id` in `init_process_group` to mute this warning.
  return func(*args, **kwargs)
  all_reduce          4KiB t=    0.164 ms
  all_reduce         64KiB t=    0.670 ms
  all_reduce          1MiB t=    9.052 ms
  all_reduce          4MiB t=   35.866 ms
  all_reduce         16MiB t=  143.256 ms
  all_reduce         64MiB t=  571.853 ms
  all_reduce        256MiB t= 2286.405 ms
  all_gather          4KiB t=    0.133 ms
/scratch/learn/envs/serve/lib/python3.12/site-packages/torch/distributed/c10d_logger.py:83: FutureWarning: `torch.distributed.all_gather_into_tensor` is deprecated. Please use `torch.distributed.all_gather_single` instead.
  return func(*args, **kwargs)
  all_gather         64KiB t=    0.662 ms
  all_gather          1MiB t=    9.062 ms
  all_gather          4MiB t=   35.946 ms
  all_gather         16MiB t=  143.175 ms
  all_gather         64MiB t=  571.850 ms
  all_gather        256MiB t= 2286.489 ms
/scratch/learn/envs/serve/lib/python3.12/site-packages/torch/distributed/c10d_logger.py:83: FutureWarning: `torch.distributed.reduce_scatter_tensor` is deprecated. Please use `torch.distributed.reduce_scatter_single` instead.
  return func(*args, **kwargs)
  reduce_scatter      4KiB t=    0.131 ms
  reduce_scatter     64KiB t=    0.665 ms
  reduce_scatter      1MiB t=    9.074 ms
  reduce_scatter      4MiB t=   35.959 ms
  reduce_scatter     16MiB t=  143.126 ms
  reduce_scatter     64MiB t=  571.942 ms
  reduce_scatter    256MiB t= 2286.455 ms
  broadcast           4KiB t=    0.018 ms
  broadcast          64KiB t=    0.023 ms
  broadcast           1MiB t=    0.053 ms
  broadcast           4MiB t=    0.163 ms
  broadcast          16MiB t=    3.364 ms
  broadcast          64MiB t=  430.680 ms
  broadcast         256MiB t= 2142.062 ms
  sendrecv            4KiB t=    0.135 ms
  sendrecv           64KiB t=    0.669 ms
  sendrecv            1MiB t=    9.063 ms
  sendrecv            4MiB t=   35.850 ms
  sendrecv           16MiB t=  143.018 ms
  sendrecv           64MiB t=  571.726 ms
  sendrecv          256MiB t= 2286.517 ms
[write] /scratch/learn/work/out/6.1/20260922-crosshost-iso-net1/sweep.rank0.json
[write] /scratch/learn/work/out/6.1/20260922-crosshost-iso-net1/manifest.rank0.json
/scratch/learn/envs/serve/lib/python3.12/site-packages/torch/distributed/c10d_logger.py:83: UserWarning: barrier(): using the device under current context. You can specify `device_id` in `init_process_group` to mute this warning.
  return func(*args, **kwargs)
