USDT:2026-09-12 20:40:11 2470493:2470493 SyncActivityProfilerHandler.cpp:52] profiler_start
USDT:2026-09-12 20:40:11 2470493:2470493 SyncActivityProfilerHandler.cpp:59] profiler_stop
USDT:2026-09-12 20:40:11 2470493:2470493 SyncActivityProfilerHandler.cpp:52] profiler_start
USDT:2026-09-12 20:40:11 2470493:2470493 SyncActivityProfilerHandler.cpp:59] profiler_stop
USDT:2026-09-12 20:40:11 2470493:2470493 SyncActivityProfilerHandler.cpp:52] profiler_start
USDT:2026-09-12 20:40:11 2470493:2470493 SyncActivityProfilerHandler.cpp:59] profiler_stop
USDT:2026-09-12 20:40:11 2470493:2470493 SyncActivityProfilerHandler.cpp:52] profiler_start
USDT:2026-09-12 20:40:11 2470493:2470493 SyncActivityProfilerHandler.cpp:59] profiler_stop
USDT:2026-09-12 20:40:11 2470493:2470493 SyncActivityProfilerHandler.cpp:52] profiler_start
USDT:2026-09-12 20:40:11 2470493:2470493 SyncActivityProfilerHandler.cpp:59] profiler_stop
USDT:2026-09-12 20:40:11 2470493:2470493 SyncActivityProfilerHandler.cpp:52] profiler_start
USDT:2026-09-12 20:40:11 2470493:2470493 SyncActivityProfilerHandler.cpp:59] profiler_stop
USDT:2026-09-12 20:40:11 2470493:2470493 SyncActivityProfilerHandler.cpp:52] profiler_start
USDT:2026-09-12 20:40:11 2470493:2470493 SyncActivityProfilerHandler.cpp:59] profiler_stop
USDT:2026-09-12 20:40:11 2470493:2470493 SyncActivityProfilerHandler.cpp:52] profiler_start
USDT:2026-09-12 20:40:11 2470493:2470493 SyncActivityProfilerHandler.cpp:59] profiler_stop
USDT:2026-09-12 20:40:11 2470493:2470493 SyncActivityProfilerHandler.cpp:52] profiler_start
USDT:2026-09-12 20:40:11 2470493:2470493 SyncActivityProfilerHandler.cpp:59] profiler_stop
{
  "cases": 12,
  "predictions_correct": 12,
  "outputs_checked": 9,
  "numeric_pass": 9,
  "rejections": 3
}

