worldvln:94275:94275 [0] NCCL INFO ENV/Plugin: Could not find: libnccl-env.so
worldvln:94275:94275 [0] NCCL INFO cudaDriverVersion 13000
worldvln:94275:94275 [0] NCCL INFO NCCL version 2.29.7+cuda13.2
worldvln:94275:94275 [0] NCCL INFO NCCL git version stable b81d6a5a3
worldvln:94275:94275 [0] NCCL INFO Comm config Blocking set to 1
worldvln:94275:94275 [0] NCCL INFO NET/Plugin: Could not find: libnccl-net.so
worldvln:94275:94275 [0] NCCL INFO dlvsym failed on mlx5dv_get_data_direct_sysfs_path - /lib/x86_64-linux-gnu/libmlx5.so.1: undefined symbol: mlx5dv_get_data_direct_sysfs_path, version MLX5_1.25 version MLX5_1.25
worldvln:94275:94275 [0] NCCL INFO dlvsym failed on mlx5dv_reg_dmabuf_mr - /lib/x86_64-linux-gnu/libmlx5.so.1: undefined symbol: mlx5dv_reg_dmabuf_mr, version MLX5_1.25 version MLX5_1.25
worldvln:94275:94275 [0] NCCL INFO NET/IB : No device found.
worldvln:94275:94275 [0] NCCL INFO NET/IB : Using [RO]; OOB eth0:192.168.26.29<0>
worldvln:94275:94275 [0] NCCL INFO Failed to initialize NET plugin IB
worldvln:94275:94275 [0] NCCL INFO NET/Socket : Using [0]eth0:192.168.26.29<0>
worldvln:94275:94275 [0] NCCL INFO Initialized NET plugin Socket
worldvln:94275:94275 [0] NCCL INFO Assigned NET plugin Socket to comm
worldvln:94275:94275 [0] NCCL INFO GIN/Plugin: Could not find: libnccl-gin.so
worldvln:94275:94275 [0] NCCL INFO Failed to initialize any GIN plugin
worldvln:94275:94275 [0] NCCL INFO Using network Socket
worldvln:94275:94275 [0] NCCL INFO [Rank 0] ncclCommInitRankConfig comm 0x3af1f330 rank 0 nranks 2 cudaDev 0 nvmlDev 0 busId 16000 commId 0xebb215aa0a5aed43 - Init START
worldvln:94275:94275 [0] NCCL INFO RAS client listening socket at 127.0.0.1<28028>
worldvln:94275:94275 [0] NCCL INFO TOPO/NET : Importing network plugins to topology
worldvln:94275:94275 [0] NCCL INFO NET/Socket : GPU Direct RDMA Disabled for HCA 0 'eth0'
worldvln:94275:94275 [0] NCCL INFO ncclTopoPopulateNics : Filled eth0 in topo with pciPath=(null) net=1 gin=(null) keep=1 coll=(null)
worldvln:94275:94275 [0] NCCL INFO === System : maxBw 24.0 totalBw 24.0 ===
worldvln:94275:94275 [0] NCCL INFO CPU/0-0 (1/1/3)
worldvln:94275:94275 [0] NCCL INFO + PCI[5000.0] - NIC/0-0
worldvln:94275:94275 [0] NCCL INFO                 + NET[3.1] - NET/0-0 (0/0/0/3.125000)
worldvln:94275:94275 [0] NCCL INFO + PCI[24.0] - GPU/0-16000 (0)
worldvln:94275:94275 [0] NCCL INFO + PCI[24.0] - GPU/0-38000 (1)
worldvln:94275:94275 [0] NCCL INFO ==========================================
worldvln:94275:94275 [0] NCCL INFO GPU/0-16000 :GPU/0-16000 (0/5000.0/LOC) GPU/0-38000 (2/24.0/PHB) CPU/0-0 (1/24.0/PHB) NET/0-0 (3/3.1/PHB) 
worldvln:94275:94275 [0] NCCL INFO GPU/0-38000 :GPU/0-16000 (2/24.0/PHB) GPU/0-38000 (0/5000.0/LOC) CPU/0-0 (1/24.0/PHB) NET/0-0 (3/3.1/PHB) 
worldvln:94275:94275 [0] NCCL INFO NET/0-0 :GPU/0-16000 (3/3.1/PHB) GPU/0-38000 (3/3.1/PHB) CPU/0-0 (2/3.1/PHB) NET/0-0 (0/5000.0/LOC) 
worldvln:94275:94275 [0] NCCL INFO ncclTopoGetCpuAffinity: Affinity for GPU 0 is 0-47,96-143. (GPU affinity = 0-47,96-143 ; CPU affinity = 0-191).
worldvln:94275:94275 [0] NCCL INFO NVLS multicast support is not available on dev 0 (NVLS_NCHANNELS 0)
worldvln:94275:94275 [0] NCCL INFO Pattern 4, crossNic 0, nChannels 1, bw 20.000000/20.000000, type PHB/PIX, sameChannels 1
worldvln:94275:94275 [0] NCCL INFO  0 : GPU/0-16000 GPU/0-38000
worldvln:94275:94275 [0] NCCL INFO Pattern 1, crossNic 0, nChannels 1, bw 20.000000/20.000000, type PHB/PIX, sameChannels 1
worldvln:94275:94275 [0] NCCL INFO  0 : GPU/0-16000 GPU/0-38000
worldvln:94275:94275 [0] NCCL INFO comm 0x3af1f330 rank 0 nRanks 2 nNodes 1 localRanks 2 localRank 0 MNNVL 0
worldvln:94275:94275 [0] NCCL INFO Tree 0 : -1 -> 0 -> 1/-1/-1
worldvln:94275:94275 [0] NCCL INFO Tree 1 : -1 -> 0 -> 1/-1/-1
worldvln:94275:94275 [0] NCCL INFO Channel 00/02 : 0 1
worldvln:94275:94275 [0] NCCL INFO Channel 01/02 : 0 1
worldvln:94275:94275 [0] NCCL INFO Ring 00 : 1 -> 0 -> 1
worldvln:94275:94275 [0] NCCL INFO Ring 01 : 1 -> 0 -> 1
worldvln:94275:94275 [0] NCCL INFO Trees [0] 1/-1/-1->0->-1 [1] 1/-1/-1->0->-1
worldvln:94275:94275 [0worldvln:94276:94276 [1] NCCL INFO ENV/Plugin: Could not find: libnccl-env.so
worldvln:94276:94276 [1] NCCL INFO cudaDriverVersion 13000
worldvln:94276:94276 [1] NCCL INFO NCCL version 2.29.7+cuda13.2
worldvln:94276:94276 [1] NCCL INFO NCCL git version stable b81d6a5a3
worldvln:94276:94276 [1] NCCL INFO Comm config Blocking set to 1
worldvln:94276:94276 [1] NCCL INFO NET/Plugin: Could not find: libnccl-net.so
worldvln:94276:94276 [1] NCCL INFO dlvsym failed on mlx5dv_get_data_direct_sysfs_path - /lib/x86_64-linux-gnu/libmlx5.so.1: undefined symbol: mlx5dv_get_data_direct_sysfs_path, version MLX5_1.25 version MLX5_1.25
worldvln:94276:94276 [1] NCCL INFO dlvsym failed on mlx5dv_reg_dmabuf_mr - /lib/x86_64-linux-gnu/libmlx5.so.1: undefined symbol: mlx5dv_reg_dmabuf_mr, version MLX5_1.25 version MLX5_1.25
worldvln:94276:94276 [1] NCCL INFO NET/IB : No device found.
worldvln:94276:94276 [1] NCCL INFO NET/IB : Using [RO]; OOB eth0:192.168.26.29<0>
worldvln:94276:94276 [1] NCCL INFO Failed to initialize NET plugin IB
worldvln:94276:94276 [1] NCCL INFO NET/Socket : Using [0]eth0:192.168.26.29<0>
worldvln:94276:94276 [1] NCCL INFO Initialized NET plugin Socket
worldvln:94276:94276 [1] NCCL INFO Assigned NET plugin Socket to comm
worldvln:94276:94276 [1] NCCL INFO GIN/Plugin: Could not find: libnccl-gin.so
worldvln:94276:94276 [1] NCCL INFO Failed to initialize any GIN plugin
worldvln:94276:94276 [1] NCCL INFO Using network Socket
worldvln:94276:94276 [1] NCCL INFO [Rank 1] ncclCommInitRankConfig comm 0x24b17f30 rank 1 nranks 2 cudaDev 1 nvmlDev 1 busId 38000 commId 0xebb215aa0a5aed43 - Init START
worldvln:94276:94276 [1] NCCL INFO RAS client listening socket at 127.0.0.1<28028>
worldvln:94276:94276 [1] NCCL INFO TOPO/NET : Importing network plugins to topology
worldvln:94276:94276 [1] NCCL INFO NET/Socket : GPU Direct RDMA Disabled for HCA 0 'eth0'
worldvln:94276:94276 [1] NCCL INFO ncclTopoPopulateNics : Filled eth0 in topo with pciPath=(null) net=1 gin=(null) keep=1 coll=(null)
worldvln:94276:94276 [1] NCCL INFO === System : maxBw 24.0 totalBw 24.0 ===
worldvln:94276:94276 [1] NCCL INFO CPU/0-0 (1/1/3)
worldvln:94276:94276 [1] NCCL INFO + PCI[5000.0] - NIC/0-0
worldvln:94276:94276 [1] NCCL INFO                 + NET[3.1] - NET/0-0 (0/0/0/3.125000)
worldvln:94276:94276 [1] NCCL INFO + PCI[24.0] - GPU/0-16000 (0)
worldvln:94276:94276 [1] NCCL INFO + PCI[24.0] - GPU/0-38000 (1)
worldvln:94276:94276 [1] NCCL INFO ==========================================
worldvln:94276:94276 [1] NCCL INFO GPU/0-16000 :GPU/0-16000 (0/5000.0/LOC) GPU/0-38000 (2/24.0/PHB) CPU/0-0 (1/24.0/PHB) NET/0-0 (3/3.1/PHB) 
worldvln:94276:94276 [1] NCCL INFO GPU/0-38000 :GPU/0-16000 (2/24.0/PHB) GPU/0-38000 (0/5000.0/LOC) CPU/0-0 (1/24.0/PHB) NET/0-0 (3/3.1/PHB) 
worldvln:94276:94276 [1] NCCL INFO NET/0-0 :GPU/0-16000 (3/3.1/PHB) GPU/0-38000 (3/3.1/PHB) CPU/0-0 (2/3.1/PHB) NET/0-0 (0/5000.0/LOC) 
worldvln:94276:94276 [1] NCCL INFO ncclTopoGetCpuAffinity: Affinity for GPU 1 is 0-47,96-143. (GPU affinity = 0-47,96-143 ; CPU affinity = 0-191).
worldvln:94276:94276 [1] NCCL INFO NVLS multicast support is not available on dev 1 (NVLS_NCHANNELS 0)
worldvln:94276:94276 [1] NCCL INFO Pattern 4, crossNic 0, nChannels 1, bw 20.000000/20.000000, type PHB/PIX, sameChannels 1
worldvln:94276:94276 [1] NCCL INFO  0 : GPU/0-16000 GPU/0-38000
worldvln:94276:94276 [1] NCCL INFO Pattern 1, crossNic 0, nChannels 1, bw 20.000000/20.000000, type PHB/PIX, sameChannels 1
worldvln:94276:94276 [1] NCCL INFO  0 : GPU/0-16000 GPU/0-38000
worldvln:94276:94276 [1] NCCL INFO comm 0x24b17f30 rank 1 nRanks 2 nNodes 1 localRanks 2 localRank 1 MNNVL 0
worldvln:94276:94276 [1] NCCL INFO Tree 0 : 0 -> 1 -> -1/-1/-1
worldvln:94276:94276 [1] NCCL INFO Tree 1 : 0 -> 1 -> -1/-1/-1
worldvln:94276:94276 [1] NCCL INFO Ring 00 : 0 -> 1 -> 0
worldvln:94276:94276 [1] NCCL INFO Ring 01 : 0 -> 1 -> 0
worldvln:94276:94276 [1] NCCL INFO Trees [0] -1/-1/-1->1->0 [1] -1/-1/-1->1->0
worldvln:94276:94276 [1] NCCL INFO P2P Chunksize set to 131072
worldvln:94276:94276 [1] NCCL INFO PROFILER/Plugin: Could not find: li] NCCL INFO P2P Chunksize set to 131072
worldvln:94275:94275 [0] NCCL INFO PROFILER/Plugin: Could not find: libnccl-profiler.so
worldvln:94275:94275 [0] NCCL INFO Check P2P Type isAllDirectP2p 0 directMode 0 isAllCudaP2p 1
worldvln:94275:94275 [0] NCCL INFO ncclP2pSchedule: group size used is 2
worldvln:94275:94419 [0] NCCL INFO [Proxy Service UDS] Device 0 CPU core 101
worldvln:94275:94417 [0] NCCL INFO [Proxy Service] Device 0 CPU core 100
worldvln:94275:94275 [0] NCCL INFO TUNER/Plugin: Could not find: libnccl-tuner.so
worldvln:94275:94275 [0] NCCL INFO   Algorithm   |                            Tree                  |                            Ring                  |                   CollNetDirect                  |
worldvln:94275:94275 [0] NCCL INFO   Protocol    |             LL |          LL128 |         Simple |             LL |          LL128 |         Simple |             LL |          LL128 |         Simple |
worldvln:94275:94275 [0] NCCL INFO  Max NThreads |            512 |            640 |            512 |            512 |            640 |            512 |              0 |              0 |            640 |
worldvln:94275:94275 [0] NCCL INFO     Broadcast |     0.0/   0.0 |     0.0/   0.0 |     0.0/   0.0 |     7.6/  10.0 |    16.5/   0.0 |    14.1/  20.0 |     0.0/   0.0 |     0.0/   0.0 |     0.0/   0.0 |
worldvln:94275:94275 [0] NCCL INFO        Reduce |     0.0/   0.0 |     0.0/   0.0 |     0.0/   0.0 |     7.6/  10.0 |    16.5/   0.0 |    14.1/  20.0 |     0.0/   0.0 |     0.0/   0.0 |     0.0/   0.0 |
worldvln:94275:94275 [0] NCCL INFO     AllGather |     0.0/   0.0 |     0.0/   0.0 |     0.0/   0.0 |     7.6/  20.0 |    16.5/   0.0 |    14.1/  40.0 |     0.8/   0.0 |     0.8/   0.0 |    39.2/   0.0 |
worldvln:94275:94275 [0] NCCL INFO ReduceScatter |     0.0/   0.0 |     0.0/   0.0 |     0.0/   0.0 |     7.6/  20.0 |    16.5/   0.0 |    14.1/  40.0 |     0.8/   0.0 |     0.8/   0.0 |    39.2/   0.0 |
worldvln:94275:94275 [0] NCCL INFO     AllReduce |     8.8/   2.4 |    17.8/   0.0 |    16.4/   9.2 |     8.6/  10.0 |    19.0/   0.0 |    19.8/  20.0 |     0.8/   0.0 |     0.8/   0.0 |    39.2/   0.0 |
worldvln:94275:94275 [0] NCCL INFO   Algorithm   |                    CollNetChain                  |                            NVLS                  |                        NVLSTree                  |
worldvln:94275:94275 [0] NCCL INFO   Protocol    |             LL |          LL128 |         Simple |             LL |          LL128 |         Simple |             LL |          LL128 |         Simple |
worldvln:94275:94275 [0] NCCL INFO  Max NThreads |              0 |              0 |            640 |              0 |              0 |            640 |              0 |              0 |            640 |
worldvln:94275:94275 [0] NCCL INFO     Broadcast |     0.0/   0.0 |     0.0/   0.0 |     0.0/   0.0 |     0.0/   0.0 |     0.0/   0.0 |     0.0/   0.0 |     0.0/   0.0 |     0.0/   0.0 |     0.0/   0.0 |
worldvln:94275:94275 [0] NCCL INFO        Reduce |     0.0/   0.0 |     0.0/   0.0 |     0.0/   0.0 |     0.0/   0.0 |     0.0/   0.0 |     0.0/   0.0 |     0.0/   0.0 |     0.0/   0.0 |     0.0/   0.0 |
worldvln:94275:94275 [0] NCCL INFO     AllGather |     0.0/   0.0 |     0.0/   0.0 |     0.0/   0.0 |     0.0/   0.0 |     0.0/   0.0 |     0.0/   0.0 |     0.0/   0.0 |     0.0/   0.0 |     0.0/   0.0 |
worldvln:94275:94275 [0] NCCL INFO ReduceScatter |     0.0/   0.0 |     0.0/   0.0 |     0.0/   0.0 |     0.0/   0.0 |     0.0/   0.0 |     0.0/   0.0 |     0.0/   0.0 |     0.0/   0.0 |     0.0/   0.0 |
worldvln:94275:94275 [0] NCCL INFO     AllReduce |     0.0/   0.0 |     0.0/   0.0 |    35.6/   0.0 |     0.0/   0.0 |     0.0/   0.0 |     0.0/   0.0 |     0.0/   0.0 |     0.0/   0.0 |     0.0/   0.0 |
worldvln:94275:94275 [0] NCCL INFO   Algorithm   |                             PAT                  |
worldvln:94275:94275 [0] NCCL INFO   Protocol    |             LL |          LL128 |         Simple |             LL |          LL128 |         Simple |             LL |          LL128 |         Simple /root/learn/envs/serve/lib/python3.12/site-packages/torch/distributed/c10d_logger.py:83: UserWarning: barrier(): using the device under current context. You can specify `device_id` in `init_process_group` to mute this warning.
  return func(*args, **kwargs)
|
worldvln:94275:94275 [0] NCCL INFO  Max NThreads |              0 |              0 |              0 |
worldvln:94275:94275 [0] NCCL INFO     Broadcast |     0.0/   0.0 |     0.0/   0.0 |     0.0/   0.0 |
worldvln:94275:94275 [0] NCCL INFO        Reduce |     0.0/   0.0 |     0.0/   0.0 |     0.0/   0.0 |
worldvln:94275:94275 [0] NCCL INFO     AllGather |     0.0/   0.0 |     0.0/   0.0 |     0.0/   0.0 |
worldvln:94275:94275 [0] NCCL INFO ReduceScatter |     0.0/   0.0 |     0.0/   0.0 |     0.0/   0.0 |
worldvln:94275:94275 [0] NCCL INFO     AllReduce |     0.0/   0.0 |     0.0/   0.0 |     0.0/   0.0 |
worldvln:94275:94275 [0] NCCL INFO threadThresholds 8/8/64 | 16/8/64 | 512 | 512
worldvln:94275:94275 [0] NCCL INFO 2 coll channels, 2 collnet channels, 0 nvls channels, 2 p2p channels, 2 p2p channels per peer
worldvln:94275:94275 [0] NCCL INFO Symmetric VA size=48GB
worldvln:94275:94275 [0] NCCL INFO CC Off, workFifoBytes 1048576
worldvln:94275:94275 [0] NCCL INFO ncclCommInitRankConfig comm 0x3af1f330 rank 0 nranks 2 cudaDev 0 nvmlDev 0 busId 16000 commId 0xebb215aa0a5aed43 - Init COMPLETE
worldvln:94275:94275 [0] NCCL INFO Init timings - ncclCommInitRankConfig: rank 0 nranks 2 total 4.22 (kernels 0.15, alloc 4.05, bootstrap 0.01, allgathers 0.00, topo 0.01, graphs 0.00, connections 0.00, rest 0.00)
worldvln:94275:94275 [0] NCCL INFO Symmetric VA size=48GB
worldvln:94275:94417 [0] NCCL INFO New proxy recv connection 0 from local rank 0, transport 1
worldvln:94275:94275 [0] NCCL INFO Connected to proxy localRank 0 -> connection 0x74086c004f70
worldvln:94275:94417 [0] NCCL INFO New proxy recv connection 1 from local rank 0, transport 1
worldvln:94275:94275 [0] NCCL INFO Connected to proxy localRank 0 -> connection 0x74086c004ff8
worldvln:94275:94417 [0] NCCL INFO New proxy send connection 2 from local rank 0, transport 1
worldvln:94275:94275 [0] NCCL INFO Connected to proxy localRank 0 -> connection 0x74086c005080
worldvln:94275:94275 [0] NCCL INFO Channel 00 : 0[0] -> 1[1] via SHM/direct/direct
worldvln:94275:94417 [0] NCCL INFO New proxy send connection 3 from local rank 0, transport 1
worldvln:94275:94275 [0] NCCL INFO Connected to proxy localRank 0 -> connection 0x74086c005108
worldvln:94275:94275 [0] NCCL INFO Channel 01 : 0[0] -> 1[1] via SHM/direct/direct
worldvln:94275:94417 [0] NCCL INFO New proxy send connection 4 from local rank 1, transport 0
worldvln:94275:94275 [0] NCCL INFO Connected to proxy localRank 1 -> connection 0x74d7ac005190
worldvln:94275:94275 [0] NCCL INFO Connected all rings, use ring PXN 0 GDR 1
worldvln:94275:94275 [0] NCCL INFO AllReduce: 4096 Bytes -> Algo RING proto LL channel{Lo..Hi}={0..0}
worldvln:94275:94275 [0] NCCL INFO AllReduce: 4096 Bytes -> Algo RING proto LL channel{Lo..Hi}={0..0}
worldvln:94275:94275 [0] NCCL INFO AllReduce: 4096 Bytes -> Algo RING proto LL channel{Lo..Hi}={0..0}
worldvln:94275:94275 [0] NCCL INFO AllReduce: 4 Bytes -> Algo RING proto LL channel{Lo..Hi}={0..0}
worldvln:94275:94275 [0] NCCL INFO AllReduce: 4096 Bytes -> Algo RING proto LL channel{Lo..Hi}={0..0}
worldvln:94275:94275 [0] NCCL INFO AllReduce: 4096 Bytes -> Algo RING proto LL channel{Lo..Hi}={0..0}
worldvln:94275:94275 [0] NCCL INFO AllReduce: 4096 Bytes -> Algo RING proto LL channel{Lo..Hi}={0..0}
worldvln:94275:94275 [0] NCCL INFO AllReduce: 4096 Bytes -> Algo RING proto LL channel{Lo..Hi}={0..0}
worldvln:94275:94275 [0] NCCL INFO AllReduce: 4096 Bytes -> Algo RING proto LL channel{Lo..Hi}={0..0}
worldvln:94275:94275 [0] NCCL INFO AllReduce: 4096 Bytes -> Algo RING proto LL channel{Lo..Hi}={0..0}
worldvln:94275:94275 [0] NCCL INFO AllReduce: 4096 Bytes -> Algo RING proto LL channel{Lo..Hi}={0..0}
worldvln:94275:94275 [0] NCCL INFO AllReduce: 4096 Bytes -> Algo RING proto LL channel{Lo..Hi}={0..0}
worldvln:94275:94275 [0] NCCL INFO AllReduce: 4096 Bytes -> Algo RING proto LL channel{Lo..Hi}={0..0}
worldvln:94275:94275 [0] NCCL INFO AllReduce: 4096 Bytes -> Algo RING proto LL channel{Lo..Hi}={0..0}
worldvln:94275:94275 [0] NCCL INFO AllReduce: 4096 Bytes -> Algo RING proto LL channel{Lo..Hi}={0..0  all_reduce          4KiB t=    0.037 ms
bnccl-profiler.so
worldvln:94276:94276 [1] NCCL INFO Check P2P Type isAllDirectP2p 0 directMode 0 isAllCudaP2p 1
worldvln:94276:94276 [1] NCCL INFO ncclP2pSchedule: group size used is 2
worldvln:94276:94420 [0] NCCL INFO [Proxy Service UDS] Device 1 CPU core 108
worldvln:94276:94418 [0] NCCL INFO [Proxy Service] Device 1 CPU core 8
worldvln:94276:94276 [1] NCCL INFO TUNER/Plugin: Could not find: libnccl-tuner.so
worldvln:94276:94276 [1] NCCL INFO threadThresholds 8/8/64 | 16/8/64 | 512 | 512
worldvln:94276:94276 [1] NCCL INFO 2 coll channels, 2 collnet channels, 0 nvls channels, 2 p2p channels, 2 p2p channels per peer
worldvln:94276:94276 [1] NCCL INFO Symmetric VA size=48GB
worldvln:94276:94276 [1] NCCL INFO ncclCommInitRankConfig comm 0x24b17f30 rank 1 nranks 2 cudaDev 1 nvmlDev 1 busId 38000 commId 0xebb215aa0a5aed43 - Init COMPLETE
worldvln:94276:94276 [1] NCCL INFO Init timings - ncclCommInitRankConfig: rank 1 nranks 2 total 4.22 (kernels 0.14, alloc 4.05, bootstrap 0.02, allgathers 0.00, topo 0.01, graphs 0.00, connections 0.00, rest 0.00)
worldvln:94276:94276 [1] NCCL INFO Symmetric VA size=48GB
worldvln:94276:94418 [1] NCCL INFO New proxy recv connection 0 from local rank 1, transport 1
worldvln:94276:94276 [1] NCCL INFO Connected to proxy localRank 1 -> connection 0x74d7ac004f70
worldvln:94276:94418 [1] NCCL INFO New proxy recv connection 1 from local rank 1, transport 1
worldvln:94276:94276 [1] NCCL INFO Connected to proxy localRank 1 -> connection 0x74d7ac004ff8
worldvln:94276:94418 [1] NCCL INFO New proxy send connection 2 from local rank 1, transport 1
worldvln:94276:94276 [1] NCCL INFO Connected to proxy localRank 1 -> connection 0x74d7ac005080
worldvln:94276:94276 [1] NCCL INFO Channel 00 : 1[1] -> 0[0] via SHM/direct/direct
worldvln:94276:94418 [1] NCCL INFO New proxy send connection 3 from local rank 1, transport 1
worldvln:94276:94276 [1] NCCL INFO Connected to proxy localRank 1 -> connection 0x74d7ac005108
worldvln:94276:94276 [1] NCCL INFO Channel 01 : 1[1] -> 0[0] via SHM/direct/direct
worldvln:94276:94418 [1] NCCL INFO New proxy send connection 4 from local rank 0, transport 0
worldvln:94276:94276 [1] NCCL INFO Connected to proxy localRank 0 -> connection 0x74086c005190
worldvln:94276:94276 [1] NCCL INFO Connected all rings, use ring PXN 0 GDR 1
worldvln:94276:94276 [1] NCCL INFO comm 0x24b17f30 rank 1 nranks 2 cudaDev 1 busId 38000 - Destroy COMPLETE
}
worldvln:94275:94275 [0] NCCL INFO AllReduce: 4096 Bytes -> Algo RING proto LL channel{Lo..Hi}={0..0}
worldvln:94275:94275 [0] NCCL INFO AllReduce: 4096 Bytes -> Algo RING proto LL channel{Lo..Hi}={0..0}
worldvln:94275:94275 [0] NCCL INFO AllReduce: 4096 Bytes -> Algo RING proto LL channel{Lo..Hi}={0..0}
worldvln:94275:94275 [0] NCCL INFO AllReduce: 4096 Bytes -> Algo RING proto LL channel{Lo..Hi}={0..0}
worldvln:94275:94275 [0] NCCL INFO AllReduce: 4096 Bytes -> Algo RING proto LL channel{Lo..Hi}={0..0}
worldvln:94275:94275 [0] NCCL INFO AllReduce: 4096 Bytes -> Algo RING proto LL channel{Lo..Hi}={0..0}
worldvln:94275:94275 [0] NCCL INFO AllReduce: 4096 Bytes -> Algo RING proto LL channel{Lo..Hi}={0..0}
worldvln:94275:94275 [0] NCCL INFO AllReduce: 4096 Bytes -> Algo RING proto LL channel{Lo..Hi}={0..0}
worldvln:94275:94275 [0] NCCL INFO AllReduce: 4096 Bytes -> Algo RING proto LL channel{Lo..Hi}={0..0}
worldvln:94275:94275 [0] NCCL INFO AllReduce: 4 Bytes -> Algo RING proto LL channel{Lo..Hi}={0..0}
worldvln:94275:94275 [0] NCCL INFO AllReduce: 4 Bytes -> Algo RING proto LL channel{Lo..Hi}={0..0}
worldvln:94275:94275 [0] NCCL INFO AllReduce: 4 Bytes -> Algo RING proto LL channel{Lo..Hi}={0..0}
worldvln:94275:94275 [0] NCCL INFO comm 0x3af1f330 rank 0 nranks 2 cudaDev 0 busId 16000 - Destroy COMPLETE
worldvln:94276:94276 [1] NCCL INFO ENV/Plugin: Closing env plugin ncclEnvDefault
worldvln:94275:94275 [0] NCCL INFO ENV/Plugin: Closing env plugin ncclEnvDefault
