[idle] 60.0s Pmean=28.8W E=1729.7J
[closed_c1] wall=60.0s E=23701.8J Pmean=395.6W tokens=17536 reqs=137
[closed_c8] wall=60.6s E=27021.5J Pmean=446.7W tokens=70656 reqs=552
[closed_c32] wall=61.2s E=33189.1J Pmean=544.8W tokens=118784 reqs=928
[open_0.3x] wall=60.5s E=22778.5J Pmean=377.4W tokens=35968 reqs=281
[open_0.9x] wall=60.8s E=31658.8J Pmean=521.5W tokens=101120 reqs=790
[
  {
    "case": "idle",
    "kind": "idle",
    "concurrency": null,
    "rate_qps": null,
    "window_s": 59.99025362916291,
    "energy_j": 1729.685609372944,
    "power_mean_w": 28.832696666666664,
    "incremental_energy_j": 0.004823526890959329,
    "tokens": 0,
    "requests": 0,
    "j_per_token_total": null,
    "j_per_token_incremental": null,
    "tokens_per_j_incremental": 0.0,
    "mem_peak_mib": 19700.9375,
    "ttft_p50": null,
    "ttft_p99": null,
    "tpot_p50": null,
    "slo_attained": null
  },
  {
    "case": "closed_c1",
    "kind": "closed",
    "concurrency": 1,
    "rate_qps": null,
    "window_s": 59.87335657607764,
    "energy_j": 23701.77447357671,
    "power_mean_w": 395.57049582637734,
    "incremental_energy_j": 21975.46414500349,
    "tokens": 17536,
    "requests": 137,
    "j_per_token_total": 1.3516066647796936,
    "j_per_token_incremental": 1.2531628732324072,
    "tokens_per_j_incremental": 0.7979808701327075,
    "mem_peak_mib": 19700.9375,
    "ttft_p50": 0.039299299009144306,
    "ttft_p99": 0.04212587419897318,
    "tpot_p50": 0.003135244560053968,
    "slo_attained": {
      "SLO-0.5s/25ms": 137,
      "SLO-1s/50ms": 137,
      "SLO-2s/100ms": 137
    }
  },
  {
    "case": "closed_c8",
    "kind": "closed",
    "concurrency": 8,
    "rate_qps": null,
    "window_s": 60.48680960293859,
    "energy_j": 27021.45674895825,
    "power_mean_w": 446.69491239669424,
    "incremental_energy_j": 25277.458915342304,
    "tokens": 70656,
    "requests": 552,
    "j_per_token_total": 0.38243683125223976,
    "j_per_token_incremental": 0.35775389089875315,
    "tokens_per_j_incremental": 2.795217677403282,
    "mem_peak_mib": 19700.9375,
    "ttft_p50": 0.1428332645446062,
    "ttft_p99": 0.1799269262701273,
    "tpot_p50": 0.00578143904498947,
    "slo_attained": {
      "SLO-0.5s/25ms": 552,
      "SLO-1s/50ms": 552,
      "SLO-2s/100ms": 552
    }
  },
  {
    "case": "closed_c32",
    "kind": "closed",
    "concurrency": 32,
    "rate_qps": null,
    "window_s": 60.90542058926076,
    "energy_j": 33189.13456214189,
    "power_mean_w": 544.823026272578,
    "incremental_energy_j": 31433.06704493598,
    "tokens": 118784,
    "requests": 928,
    "j_per_token_total": 0.2794074501796697,
    "j_per_token_incremental": 0.26462374600060595,
    "tokens_per_j_incremental": 3.7789503591930487,
    "mem_peak_mib": 19700.9375,
    "ttft_p50": 0.16179965622723103,
    "ttft_p99": 0.9242998408153653,
    "tpot_p50": 0.015279083241393246,
    "slo_attained": {
      "SLO-0.5s/25ms": 907,
      "SLO-1s/50ms": 920,
      "SLO-2s/100ms": 928
    }
  },
  {
    "case": "open_0.3x",
    "kind": "open",
    "concurrency": null,
    "rate_qps": 4.552151297715531,
    "window_s": 60.38020350318402,
    "energy_j": 22778.52156346957,
    "power_mean_w": 377.3750844370861,
    "incremental_energy_j": 21037.59747119066,
    "tokens": 35968,
    "requests": 281,
    "j_per_token_total": 0.6332996431124769,
    "j_per_token_incremental": 0.5848976165255411,
    "tokens_per_j_incremental": 1.709700931831943,
    "mem_peak_mib": 19700.9375,
    "ttft_p50": 0.051177904941141605,
    "ttft_p99": 0.12991503067314625,
    "tpot_p50": 0.004951673948506671,
    "slo_attained": {
      "SLO-0.5s/25ms": 281,
      "SLO-1s/50ms": 281,
      "SLO-2s/100ms": 281
    }
  },
  {
    "case": "open_0.9x",
    "kind": "open",
    "concurrency": null,
    "rate_qps": 13.656453893146594,
    "window_s": 60.69384537450969,
    "energy_j": 31658.77526176008,
    "power_mean_w": 521.4713492586491,
    "incremental_energy_j": 29908.808028543273,
    "tokens": 101120,
    "requests": 790,
    "j_per_token_total": 0.3130812426993679,
    "j_per_token_incremental": 0.29577539585189155,
    "tokens_per_j_incremental": 3.3809438311114506,
    "mem_peak_mib": 19700.9375,
    "ttft_p50": 0.08530182112008333,
    "ttft_p99": 0.3598346086218953,
    "tpot_p50": 0.01120002396903404,
    "slo_attained": {
      "SLO-0.5s/25ms": 778,
      "SLO-1s/50ms": 790,
      "SLO-2s/100ms": 790
    }
  }
]
-> out/8.5/ledger/energy_summary.json
EXIT=0
