USDT:2026-09-13 01:42:30 2473538:2473538 SyncActivityProfilerHandler.cpp:52] profiler_start
USDT:2026-09-13 01:42:30 2473538:2473538 SyncActivityProfilerHandler.cpp:59] profiler_stop
[
  {
    "ratio": 0.5,
    "access": "resident",
    "method": "native",
    "event_median_us": 15.632000286132097,
    "samples": 100,
    "round_medians_us": [
      14.655999839305878,
      14.479999896138906,
      23.408000357449055,
      13.45600001513958,
      20.75199969112873
    ],
    "complete_per_call_us": [
      17.930600000000002,
      16.3626,
      34.6012,
      16.977600000000002,
      25.99815
    ]
  },
  {
    "ratio": 0.5,
    "access": "resident",
    "method": "split",
    "event_median_us": 27.264000847935677,
    "samples": 100,
    "round_medians_us": [
      26.1439997702837,
      26.38399973511696,
      26.75200067460537,
      25.295999832451344,
      37.487998604774475
    ],
    "complete_per_call_us": [
      30.7737,
      32.1457,
      32.2177,
      35.5322,
      46.5663
    ]
  },
  {
    "ratio": 0.5,
    "access": "rotating",
    "method": "native",
    "event_median_us": 34.46400165557861,
    "samples": 100,
    "round_medians_us": [
      34.04799848794937,
      34.46400165557861,
      34.46400165557861,
      34.46400165557861,
      34.46400165557861
    ],
    "complete_per_call_us": [
      47.5788,
      36.83675,
      40.20775,
      37.72775,
      38.096199999999996
    ]
  },
  {
    "ratio": 0.5,
    "access": "rotating",
    "method": "split",
    "event_median_us": 42.65600070357323,
    "samples": 100,
    "round_medians_us": [
      42.65600070357323,
      51.85599997639656,
      42.4639992415905,
      42.54399985074997,
      42.367998510599136
    ],
    "complete_per_call_us": [
      46.909800000000004,
      57.06885,
      45.005250000000004,
      52.3278,
      46.5258
    ]
  },
  {
    "ratio": 1,
    "access": "resident",
    "method": "native",
    "event_median_us": 21.84000052511692,
    "samples": 100,
    "round_medians_us": [
      21.79200015962124,
      21.87200076878071,
      22.08000048995018,
      22.048000246286392,
      21.776000037789345
    ],
    "complete_per_call_us": [
      29.600150000000003,
      24.437649999999998,
      25.35265,
      25.53915,
      25.469649999999998
    ]
  },
  {
    "ratio": 1,
    "access": "resident",
    "method": "split",
    "event_median_us": 32.09599852561951,
    "samples": 100,
    "round_medians_us": [
      32.09599852561951,
      32.09599852561951,
      32.1119986474514,
      32.07999840378761,
      32.09599852561951
    ],
    "complete_per_call_us": [
      36.5517,
      36.54875,
      35.265750000000004,
      41.82525,
      35.7062
    ]
  },
  {
    "ratio": 1,
    "access": "rotating",
    "method": "native",
    "event_median_us": 65.18399715423584,
    "samples": 100,
    "round_medians_us": [
      65.18399715423584,
      65.18399715423584,
      65.18399715423584,
      65.18399715423584,
      64.95999917387962
    ],
    "complete_per_call_us": [
      72.16445,
      67.6089,
      68.0239,
      68.3564,
      69.72945
    ]
  },
  {
    "ratio": 1,
    "access": "rotating",
    "method": "split",
    "event_median_us": 71.32799923419952,
    "samples": 100,
    "round_medians_us": [
      71.32799923419952,
      71.32799923419952,
      72.22400233149529,
      71.19999825954437,
      72.11200147867203
    ],
    "complete_per_call_us": [
      76.54299999999999,
      78.1075,
      74.64345,
      84.64355,
      74.5285
    ]
  },
  {
    "ratio": 2,
    "access": "resident",
    "method": "native",
    "event_median_us": 122.76799976825714,
    "samples": 100,
    "round_medians_us": [
      122.52800166606903,
      122.52800166606903,
      122.76799976825714,
      124.27200004458427,
      122.8800006210804
    ],
    "complete_per_call_us": [
      130.7513,
      125.24674999999999,
      127.01780000000001,
      126.19175,
      126.58430000000001
    ]
  },
  {
    "ratio": 2,
    "access": "resident",
    "method": "split",
    "event_median_us": 130.72000443935394,
    "samples": 100,
    "round_medians_us": [
      130.72000443935394,
      130.75200468301773,
      130.72000443935394,
      130.68799674510956,
      130.72000443935394
    ],
    "complete_per_call_us": [
      134.05385,
      136.79435,
      133.78735,
      133.7538,
      133.39935
    ]
  },
  {
    "ratio": 2,
    "access": "rotating",
    "method": "native",
    "event_median_us": 122.52800166606903,
    "samples": 100,
    "round_medians_us": [
      123.31200018525124,
      123.34400042891502,
      122.94400110840797,
      122.52800166606903,
      122.52800166606903
    ],
    "complete_per_call_us": [
      129.33285,
      126.0133,
      126.5463,
      125.6333,
      126.11479999999999
    ]
  },
  {
    "ratio": 2,
    "access": "rotating",
    "method": "split",
    "event_median_us": 130.72000443935394,
    "samples": 100,
    "round_medians_us": [
      130.72000443935394,
      130.72000443935394,
      130.72000443935394,
      130.70400059223175,
      130.72000443935394
    ],
    "complete_per_call_us": [
      134.05085,
      136.54985,
      136.07985000000002,
      137.10835,
      133.77735
    ]
  },
  {
    "ratio": 4,
    "access": "resident",
    "method": "native",
    "event_median_us": 243.3599978685379,
    "samples": 100,
    "round_medians_us": [
      243.3599978685379,
      243.3599978685379,
      243.3599978685379,
      243.3599978685379,
      243.3599978685379
    ],
    "complete_per_call_us": [
      250.39305,
      245.14854999999997,
      245.795,
      246.125,
      246.28400000000002
    ]
  },
  {
    "ratio": 4,
    "access": "resident",
    "method": "split",
    "event_median_us": 249.39200282096863,
    "samples": 100,
    "round_medians_us": [
      249.4720071554184,
      249.26400184631348,
      249.26400184631348,
      249.32800233364105,
      249.48800355196
    ],
    "complete_per_call_us": [
      252.38755,
      252.23604999999998,
      251.75205,
      255.5386,
      252.31455
    ]
  },
  {
    "ratio": 4,
    "access": "rotating",
    "method": "native",
    "event_median_us": 243.3280050754547,
    "samples": 100,
    "round_medians_us": [
      243.3599978685379,
      243.02399903535843,
      243.3599978685379,
      243.26399713754654,
      243.1040033698082
    ],
    "complete_per_call_us": [
      250.36605,
      244.7,
      245.74650000000003,
      244.89454999999998,
      247.14155
    ]
  },
  {
    "ratio": 4,
    "access": "rotating",
    "method": "split",
    "event_median_us": 249.34400618076324,
    "samples": 100,
    "round_medians_us": [
      249.42400306463242,
      249.2160052061081,
      249.4720071554184,
      249.40800666809082,
      249.13600087165833
    ],
    "complete_per_call_us": [
      253.2391,
      253.1141,
      251.74955,
      255.06210000000002,
      251.45205
    ]
  }
]
