=== [7.8 文本清洗与 batch 组装] ===
[*] 1. 文本清洗与污染检测完成 (保留 19/30 样本) -> results/local/7.8/20260915-data-engineering/contract/dedup_filtration.json
[*] 2. Collator Padding vs Packing 对比完成 (Padding 浪费率: 29.2%) -> results/local/7.8/20260915-data-engineering/contract/collator_batch_contract.json
{
  "cases": [
    {
      "seed": 0,
      "labels": [
        -100,
        2,
        -100,
        4
      ],
      "loss": 2.3136256131127,
      "independent_loss": 2.3136256131127,
      "gradient_max_error": 0.0,
      "deferred": [
        "later"
      ],
      "rejected": [
        {
          "id": "long",
          "reason": "exceeds_capacity"
        }
      ]
    },
    {
      "seed": 1,
      "labels": [
        -100,
        2,
        -100,
        4
      ],
      "loss": 2.345298945461054,
      "independent_loss": 2.345298945461054,
      "gradient_max_error": 0.0,
      "deferred": [
        "later"
      ],
      "rejected": [
        {
          "id": "long",
          "reason": "exceeds_capacity"
        }
      ]
    },
    {
      "seed": 2,
      "labels": [
        -100,
        2,
        -100,
        4
      ],
      "loss": 1.494100334213602,
      "independent_loss": 1.494100334213602,
      "gradient_max_error": 0.0,
      "deferred": [
        "later"
      ],
      "rejected": [
        {
          "id": "long",
          "reason": "exceeds_capacity"
        }
      ]
    }
  ]
}
=== [7.8 完成] ===
