{
 "inputs": {
  "kv_bytes_per_token": 147456,
  "budget_gib": 12.0,
  "swap_bw_gbps": 36.0,
  "prefill_ms": {
   "512": 206.599,
   "4096": 347.53,
   "8192": 856.309
  },
  "prefill_source": "probe"
 }
}
     L  gap_s    kv_MiB  retain(byte·s)   slots·s  recompute_ms   swap_ms  swap/recompute  cheapest
   512    0.0      72.0             0.0       0.0       206.599    4.1943          0.0203    retain
   512    1.0      72.0      75497472.0  0.005859       206.599    4.1943          0.0203    retain
   512   10.0      72.0     754974720.0  0.058594       206.599    4.1943          0.0203      swap
   512   60.0      72.0    4529848320.0  0.351562       206.599    4.1943          0.0203      swap
  4096    0.0     576.0             0.0       0.0        347.53   33.5544          0.0966    retain
  4096    1.0     576.0     603979776.0  0.046875        347.53   33.5544          0.0966    retain
  4096   10.0     576.0    6039797760.0   0.46875        347.53   33.5544          0.0966      swap
  4096   60.0     576.0   36238786560.0    2.8125        347.53   33.5544          0.0966      swap
  8192    0.0    1152.0             0.0       0.0       856.309   67.1089          0.0784    retain
  8192    1.0    1152.0    1207959552.0   0.09375       856.309   67.1089          0.0784    retain
  8192   10.0    1152.0   12079595520.0    0.9375       856.309   67.1089          0.0784      swap
  8192   60.0    1152.0   72477573120.0     5.625       856.309   67.1089          0.0784      swap
