[probe] mode=cache_off target=512 rep=0 prompt=515 cached=0 ttft=206.599
[probe] mode=cache_off target=512 rep=1 prompt=515 cached=0 ttft=54.524
[probe] mode=cache_off target=512 rep=2 prompt=515 cached=0 ttft=52.247
[probe] mode=cache_off target=4096 rep=0 prompt=4022 cached=0 ttft=347.53
[probe] mode=cache_off target=4096 rep=1 prompt=4022 cached=0 ttft=376.172
[probe] mode=cache_off target=4096 rep=2 prompt=4022 cached=0 ttft=373.452
[probe] mode=cache_off target=8192 rep=0 prompt=8028 cached=0 ttft=856.309
[probe] mode=cache_off target=8192 rep=1 prompt=8028 cached=0 ttft=869.19
[probe] mode=cache_off target=8192 rep=2 prompt=8028 cached=0 ttft=856.828
an error occurred during closing of asynchronous generator <async_generator object safe_async_iterate at 0x70db1f8e3d80>
asyncgen: <async_generator object safe_async_iterate at 0x70db1f8e3d80>
Traceback (most recent call last):
  File "/scratch/learn/envs/serve/lib/python3.12/site-packages/httpcore2/_async/http11.py", line 313, in __aiter__
    yield chunk
GeneratorExit

During handling of the above exception, another exception occurred:

Traceback (most recent call last):
  File "/scratch/learn/envs/serve/lib/python3.12/site-packages/httpcore2/_utils.py", line 62, in safe_async_iterate
    await iterator.aclose()
  File "/scratch/learn/envs/serve/lib/python3.12/site-packages/httpcore2/_async/http11.py", line 320, in __aiter__
    raise exc
  File "/scratch/learn/envs/serve/lib/python3.12/site-packages/httpcore2/_async/http11.py", line 311, in __aiter__
    async with safe_async_iterate(self._connection._receive_response_body(**kwargs)) as iterator:
               ^^^^^^^^^^^^^^^^^^^^^^^^^^^^^^^^^^^^^^^^^^^^^^^^^^^^^^^^^^^^^^^^^^^^^
  File "/root/.local/share/uv/python/cpython-3.12.14-linux-x86_64-gnu/lib/python3.12/contextlib.py", line 267, in __aexit__
    raise RuntimeError("generator didn't stop after athrow()")
RuntimeError: generator didn't stop after athrow()
an error occurred during closing of asynchronous generator <async_generator object PoolByteStream.__aiter__ at 0x70db2023a6b0>
asyncgen: <async_generator object PoolByteStream.__aiter__ at 0x70db2023a6b0>
Traceback (most recent call last):
  File "/scratch/learn/envs/serve/lib/python3.12/site-packages/httpcore2/_async/connection_pool.py", line 427, in __aiter__
    yield chunk
GeneratorExit

During handling of the above exception, another exception occurred:

Traceback (most recent call last):
  File "/scratch/learn/envs/serve/lib/python3.12/site-packages/httpcore2/_async/connection_pool.py", line 425, in __aiter__
    async with safe_async_iterate(self._stream) as iterator:
               ^^^^^^^^^^^^^^^^^^^^^^^^^^^^^^^^
  File "/root/.local/share/uv/python/cpython-3.12.14-linux-x86_64-gnu/lib/python3.12/contextlib.py", line 267, in __aexit__
    raise RuntimeError("generator didn't stop after athrow()")
RuntimeError: generator didn't stop after athrow()
