{
 "spans": "results/crater2/9.1/20260921-spans/collect/spans.jsonl",
 "capacity": {
  "kv_bytes_per_session": 603979776,
  "sessions_fit_in_budget": 21,
  "max_concurrent_tool_waits_observed": 6,
  "max_concurrent_tool_waits_scaled_1.5": 8,
  "fits_now": true,
  "fits_after_perturbation": true,
  "note": "驻留的容量约束是**同时在等工具的会话数**，不是累计占用积分：并发等待数 × 单会话 KV 必须落在预算内；工具变慢会让等待区间拉长、重叠数上升"
 },
 "tool_wait_stats": {
  "n": 1086,
  "p50_s": 0.0008,
  "p90_s": 0.0216,
  "p95_s": 0.023,
  "p99_s": 0.0274,
  "max_s": 0.607,
  "mean_s": 0.0051
 },
 "config": {
  "length": 4096,
  "kv_bytes": 603979776,
  "budget_gib": 12.0,
  "recompute_ms": 0.0,
  "max_occupancy_seconds": 3600.0
 },
 "candidates": [
  {
   "label": "ttl=0.000",
   "ttl_s": 0.0,
   "retained_byte_s": 0.0,
   "retained_sessions": 0,
   "dropped_sessions": 1086,
   "recompute_total_s": 0.0,
   "peak_concurrent_retained": null,
   "occupancy_seconds": 0.0,
   "capacity_ok": true
  },
  {
   "label": "ttl=0.001",
   "ttl_s": 0.0008450000000011642,
   "retained_byte_s": 110952896.79,
   "retained_sessions": 543,
   "dropped_sessions": 543,
   "recompute_total_s": 0.0,
   "peak_concurrent_retained": null,
   "occupancy_seconds": 0.008611,
   "capacity_ok": true
  },
  {
   "label": "ttl=0.004",
   "ttl_s": 0.003548000000002503,
   "retained_byte_s": 430600133.542,
   "retained_sessions": 815,
   "dropped_sessions": 271,
   "recompute_total_s": 0.0,
   "peak_concurrent_retained": null,
   "occupancy_seconds": 0.033419,
   "capacity_ok": true
  },
  {
   "label": "ttl=0.022",
   "ttl_s": 0.021604999999995926,
   "retained_byte_s": 1355441749.623,
   "retained_sessions": 977,
   "dropped_sessions": 109,
   "recompute_total_s": 0.0,
   "peak_concurrent_retained": null,
   "occupancy_seconds": 0.105196,
   "capacity_ok": true
  },
  {
   "label": "ttl=0.023",
   "ttl_s": 0.023004000000000815,
   "retained_byte_s": 2092249965.92,
   "retained_sessions": 1032,
   "dropped_sessions": 54,
   "recompute_total_s": 0.0,
   "peak_concurrent_retained": null,
   "occupancy_seconds": 0.16238,
   "capacity_ok": true
  },
  {
   "label": "ttl=0.027",
   "ttl_s": 0.027377000000000408,
   "retained_byte_s": 2740152359.19,
   "retained_sessions": 1075,
   "dropped_sessions": 11,
   "recompute_total_s": 0.0,
   "peak_concurrent_retained": null,
   "occupancy_seconds": 0.212664,
   "capacity_ok": true
  },
  {
   "label": "ttl=inf",
   "ttl_s": null,
   "retained_byte_s": 3323355834.876,
   "retained_sessions": 1086,
   "dropped_sessions": 0,
   "recompute_total_s": 0.0,
   "peak_concurrent_retained": null,
   "occupancy_seconds": 0.257926,
   "capacity_ok": true
  }
 ],
 "chosen": {
  "ttl_s": null,
  "retained_byte_s": 3323355834.876,
  "retained_sessions": 1086,
  "dropped_sessions": 0,
  "recompute_total_s": 0.0,
  "peak_concurrent_retained": null,
  "occupancy_seconds": 0.257926,
  "capacity_ok": true
 },
 "capacity_upper_bound": {
  "nominal_max_retained_byte_s": 3323355834.876,
  "perturbed_max_retained_byte_s": 4985033752.314,
  "conservative_reservation_factor": 1.5,
  "note": "工具时延 ±50% 扰动后占用积分同步变化，容量预留要按最坏情况放大"
 }
}
