==PROF== Connected to process 5338 (/home/smc/learn/results/ncu/reduce_ladder)
==PROF== Profiling "red_v0": 0%....50%....100% - 38 passes
==PROF== Profiling "red_v0": 0%....50%....100% - 38 passes
=== NVIDIA GB10  SM=48   数据 256 MB（67108864 个 float）
    分母用 L1.1 实测的只读带宽 1674 GB/s ⇒ 理论下界 0.160 ms

    版本                                            耗时 有效带宽 占上限
    v0  每元素一次全局 atomicAdd             1875.067 ms       0.1 GB/s    0.0%  ✗ 结果 16777216，应为 67108864（相对误差 75.0%）
    v1  共享内存树形归约                       1.187 ms     226.1 GB/s   13.5%
    v2  + 末 warp 用 shuffle                         1.054 ms     254.8 GB/s   15.2%
    v3  全程 shuffle（barrier 只剩 1 次）       1.005 ms     267.2 GB/s   16.0%
    v4  + float4 向量化访存                       0.997 ms     269.3 GB/s   16.1%
    （v5/v6 的 grid 固定为一个波 = 48 SM × 6 block/SM = 288）
    v5  + grid-stride，grid 对齐波长              1.051 ms     255.5 GB/s   15.3%
    v6  + 每线程 4 个独立累加器               1.027 ms     261.4 GB/s   15.6%

    精度对照（67108864 个 1.0f 求和）：
      CPU fp64 参考      67108864.0
      GPU v6 (fp32 分层)  67108864.0   相对误差 0.00e+00
      ⇒ 分层归约（每线程局部和 → warp → block → 全局）本身就是一种
        「成对求和」，把误差从 O(N) 降到 O(log N)。而 v0 的单点 atomicAdd
        是纯串行累加，误差 O(N)：float 的 24 位尾数在累加到 2^24 后
        再加 1.0 就完全丢失 —— 这就是它算不对的原因，与并发无关。

    参照：纯 memcpy 式读取（L1.1 的 bw_read_kernel）1674 GB/s = 100%
==PROF== Disconnected from process 5338
==PROF== Report: /home/smc/learn/results/ncu/40_reduce_full.ncu-rep
