[teaching_pretrain] 模型参数 63.91M，训练窗口 156250，验证/测试窗口 3906/3906
[teaching_pretrain] 只加载模型权重 /scratch/learn/work/out/teaching-lm-20260922/resume/A/step50.pt（step=50）
/scratch/learn/work/labs/L7/teaching_pretrain.py:248: UserWarning: Converting a tensor with requires_grad=True to a scalar may lead to unexpected behavior.
Consider using tensor.detach() first. (Triggered internally at /__w/pytorch/pytorch/torch/csrc/autograd/generated/python_variable_methods.cpp:822.)
  micro_losses.append(float(loss) * args.accum)
[teaching_pretrain] step 1/200 loss 6.8042 gnorm 0.476 lr 5.000e-04 67060 tok/s peak 8340 MiB
[teaching_pretrain] step 11/200 loss 6.8654 gnorm 0.638 lr 4.972e-04 213003 tok/s peak 8896 MiB
[teaching_pretrain] step 21/200 loss 6.6483 gnorm 0.529 lr 4.890e-04 213179 tok/s peak 8896 MiB
[teaching_pretrain] step 31/200 loss 6.5652 gnorm 0.492 lr 4.755e-04 213157 tok/s peak 8896 MiB
[teaching_pretrain] step 41/200 loss 6.5535 gnorm 0.513 lr 4.570e-04 213250 tok/s peak 8896 MiB
[teaching_pretrain] step 51/200 loss 6.3634 gnorm 0.669 lr 4.341e-04 211969 tok/s peak 8896 MiB
[teaching_pretrain] step 61/200 loss 6.2067 gnorm 0.489 lr 4.073e-04 212028 tok/s peak 8896 MiB
[teaching_pretrain] step 71/200 loss 6.2433 gnorm 0.604 lr 3.771e-04 213192 tok/s peak 8896 MiB
[teaching_pretrain] step 81/200 loss 6.1397 gnorm 0.474 lr 3.445e-04 213285 tok/s peak 8896 MiB
[teaching_pretrain] step 91/200 loss 6.0385 gnorm 0.645 lr 3.102e-04 213271 tok/s peak 8896 MiB
[teaching_pretrain]   eval step 100: val_loss 5.9106
[teaching_pretrain] step 101/200 loss 6.0163 gnorm 0.536 lr 2.750e-04 122316 tok/s peak 8896 MiB
[teaching_pretrain] step 111/200 loss 5.9263 gnorm 0.480 lr 2.398e-04 212695 tok/s peak 8896 MiB
[teaching_pretrain] step 121/200 loss 5.7597 gnorm 0.557 lr 2.055e-04 213168 tok/s peak 8896 MiB
[teaching_pretrain] step 131/200 loss 5.7539 gnorm 0.515 lr 1.729e-04 213226 tok/s peak 8896 MiB
[teaching_pretrain] step 141/200 loss 5.6790 gnorm 0.505 lr 1.427e-04 213065 tok/s peak 8896 MiB
[teaching_pretrain] step 151/200 loss 5.7859 gnorm 0.534 lr 1.159e-04 213191 tok/s peak 8896 MiB
[teaching_pretrain] step 161/200 loss 5.6967 gnorm 0.555 lr 9.297e-05 212943 tok/s peak 8896 MiB
[teaching_pretrain] step 171/200 loss 5.5801 gnorm 0.677 lr 7.452e-05 212150 tok/s peak 8896 MiB
[teaching_pretrain] step 181/200 loss 5.6205 gnorm 0.591 lr 6.101e-05 211825 tok/s peak 8896 MiB
[teaching_pretrain] step 191/200 loss 5.6912 gnorm 0.523 lr 5.277e-05 212867 tok/s peak 8896 MiB
[teaching_pretrain] step 200/200 loss 5.5267 gnorm 0.509 lr 5.003e-05 212913 tok/s peak 8896 MiB
[teaching_pretrain]   eval step 200: val_loss 5.4748
[teaching_pretrain] 结束：max_steps，step 200，tokens 3276800，test_loss 5.4726
[teaching_pretrain] 模型参数 63.91M，训练窗口 156250，验证/测试窗口 3906/3906
[teaching_pretrain] 只加载模型权重 /scratch/learn/work/out/teaching-lm-20260922/resume/A/step50.pt（step=50）
/scratch/learn/work/labs/L7/teaching_pretrain.py:248: UserWarning: Converting a tensor with requires_grad=True to a scalar may lead to unexpected behavior.
Consider using tensor.detach() first. (Triggered internally at /__w/pytorch/pytorch/torch/csrc/autograd/generated/python_variable_methods.cpp:822.)
  micro_losses.append(float(loss) * args.accum)
[teaching_pretrain] step 1/200 loss 6.8042 gnorm 0.476 lr 5.000e-04 66511 tok/s peak 8340 MiB
[teaching_pretrain] step 11/200 loss 6.8655 gnorm 0.637 lr 4.972e-04 217135 tok/s peak 8896 MiB
[teaching_pretrain] step 21/200 loss 6.6484 gnorm 0.534 lr 4.890e-04 217209 tok/s peak 8896 MiB
[teaching_pretrain] step 31/200 loss 6.5675 gnorm 0.487 lr 4.755e-04 217073 tok/s peak 8896 MiB
[teaching_pretrain] step 41/200 loss 6.5515 gnorm 0.517 lr 4.570e-04 216307 tok/s peak 8896 MiB
[teaching_pretrain] step 51/200 loss 6.3636 gnorm 0.639 lr 4.341e-04 215554 tok/s peak 8896 MiB
[teaching_pretrain] step 61/200 loss 6.2034 gnorm 0.488 lr 4.073e-04 216364 tok/s peak 8896 MiB
[teaching_pretrain] step 71/200 loss 6.2381 gnorm 0.644 lr 3.771e-04 216887 tok/s peak 8896 MiB
[teaching_pretrain] step 81/200 loss 6.1368 gnorm 0.502 lr 3.445e-04 216928 tok/s peak 8896 MiB
[teaching_pretrain] step 91/200 loss 6.0247 gnorm 0.637 lr 3.102e-04 216884 tok/s peak 8896 MiB
[teaching_pretrain]   eval step 100: val_loss 5.9068
[teaching_pretrain] step 101/200 loss 6.0159 gnorm 0.536 lr 2.750e-04 113594 tok/s peak 8896 MiB
[teaching_pretrain] step 111/200 loss 5.9260 gnorm 0.487 lr 2.398e-04 216890 tok/s peak 8896 MiB
[teaching_pretrain] step 121/200 loss 5.7513 gnorm 0.532 lr 2.055e-04 216949 tok/s peak 8896 MiB
[teaching_pretrain] step 131/200 loss 5.7519 gnorm 0.544 lr 1.729e-04 216842 tok/s peak 8896 MiB
[teaching_pretrain] step 141/200 loss 5.6733 gnorm 0.503 lr 1.427e-04 216818 tok/s peak 8896 MiB
[teaching_pretrain] step 151/200 loss 5.7798 gnorm 0.533 lr 1.159e-04 216904 tok/s peak 8896 MiB
[teaching_pretrain] step 161/200 loss 5.6915 gnorm 0.544 lr 9.297e-05 216410 tok/s peak 8896 MiB
[teaching_pretrain] step 171/200 loss 5.5721 gnorm 0.594 lr 7.452e-05 215248 tok/s peak 8896 MiB
[teaching_pretrain] step 181/200 loss 5.6201 gnorm 0.571 lr 6.101e-05 216036 tok/s peak 8896 MiB
[teaching_pretrain] step 191/200 loss 5.6826 gnorm 0.519 lr 5.277e-05 216667 tok/s peak 8896 MiB
[teaching_pretrain] step 200/200 loss 5.5221 gnorm 0.503 lr 5.003e-05 216718 tok/s peak 8896 MiB
[teaching_pretrain]   eval step 200: val_loss 5.4706
[teaching_pretrain] 结束：max_steps，step 200，tokens 3276800，test_loss 5.4708
[teaching_pretrain] 模型参数 63.91M，训练窗口 156250，验证/测试窗口 3906/3906
[teaching_pretrain] 只加载模型权重 /scratch/learn/work/out/teaching-lm-20260922/resume/A/step50.pt（step=50）
/scratch/learn/work/labs/L7/teaching_pretrain.py:248: UserWarning: Converting a tensor with requires_grad=True to a scalar may lead to unexpected behavior.
Consider using tensor.detach() first. (Triggered internally at /__w/pytorch/pytorch/torch/csrc/autograd/generated/python_variable_methods.cpp:822.)
  micro_losses.append(float(loss) * args.accum)
[teaching_pretrain] step 1/200 loss 6.8044 gnorm 0.477 lr 5.000e-04 62435 tok/s peak 8340 MiB
[teaching_pretrain] step 11/200 loss 6.8652 gnorm 0.638 lr 4.972e-04 211729 tok/s peak 8896 MiB
[teaching_pretrain] step 21/200 loss 6.6482 gnorm 0.513 lr 4.890e-04 211556 tok/s peak 8896 MiB
[teaching_pretrain] step 31/200 loss 6.5654 gnorm 0.492 lr 4.755e-04 210883 tok/s peak 8896 MiB
[teaching_pretrain] step 41/200 loss 6.5528 gnorm 0.511 lr 4.570e-04 210650 tok/s peak 8896 MiB
[teaching_pretrain] step 51/200 loss 6.3621 gnorm 0.665 lr 4.341e-04 211573 tok/s peak 8896 MiB
[teaching_pretrain] step 61/200 loss 6.2000 gnorm 0.479 lr 4.073e-04 211792 tok/s peak 8896 MiB
[teaching_pretrain] step 71/200 loss 6.2358 gnorm 0.597 lr 3.771e-04 211759 tok/s peak 8896 MiB
[teaching_pretrain] step 81/200 loss 6.1340 gnorm 0.480 lr 3.445e-04 211809 tok/s peak 8896 MiB
[teaching_pretrain] step 91/200 loss 6.0246 gnorm 0.621 lr 3.102e-04 211769 tok/s peak 8896 MiB
[teaching_pretrain]   eval step 100: val_loss 5.8984
[teaching_pretrain] step 101/200 loss 6.0090 gnorm 0.541 lr 2.750e-04 119219 tok/s peak 8896 MiB
[teaching_pretrain] step 111/200 loss 5.9178 gnorm 0.490 lr 2.398e-04 211680 tok/s peak 8896 MiB
[teaching_pretrain] step 121/200 loss 5.7557 gnorm 0.569 lr 2.055e-04 208081 tok/s peak 8896 MiB
[teaching_pretrain] step 131/200 loss 5.7408 gnorm 0.524 lr 1.729e-04 211638 tok/s peak 8896 MiB
[teaching_pretrain] step 141/200 loss 5.6719 gnorm 0.525 lr 1.427e-04 211650 tok/s peak 8896 MiB
[teaching_pretrain] step 151/200 loss 5.7754 gnorm 0.547 lr 1.159e-04 211146 tok/s peak 8896 MiB
[teaching_pretrain] step 161/200 loss 5.6809 gnorm 0.542 lr 9.297e-05 210623 tok/s peak 8896 MiB
[teaching_pretrain] step 171/200 loss 5.5631 gnorm 0.595 lr 7.452e-05 211355 tok/s peak 8896 MiB
[teaching_pretrain] step 181/200 loss 5.6097 gnorm 0.572 lr 6.101e-05 211720 tok/s peak 8896 MiB
[teaching_pretrain] step 191/200 loss 5.6803 gnorm 0.518 lr 5.277e-05 211758 tok/s peak 8896 MiB
[teaching_pretrain] step 200/200 loss 5.5196 gnorm 0.515 lr 5.003e-05 211420 tok/s peak 8896 MiB
[teaching_pretrain]   eval step 200: val_loss 5.4603
[teaching_pretrain] 结束：max_steps，step 200，tokens 3276800，test_loss 5.4632
{
  "label": "bf16-fused-vs-bf16-adamw",
  "run_a": "/scratch/learn/work/out/teaching-lm-20260922/ablation/bf16-adamw",
  "run_b": "/scratch/learn/work/out/teaching-lm-20260922/ablation/bf16-fused",
  "common_train_steps": 21,
  "first_common_step": 1,
  "last_common_step": 200,
  "max_abs_loss_delta": 0.013786792755126953,
  "mean_abs_loss_delta": 0.003784270513625372,
  "max_abs_grad_norm_delta": 0.08225357532501221,
  "tokens_per_second_a": 201607.32477160322,
  "tokens_per_second_b": 204567.95947900455,
  "val_losses": {
    "100": [
      5.910623073577881,
      5.90681266784668
    ],
    "200": [
      5.474817514419556,
      5.470593214035034
    ]
  },
  "run_a_summary": {
    "stop_reason": "max_steps",
    "steps": 200,
    "tokens_seen": 3276800,
    "targets_seen": 3270400,
    "best_val_loss": 5.474817514419556,
    "test_loss": 5.47259521484375,
    "elapsed_seconds": 16.908424854278564,
    "peak_memory_mib": 8896.17919921875
  },
  "run_b_summary": {
    "stop_reason": "max_steps",
    "steps": 200,
    "tokens_seen": 3276800,
    "targets_seen": 3270400,
    "best_val_loss": 5.470593214035034,
    "test_loss": 5.470763444900513,
    "elapsed_seconds": 16.870364904403687,
    "peak_memory_mib": 8896.22314453125
  }
}
{
  "label": "fp16-adamw-vs-bf16-adamw",
  "run_a": "/scratch/learn/work/out/teaching-lm-20260922/ablation/bf16-adamw",
  "run_b": "/scratch/learn/work/out/teaching-lm-20260922/ablation/fp16-adamw",
  "common_train_steps": 21,
  "first_common_step": 1,
  "last_common_step": 200,
  "max_abs_loss_delta": 0.016984939575195312,
  "mean_abs_loss_delta": 0.007065841129847935,
  "max_abs_grad_norm_delta": 0.08210307359695435,
  "tokens_per_second_a": 201607.32477160322,
  "tokens_per_second_b": 199821.24835001992,
  "val_losses": {
    "100": [
      5.910623073577881,
      5.898357391357422
    ],
    "200": [
      5.474817514419556,
      5.460322380065918
    ]
  },
  "run_a_summary": {
    "stop_reason": "max_steps",
    "steps": 200,
    "tokens_seen": 3276800,
    "targets_seen": 3270400,
    "best_val_loss": 5.474817514419556,
    "test_loss": 5.47259521484375,
    "elapsed_seconds": 16.908424854278564,
    "peak_memory_mib": 8896.17919921875
  },
  "run_b_summary": {
    "stop_reason": "max_steps",
    "steps": 200,
    "tokens_seen": 3276800,
    "targets_seen": 3270400,
    "best_val_loss": 5.460322380065918,
    "test_loss": 5.463206768035889,
    "elapsed_seconds": 17.157551765441895,
    "peak_memory_mib": 8896.18017578125
  }
}
