[teaching_pretrain] 模型参数 63.91M，训练窗口 156250，验证/测试窗口 3906/3906
[teaching_pretrain] 只加载模型权重 /scratch/learn/work/out/teaching-lm-20260922/resume/A/step50.pt（step=50）
/scratch/learn/work/labs/L7/teaching_pretrain.py:248: UserWarning: Converting a tensor with requires_grad=True to a scalar may lead to unexpected behavior.
Consider using tensor.detach() first. (Triggered internally at /__w/pytorch/pytorch/torch/csrc/autograd/generated/python_variable_methods.cpp:822.)
  micro_losses.append(float(loss) * args.accum)
[teaching_pretrain] step 1/200 loss 6.8042 gnorm 0.476 lr 5.000e-04 67060 tok/s peak 8340 MiB
[teaching_pretrain] step 11/200 loss 6.8654 gnorm 0.638 lr 4.972e-04 213003 tok/s peak 8896 MiB
[teaching_pretrain] step 21/200 loss 6.6483 gnorm 0.529 lr 4.890e-04 213179 tok/s peak 8896 MiB
[teaching_pretrain] step 31/200 loss 6.5652 gnorm 0.492 lr 4.755e-04 213157 tok/s peak 8896 MiB
[teaching_pretrain] step 41/200 loss 6.5535 gnorm 0.513 lr 4.570e-04 213250 tok/s peak 8896 MiB
[teaching_pretrain] step 51/200 loss 6.3634 gnorm 0.669 lr 4.341e-04 211969 tok/s peak 8896 MiB
[teaching_pretrain] step 61/200 loss 6.2067 gnorm 0.489 lr 4.073e-04 212028 tok/s peak 8896 MiB
[teaching_pretrain] step 71/200 loss 6.2433 gnorm 0.604 lr 3.771e-04 213192 tok/s peak 8896 MiB
[teaching_pretrain] step 81/200 loss 6.1397 gnorm 0.474 lr 3.445e-04 213285 tok/s peak 8896 MiB
[teaching_pretrain] step 91/200 loss 6.0385 gnorm 0.645 lr 3.102e-04 213271 tok/s peak 8896 MiB
[teaching_pretrain]   eval step 100: val_loss 5.9106
[teaching_pretrain] step 101/200 loss 6.0163 gnorm 0.536 lr 2.750e-04 122316 tok/s peak 8896 MiB
[teaching_pretrain] step 111/200 loss 5.9263 gnorm 0.480 lr 2.398e-04 212695 tok/s peak 8896 MiB
[teaching_pretrain] step 121/200 loss 5.7597 gnorm 0.557 lr 2.055e-04 213168 tok/s peak 8896 MiB
[teaching_pretrain] step 131/200 loss 5.7539 gnorm 0.515 lr 1.729e-04 213226 tok/s peak 8896 MiB
[teaching_pretrain] step 141/200 loss 5.6790 gnorm 0.505 lr 1.427e-04 213065 tok/s peak 8896 MiB
[teaching_pretrain] step 151/200 loss 5.7859 gnorm 0.534 lr 1.159e-04 213191 tok/s peak 8896 MiB
[teaching_pretrain] step 161/200 loss 5.6967 gnorm 0.555 lr 9.297e-05 212943 tok/s peak 8896 MiB
[teaching_pretrain] step 171/200 loss 5.5801 gnorm 0.677 lr 7.452e-05 212150 tok/s peak 8896 MiB
[teaching_pretrain] step 181/200 loss 5.6205 gnorm 0.591 lr 6.101e-05 211825 tok/s peak 8896 MiB
[teaching_pretrain] step 191/200 loss 5.6912 gnorm 0.523 lr 5.277e-05 212867 tok/s peak 8896 MiB
[teaching_pretrain] step 200/200 loss 5.5267 gnorm 0.509 lr 5.003e-05 212913 tok/s peak 8896 MiB
[teaching_pretrain]   eval step 200: val_loss 5.4748
[teaching_pretrain] 结束：max_steps，step 200，tokens 3276800，test_loss 5.4726
