[teaching_pretrain] 模型参数 63.91M，训练窗口 156250，验证/测试窗口 3906/3906
[teaching_pretrain] 只加载模型权重 /scratch/learn/work/out/teaching-lm-20260922/resume/A/step50.pt（step=50）
/scratch/learn/work/labs/L7/teaching_pretrain.py:248: UserWarning: Converting a tensor with requires_grad=True to a scalar may lead to unexpected behavior.
Consider using tensor.detach() first. (Triggered internally at /__w/pytorch/pytorch/torch/csrc/autograd/generated/python_variable_methods.cpp:822.)
  micro_losses.append(float(loss) * args.accum)
[teaching_pretrain] step 1/200 loss 6.8042 gnorm 0.476 lr 5.000e-04 66511 tok/s peak 8340 MiB
[teaching_pretrain] step 11/200 loss 6.8655 gnorm 0.637 lr 4.972e-04 217135 tok/s peak 8896 MiB
[teaching_pretrain] step 21/200 loss 6.6484 gnorm 0.534 lr 4.890e-04 217209 tok/s peak 8896 MiB
[teaching_pretrain] step 31/200 loss 6.5675 gnorm 0.487 lr 4.755e-04 217073 tok/s peak 8896 MiB
[teaching_pretrain] step 41/200 loss 6.5515 gnorm 0.517 lr 4.570e-04 216307 tok/s peak 8896 MiB
[teaching_pretrain] step 51/200 loss 6.3636 gnorm 0.639 lr 4.341e-04 215554 tok/s peak 8896 MiB
[teaching_pretrain] step 61/200 loss 6.2034 gnorm 0.488 lr 4.073e-04 216364 tok/s peak 8896 MiB
[teaching_pretrain] step 71/200 loss 6.2381 gnorm 0.644 lr 3.771e-04 216887 tok/s peak 8896 MiB
[teaching_pretrain] step 81/200 loss 6.1368 gnorm 0.502 lr 3.445e-04 216928 tok/s peak 8896 MiB
[teaching_pretrain] step 91/200 loss 6.0247 gnorm 0.637 lr 3.102e-04 216884 tok/s peak 8896 MiB
[teaching_pretrain]   eval step 100: val_loss 5.9068
[teaching_pretrain] step 101/200 loss 6.0159 gnorm 0.536 lr 2.750e-04 113594 tok/s peak 8896 MiB
[teaching_pretrain] step 111/200 loss 5.9260 gnorm 0.487 lr 2.398e-04 216890 tok/s peak 8896 MiB
[teaching_pretrain] step 121/200 loss 5.7513 gnorm 0.532 lr 2.055e-04 216949 tok/s peak 8896 MiB
[teaching_pretrain] step 131/200 loss 5.7519 gnorm 0.544 lr 1.729e-04 216842 tok/s peak 8896 MiB
[teaching_pretrain] step 141/200 loss 5.6733 gnorm 0.503 lr 1.427e-04 216818 tok/s peak 8896 MiB
[teaching_pretrain] step 151/200 loss 5.7798 gnorm 0.533 lr 1.159e-04 216904 tok/s peak 8896 MiB
[teaching_pretrain] step 161/200 loss 5.6915 gnorm 0.544 lr 9.297e-05 216410 tok/s peak 8896 MiB
[teaching_pretrain] step 171/200 loss 5.5721 gnorm 0.594 lr 7.452e-05 215248 tok/s peak 8896 MiB
[teaching_pretrain] step 181/200 loss 5.6201 gnorm 0.571 lr 6.101e-05 216036 tok/s peak 8896 MiB
[teaching_pretrain] step 191/200 loss 5.6826 gnorm 0.519 lr 5.277e-05 216667 tok/s peak 8896 MiB
[teaching_pretrain] step 200/200 loss 5.5221 gnorm 0.503 lr 5.003e-05 216718 tok/s peak 8896 MiB
[teaching_pretrain]   eval step 200: val_loss 5.4706
[teaching_pretrain] 结束：max_steps，step 200，tokens 3276800，test_loss 5.4708
