[teaching_pretrain] 模型参数 63.91M，训练窗口 156250，验证/测试窗口 3906/3906
[teaching_pretrain] 只加载模型权重 /scratch/learn/work/out/teaching-lm-20260922/resume/A/step50.pt（step=50）
/scratch/learn/work/labs/L7/teaching_pretrain.py:248: UserWarning: Converting a tensor with requires_grad=True to a scalar may lead to unexpected behavior.
Consider using tensor.detach() first. (Triggered internally at /__w/pytorch/pytorch/torch/csrc/autograd/generated/python_variable_methods.cpp:822.)
  micro_losses.append(float(loss) * args.accum)
[teaching_pretrain] step 1/200 loss 6.8044 gnorm 0.477 lr 5.000e-04 62435 tok/s peak 8340 MiB
[teaching_pretrain] step 11/200 loss 6.8652 gnorm 0.638 lr 4.972e-04 211729 tok/s peak 8896 MiB
[teaching_pretrain] step 21/200 loss 6.6482 gnorm 0.513 lr 4.890e-04 211556 tok/s peak 8896 MiB
[teaching_pretrain] step 31/200 loss 6.5654 gnorm 0.492 lr 4.755e-04 210883 tok/s peak 8896 MiB
[teaching_pretrain] step 41/200 loss 6.5528 gnorm 0.511 lr 4.570e-04 210650 tok/s peak 8896 MiB
[teaching_pretrain] step 51/200 loss 6.3621 gnorm 0.665 lr 4.341e-04 211573 tok/s peak 8896 MiB
[teaching_pretrain] step 61/200 loss 6.2000 gnorm 0.479 lr 4.073e-04 211792 tok/s peak 8896 MiB
[teaching_pretrain] step 71/200 loss 6.2358 gnorm 0.597 lr 3.771e-04 211759 tok/s peak 8896 MiB
[teaching_pretrain] step 81/200 loss 6.1340 gnorm 0.480 lr 3.445e-04 211809 tok/s peak 8896 MiB
[teaching_pretrain] step 91/200 loss 6.0246 gnorm 0.621 lr 3.102e-04 211769 tok/s peak 8896 MiB
[teaching_pretrain]   eval step 100: val_loss 5.8984
[teaching_pretrain] step 101/200 loss 6.0090 gnorm 0.541 lr 2.750e-04 119219 tok/s peak 8896 MiB
[teaching_pretrain] step 111/200 loss 5.9178 gnorm 0.490 lr 2.398e-04 211680 tok/s peak 8896 MiB
[teaching_pretrain] step 121/200 loss 5.7557 gnorm 0.569 lr 2.055e-04 208081 tok/s peak 8896 MiB
[teaching_pretrain] step 131/200 loss 5.7408 gnorm 0.524 lr 1.729e-04 211638 tok/s peak 8896 MiB
[teaching_pretrain] step 141/200 loss 5.6719 gnorm 0.525 lr 1.427e-04 211650 tok/s peak 8896 MiB
[teaching_pretrain] step 151/200 loss 5.7754 gnorm 0.547 lr 1.159e-04 211146 tok/s peak 8896 MiB
[teaching_pretrain] step 161/200 loss 5.6809 gnorm 0.542 lr 9.297e-05 210623 tok/s peak 8896 MiB
[teaching_pretrain] step 171/200 loss 5.5631 gnorm 0.595 lr 7.452e-05 211355 tok/s peak 8896 MiB
[teaching_pretrain] step 181/200 loss 5.6097 gnorm 0.572 lr 6.101e-05 211720 tok/s peak 8896 MiB
[teaching_pretrain] step 191/200 loss 5.6803 gnorm 0.518 lr 5.277e-05 211758 tok/s peak 8896 MiB
[teaching_pretrain] step 200/200 loss 5.5196 gnorm 0.515 lr 5.003e-05 211420 tok/s peak 8896 MiB
[teaching_pretrain]   eval step 200: val_loss 5.4603
[teaching_pretrain] 结束：max_steps，step 200，tokens 3276800，test_loss 5.4632
