
==============================================================================
[C] 慢模态的长尾：有界与无界队列（排队模拟）
==============================================================================
  服务时长（首 token，来自 B 段实测）：
    纯文本          16.5 ms
    单图           33.8 ms
    双图           30.5 ms
    视频16帧       186.3 ms
  平均服务时长 32.2 ms → 单 worker 饱和速率 31.1 req/s
  到达 24.85/s（ρ=0.80） 队列无界   丢弃   0（ 0.0%）  p50    41.8 ms  p99    313.2 ms  纯文本 p99   281.5 ms（n=128）  慢模态 p50   211.1 ms
  到达 24.85/s（ρ=0.80） 队列≤8   丢弃   1（ 0.5%）  p50    41.1 ms  p99    313.2 ms  纯文本 p99   281.5 ms（n=127）  慢模态 p50   211.1 ms
  到达 31.06/s（ρ=1.00） 队列无界   丢弃   0（ 0.0%）  p50   120.4 ms  p99    567.9 ms  纯文本 p99   537.4 ms（n=128）  慢模态 p50   331.2 ms
  到达 31.06/s（ρ=1.00） 队列≤8   丢弃   7（ 3.5%）  p50   102.1 ms  p99    496.0 ms  纯文本 p99   465.7 ms（n=124）  慢模态 p50   283.4 ms
  到达 37.27/s（ρ=1.20） 队列无界   丢弃   0（ 0.0%）  p50   551.9 ms  p99    876.9 ms  纯文本 p99   849.9 ms（n=128）  慢模态 p50   772.4 ms
  到达 37.27/s（ρ=1.20） 队列≤8   丢弃  21（10.5%）  p50   148.2 ms  p99    362.7 ms  纯文本 p99   342.1 ms（n=114）  慢模态 p50   291.4 ms

  读法：无界队列在过载时把延迟推给所有请求（纯文本 p99 被慢模态拖长）；
  有界队列把过载转成丢弃（尾延迟被截断，但请求失败）。
  这是用 B 段实测时长驱动的排队模拟，不是引擎实测；真实引擎还有 batching、
  抢占与 encoder 准入（见正文的未覆盖项）。

已写出 out/4.8/20260913-serving/multimodal_serving.json
