/scratch/learn/work/labs/L2/toolchain_sweep.cu(119): warning #177-D: variable "UNROLLS" was declared but never referenced
  static const int UNROLLS[] = {1, 2, 4, 8};
                   ^

Remark: The warnings can be suppressed with "-diag-suppress <warning-number>"

/scratch/learn/work/labs/L2/toolchain_sweep.cu(120): warning #177-D: variable "MINBS" was declared but never referenced
  static const int MINBS[] = {1, 2, 4, 8};
                   ^

ptxas warning : Value of threads per SM for entry _Z14compute_kernelILi64ELi8EEvPfi is out of range. .minnctapersm will be ignored
ptxas warning : Value of threads per SM for entry _Z14compute_kernelILi32ELi8EEvPfi is out of range. .minnctapersm will be ignored
ptxas warning : Value of threads per SM for entry _Z14compute_kernelILi16ELi8EEvPfi is out of range. .minnctapersm will be ignored
ptxas warning : Value of threads per SM for entry _Z14compute_kernelILi4ELi8EEvPfi is out of range. .minnctapersm will be ignored
ptxas warning : Value of threads per SM for entry _Z12sweep_kernelILi8ELi8EEvPK6float4mPf is out of range. .minnctapersm will be ignored
ptxas warning : Value of threads per SM for entry _Z12sweep_kernelILi4ELi8EEvPK6float4mPf is out of range. .minnctapersm will be ignored
ptxas warning : Value of threads per SM for entry _Z12sweep_kernelILi2ELi8EEvPK6float4mPf is out of range. .minnctapersm will be ignored
ptxas warning : Value of threads per SM for entry _Z12sweep_kernelILi1ELi8EEvPK6float4mPf is out of range. .minnctapersm will be ignored
ptxas info    : 0 bytes gmem
ptxas info    : Compiling entry function '_Z14compute_kernelILi64ELi8EEvPfi' for 'sm_120'
ptxas info    : Function properties for _Z14compute_kernelILi64ELi8EEvPfi
    0 bytes stack frame, 0 bytes spill stores, 0 bytes spill loads
ptxas info    : Used 70 registers, used 0 barriers
ptxas info    : Compile time = 8.948 ms
ptxas info    : Compiling entry function '_Z14compute_kernelILi64ELi2EEvPfi' for 'sm_120'
ptxas info    : Function properties for _Z14compute_kernelILi64ELi2EEvPfi
    0 bytes stack frame, 0 bytes spill stores, 0 bytes spill loads
ptxas info    : Used 71 registers, used 0 barriers
ptxas info    : Compile time = 6.945 ms
ptxas info    : Compiling entry function '_Z14compute_kernelILi64ELi1EEvPfi' for 'sm_120'
ptxas info    : Function properties for _Z14compute_kernelILi64ELi1EEvPfi
    0 bytes stack frame, 0 bytes spill stores, 0 bytes spill loads
ptxas info    : Used 71 registers, used 0 barriers
ptxas info    : Compile time = 6.722 ms
ptxas info    : Compiling entry function '_Z14compute_kernelILi32ELi8EEvPfi' for 'sm_120'
ptxas info    : Function properties for _Z14compute_kernelILi32ELi8EEvPfi
    0 bytes stack frame, 0 bytes spill stores, 0 bytes spill loads
ptxas info    : Used 47 registers, used 0 barriers
ptxas info    : Compile time = 5.682 ms
ptxas info    : Compiling entry function '_Z14compute_kernelILi32ELi2EEvPfi' for 'sm_120'
ptxas info    : Function properties for _Z14compute_kernelILi32ELi2EEvPfi
    0 bytes stack frame, 0 bytes spill stores, 0 bytes spill loads
ptxas info    : Used 39 registers, used 0 barriers
ptxas info    : Compile time = 5.418 ms
ptxas info    : Compiling entry function '_Z14compute_kernelILi32ELi1EEvPfi' for 'sm_120'
ptxas info    : Function properties for _Z14compute_kernelILi32ELi1EEvPfi
    0 bytes stack frame, 0 bytes spill stores, 0 bytes spill loads
ptxas info    : Used 39 registers, used 0 barriers
ptxas info    : Compile time = 5.481 ms
ptxas info    : Compiling entry function '_Z14compute_kernelILi16ELi8EEvPfi' for 'sm_120'
ptxas info    : Function properties for _Z14compute_kernelILi16ELi8EEvPfi
    0 bytes stack frame, 0 bytes spill stores, 0 bytes spill loads
ptxas info    : Used 36 registers, used 0 barriers
ptxas info    : Compile time = 4.555 ms
ptxas info    : Compiling entry function '_Z14compute_kernelILi16ELi2EEvPfi' for 'sm_120'
ptxas info    : Function properties for _Z14compute_kernelILi16ELi2EEvPfi
    0 bytes stack frame, 0 bytes spill stores, 0 bytes spill loads
ptxas info    : Used 36 registers, used 0 barriers
ptxas info    : Compile time = 4.530 ms
ptxas info    : Compiling entry function '_Z14compute_kernelILi16ELi1EEvPfi' for 'sm_120'
ptxas info    : Function properties for _Z14compute_kernelILi16ELi1EEvPfi
    0 bytes stack frame, 0 bytes spill stores, 0 bytes spill loads
ptxas info    : Used 36 registers, used 0 barriers
ptxas info    : Compile time = 4.635 ms
ptxas info    : Compiling entry function '_Z14compute_kernelILi4ELi8EEvPfi' for 'sm_120'
ptxas info    : Function properties for _Z14compute_kernelILi4ELi8EEvPfi
    0 bytes stack frame, 0 bytes spill stores, 0 bytes spill loads
ptxas info    : Used 12 registers, used 0 barriers
ptxas info    : Compile time = 2.450 ms
ptxas info    : Compiling entry function '_Z14compute_kernelILi4ELi2EEvPfi' for 'sm_120'
ptxas info    : Function properties for _Z14compute_kernelILi4ELi2EEvPfi
    0 bytes stack frame, 0 bytes spill stores, 0 bytes spill loads
ptxas info    : Used 12 registers, used 0 barriers
ptxas info    : Compile time = 2.431 ms
ptxas info    : Compiling entry function '_Z14compute_kernelILi4ELi1EEvPfi' for 'sm_120'
ptxas info    : Function properties for _Z14compute_kernelILi4ELi1EEvPfi
    0 bytes stack frame, 0 bytes spill stores, 0 bytes spill loads
ptxas info    : Used 12 registers, used 0 barriers
ptxas info    : Compile time = 2.421 ms
ptxas info    : Compiling entry function '_Z12sweep_kernelILi8ELi8EEvPK6float4mPf' for 'sm_120'
ptxas info    : Function properties for _Z12sweep_kernelILi8ELi8EEvPK6float4mPf
    0 bytes stack frame, 0 bytes spill stores, 0 bytes spill loads
ptxas info    : Used 40 registers, used 0 barriers
ptxas info    : Compile time = 3.539 ms
ptxas info    : Compiling entry function '_Z12sweep_kernelILi8ELi4EEvPK6float4mPf' for 'sm_120'
ptxas info    : Function properties for _Z12sweep_kernelILi8ELi4EEvPK6float4mPf
    0 bytes stack frame, 0 bytes spill stores, 0 bytes spill loads
ptxas info    : Used 56 registers, used 0 barriers
ptxas info    : Compile time = 3.147 ms
ptxas info    : Compiling entry function '_Z12sweep_kernelILi8ELi2EEvPK6float4mPf' for 'sm_120'
ptxas info    : Function properties for _Z12sweep_kernelILi8ELi2EEvPK6float4mPf
    0 bytes stack frame, 0 bytes spill stores, 0 bytes spill loads
ptxas info    : Used 56 registers, used 0 barriers
ptxas info    : Compile time = 3.151 ms
ptxas info    : Compiling entry function '_Z12sweep_kernelILi8ELi1EEvPK6float4mPf' for 'sm_120'
ptxas info    : Function properties for _Z12sweep_kernelILi8ELi1EEvPK6float4mPf
    0 bytes stack frame, 0 bytes spill stores, 0 bytes spill loads
ptxas info    : Used 56 registers, used 0 barriers
ptxas info    : Compile time = 3.139 ms
ptxas info    : Compiling entry function '_Z12sweep_kernelILi4ELi8EEvPK6float4mPf' for 'sm_120'
ptxas info    : Function properties for _Z12sweep_kernelILi4ELi8EEvPK6float4mPf
    0 bytes stack frame, 0 bytes spill stores, 0 bytes spill loads
ptxas info    : Used 38 registers, used 0 barriers
ptxas info    : Compile time = 2.240 ms
ptxas info    : Compiling entry function '_Z12sweep_kernelILi4ELi4EEvPK6float4mPf' for 'sm_120'
ptxas info    : Function properties for _Z12sweep_kernelILi4ELi4EEvPK6float4mPf
    0 bytes stack frame, 0 bytes spill stores, 0 bytes spill loads
ptxas info    : Used 38 registers, used 0 barriers
ptxas info    : Compile time = 2.225 ms
ptxas info    : Compiling entry function '_Z12sweep_kernelILi4ELi2EEvPK6float4mPf' for 'sm_120'
ptxas info    : Function properties for _Z12sweep_kernelILi4ELi2EEvPK6float4mPf
    0 bytes stack frame, 0 bytes spill stores, 0 bytes spill loads
ptxas info    : Used 38 registers, used 0 barriers
ptxas info    : Compile time = 2.221 ms
ptxas info    : Compiling entry function '_Z12sweep_kernelILi4ELi1EEvPK6float4mPf' for 'sm_120'
ptxas info    : Function properties for _Z12sweep_kernelILi4ELi1EEvPK6float4mPf
    0 bytes stack frame, 0 bytes spill stores, 0 bytes spill loads
ptxas info    : Used 38 registers, used 0 barriers
ptxas info    : Compile time = 2.221 ms
ptxas info    : Compiling entry function '_Z12sweep_kernelILi2ELi8EEvPK6float4mPf' for 'sm_120'
ptxas info    : Function properties for _Z12sweep_kernelILi2ELi8EEvPK6float4mPf
    0 bytes stack frame, 0 bytes spill stores, 0 bytes spill loads
ptxas info    : Used 28 registers, used 0 barriers
ptxas info    : Compile time = 1.797 ms
ptxas info    : Compiling entry function '_Z12sweep_kernelILi2ELi4EEvPK6float4mPf' for 'sm_120'
ptxas info    : Function properties for _Z12sweep_kernelILi2ELi4EEvPK6float4mPf
    0 bytes stack frame, 0 bytes spill stores, 0 bytes spill loads
ptxas info    : Used 28 registers, used 0 barriers
ptxas info    : Compile time = 1.735 ms
ptxas info    : Compiling entry function '_Z12sweep_kernelILi2ELi2EEvPK6float4mPf' for 'sm_120'
ptxas info    : Function properties for _Z12sweep_kernelILi2ELi2EEvPK6float4mPf
    0 bytes stack frame, 0 bytes spill stores, 0 bytes spill loads
ptxas info    : Used 28 registers, used 0 barriers
ptxas info    : Compile time = 1.720 ms
ptxas info    : Compiling entry function '_Z12sweep_kernelILi2ELi1EEvPK6float4mPf' for 'sm_120'
ptxas info    : Function properties for _Z12sweep_kernelILi2ELi1EEvPK6float4mPf
    0 bytes stack frame, 0 bytes spill stores, 0 bytes spill loads
ptxas info    : Used 28 registers, used 0 barriers
ptxas info    : Compile time = 1.741 ms
ptxas info    : Compiling entry function '_Z12sweep_kernelILi1ELi8EEvPK6float4mPf' for 'sm_120'
ptxas info    : Function properties for _Z12sweep_kernelILi1ELi8EEvPK6float4mPf
    0 bytes stack frame, 0 bytes spill stores, 0 bytes spill loads
ptxas info    : Used 18 registers, used 0 barriers
ptxas info    : Compile time = 1.224 ms
ptxas info    : Compiling entry function '_Z12sweep_kernelILi1ELi4EEvPK6float4mPf' for 'sm_120'
ptxas info    : Function properties for _Z12sweep_kernelILi1ELi4EEvPK6float4mPf
    0 bytes stack frame, 0 bytes spill stores, 0 bytes spill loads
ptxas info    : Used 18 registers, used 0 barriers
ptxas info    : Compile time = 1.166 ms
ptxas info    : Compiling entry function '_Z12sweep_kernelILi1ELi2EEvPK6float4mPf' for 'sm_120'
ptxas info    : Function properties for _Z12sweep_kernelILi1ELi2EEvPK6float4mPf
    0 bytes stack frame, 0 bytes spill stores, 0 bytes spill loads
ptxas info    : Used 18 registers, used 0 barriers
ptxas info    : Compile time = 1.181 ms
ptxas info    : Compiling entry function '_Z12sweep_kernelILi1ELi1EEvPK6float4mPf' for 'sm_120'
ptxas info    : Function properties for _Z12sweep_kernelILi1ELi1EEvPK6float4mPf
    0 bytes stack frame, 0 bytes spill stores, 0 bytes spill loads
ptxas info    : Used 18 registers, used 0 barriers
ptxas info    : Compile time = 1.150 ms
