[hol] listening on 8123, mode=inloop, probe=generate, b_reps=1000
[hol] handle: tokenizing 276 chars
[hol] handle: tokenized 65 tokens in 1.0 ms
[hol] A warmed: 6 tokens, a.done=False engine_error=False
[hol] handle: tokenizing 69000 chars
[hol] handle: tokenized 16001 tokens in 11.3 ms
{
  "mode": "inloop",
  "probe": "generate",
  "b_reps": 1000,
  "b_prompt_chars": 69000,
  "engine_error": null,
  "tokenize_calls": [
    {
      "mode": "inloop",
      "ms": 0.953,
      "tokens": 65,
      "chars": 276
    },
    {
      "mode": "inloop",
      "ms": 11.257,
      "tokens": 16001,
      "chars": 69000
    }
  ],
  "request_a": {
    "tokens": 64,
    "gap_before_B_ms": {
      "n": 5,
      "max": 20.842,
      "median": 0.002
    },
    "gap_after_B_ms": {
      "n": 58,
      "max": 373.383,
      "median": 0.047
    },
    "all_gaps_ms": [
      0.002,
      20.842,
      0.001,
      20.551,
      0.001,
      20.764,
      0.001,
      20.641,
      0.001,
      20.713,
      0.001,
      20.581,
      0.001,
      80.378,
      0.001,
      84.337,
      0.001,
      107.401,
      0.001,
      130.505,
      0.001,
      153.309,
      0.001,
      174.385,
      0.001,
      197.185,
      0.001,
      217.394,
      0.001,
      240.25,
      0.001,
      262.572,
      0.001,
      284.248,
      0.001,
      304.361,
      0.001,
      330.951,
      0.001,
      350.273,
      0.001,
      373.383,
      0.001,
      270.558,
      0.001,
      114.856,
      0.001,
      66.558,
      0.001,
      20.71,
      0.001,
      20.709,
      0.001,
      20.66,
      0.001,
      20.532,
      0.001,
      20.466,
      0.001,
      20.498,
      0.001,
      0.093,
      0.001
    ],
    "gap_stamps_ms": [
      -51.646,
      -30.803,
      -30.802,
      -10.251,
      -10.25,
      10.514,
      10.515,
      31.156,
      31.157,
      51.869,
      51.87,
      72.451,
      72.452,
      152.83,
      152.831,
      237.168,
      237.169,
      344.57,
      344.572,
      475.077,
      475.078,
      628.387,
      628.388,
      802.773,
      802.774,
      999.959,
      999.96,
      1217.354,
      1217.356,
      1457.605,
      1457.607,
      1720.179,
      1720.181,
      2004.429,
      2004.43,
      2308.792,
      2308.793,
      2639.744,
      2639.745,
      2990.018,
      2990.019,
      3363.402,
      3363.403,
      3633.961,
      3633.962,
      3748.819,
      3748.82,
      3815.378,
      3815.379,
      3836.089,
      3836.09,
      3856.799,
      3856.799,
      3877.46,
      3877.461,
      3897.992,
      3897.993,
      3918.459,
      3918.46,
      3938.959,
      3938.96,
      3939.052,
      3939.053
    ]
  },
  "probe_result": {
    "client_ms": null,
    "server_ms": null,
    "tokens": 16001,
    "tokenize_ms": 11.257,
    "accept_latency_ms": 152.84
  }
}
