[hol] listening on 8123, mode=thread, probe=generate, b_reps=1000
[hol] handle: tokenizing 276 chars
[hol] handle: tokenized 65 tokens in 1.2 ms
[hol] A warmed: 7 tokens, a.done=False engine_error=False
[hol] handle: tokenizing 69000 chars
[hol] handle: tokenized 16001 tokens in 31.8 ms
{
  "mode": "thread",
  "probe": "generate",
  "b_reps": 1000,
  "b_prompt_chars": 69000,
  "engine_error": null,
  "tokenize_calls": [
    {
      "mode": "thread",
      "ms": 1.228,
      "tokens": 65,
      "chars": 276
    },
    {
      "mode": "thread",
      "ms": 31.8,
      "tokens": 16001,
      "chars": 69000
    }
  ],
  "request_a": {
    "tokens": 64,
    "gap_before_B_ms": {
      "n": 6,
      "max": 20.719,
      "median": 10.189
    },
    "gap_after_B_ms": {
      "n": 57,
      "max": 373.949,
      "median": 0.029
    },
    "all_gaps_ms": [
      20.611,
      0.001,
      20.376,
      0.001,
      20.719,
      0.001,
      20.732,
      0.001,
      20.513,
      0.001,
      20.481,
      0.001,
      20.797,
      0.001,
      21.244,
      0.001,
      68.571,
      0.001,
      84.632,
      0.002,
      107.496,
      0.001,
      130.548,
      0.001,
      153.202,
      0.001,
      174.478,
      0.001,
      197.364,
      0.001,
      217.212,
      0.002,
      239.515,
      0.001,
      261.825,
      0.001,
      285.078,
      0.002,
      305.183,
      0.002,
      332.173,
      0.001,
      350.9,
      0.001,
      373.949,
      0.001,
      271.458,
      0.001,
      115.237,
      0.001,
      66.547,
      0.001,
      20.516,
      0.001,
      20.421,
      0.001,
      20.374,
      0.001,
      20.301,
      0.001,
      10.183,
      0.001,
      0.029
    ],
    "gap_stamps_ms": [
      -41.146,
      -41.144,
      -20.768,
      -20.767,
      -0.048,
      -0.047,
      20.685,
      20.686,
      41.198,
      41.199,
      61.68,
      61.681,
      82.478,
      82.479,
      103.723,
      103.724,
      172.295,
      172.296,
      256.928,
      256.929,
      364.425,
      364.426,
      494.975,
      494.976,
      648.178,
      648.179,
      822.658,
      822.659,
      1020.023,
      1020.025,
      1237.237,
      1237.238,
      1476.753,
      1476.755,
      1738.58,
      1738.581,
      2023.659,
      2023.66,
      2328.843,
      2328.845,
      2661.018,
      2661.019,
      3011.919,
      3011.92,
      3385.87,
      3385.871,
      3657.329,
      3657.33,
      3772.567,
      3772.569,
      3839.116,
      3839.117,
      3859.633,
      3859.634,
      3880.055,
      3880.056,
      3900.43,
      3900.431,
      3920.732,
      3920.733,
      3930.916,
      3930.917,
      3930.946
    ]
  },
  "probe_result": {
    "client_ms": null,
    "server_ms": null,
    "tokens": 16001,
    "tokenize_ms": 31.8,
    "accept_latency_ms": 211.732
  }
}
