[hol] listening on 8123, mode=thread, probe=tokenize, b_reps=1000
[hol] handle: tokenizing 276 chars
[hol] handle: tokenized 65 tokens in 1.3 ms
[hol] A warmed: 7 tokens, a.done=False engine_error=False
{
  "mode": "thread",
  "probe": "tokenize",
  "b_reps": 1000,
  "b_prompt_chars": 69000,
  "engine_error": null,
  "tokenize_calls": [
    {
      "mode": "thread",
      "ms": 1.32,
      "tokens": 65,
      "chars": 276
    },
    {
      "mode": "thread",
      "ms": 31.705,
      "tokens": 16001,
      "chars": 69000
    }
  ],
  "request_a": {
    "tokens": 64,
    "gap_before_B_ms": {
      "n": 6,
      "max": 21.039,
      "median": 10.351
    },
    "gap_after_B_ms": {
      "n": 57,
      "max": 21.528,
      "median": 0.039
    },
    "all_gaps_ms": [
      20.7,
      0.001,
      21.039,
      0.001,
      20.705,
      0.001,
      21.069,
      0.001,
      20.985,
      0.001,
      21.029,
      0.001,
      21.401,
      0.001,
      20.766,
      0.001,
      20.971,
      0.001,
      20.77,
      0.001,
      20.626,
      0.001,
      20.915,
      0.001,
      20.555,
      0.001,
      20.493,
      0.001,
      20.79,
      0.001,
      20.593,
      0.001,
      20.649,
      0.001,
      20.649,
      0.001,
      21.528,
      0.001,
      20.62,
      0.001,
      21.123,
      0.001,
      20.555,
      0.001,
      20.929,
      0.001,
      20.663,
      0.001,
      20.546,
      0.001,
      20.539,
      0.001,
      21.012,
      0.001,
      20.568,
      0.001,
      20.58,
      0.001,
      20.614,
      0.001,
      10.379,
      0.001,
      0.039
    ],
    "gap_stamps_ms": [
      -41.793,
      -41.792,
      -20.753,
      -20.751,
      -0.046,
      -0.045,
      21.024,
      21.025,
      42.01,
      42.011,
      63.04,
      63.041,
      84.441,
      84.442,
      105.209,
      105.209,
      126.18,
      126.181,
      146.951,
      146.952,
      167.578,
      167.579,
      188.494,
      188.495,
      209.05,
      209.051,
      229.544,
      229.545,
      250.335,
      250.336,
      270.93,
      270.931,
      291.58,
      291.581,
      312.229,
      312.23,
      333.758,
      333.759,
      354.38,
      354.381,
      375.504,
      375.505,
      396.06,
      396.061,
      416.99,
      416.99,
      437.654,
      437.655,
      458.2,
      458.201,
      478.74,
      478.741,
      499.753,
      499.754,
      520.322,
      520.323,
      540.903,
      540.904,
      561.518,
      561.519,
      571.898,
      571.899,
      571.937
    ]
  },
  "probe_result": {
    "client_ms": 94.579,
    "server_ms": 31.715,
    "tokens": 16001,
    "tokenize_ms": 31.705,
    "accept_latency_ms": null
  }
}
