{
 "protocol_pin": "2025-11-25",
 "negotiated_protocol_version": "2025-11-25",
 "initialize_result": {
  "meta": null,
  "protocol_version": "2025-11-25",
  "capabilities": {
   "experimental": {},
   "logging": null,
   "prompts": {
    "list_changed": false
   },
   "resources": {
    "subscribe": false,
    "list_changed": false
   },
   "tools": {
    "list_changed": false
   },
   "completions": null,
   "extensions": null,
   "tasks": null
  },
  "server_info": {
   "name": "l9-tool",
   "title": null,
   "version": "0.1.0",
   "description": null,
   "website_url": null,
   "icons": null
  },
  "instructions": null
 },
 "next_cursor": null,
 "sdk_version": "2.2.0",
 "sdk_version_note": "python-sdk 2.x 的握手版本上限与 9.2 钉住的 2025-11-25 不一定相同；negotiated_protocol_version 是实际生效值，与 pin 不同则按实际值解释协议行为"
}
tools: [{"name": "calculate", "title": null, "description": "求值一个只含整数与 + - * // % ** 的表达式", "input_schema": {"properties": {"expression": {"title": "Expression", "type": "string"}, "delay_ms": {"default": 0, "title": "Delay Ms", "type": "integer"}}, "required": ["expression"], "type": "object", "title": "calculate_toolArguments"}, "execution": null, "output_schema": {"properties": {"result": {"title": "Result", "type": "string"}}, "required": ["result"], "type": "object", "title": "calculate_toolOutput"}, "icons": null, "annotations": null, "meta": null}]
