=== NVIDIA GeForce RTX 5090 D  SM=170   数据 256 MB（67108864 个 float）
    分母用 L1.1 实测的只读带宽 1674 GB/s ⇒ 理论下界 0.160 ms

    版本                                            耗时 有效带宽 占上限
    v0  每元素一次全局 atomicAdd               82.910 ms       3.2 GB/s    0.2%  ✗ 结果 16777216，应为 67108864（相对误差 75.0%）
    v1  共享内存树形归约                       0.328 ms     818.9 GB/s   48.9%
    v2  + 末 warp 用 shuffle                         0.327 ms     820.4 GB/s   49.0%
    v3  全程 shuffle（barrier 只剩 1 次）       0.327 ms     819.7 GB/s   49.0%
    v4  + float4 向量化访存                       0.165 ms    1625.2 GB/s   97.1%
    （v5/v6 的 grid 固定为一个波 = 170 SM × 6 block/SM = 1020）
    v5  + grid-stride，grid 对齐波长              0.160 ms    1673.0 GB/s   99.9%
    v6  + 每线程 4 个独立累加器               0.160 ms    1675.2 GB/s  100.1%

    精度对照（67108864 个 1.0f 求和）：
      CPU fp64 参考      67108864.0
      GPU v6 (fp32 分层)  67108864.0   相对误差 0.00e+00
      ⇒ 分层归约（每线程局部和 → warp → block → 全局）本身就是一种
        「成对求和」，把误差从 O(N) 降到 O(log N)。而 v0 的单点 atomicAdd
        是纯串行累加，误差 O(N)：float 的 24 位尾数在累加到 2^24 后
        再加 1.0 就完全丢失 —— 这就是它算不对的原因，与并发无关。

    参照：纯 memcpy 式读取（L1.1 的 bw_read_kernel）1674 GB/s = 100%
Collecting data...
Generating '/tmp/nsys-root/nsys-report-5ea2.qdstrm'
[1/1] [0%                          ] 30_reduce.nsys-rep[1/1] [0%                          ] 30_reduce.nsys-rep[1/1] [1%                          ] 30_reduce.nsys-rep[1/1] [2%                          ] 30_reduce.nsys-rep[1/1] [5%                          ] 30_reduce.nsys-rep[1/1] [=15%                        ] 30_reduce.nsys-rep[1/1] [==19%                       ] 30_reduce.nsys-rep[1/1] [==20%                       ] 30_reduce.nsys-rep[1/1] [==========47%               ] 30_reduce.nsys-rep[1/1] [===============65%          ] 30_reduce.nsys-rep[1/1] [=======================96%  ] 30_reduce.nsys-rep[1/1] [========================98% ] 30_reduce.nsys-rep[1/1] [========================100%] 30_reduce.nsys-rep[1/1] [========================100%] 30_reduce.nsys-rep
Generated:
	/scratch/learn/results/prof/30_reduce.nsys-rep
