[teaching_pretrain] 模型参数 63.91M，训练窗口 156250，验证/测试窗口 3906/3906
/scratch/learn/work/labs/L7/teaching_pretrain.py:248: UserWarning: Converting a tensor with requires_grad=True to a scalar may lead to unexpected behavior.
Consider using tensor.detach() first. (Triggered internally at /__w/pytorch/pytorch/torch/csrc/autograd/generated/python_variable_methods.cpp:822.)
  micro_losses.append(float(loss) * args.accum)
[teaching_pretrain] step 1/6000 loss 8.9059 gnorm 2.288 lr 5.000e-04 63370 tok/s peak 8077 MiB
[teaching_pretrain] step 11/6000 loss 7.4849 gnorm 0.761 lr 5.000e-04 214196 tok/s peak 8633 MiB
[teaching_pretrain] step 21/6000 loss 7.3642 gnorm 0.611 lr 5.000e-04 214658 tok/s peak 8633 MiB
[teaching_pretrain] step 31/6000 loss 7.2700 gnorm 0.553 lr 5.000e-04 214640 tok/s peak 8633 MiB
[teaching_pretrain] step 41/6000 loss 7.1003 gnorm 0.582 lr 5.000e-04 214474 tok/s peak 8633 MiB
[teaching_pretrain] step 51/6000 loss 6.8201 gnorm 0.523 lr 4.999e-04 214372 tok/s peak 8633 MiB
[teaching_pretrain] step 61/6000 loss 6.6508 gnorm 0.631 lr 4.999e-04 213253 tok/s peak 8633 MiB
[teaching_pretrain] step 71/6000 loss 6.6120 gnorm 0.708 lr 4.998e-04 212885 tok/s peak 8633 MiB
[teaching_pretrain] step 81/6000 loss 6.5100 gnorm 0.479 lr 4.998e-04 212662 tok/s peak 8633 MiB
[teaching_pretrain] step 91/6000 loss 6.4204 gnorm 0.850 lr 4.998e-04 213195 tok/s peak 8633 MiB
[teaching_pretrain] step 101/6000 loss 6.3491 gnorm 0.556 lr 4.997e-04 213007 tok/s peak 8633 MiB
[teaching_pretrain] step 111/6000 loss 6.2449 gnorm 0.499 lr 4.996e-04 212799 tok/s peak 8633 MiB
[teaching_pretrain] step 121/6000 loss 6.0654 gnorm 0.705 lr 4.996e-04 212765 tok/s peak 8633 MiB
[teaching_pretrain] step 131/6000 loss 6.0288 gnorm 0.575 lr 4.995e-04 213870 tok/s peak 8633 MiB
[teaching_pretrain] step 141/6000 loss 5.9255 gnorm 0.715 lr 4.994e-04 214128 tok/s peak 8633 MiB
[teaching_pretrain] step 151/6000 loss 5.9496 gnorm 0.556 lr 4.993e-04 214174 tok/s peak 8633 MiB
[teaching_pretrain] step 161/6000 loss 5.8481 gnorm 0.717 lr 4.992e-04 214113 tok/s peak 8633 MiB
[teaching_pretrain] step 171/6000 loss 5.6789 gnorm 0.585 lr 4.991e-04 214217 tok/s peak 8633 MiB
[teaching_pretrain] step 181/6000 loss 5.6772 gnorm 0.668 lr 4.990e-04 214183 tok/s peak 8633 MiB
[teaching_pretrain] step 191/6000 loss 5.6797 gnorm 0.685 lr 4.989e-04 212817 tok/s peak 8633 MiB
[teaching_pretrain] step 201/6000 loss 5.4707 gnorm 0.604 lr 4.988e-04 212783 tok/s peak 8633 MiB
[teaching_pretrain] step 211/6000 loss 5.3388 gnorm 0.767 lr 4.986e-04 212517 tok/s peak 8633 MiB
[teaching_pretrain] step 221/6000 loss 5.2787 gnorm 0.695 lr 4.985e-04 212843 tok/s peak 8633 MiB
[teaching_pretrain] step 231/6000 loss 5.3231 gnorm 0.654 lr 4.984e-04 212931 tok/s peak 8633 MiB
[teaching_pretrain] step 241/6000 loss 5.0925 gnorm 0.576 lr 4.982e-04 212710 tok/s peak 8633 MiB
[teaching_pretrain]   eval step 250: val_loss 5.0503
[teaching_pretrain] step 251/6000 loss 5.0625 gnorm 0.554 lr 4.981e-04 127108 tok/s peak 8633 MiB
[teaching_pretrain] step 261/6000 loss 5.0860 gnorm 0.630 lr 4.979e-04 213887 tok/s peak 8633 MiB
[teaching_pretrain] step 271/6000 loss 4.9854 gnorm 0.630 lr 4.978e-04 213933 tok/s peak 8633 MiB
[teaching_pretrain] step 281/6000 loss 5.0022 gnorm 0.588 lr 4.976e-04 214164 tok/s peak 8633 MiB
[teaching_pretrain] step 291/6000 loss 4.8285 gnorm 0.779 lr 4.974e-04 214103 tok/s peak 8633 MiB
[teaching_pretrain] step 301/6000 loss 4.6144 gnorm 0.594 lr 4.972e-04 214089 tok/s peak 8633 MiB
[teaching_pretrain] step 311/6000 loss 4.7017 gnorm 0.667 lr 4.970e-04 213313 tok/s peak 8633 MiB
[teaching_pretrain] step 321/6000 loss 4.7264 gnorm 0.639 lr 4.968e-04 212459 tok/s peak 8633 MiB
[teaching_pretrain] step 331/6000 loss 4.6602 gnorm 0.617 lr 4.966e-04 212449 tok/s peak 8633 MiB
[teaching_pretrain] step 341/6000 loss 4.5883 gnorm 0.554 lr 4.964e-04 212652 tok/s peak 8633 MiB
[teaching_pretrain] step 351/6000 loss 4.5563 gnorm 0.651 lr 4.962e-04 212459 tok/s peak 8633 MiB
[teaching_pretrain] step 361/6000 loss 4.5501 gnorm 0.583 lr 4.960e-04 212449 tok/s peak 8633 MiB
[teaching_pretrain] step 371/6000 loss 4.5469 gnorm 0.580 lr 4.958e-04 212320 tok/s peak 8633 MiB
[teaching_pretrain] step 381/6000 loss 4.3548 gnorm 0.677 lr 4.956e-04 212933 tok/s peak 8633 MiB
[teaching_pretrain] step 391/6000 loss 4.3532 gnorm 0.632 lr 4.953e-04 213498 tok/s peak 8633 MiB
[teaching_pretrain] step 401/6000 loss 4.3903 gnorm 0.545 lr 4.951e-04 213542 tok/s peak 8633 MiB
[teaching_pretrain] step 411/6000 loss 4.3686 gnorm 0.589 lr 4.948e-04 213570 tok/s peak 8633 MiB
[teaching_pretrain] step 421/6000 loss 4.0980 gnorm 0.568 lr 4.946e-04 213360 tok/s peak 8633 MiB
[teaching_pretrain] step 431/6000 loss 4.1951 gnorm 0.576 lr 4.943e-04 213516 tok/s peak 8633 MiB
[teaching_pretrain] step 441/6000 loss 4.1871 gnorm 0.588 lr 4.941e-04 212946 tok/s peak 8633 MiB
[teaching_pretrain] step 451/6000 loss 4.2361 gnorm 0.573 lr 4.938e-04 211828 tok/s peak 8633 MiB
[teaching_pretrain] step 461/6000 loss 4.1379 gnorm 0.581 lr 4.935e-04 212010 tok/s peak 8633 MiB
[teaching_pretrain] step 471/6000 loss 3.9650 gnorm 0.561 lr 4.932e-04 211987 tok/s peak 8633 MiB
[teaching_pretrain] step 481/6000 loss 4.2106 gnorm 0.586 lr 4.929e-04 212224 tok/s peak 8633 MiB
[teaching_pretrain] step 491/6000 loss 4.1121 gnorm 0.563 lr 4.926e-04 212132 tok/s peak 8633 MiB
[teaching_pretrain]   eval step 500: val_loss 3.9132
[teaching_pretrain] step 501/6000 loss 3.9435 gnorm 0.550 lr 4.923e-04 82242 tok/s peak 8633 MiB
[teaching_pretrain] step 511/6000 loss 4.0801 gnorm 0.580 lr 4.920e-04 213350 tok/s peak 8633 MiB
[teaching_pretrain] step 521/6000 loss 3.9071 gnorm 0.580 lr 4.917e-04 213474 tok/s peak 8633 MiB
[teaching_pretrain] step 531/6000 loss 3.9351 gnorm 0.562 lr 4.914e-04 213524 tok/s peak 8633 MiB
[teaching_pretrain] step 541/6000 loss 3.7364 gnorm 0.569 lr 4.911e-04 213494 tok/s peak 8633 MiB
[teaching_pretrain] step 551/6000 loss 3.8881 gnorm 0.550 lr 4.907e-04 213509 tok/s peak 8633 MiB
[teaching_pretrain] step 561/6000 loss 3.7670 gnorm 0.558 lr 4.904e-04 212014 tok/s peak 8633 MiB
[teaching_pretrain] step 571/6000 loss 3.9051 gnorm 0.628 lr 4.901e-04 211814 tok/s peak 8633 MiB
[teaching_pretrain] step 581/6000 loss 3.6961 gnorm 0.564 lr 4.897e-04 212045 tok/s peak 8633 MiB
[teaching_pretrain] step 591/6000 loss 3.5834 gnorm 0.563 lr 4.893e-04 211874 tok/s peak 8633 MiB
[teaching_pretrain] step 601/6000 loss 3.7266 gnorm 0.594 lr 4.890e-04 212104 tok/s peak 8633 MiB
[teaching_pretrain] step 611/6000 loss 3.7559 gnorm 0.605 lr 4.886e-04 212214 tok/s peak 8633 MiB
[teaching_pretrain] step 621/6000 loss 3.6195 gnorm 0.547 lr 4.882e-04 212194 tok/s peak 8633 MiB
[teaching_pretrain] step 631/6000 loss 3.6731 gnorm 0.527 lr 4.879e-04 213439 tok/s peak 8633 MiB
[teaching_pretrain] step 641/6000 loss 3.5020 gnorm 0.545 lr 4.875e-04 213158 tok/s peak 8633 MiB
[teaching_pretrain] step 651/6000 loss 3.5743 gnorm 0.512 lr 4.871e-04 213449 tok/s peak 8633 MiB
[teaching_pretrain] step 661/6000 loss 3.5682 gnorm 0.527 lr 4.867e-04 213477 tok/s peak 8633 MiB
[teaching_pretrain] step 671/6000 loss 3.5176 gnorm 0.557 lr 4.863e-04 213444 tok/s peak 8633 MiB
[teaching_pretrain] step 681/6000 loss 3.6241 gnorm 0.547 lr 4.859e-04 213444 tok/s peak 8633 MiB
[teaching_pretrain] step 691/6000 loss 3.5186 gnorm 0.551 lr 4.855e-04 211933 tok/s peak 8633 MiB
[teaching_pretrain] step 701/6000 loss 3.5213 gnorm 0.523 lr 4.851e-04 211876 tok/s peak 8633 MiB
[teaching_pretrain] step 711/6000 loss 3.4798 gnorm 0.542 lr 4.846e-04 212145 tok/s peak 8633 MiB
[teaching_pretrain] step 721/6000 loss 3.3852 gnorm 0.521 lr 4.842e-04 212014 tok/s peak 8633 MiB
[teaching_pretrain] step 731/6000 loss 3.3481 gnorm 0.560 lr 4.838e-04 212427 tok/s peak 8633 MiB
[teaching_pretrain] step 741/6000 loss 3.3615 gnorm 0.531 lr 4.833e-04 212096 tok/s peak 8633 MiB
[teaching_pretrain]   eval step 750: val_loss 3.3297
[teaching_pretrain] step 751/6000 loss 3.3567 gnorm 0.534 lr 4.829e-04 110248 tok/s peak 8633 MiB
[teaching_pretrain] step 761/6000 loss 3.4198 gnorm 0.512 lr 4.824e-04 213334 tok/s peak 8633 MiB
[teaching_pretrain] step 771/6000 loss 3.3260 gnorm 0.502 lr 4.820e-04 213498 tok/s peak 8633 MiB
[teaching_pretrain] step 781/6000 loss 3.4368 gnorm 0.529 lr 4.815e-04 213486 tok/s peak 8633 MiB
[teaching_pretrain] step 791/6000 loss 3.3647 gnorm 0.518 lr 4.810e-04 213462 tok/s peak 8633 MiB
[teaching_pretrain] step 801/6000 loss 3.3007 gnorm 0.574 lr 4.805e-04 213428 tok/s peak 8633 MiB
[teaching_pretrain] step 811/6000 loss 3.3818 gnorm 0.537 lr 4.801e-04 212216 tok/s peak 8633 MiB
[teaching_pretrain] step 821/6000 loss 3.3144 gnorm 0.505 lr 4.796e-04 212129 tok/s peak 8633 MiB
[teaching_pretrain] step 831/6000 loss 3.2272 gnorm 0.518 lr 4.791e-04 212145 tok/s peak 8633 MiB
[teaching_pretrain] step 841/6000 loss 3.2811 gnorm 0.511 lr 4.786e-04 212365 tok/s peak 8633 MiB
[teaching_pretrain] step 851/6000 loss 3.3200 gnorm 0.523 lr 4.781e-04 212285 tok/s peak 8633 MiB
[teaching_pretrain] step 861/6000 loss 3.3375 gnorm 0.500 lr 4.776e-04 212205 tok/s peak 8633 MiB
[teaching_pretrain] step 871/6000 loss 3.1759 gnorm 0.554 lr 4.771e-04 212637 tok/s peak 8633 MiB
[teaching_pretrain] step 881/6000 loss 3.1862 gnorm 0.512 lr 4.765e-04 213420 tok/s peak 8633 MiB
[teaching_pretrain] step 891/6000 loss 3.2193 gnorm 0.524 lr 4.760e-04 213463 tok/s peak 8633 MiB
[teaching_pretrain] step 901/6000 loss 3.2389 gnorm 0.487 lr 4.755e-04 213389 tok/s peak 8633 MiB
[teaching_pretrain] step 911/6000 loss 3.2066 gnorm 0.515 lr 4.749e-04 213341 tok/s peak 8633 MiB
[teaching_pretrain] step 921/6000 loss 3.2730 gnorm 0.519 lr 4.744e-04 213265 tok/s peak 8633 MiB
[teaching_pretrain] step 931/6000 loss 3.0966 gnorm 0.510 lr 4.738e-04 213416 tok/s peak 8633 MiB
[teaching_pretrain] step 941/6000 loss 3.2312 gnorm 0.521 lr 4.733e-04 212072 tok/s peak 8633 MiB
[teaching_pretrain] step 951/6000 loss 3.1112 gnorm 0.491 lr 4.727e-04 212024 tok/s peak 8633 MiB
[teaching_pretrain] step 961/6000 loss 3.1260 gnorm 0.506 lr 4.722e-04 212108 tok/s peak 8633 MiB
[teaching_pretrain] step 971/6000 loss 3.1731 gnorm 0.501 lr 4.716e-04 212055 tok/s peak 8633 MiB
[teaching_pretrain] step 981/6000 loss 3.2669 gnorm 0.511 lr 4.710e-04 212421 tok/s peak 8633 MiB
[teaching_pretrain] step 991/6000 loss 3.2449 gnorm 0.507 lr 4.704e-04 212555 tok/s peak 8633 MiB
[teaching_pretrain]   eval step 1000: val_loss 3.0760
[teaching_pretrain] step 1001/6000 loss 3.1035 gnorm 0.520 lr 4.699e-04 77003 tok/s peak 8633 MiB
[teaching_pretrain] step 1011/6000 loss 3.1043 gnorm 0.522 lr 4.693e-04 213472 tok/s peak 8633 MiB
[teaching_pretrain] step 1021/6000 loss 3.0008 gnorm 0.562 lr 4.687e-04 213445 tok/s peak 8633 MiB
[teaching_pretrain] step 1031/6000 loss 3.0421 gnorm 0.485 lr 4.681e-04 213459 tok/s peak 8633 MiB
[teaching_pretrain] step 1041/6000 loss 3.1375 gnorm 0.493 lr 4.675e-04 213405 tok/s peak 8633 MiB
[teaching_pretrain] step 1051/6000 loss 2.9308 gnorm 0.484 lr 4.668e-04 212274 tok/s peak 8633 MiB
[teaching_pretrain] step 1061/6000 loss 3.1288 gnorm 0.509 lr 4.662e-04 212026 tok/s peak 8633 MiB
[teaching_pretrain] step 1071/6000 loss 3.1599 gnorm 0.492 lr 4.656e-04 211824 tok/s peak 8633 MiB
[teaching_pretrain] step 1081/6000 loss 3.1608 gnorm 0.499 lr 4.650e-04 212402 tok/s peak 8633 MiB
[teaching_pretrain] step 1091/6000 loss 3.1518 gnorm 0.516 lr 4.643e-04 212412 tok/s peak 8633 MiB
[teaching_pretrain] step 1101/6000 loss 3.0819 gnorm 0.509 lr 4.637e-04 212309 tok/s peak 8633 MiB
[teaching_pretrain] step 1111/6000 loss 3.1071 gnorm 0.491 lr 4.631e-04 212251 tok/s peak 8633 MiB
[teaching_pretrain] step 1121/6000 loss 3.1413 gnorm 0.506 lr 4.624e-04 213261 tok/s peak 8633 MiB
[teaching_pretrain] step 1131/6000 loss 2.9919 gnorm 0.495 lr 4.618e-04 213185 tok/s peak 8633 MiB
[teaching_pretrain] step 1141/6000 loss 2.9099 gnorm 0.481 lr 4.611e-04 213383 tok/s peak 8633 MiB
[teaching_pretrain] step 1151/6000 loss 2.9861 gnorm 0.499 lr 4.604e-04 213320 tok/s peak 8633 MiB
[teaching_pretrain] step 1161/6000 loss 2.9561 gnorm 0.529 lr 4.598e-04 213332 tok/s peak 8633 MiB
[teaching_pretrain] step 1171/6000 loss 2.9135 gnorm 0.493 lr 4.591e-04 213364 tok/s peak 8633 MiB
[teaching_pretrain] step 1181/6000 loss 3.0300 gnorm 0.502 lr 4.584e-04 212309 tok/s peak 8633 MiB
[teaching_pretrain] step 1191/6000 loss 3.0749 gnorm 0.488 lr 4.577e-04 212168 tok/s peak 8633 MiB
[teaching_pretrain] step 1201/6000 loss 2.9600 gnorm 0.476 lr 4.570e-04 212167 tok/s peak 8633 MiB
[teaching_pretrain] step 1211/6000 loss 2.8631 gnorm 0.475 lr 4.563e-04 212135 tok/s peak 8633 MiB
[teaching_pretrain] step 1221/6000 loss 2.9110 gnorm 0.473 lr 4.556e-04 212250 tok/s peak 8633 MiB
[teaching_pretrain] step 1231/6000 loss 2.9695 gnorm 0.541 lr 4.549e-04 212184 tok/s peak 8633 MiB
[teaching_pretrain] step 1241/6000 loss 3.0260 gnorm 0.485 lr 4.542e-04 212037 tok/s peak 8633 MiB
[teaching_pretrain]   eval step 1250: val_loss 2.9354
[teaching_pretrain] step 1251/6000 loss 2.9804 gnorm 0.493 lr 4.535e-04 113845 tok/s peak 8633 MiB
[teaching_pretrain] step 1261/6000 loss 2.9706 gnorm 0.488 lr 4.528e-04 213420 tok/s peak 8633 MiB
[teaching_pretrain] step 1271/6000 loss 2.8632 gnorm 0.489 lr 4.521e-04 213418 tok/s peak 8633 MiB
[teaching_pretrain] step 1281/6000 loss 2.9292 gnorm 0.457 lr 4.513e-04 213287 tok/s peak 8633 MiB
[teaching_pretrain] step 1291/6000 loss 3.0463 gnorm 0.484 lr 4.506e-04 213297 tok/s peak 8633 MiB
[teaching_pretrain] step 1301/6000 loss 2.9750 gnorm 0.493 lr 4.499e-04 212481 tok/s peak 8633 MiB
[teaching_pretrain] step 1311/6000 loss 2.8068 gnorm 0.470 lr 4.491e-04 211811 tok/s peak 8633 MiB
[teaching_pretrain] step 1321/6000 loss 3.0371 gnorm 0.491 lr 4.484e-04 212074 tok/s peak 8633 MiB
[teaching_pretrain] step 1331/6000 loss 2.9768 gnorm 0.479 lr 4.476e-04 212051 tok/s peak 8633 MiB
[teaching_pretrain] step 1341/6000 loss 2.9869 gnorm 0.479 lr 4.469e-04 212075 tok/s peak 8633 MiB
[teaching_pretrain] step 1351/6000 loss 2.9385 gnorm 0.490 lr 4.461e-04 212370 tok/s peak 8633 MiB
[teaching_pretrain] step 1361/6000 loss 2.8196 gnorm 0.484 lr 4.453e-04 211965 tok/s peak 8633 MiB
[teaching_pretrain] step 1371/6000 loss 2.9206 gnorm 0.480 lr 4.446e-04 212909 tok/s peak 8633 MiB
[teaching_pretrain] step 1381/6000 loss 2.9196 gnorm 0.489 lr 4.438e-04 212853 tok/s peak 8633 MiB
[teaching_pretrain] step 1391/6000 loss 2.7541 gnorm 0.603 lr 4.430e-04 213134 tok/s peak 8633 MiB
[teaching_pretrain] step 1401/6000 loss 2.9315 gnorm 0.478 lr 4.422e-04 213089 tok/s peak 8633 MiB
[teaching_pretrain] step 1411/6000 loss 2.8829 gnorm 0.506 lr 4.414e-04 213244 tok/s peak 8633 MiB
[teaching_pretrain] step 1421/6000 loss 2.9250 gnorm 0.484 lr 4.406e-04 213090 tok/s peak 8633 MiB
[teaching_pretrain] step 1431/6000 loss 2.9209 gnorm 0.485 lr 4.398e-04 212035 tok/s peak 8633 MiB
[teaching_pretrain] step 1441/6000 loss 2.9474 gnorm 0.492 lr 4.390e-04 211722 tok/s peak 8633 MiB
[teaching_pretrain] step 1451/6000 loss 2.9878 gnorm 0.477 lr 4.382e-04 211745 tok/s peak 8633 MiB
[teaching_pretrain] step 1461/6000 loss 2.8265 gnorm 0.500 lr 4.374e-04 211904 tok/s peak 8633 MiB
[teaching_pretrain] step 1471/6000 loss 2.8072 gnorm 0.489 lr 4.366e-04 212126 tok/s peak 8633 MiB
[teaching_pretrain] step 1481/6000 loss 2.9872 gnorm 0.494 lr 4.358e-04 212495 tok/s peak 8633 MiB
[teaching_pretrain] step 1491/6000 loss 2.8682 gnorm 0.487 lr 4.349e-04 211981 tok/s peak 8633 MiB
[teaching_pretrain]   eval step 1500: val_loss 2.8298
[teaching_pretrain] step 1501/6000 loss 2.7400 gnorm 0.491 lr 4.341e-04 79426 tok/s peak 8633 MiB
[teaching_pretrain] step 1511/6000 loss 2.8505 gnorm 0.460 lr 4.333e-04 213456 tok/s peak 8633 MiB
[teaching_pretrain] step 1521/6000 loss 2.8635 gnorm 0.489 lr 4.324e-04 213211 tok/s peak 8633 MiB
[teaching_pretrain] step 1531/6000 loss 2.8005 gnorm 0.472 lr 4.316e-04 213135 tok/s peak 8633 MiB
[teaching_pretrain] step 1541/6000 loss 2.9481 gnorm 0.481 lr 4.307e-04 212490 tok/s peak 8633 MiB
[teaching_pretrain] step 1551/6000 loss 2.8005 gnorm 0.477 lr 4.299e-04 211786 tok/s peak 8633 MiB
[teaching_pretrain] step 1561/6000 loss 2.9156 gnorm 0.471 lr 4.290e-04 211983 tok/s peak 8633 MiB
[teaching_pretrain] step 1571/6000 loss 2.8201 gnorm 0.492 lr 4.282e-04 212045 tok/s peak 8633 MiB
[teaching_pretrain] step 1581/6000 loss 3.0020 gnorm 0.487 lr 4.273e-04 211802 tok/s peak 8633 MiB
[teaching_pretrain] step 1591/6000 loss 2.8116 gnorm 0.483 lr 4.264e-04 212285 tok/s peak 8633 MiB
[teaching_pretrain] step 1601/6000 loss 2.7173 gnorm 0.498 lr 4.256e-04 211729 tok/s peak 8633 MiB
[teaching_pretrain] step 1611/6000 loss 2.8082 gnorm 0.486 lr 4.247e-04 212499 tok/s peak 8633 MiB
[teaching_pretrain] step 1621/6000 loss 2.8317 gnorm 0.480 lr 4.238e-04 213122 tok/s peak 8633 MiB
[teaching_pretrain] step 1631/6000 loss 2.8329 gnorm 0.473 lr 4.229e-04 213081 tok/s peak 8633 MiB
[teaching_pretrain] step 1641/6000 loss 2.8165 gnorm 0.493 lr 4.220e-04 212964 tok/s peak 8633 MiB
[teaching_pretrain] step 1651/6000 loss 2.8891 gnorm 0.473 lr 4.211e-04 213006 tok/s peak 8633 MiB
[teaching_pretrain] step 1661/6000 loss 2.8230 gnorm 0.469 lr 4.202e-04 213056 tok/s peak 8633 MiB
[teaching_pretrain] step 1671/6000 loss 2.7658 gnorm 0.475 lr 4.193e-04 212259 tok/s peak 8633 MiB
[teaching_pretrain] step 1681/6000 loss 2.6680 gnorm 0.467 lr 4.184e-04 211929 tok/s peak 8633 MiB
[teaching_pretrain] step 1691/6000 loss 2.8411 gnorm 0.488 lr 4.175e-04 211785 tok/s peak 8633 MiB
[teaching_pretrain] step 1701/6000 loss 2.8372 gnorm 0.480 lr 4.166e-04 211958 tok/s peak 8633 MiB
[teaching_pretrain] step 1711/6000 loss 2.9626 gnorm 0.478 lr 4.157e-04 211583 tok/s peak 8633 MiB
[teaching_pretrain] step 1721/6000 loss 2.9944 gnorm 0.509 lr 4.148e-04 212113 tok/s peak 8633 MiB
[teaching_pretrain] step 1731/6000 loss 2.7912 gnorm 0.486 lr 4.138e-04 211887 tok/s peak 8633 MiB
[teaching_pretrain] step 1741/6000 loss 2.9249 gnorm 0.487 lr 4.129e-04 212657 tok/s peak 8633 MiB
[teaching_pretrain]   eval step 1750: val_loss 2.7492
[teaching_pretrain] step 1751/6000 loss 2.8322 gnorm 0.464 lr 4.120e-04 110043 tok/s peak 8633 MiB
[teaching_pretrain] step 1761/6000 loss 2.8193 gnorm 0.473 lr 4.110e-04 213183 tok/s peak 8633 MiB
[teaching_pretrain] step 1771/6000 loss 2.7111 gnorm 0.463 lr 4.101e-04 213159 tok/s peak 8633 MiB
[teaching_pretrain] step 1781/6000 loss 2.8718 gnorm 0.480 lr 4.092e-04 213172 tok/s peak 8633 MiB
[teaching_pretrain] step 1791/6000 loss 2.7711 gnorm 0.481 lr 4.082e-04 212565 tok/s peak 8633 MiB
[teaching_pretrain] step 1801/6000 loss 2.8779 gnorm 0.490 lr 4.073e-04 211333 tok/s peak 8633 MiB
[teaching_pretrain] step 1811/6000 loss 2.6652 gnorm 0.471 lr 4.063e-04 211812 tok/s peak 8633 MiB
[teaching_pretrain] step 1821/6000 loss 2.6935 gnorm 0.458 lr 4.053e-04 211763 tok/s peak 8633 MiB
[teaching_pretrain] step 1831/6000 loss 2.8346 gnorm 0.479 lr 4.044e-04 212037 tok/s peak 8633 MiB
[teaching_pretrain] step 1841/6000 loss 2.7867 gnorm 0.482 lr 4.034e-04 211973 tok/s peak 8633 MiB
[teaching_pretrain] step 1851/6000 loss 2.6461 gnorm 0.468 lr 4.024e-04 211704 tok/s peak 8633 MiB
[teaching_pretrain] step 1861/6000 loss 2.9657 gnorm 0.473 lr 4.015e-04 212343 tok/s peak 8633 MiB
[teaching_pretrain] step 1871/6000 loss 2.7804 gnorm 0.468 lr 4.005e-04 212744 tok/s peak 8633 MiB
[teaching_pretrain] step 1881/6000 loss 2.8060 gnorm 0.474 lr 3.995e-04 212920 tok/s peak 8633 MiB
[teaching_pretrain] step 1891/6000 loss 2.8225 gnorm 0.464 lr 3.985e-04 212963 tok/s peak 8633 MiB
[teaching_pretrain] step 1901/6000 loss 2.7159 gnorm 0.474 lr 3.975e-04 212934 tok/s peak 8633 MiB
[teaching_pretrain] step 1911/6000 loss 2.7246 gnorm 0.472 lr 3.966e-04 212968 tok/s peak 8633 MiB
[teaching_pretrain] step 1921/6000 loss 2.7505 gnorm 0.478 lr 3.956e-04 212346 tok/s peak 8633 MiB
[teaching_pretrain] step 1931/6000 loss 2.7864 gnorm 0.466 lr 3.946e-04 211660 tok/s peak 8633 MiB
[teaching_pretrain] step 1941/6000 loss 2.7316 gnorm 0.470 lr 3.936e-04 211857 tok/s peak 8633 MiB
[teaching_pretrain] step 1951/6000 loss 2.7522 gnorm 0.481 lr 3.926e-04 211450 tok/s peak 8633 MiB
[teaching_pretrain] step 1961/6000 loss 2.6831 gnorm 0.484 lr 3.916e-04 211901 tok/s peak 8633 MiB
[teaching_pretrain] step 1971/6000 loss 2.8163 gnorm 0.475 lr 3.905e-04 212019 tok/s peak 8633 MiB
[teaching_pretrain] step 1981/6000 loss 2.8818 gnorm 0.481 lr 3.895e-04 211965 tok/s peak 8633 MiB
[teaching_pretrain] step 1991/6000 loss 2.6162 gnorm 0.470 lr 3.885e-04 212478 tok/s peak 8633 MiB
[teaching_pretrain]   eval step 2000: val_loss 2.6950
[teaching_pretrain] step 2001/6000 loss 2.6738 gnorm 0.471 lr 3.875e-04 79089 tok/s peak 8633 MiB
[teaching_pretrain] step 2011/6000 loss 2.7198 gnorm 0.459 lr 3.865e-04 213225 tok/s peak 8633 MiB
[teaching_pretrain] step 2021/6000 loss 2.7644 gnorm 0.511 lr 3.855e-04 213068 tok/s peak 8633 MiB
[teaching_pretrain] step 2031/6000 loss 2.6508 gnorm 0.459 lr 3.844e-04 212868 tok/s peak 8633 MiB
[teaching_pretrain] step 2041/6000 loss 2.7566 gnorm 0.471 lr 3.834e-04 211624 tok/s peak 8633 MiB
[teaching_pretrain] step 2051/6000 loss 2.7226 gnorm 0.471 lr 3.824e-04 212109 tok/s peak 8633 MiB
[teaching_pretrain] step 2061/6000 loss 2.6803 gnorm 0.479 lr 3.813e-04 211765 tok/s peak 8633 MiB
[teaching_pretrain] step 2071/6000 loss 2.6368 gnorm 0.479 lr 3.803e-04 211913 tok/s peak 8633 MiB
[teaching_pretrain] step 2081/6000 loss 2.7162 gnorm 0.461 lr 3.792e-04 211769 tok/s peak 8633 MiB
[teaching_pretrain] step 2091/6000 loss 2.6395 gnorm 0.464 lr 3.782e-04 211849 tok/s peak 8633 MiB
[teaching_pretrain] step 2101/6000 loss 2.7089 gnorm 0.465 lr 3.771e-04 212217 tok/s peak 8633 MiB
[teaching_pretrain] step 2111/6000 loss 2.6517 gnorm 0.471 lr 3.761e-04 212941 tok/s peak 8633 MiB
[teaching_pretrain] step 2121/6000 loss 2.7899 gnorm 0.462 lr 3.750e-04 212739 tok/s peak 8633 MiB
[teaching_pretrain] step 2131/6000 loss 2.7583 gnorm 0.465 lr 3.740e-04 212945 tok/s peak 8633 MiB
[teaching_pretrain] step 2141/6000 loss 2.8861 gnorm 0.477 lr 3.729e-04 212950 tok/s peak 8633 MiB
[teaching_pretrain] step 2151/6000 loss 2.6157 gnorm 0.457 lr 3.719e-04 212956 tok/s peak 8633 MiB
[teaching_pretrain] step 2161/6000 loss 2.6575 gnorm 0.475 lr 3.708e-04 212604 tok/s peak 8633 MiB
[teaching_pretrain] step 2171/6000 loss 2.6270 gnorm 0.461 lr 3.697e-04 211454 tok/s peak 8633 MiB
[teaching_pretrain] step 2181/6000 loss 2.6212 gnorm 0.453 lr 3.687e-04 211533 tok/s peak 8633 MiB
[teaching_pretrain] step 2191/6000 loss 2.7036 gnorm 0.463 lr 3.676e-04 211555 tok/s peak 8633 MiB
[teaching_pretrain] step 2201/6000 loss 2.7032 gnorm 0.469 lr 3.665e-04 211526 tok/s peak 8633 MiB
[teaching_pretrain] step 2211/6000 loss 2.7419 gnorm 0.471 lr 3.654e-04 211769 tok/s peak 8633 MiB
[teaching_pretrain] step 2221/6000 loss 2.5818 gnorm 0.465 lr 3.644e-04 211690 tok/s peak 8633 MiB
[teaching_pretrain] step 2231/6000 loss 2.6684 gnorm 0.459 lr 3.633e-04 212116 tok/s peak 8633 MiB
[teaching_pretrain] step 2241/6000 loss 2.6295 gnorm 0.472 lr 3.622e-04 212837 tok/s peak 8633 MiB
[teaching_pretrain]   eval step 2250: val_loss 2.6354
[teaching_pretrain] step 2251/6000 loss 2.5672 gnorm 0.458 lr 3.611e-04 111486 tok/s peak 8633 MiB
[teaching_pretrain] step 2261/6000 loss 2.8276 gnorm 0.464 lr 3.600e-04 213160 tok/s peak 8633 MiB
[teaching_pretrain] step 2271/6000 loss 2.7389 gnorm 0.463 lr 3.589e-04 212809 tok/s peak 8633 MiB
[teaching_pretrain] step 2281/6000 loss 2.5949 gnorm 0.468 lr 3.578e-04 212653 tok/s peak 8633 MiB
[teaching_pretrain] step 2291/6000 loss 2.6359 gnorm 0.456 lr 3.567e-04 211291 tok/s peak 8633 MiB
[teaching_pretrain] step 2301/6000 loss 2.6863 gnorm 0.460 lr 3.556e-04 211550 tok/s peak 8633 MiB
[teaching_pretrain] step 2311/6000 loss 2.5463 gnorm 0.446 lr 3.545e-04 211530 tok/s peak 8633 MiB
[teaching_pretrain] step 2321/6000 loss 2.5067 gnorm 0.458 lr 3.534e-04 211584 tok/s peak 8633 MiB
[teaching_pretrain] step 2331/6000 loss 2.6000 gnorm 0.454 lr 3.523e-04 211680 tok/s peak 8633 MiB
[teaching_pretrain] step 2341/6000 loss 2.6795 gnorm 0.458 lr 3.512e-04 211476 tok/s peak 8633 MiB
[teaching_pretrain] step 2351/6000 loss 2.6396 gnorm 0.456 lr 3.501e-04 212155 tok/s peak 8633 MiB
[teaching_pretrain] step 2361/6000 loss 2.6852 gnorm 0.470 lr 3.490e-04 212809 tok/s peak 8633 MiB
[teaching_pretrain] step 2371/6000 loss 2.7088 gnorm 0.467 lr 3.479e-04 212627 tok/s peak 8633 MiB
[teaching_pretrain] step 2381/6000 loss 2.6742 gnorm 0.462 lr 3.468e-04 212784 tok/s peak 8633 MiB
[teaching_pretrain] step 2391/6000 loss 2.7011 gnorm 0.451 lr 3.456e-04 212812 tok/s peak 8633 MiB
[teaching_pretrain] step 2401/6000 loss 2.6172 gnorm 0.453 lr 3.445e-04 212871 tok/s peak 8633 MiB
[teaching_pretrain] step 2411/6000 loss 2.6735 gnorm 0.465 lr 3.434e-04 212432 tok/s peak 8633 MiB
[teaching_pretrain] step 2421/6000 loss 2.5194 gnorm 0.455 lr 3.423e-04 211387 tok/s peak 8633 MiB
[teaching_pretrain] step 2431/6000 loss 2.6540 gnorm 0.458 lr 3.412e-04 211461 tok/s peak 8633 MiB
[teaching_pretrain] step 2441/6000 loss 2.6989 gnorm 0.474 lr 3.400e-04 211769 tok/s peak 8633 MiB
[teaching_pretrain] step 2451/6000 loss 2.7076 gnorm 0.459 lr 3.389e-04 211746 tok/s peak 8633 MiB
[teaching_pretrain] step 2461/6000 loss 2.6854 gnorm 0.474 lr 3.378e-04 211828 tok/s peak 8633 MiB
[teaching_pretrain] step 2471/6000 loss 2.5369 gnorm 0.459 lr 3.366e-04 211484 tok/s peak 8633 MiB
[teaching_pretrain] step 2481/6000 loss 2.4871 gnorm 0.452 lr 3.355e-04 212082 tok/s peak 8633 MiB
[teaching_pretrain] step 2491/6000 loss 2.5967 gnorm 0.441 lr 3.344e-04 212784 tok/s peak 8633 MiB
[teaching_pretrain]   eval step 2500: val_loss 2.5898
[teaching_pretrain] step 2501/6000 loss 2.5584 gnorm 0.460 lr 3.332e-04 78442 tok/s peak 8633 MiB
[teaching_pretrain] step 2511/6000 loss 2.6876 gnorm 0.462 lr 3.321e-04 212993 tok/s peak 8633 MiB
[teaching_pretrain] step 2521/6000 loss 2.5929 gnorm 0.471 lr 3.310e-04 212909 tok/s peak 8633 MiB
[teaching_pretrain] step 2531/6000 loss 2.5286 gnorm 0.453 lr 3.298e-04 211342 tok/s peak 8633 MiB
[teaching_pretrain] step 2541/6000 loss 2.6330 gnorm 0.464 lr 3.287e-04 211451 tok/s peak 8633 MiB
[teaching_pretrain] step 2551/6000 loss 2.4767 gnorm 0.458 lr 3.275e-04 211697 tok/s peak 8633 MiB
[teaching_pretrain] step 2561/6000 loss 2.6117 gnorm 0.471 lr 3.264e-04 211746 tok/s peak 8633 MiB
[teaching_pretrain] step 2571/6000 loss 2.6102 gnorm 0.467 lr 3.252e-04 211646 tok/s peak 8633 MiB
[teaching_pretrain] step 2581/6000 loss 2.7146 gnorm 0.463 lr 3.241e-04 211488 tok/s peak 8633 MiB
[teaching_pretrain] step 2591/6000 loss 2.6367 gnorm 0.475 lr 3.229e-04 211939 tok/s peak 8633 MiB
[teaching_pretrain] step 2601/6000 loss 2.7477 gnorm 0.470 lr 3.218e-04 212812 tok/s peak 8633 MiB
[teaching_pretrain] step 2611/6000 loss 2.7871 gnorm 0.477 lr 3.206e-04 212575 tok/s peak 8633 MiB
[teaching_pretrain] step 2621/6000 loss 2.5491 gnorm 0.467 lr 3.195e-04 212816 tok/s peak 8633 MiB
[teaching_pretrain] step 2631/6000 loss 2.4569 gnorm 0.442 lr 3.183e-04 212798 tok/s peak 8633 MiB
[teaching_pretrain] step 2641/6000 loss 2.5315 gnorm 0.461 lr 3.172e-04 212750 tok/s peak 8633 MiB
[teaching_pretrain] step 2651/6000 loss 2.6113 gnorm 0.453 lr 3.160e-04 212640 tok/s peak 8633 MiB
[teaching_pretrain] step 2661/6000 loss 2.5044 gnorm 0.440 lr 3.148e-04 211640 tok/s peak 8633 MiB
[teaching_pretrain] step 2671/6000 loss 2.6593 gnorm 0.470 lr 3.137e-04 211410 tok/s peak 8633 MiB
[teaching_pretrain] step 2681/6000 loss 2.6129 gnorm 0.467 lr 3.125e-04 211495 tok/s peak 8633 MiB
[teaching_pretrain] step 2691/6000 loss 2.5170 gnorm 0.458 lr 3.114e-04 211539 tok/s peak 8633 MiB
[teaching_pretrain] step 2701/6000 loss 2.6939 gnorm 0.464 lr 3.102e-04 211819 tok/s peak 8633 MiB
[teaching_pretrain] step 2711/6000 loss 2.5030 gnorm 0.446 lr 3.090e-04 211546 tok/s peak 8633 MiB
[teaching_pretrain] step 2721/6000 loss 2.6319 gnorm 0.468 lr 3.079e-04 211736 tok/s peak 8633 MiB
[teaching_pretrain] step 2731/6000 loss 2.5495 gnorm 0.462 lr 3.067e-04 212769 tok/s peak 8633 MiB
[teaching_pretrain] step 2741/6000 loss 2.6967 gnorm 0.463 lr 3.055e-04 212409 tok/s peak 8633 MiB
[teaching_pretrain]   eval step 2750: val_loss 2.5564
[teaching_pretrain] step 2751/6000 loss 2.6398 gnorm 0.478 lr 3.044e-04 116332 tok/s peak 8633 MiB
[teaching_pretrain] step 2761/6000 loss 2.5955 gnorm 0.454 lr 3.032e-04 212965 tok/s peak 8633 MiB
[teaching_pretrain] step 2771/6000 loss 2.7260 gnorm 0.463 lr 3.020e-04 212865 tok/s peak 8633 MiB
[teaching_pretrain] step 2781/6000 loss 2.5155 gnorm 0.478 lr 3.009e-04 211468 tok/s peak 8633 MiB
[teaching_pretrain] step 2791/6000 loss 2.5359 gnorm 0.457 lr 2.997e-04 211440 tok/s peak 8633 MiB
[teaching_pretrain] step 2801/6000 loss 2.6225 gnorm 0.451 lr 2.985e-04 211787 tok/s peak 8633 MiB
[teaching_pretrain] step 2811/6000 loss 2.5884 gnorm 0.458 lr 2.973e-04 211830 tok/s peak 8633 MiB
[teaching_pretrain] step 2821/6000 loss 2.4659 gnorm 0.461 lr 2.962e-04 211627 tok/s peak 8633 MiB
[teaching_pretrain] step 2831/6000 loss 2.6198 gnorm 0.455 lr 2.950e-04 211676 tok/s peak 8633 MiB
[teaching_pretrain] step 2841/6000 loss 2.6544 gnorm 0.477 lr 2.938e-04 211770 tok/s peak 8633 MiB
[teaching_pretrain] step 2851/6000 loss 2.6320 gnorm 0.459 lr 2.927e-04 212882 tok/s peak 8633 MiB
[teaching_pretrain] step 2861/6000 loss 2.8004 gnorm 0.489 lr 2.915e-04 212494 tok/s peak 8633 MiB
[teaching_pretrain] step 2871/6000 loss 2.5248 gnorm 0.453 lr 2.903e-04 212773 tok/s peak 8633 MiB
[teaching_pretrain] step 2881/6000 loss 2.4687 gnorm 0.452 lr 2.891e-04 212734 tok/s peak 8633 MiB
[teaching_pretrain] step 2891/6000 loss 2.5753 gnorm 0.478 lr 2.880e-04 212734 tok/s peak 8633 MiB
[teaching_pretrain] step 2901/6000 loss 2.4279 gnorm 0.453 lr 2.868e-04 212682 tok/s peak 8633 MiB
[teaching_pretrain] step 2911/6000 loss 2.6215 gnorm 0.469 lr 2.856e-04 211342 tok/s peak 8633 MiB
[teaching_pretrain] step 2921/6000 loss 2.6711 gnorm 0.525 lr 2.844e-04 211565 tok/s peak 8633 MiB
[teaching_pretrain] step 2931/6000 loss 2.6242 gnorm 0.461 lr 2.832e-04 211606 tok/s peak 8633 MiB
[teaching_pretrain] step 2941/6000 loss 2.5178 gnorm 0.462 lr 2.821e-04 211793 tok/s peak 8633 MiB
[teaching_pretrain] step 2951/6000 loss 2.6106 gnorm 0.460 lr 2.809e-04 211748 tok/s peak 8633 MiB
[teaching_pretrain] step 2961/6000 loss 2.6141 gnorm 0.464 lr 2.797e-04 211592 tok/s peak 8633 MiB
[teaching_pretrain] step 2971/6000 loss 2.5352 gnorm 0.462 lr 2.785e-04 211954 tok/s peak 8633 MiB
[teaching_pretrain] step 2981/6000 loss 2.4540 gnorm 0.458 lr 2.774e-04 212732 tok/s peak 8633 MiB
[teaching_pretrain] step 2991/6000 loss 2.4836 gnorm 0.451 lr 2.762e-04 212416 tok/s peak 8633 MiB
[teaching_pretrain]   eval step 3000: val_loss 2.5173
[teaching_pretrain] step 3001/6000 loss 2.6337 gnorm 0.472 lr 2.750e-04 80375 tok/s peak 8633 MiB
[teaching_pretrain] step 3011/6000 loss 2.5406 gnorm 0.456 lr 2.738e-04 213036 tok/s peak 8633 MiB
[teaching_pretrain] step 3021/6000 loss 2.5306 gnorm 0.469 lr 2.726e-04 211805 tok/s peak 8633 MiB
[teaching_pretrain] step 3031/6000 loss 2.5844 gnorm 0.467 lr 2.715e-04 211478 tok/s peak 8633 MiB
[teaching_pretrain] step 3041/6000 loss 2.5134 gnorm 0.465 lr 2.703e-04 211487 tok/s peak 8633 MiB
[teaching_pretrain] step 3051/6000 loss 2.5095 gnorm 0.469 lr 2.691e-04 211694 tok/s peak 8633 MiB
[teaching_pretrain] step 3061/6000 loss 2.6919 gnorm 0.456 lr 2.679e-04 211685 tok/s peak 8633 MiB
[teaching_pretrain] step 3071/6000 loss 2.5759 gnorm 0.479 lr 2.668e-04 211669 tok/s peak 8633 MiB
[teaching_pretrain] step 3081/6000 loss 2.4407 gnorm 0.457 lr 2.656e-04 211543 tok/s peak 8633 MiB
[teaching_pretrain] step 3091/6000 loss 2.4766 gnorm 0.463 lr 2.644e-04 212581 tok/s peak 8633 MiB
[teaching_pretrain] step 3101/6000 loss 2.4748 gnorm 0.456 lr 2.632e-04 212421 tok/s peak 8633 MiB
[teaching_pretrain] step 3111/6000 loss 2.4854 gnorm 0.484 lr 2.620e-04 212694 tok/s peak 8633 MiB
[teaching_pretrain] step 3121/6000 loss 2.5123 gnorm 0.461 lr 2.609e-04 212605 tok/s peak 8633 MiB
[teaching_pretrain] step 3131/6000 loss 2.3901 gnorm 0.455 lr 2.597e-04 212643 tok/s peak 8633 MiB
[teaching_pretrain] step 3141/6000 loss 2.6432 gnorm 0.474 lr 2.585e-04 212667 tok/s peak 8633 MiB
[teaching_pretrain] step 3151/6000 loss 2.5234 gnorm 0.463 lr 2.573e-04 211366 tok/s peak 8633 MiB
[teaching_pretrain] step 3161/6000 loss 2.5610 gnorm 0.457 lr 2.562e-04 211265 tok/s peak 8633 MiB
[teaching_pretrain] step 3171/6000 loss 2.5172 gnorm 0.494 lr 2.550e-04 211178 tok/s peak 8633 MiB
[teaching_pretrain] step 3181/6000 loss 2.4874 gnorm 0.460 lr 2.538e-04 211475 tok/s peak 8633 MiB
[teaching_pretrain] step 3191/6000 loss 2.5365 gnorm 0.459 lr 2.527e-04 211361 tok/s peak 8633 MiB
[teaching_pretrain] step 3201/6000 loss 2.5492 gnorm 0.457 lr 2.515e-04 211522 tok/s peak 8633 MiB
[teaching_pretrain] step 3211/6000 loss 2.5280 gnorm 0.456 lr 2.503e-04 211488 tok/s peak 8633 MiB
[teaching_pretrain] step 3221/6000 loss 2.6117 gnorm 0.458 lr 2.491e-04 212661 tok/s peak 8633 MiB
[teaching_pretrain] step 3231/6000 loss 2.5911 gnorm 0.472 lr 2.480e-04 212327 tok/s peak 8633 MiB
[teaching_pretrain] step 3241/6000 loss 2.6713 gnorm 0.460 lr 2.468e-04 212623 tok/s peak 8633 MiB
[teaching_pretrain]   eval step 3250: val_loss 2.4838
[teaching_pretrain] step 3251/6000 loss 2.4899 gnorm 0.454 lr 2.456e-04 116577 tok/s peak 8633 MiB
[teaching_pretrain] step 3261/6000 loss 2.4111 gnorm 0.455 lr 2.445e-04 212924 tok/s peak 8633 MiB
[teaching_pretrain] step 3271/6000 loss 2.5949 gnorm 0.458 lr 2.433e-04 212026 tok/s peak 8633 MiB
[teaching_pretrain] step 3281/6000 loss 2.4305 gnorm 0.452 lr 2.421e-04 211321 tok/s peak 8633 MiB
[teaching_pretrain] step 3291/6000 loss 2.5366 gnorm 0.457 lr 2.410e-04 211432 tok/s peak 8633 MiB
[teaching_pretrain] step 3301/6000 loss 2.4646 gnorm 0.459 lr 2.398e-04 211629 tok/s peak 8633 MiB
[teaching_pretrain] step 3311/6000 loss 2.4339 gnorm 0.458 lr 2.386e-04 211399 tok/s peak 8633 MiB
[teaching_pretrain] step 3321/6000 loss 2.4183 gnorm 0.461 lr 2.375e-04 211646 tok/s peak 8633 MiB
[teaching_pretrain] step 3331/6000 loss 2.4443 gnorm 0.460 lr 2.363e-04 211331 tok/s peak 8633 MiB
[teaching_pretrain] step 3341/6000 loss 2.4338 gnorm 0.450 lr 2.352e-04 212637 tok/s peak 8633 MiB
[teaching_pretrain] step 3351/6000 loss 2.5363 gnorm 0.459 lr 2.340e-04 212556 tok/s peak 8633 MiB
[teaching_pretrain] step 3361/6000 loss 2.5880 gnorm 0.465 lr 2.328e-04 212778 tok/s peak 8633 MiB
[teaching_pretrain] step 3371/6000 loss 2.5377 gnorm 0.470 lr 2.317e-04 212675 tok/s peak 8633 MiB
[teaching_pretrain] step 3381/6000 loss 2.5766 gnorm 0.459 lr 2.305e-04 212677 tok/s peak 8633 MiB
[teaching_pretrain] step 3391/6000 loss 2.4735 gnorm 0.480 lr 2.294e-04 212685 tok/s peak 8633 MiB
[teaching_pretrain] step 3401/6000 loss 2.4256 gnorm 0.450 lr 2.282e-04 211710 tok/s peak 8633 MiB
[teaching_pretrain] step 3411/6000 loss 2.5600 gnorm 0.455 lr 2.271e-04 211430 tok/s peak 8633 MiB
[teaching_pretrain] step 3421/6000 loss 2.4643 gnorm 0.464 lr 2.259e-04 211283 tok/s peak 8633 MiB
[teaching_pretrain] step 3431/6000 loss 2.4796 gnorm 0.464 lr 2.248e-04 211757 tok/s peak 8633 MiB
[teaching_pretrain] step 3441/6000 loss 2.6328 gnorm 0.477 lr 2.236e-04 211404 tok/s peak 8633 MiB
[teaching_pretrain] step 3451/6000 loss 2.5183 gnorm 0.464 lr 2.225e-04 211321 tok/s peak 8633 MiB
[teaching_pretrain] step 3461/6000 loss 2.4501 gnorm 0.454 lr 2.213e-04 211748 tok/s peak 8633 MiB
[teaching_pretrain] step 3471/6000 loss 2.4778 gnorm 0.461 lr 2.202e-04 212596 tok/s peak 8633 MiB
[teaching_pretrain] step 3481/6000 loss 2.5627 gnorm 0.467 lr 2.190e-04 212573 tok/s peak 8633 MiB
[teaching_pretrain] step 3491/6000 loss 2.5891 gnorm 0.472 lr 2.179e-04 212617 tok/s peak 8633 MiB
[teaching_pretrain]   eval step 3500: val_loss 2.4492
[teaching_pretrain] step 3501/6000 loss 2.3363 gnorm 0.461 lr 2.168e-04 83814 tok/s peak 8633 MiB
[teaching_pretrain] step 3511/6000 loss 2.3896 gnorm 0.451 lr 2.156e-04 212604 tok/s peak 8633 MiB
[teaching_pretrain] step 3521/6000 loss 2.6099 gnorm 0.461 lr 2.145e-04 211321 tok/s peak 8633 MiB
[teaching_pretrain] step 3531/6000 loss 2.4671 gnorm 0.463 lr 2.134e-04 211455 tok/s peak 8633 MiB
[teaching_pretrain] step 3541/6000 loss 2.4347 gnorm 0.466 lr 2.122e-04 211587 tok/s peak 8633 MiB
[teaching_pretrain] step 3551/6000 loss 2.5572 gnorm 0.459 lr 2.111e-04 211540 tok/s peak 8633 MiB
[teaching_pretrain] step 3561/6000 loss 2.4198 gnorm 0.451 lr 2.100e-04 211482 tok/s peak 8633 MiB
[teaching_pretrain] step 3571/6000 loss 2.5017 gnorm 0.465 lr 2.088e-04 211443 tok/s peak 8633 MiB
[teaching_pretrain] step 3581/6000 loss 2.3785 gnorm 0.460 lr 2.077e-04 212234 tok/s peak 8633 MiB
[teaching_pretrain] step 3591/6000 loss 2.3772 gnorm 0.450 lr 2.066e-04 212635 tok/s peak 8633 MiB
[teaching_pretrain] step 3601/6000 loss 2.4288 gnorm 0.453 lr 2.055e-04 212613 tok/s peak 8633 MiB
[teaching_pretrain] step 3611/6000 loss 2.5034 gnorm 0.468 lr 2.044e-04 212659 tok/s peak 8633 MiB
[teaching_pretrain] step 3621/6000 loss 2.2959 gnorm 0.446 lr 2.032e-04 212654 tok/s peak 8633 MiB
[teaching_pretrain] step 3631/6000 loss 2.4237 gnorm 0.455 lr 2.021e-04 212669 tok/s peak 8633 MiB
[teaching_pretrain] step 3641/6000 loss 2.3859 gnorm 0.457 lr 2.010e-04 212259 tok/s peak 8633 MiB
[teaching_pretrain] step 3651/6000 loss 2.5315 gnorm 0.463 lr 1.999e-04 211185 tok/s peak 8633 MiB
[teaching_pretrain] step 3661/6000 loss 2.5354 gnorm 0.475 lr 1.988e-04 211166 tok/s peak 8633 MiB
[teaching_pretrain] step 3671/6000 loss 2.3791 gnorm 0.455 lr 1.977e-04 211682 tok/s peak 8633 MiB
[teaching_pretrain] step 3681/6000 loss 2.4503 gnorm 0.453 lr 1.966e-04 211582 tok/s peak 8633 MiB
[teaching_pretrain] step 3691/6000 loss 2.5988 gnorm 0.467 lr 1.955e-04 211707 tok/s peak 8633 MiB
[teaching_pretrain] step 3701/6000 loss 2.3204 gnorm 0.461 lr 1.944e-04 211700 tok/s peak 8633 MiB
[teaching_pretrain] step 3711/6000 loss 2.5387 gnorm 0.471 lr 1.933e-04 212272 tok/s peak 8633 MiB
[teaching_pretrain] step 3721/6000 loss 2.3986 gnorm 0.459 lr 1.922e-04 212613 tok/s peak 8633 MiB
[teaching_pretrain] step 3731/6000 loss 2.4845 gnorm 0.464 lr 1.911e-04 212566 tok/s peak 8633 MiB
[teaching_pretrain] step 3741/6000 loss 2.4468 gnorm 0.467 lr 1.900e-04 212615 tok/s peak 8633 MiB
[teaching_pretrain]   eval step 3750: val_loss 2.4264
[teaching_pretrain] step 3751/6000 loss 2.4703 gnorm 0.461 lr 1.889e-04 114467 tok/s peak 8633 MiB
[teaching_pretrain] step 3761/6000 loss 2.4338 gnorm 0.459 lr 1.878e-04 212463 tok/s peak 8633 MiB
[teaching_pretrain] step 3771/6000 loss 2.4402 gnorm 0.451 lr 1.867e-04 211384 tok/s peak 8633 MiB
[teaching_pretrain] step 3781/6000 loss 2.5083 gnorm 0.464 lr 1.856e-04 211668 tok/s peak 8633 MiB
[teaching_pretrain] step 3791/6000 loss 2.5521 gnorm 0.459 lr 1.846e-04 211514 tok/s peak 8633 MiB
[teaching_pretrain] step 3801/6000 loss 2.3698 gnorm 0.460 lr 1.835e-04 211602 tok/s peak 8633 MiB
[teaching_pretrain] step 3811/6000 loss 2.4657 gnorm 0.455 lr 1.824e-04 211586 tok/s peak 8633 MiB
[teaching_pretrain] step 3821/6000 loss 2.5362 gnorm 0.468 lr 1.813e-04 211422 tok/s peak 8633 MiB
[teaching_pretrain] step 3831/6000 loss 2.4599 gnorm 0.470 lr 1.803e-04 212346 tok/s peak 8633 MiB
[teaching_pretrain] step 3841/6000 loss 2.3753 gnorm 0.471 lr 1.792e-04 212507 tok/s peak 8633 MiB
[teaching_pretrain] step 3851/6000 loss 2.4797 gnorm 0.458 lr 1.781e-04 212405 tok/s peak 8633 MiB
[teaching_pretrain] step 3861/6000 loss 2.3834 gnorm 0.453 lr 1.771e-04 212622 tok/s peak 8633 MiB
[teaching_pretrain] step 3871/6000 loss 2.3178 gnorm 0.447 lr 1.760e-04 212547 tok/s peak 8633 MiB
[teaching_pretrain] step 3881/6000 loss 2.5115 gnorm 0.462 lr 1.750e-04 212603 tok/s peak 8633 MiB
[teaching_pretrain] step 3891/6000 loss 2.4769 gnorm 0.466 lr 1.739e-04 212432 tok/s peak 8633 MiB
[teaching_pretrain] step 3901/6000 loss 2.3814 gnorm 0.445 lr 1.729e-04 211322 tok/s peak 8633 MiB
[teaching_pretrain] step 3911/6000 loss 2.4383 gnorm 0.462 lr 1.718e-04 211530 tok/s peak 8633 MiB
[teaching_pretrain] step 3921/6000 loss 2.3663 gnorm 0.457 lr 1.708e-04 211633 tok/s peak 8633 MiB
[teaching_pretrain] step 3931/6000 loss 2.3366 gnorm 0.457 lr 1.697e-04 211545 tok/s peak 8633 MiB
[teaching_pretrain] step 3941/6000 loss 2.5102 gnorm 0.470 lr 1.687e-04 211739 tok/s peak 8633 MiB
[teaching_pretrain] step 3951/6000 loss 2.5672 gnorm 0.474 lr 1.676e-04 211529 tok/s peak 8633 MiB
[teaching_pretrain] step 3961/6000 loss 2.4304 gnorm 0.466 lr 1.666e-04 212234 tok/s peak 8633 MiB
[teaching_pretrain] step 3971/6000 loss 2.5208 gnorm 0.461 lr 1.656e-04 212564 tok/s peak 8633 MiB
[teaching_pretrain] step 3981/6000 loss 2.5146 gnorm 0.478 lr 1.645e-04 212344 tok/s peak 8633 MiB
[teaching_pretrain] step 3991/6000 loss 2.4507 gnorm 0.461 lr 1.635e-04 212602 tok/s peak 8633 MiB
[teaching_pretrain]   eval step 4000: val_loss 2.3997
[teaching_pretrain] step 4001/6000 loss 2.4163 gnorm 0.448 lr 1.625e-04 79458 tok/s peak 8633 MiB
[teaching_pretrain] step 4011/6000 loss 2.4048 gnorm 0.457 lr 1.615e-04 211842 tok/s peak 8633 MiB
[teaching_pretrain] step 4021/6000 loss 2.4849 gnorm 0.465 lr 1.605e-04 211288 tok/s peak 8633 MiB
[teaching_pretrain] step 4031/6000 loss 2.3916 gnorm 0.463 lr 1.595e-04 211715 tok/s peak 8633 MiB
[teaching_pretrain] step 4041/6000 loss 2.4151 gnorm 0.453 lr 1.584e-04 211478 tok/s peak 8633 MiB
[teaching_pretrain] step 4051/6000 loss 2.3975 gnorm 0.461 lr 1.574e-04 211709 tok/s peak 8633 MiB
[teaching_pretrain] step 4061/6000 loss 2.4261 gnorm 0.464 lr 1.564e-04 211619 tok/s peak 8633 MiB
[teaching_pretrain] step 4071/6000 loss 2.4409 gnorm 0.458 lr 1.554e-04 212105 tok/s peak 8633 MiB
[teaching_pretrain] step 4081/6000 loss 2.5827 gnorm 0.465 lr 1.544e-04 212692 tok/s peak 8633 MiB
[teaching_pretrain] step 4091/6000 loss 2.5031 gnorm 0.469 lr 1.534e-04 212638 tok/s peak 8633 MiB
[teaching_pretrain] step 4101/6000 loss 2.4793 gnorm 0.478 lr 1.525e-04 212559 tok/s peak 8633 MiB
[teaching_pretrain] step 4111/6000 loss 2.3727 gnorm 0.464 lr 1.515e-04 212640 tok/s peak 8633 MiB
[teaching_pretrain] step 4121/6000 loss 2.4455 gnorm 0.460 lr 1.505e-04 212625 tok/s peak 8633 MiB
[teaching_pretrain] step 4131/6000 loss 2.4063 gnorm 0.463 lr 1.495e-04 212428 tok/s peak 8633 MiB
[teaching_pretrain] step 4141/6000 loss 2.4459 gnorm 0.458 lr 1.485e-04 211165 tok/s peak 8633 MiB
[teaching_pretrain] step 4151/6000 loss 2.4393 gnorm 0.474 lr 1.476e-04 211457 tok/s peak 8633 MiB
[teaching_pretrain] step 4161/6000 loss 2.4768 gnorm 0.460 lr 1.466e-04 211636 tok/s peak 8633 MiB
[teaching_pretrain] step 4171/6000 loss 2.4483 gnorm 0.466 lr 1.456e-04 211785 tok/s peak 8633 MiB
[teaching_pretrain] step 4181/6000 loss 2.4106 gnorm 0.463 lr 1.447e-04 211599 tok/s peak 8633 MiB
[teaching_pretrain] step 4191/6000 loss 2.4941 gnorm 0.460 lr 1.437e-04 211517 tok/s peak 8633 MiB
[teaching_pretrain] step 4201/6000 loss 2.3064 gnorm 0.463 lr 1.427e-04 212139 tok/s peak 8633 MiB
[teaching_pretrain] step 4211/6000 loss 2.3152 gnorm 0.451 lr 1.418e-04 212601 tok/s peak 8633 MiB
[teaching_pretrain] step 4221/6000 loss 2.5084 gnorm 0.462 lr 1.408e-04 212569 tok/s peak 8633 MiB
[teaching_pretrain] step 4231/6000 loss 2.5151 gnorm 0.478 lr 1.399e-04 212599 tok/s peak 8633 MiB
[teaching_pretrain] step 4241/6000 loss 2.5308 gnorm 0.467 lr 1.390e-04 212636 tok/s peak 8633 MiB
[teaching_pretrain]   eval step 4250: val_loss 2.3786
[teaching_pretrain] step 4251/6000 loss 2.3986 gnorm 0.466 lr 1.380e-04 107973 tok/s peak 8633 MiB
[teaching_pretrain] step 4261/6000 loss 2.2856 gnorm 0.460 lr 1.371e-04 211366 tok/s peak 8633 MiB
[teaching_pretrain] step 4271/6000 loss 2.2976 gnorm 0.456 lr 1.362e-04 211699 tok/s peak 8633 MiB
[teaching_pretrain] step 4281/6000 loss 2.4965 gnorm 0.461 lr 1.352e-04 211603 tok/s peak 8633 MiB
[teaching_pretrain] step 4291/6000 loss 2.4638 gnorm 0.462 lr 1.343e-04 211521 tok/s peak 8633 MiB
[teaching_pretrain] step 4301/6000 loss 2.3729 gnorm 0.469 lr 1.334e-04 211975 tok/s peak 8633 MiB
[teaching_pretrain] step 4311/6000 loss 2.4497 gnorm 0.462 lr 1.325e-04 211485 tok/s peak 8633 MiB
[teaching_pretrain] step 4321/6000 loss 2.4519 gnorm 0.490 lr 1.316e-04 212025 tok/s peak 8633 MiB
[teaching_pretrain] step 4331/6000 loss 2.3919 gnorm 0.465 lr 1.307e-04 212663 tok/s peak 8633 MiB
[teaching_pretrain] step 4341/6000 loss 2.4224 gnorm 0.470 lr 1.298e-04 212449 tok/s peak 8633 MiB
[teaching_pretrain] step 4351/6000 loss 2.4716 gnorm 0.464 lr 1.289e-04 212638 tok/s peak 8633 MiB
[teaching_pretrain] step 4361/6000 loss 2.4280 gnorm 0.474 lr 1.280e-04 212652 tok/s peak 8633 MiB
[teaching_pretrain] step 4371/6000 loss 2.4875 gnorm 0.472 lr 1.271e-04 212607 tok/s peak 8633 MiB
[teaching_pretrain] step 4381/6000 loss 2.3712 gnorm 0.469 lr 1.262e-04 212307 tok/s peak 8633 MiB
[teaching_pretrain] step 4391/6000 loss 2.3821 gnorm 0.460 lr 1.253e-04 211110 tok/s peak 8633 MiB
[teaching_pretrain] step 4401/6000 loss 2.2982 gnorm 0.461 lr 1.244e-04 211605 tok/s peak 8633 MiB
[teaching_pretrain] step 4411/6000 loss 2.2800 gnorm 0.618 lr 1.236e-04 211509 tok/s peak 8633 MiB
[teaching_pretrain] step 4421/6000 loss 2.4031 gnorm 0.459 lr 1.227e-04 211699 tok/s peak 8633 MiB
[teaching_pretrain] step 4431/6000 loss 2.4751 gnorm 0.474 lr 1.218e-04 211834 tok/s peak 8633 MiB
[teaching_pretrain] step 4441/6000 loss 2.5258 gnorm 0.477 lr 1.210e-04 211773 tok/s peak 8633 MiB
[teaching_pretrain] step 4451/6000 loss 2.3591 gnorm 0.458 lr 1.201e-04 212076 tok/s peak 8633 MiB
[teaching_pretrain] step 4461/6000 loss 2.4049 gnorm 0.460 lr 1.193e-04 212510 tok/s peak 8633 MiB
[teaching_pretrain] step 4471/6000 loss 2.4209 gnorm 0.470 lr 1.184e-04 212478 tok/s peak 8633 MiB
[teaching_pretrain] step 4481/6000 loss 2.3666 gnorm 0.465 lr 1.176e-04 212596 tok/s peak 8633 MiB
[teaching_pretrain] step 4491/6000 loss 2.4415 gnorm 0.471 lr 1.167e-04 212593 tok/s peak 8633 MiB
[teaching_pretrain]   eval step 4500: val_loss 2.3599
[teaching_pretrain] step 4501/6000 loss 2.4276 gnorm 0.475 lr 1.159e-04 83151 tok/s peak 8633 MiB
[teaching_pretrain] step 4511/6000 loss 2.5291 gnorm 0.500 lr 1.151e-04 211535 tok/s peak 8633 MiB
[teaching_pretrain] step 4521/6000 loss 2.2950 gnorm 0.450 lr 1.142e-04 211683 tok/s peak 8633 MiB
[teaching_pretrain] step 4531/6000 loss 2.4738 gnorm 0.465 lr 1.134e-04 211875 tok/s peak 8633 MiB
[teaching_pretrain] step 4541/6000 loss 2.5283 gnorm 0.474 lr 1.126e-04 212070 tok/s peak 8633 MiB
[teaching_pretrain] step 4551/6000 loss 2.4372 gnorm 0.468 lr 1.118e-04 211648 tok/s peak 8633 MiB
[teaching_pretrain] step 4561/6000 loss 2.4320 gnorm 0.463 lr 1.110e-04 211715 tok/s peak 8633 MiB
[teaching_pretrain] step 4571/6000 loss 2.2701 gnorm 0.461 lr 1.102e-04 212715 tok/s peak 8633 MiB
[teaching_pretrain] step 4581/6000 loss 2.4082 gnorm 0.472 lr 1.094e-04 212491 tok/s peak 8633 MiB
[teaching_pretrain] step 4591/6000 loss 2.2295 gnorm 0.461 lr 1.086e-04 212595 tok/s peak 8633 MiB
[teaching_pretrain] step 4601/6000 loss 2.3606 gnorm 0.465 lr 1.078e-04 212556 tok/s peak 8633 MiB
[teaching_pretrain] step 4611/6000 loss 2.2858 gnorm 0.462 lr 1.070e-04 212499 tok/s peak 8633 MiB
[teaching_pretrain] step 4621/6000 loss 2.2676 gnorm 0.512 lr 1.062e-04 212634 tok/s peak 8633 MiB
[teaching_pretrain] step 4631/6000 loss 2.2424 gnorm 0.460 lr 1.054e-04 211825 tok/s peak 8633 MiB
[teaching_pretrain] step 4641/6000 loss 2.4281 gnorm 0.471 lr 1.047e-04 211286 tok/s peak 8633 MiB
[teaching_pretrain] step 4651/6000 loss 2.3754 gnorm 0.473 lr 1.039e-04 211761 tok/s peak 8633 MiB
[teaching_pretrain] step 4661/6000 loss 2.2547 gnorm 0.466 lr 1.031e-04 211450 tok/s peak 8633 MiB
[teaching_pretrain] step 4671/6000 loss 2.2625 gnorm 0.470 lr 1.024e-04 211845 tok/s peak 8633 MiB
[teaching_pretrain] step 4681/6000 loss 2.4235 gnorm 0.473 lr 1.016e-04 211532 tok/s peak 8633 MiB
[teaching_pretrain] step 4691/6000 loss 2.3784 gnorm 0.461 lr 1.009e-04 211770 tok/s peak 8633 MiB
[teaching_pretrain] step 4701/6000 loss 2.2248 gnorm 0.463 lr 1.001e-04 212609 tok/s peak 8633 MiB
[teaching_pretrain] step 4711/6000 loss 2.2616 gnorm 0.454 lr 9.940e-05 212557 tok/s peak 8633 MiB
[teaching_pretrain] step 4721/6000 loss 2.3038 gnorm 0.454 lr 9.867e-05 212620 tok/s peak 8633 MiB
[teaching_pretrain] step 4731/6000 loss 2.3709 gnorm 0.469 lr 9.794e-05 212640 tok/s peak 8633 MiB
[teaching_pretrain] step 4741/6000 loss 2.3164 gnorm 0.467 lr 9.722e-05 212609 tok/s peak 8633 MiB
[teaching_pretrain]   eval step 4750: val_loss 2.3453
[teaching_pretrain] step 4751/6000 loss 2.5016 gnorm 0.481 lr 9.650e-05 106923 tok/s peak 8633 MiB
[teaching_pretrain] step 4761/6000 loss 2.3920 gnorm 0.465 lr 9.578e-05 211562 tok/s peak 8633 MiB
[teaching_pretrain] step 4771/6000 loss 2.4412 gnorm 0.476 lr 9.507e-05 211597 tok/s peak 8633 MiB
[teaching_pretrain] step 4781/6000 loss 2.4279 gnorm 0.469 lr 9.437e-05 211736 tok/s peak 8633 MiB
[teaching_pretrain] step 4791/6000 loss 2.4741 gnorm 0.479 lr 9.367e-05 211671 tok/s peak 8633 MiB
[teaching_pretrain] step 4801/6000 loss 2.4186 gnorm 0.462 lr 9.297e-05 211741 tok/s peak 8633 MiB
[teaching_pretrain] step 4811/6000 loss 2.4527 gnorm 0.477 lr 9.228e-05 211607 tok/s peak 8633 MiB
[teaching_pretrain] step 4821/6000 loss 2.4115 gnorm 0.473 lr 9.160e-05 212681 tok/s peak 8633 MiB
[teaching_pretrain] step 4831/6000 loss 2.2503 gnorm 0.472 lr 9.092e-05 212411 tok/s peak 8633 MiB
[teaching_pretrain] step 4841/6000 loss 2.4767 gnorm 0.478 lr 9.024e-05 212596 tok/s peak 8633 MiB
[teaching_pretrain] step 4851/6000 loss 2.3563 gnorm 0.472 lr 8.957e-05 212596 tok/s peak 8633 MiB
[teaching_pretrain] step 4861/6000 loss 2.5365 gnorm 0.470 lr 8.891e-05 212561 tok/s peak 8633 MiB
[teaching_pretrain] step 4871/6000 loss 2.4412 gnorm 0.472 lr 8.825e-05 212609 tok/s peak 8633 MiB
[teaching_pretrain] step 4881/6000 loss 2.3307 gnorm 0.465 lr 8.759e-05 211442 tok/s peak 8633 MiB
[teaching_pretrain] step 4891/6000 loss 2.3927 gnorm 0.472 lr 8.694e-05 211569 tok/s peak 8633 MiB
[teaching_pretrain] step 4901/6000 loss 2.2182 gnorm 0.457 lr 8.630e-05 211448 tok/s peak 8633 MiB
[teaching_pretrain] step 4911/6000 loss 2.2877 gnorm 0.468 lr 8.566e-05 211581 tok/s peak 8633 MiB
[teaching_pretrain] step 4921/6000 loss 2.3411 gnorm 0.471 lr 8.503e-05 211707 tok/s peak 8633 MiB
[teaching_pretrain] step 4931/6000 loss 2.3180 gnorm 0.462 lr 8.440e-05 211716 tok/s peak 8633 MiB
[teaching_pretrain] step 4941/6000 loss 2.3493 gnorm 0.466 lr 8.377e-05 211809 tok/s peak 8633 MiB
[teaching_pretrain] step 4951/6000 loss 2.4210 gnorm 0.471 lr 8.316e-05 212638 tok/s peak 8633 MiB
[teaching_pretrain] step 4961/6000 loss 2.3288 gnorm 0.467 lr 8.254e-05 212531 tok/s peak 8633 MiB
[teaching_pretrain] step 4971/6000 loss 2.3352 gnorm 0.475 lr 8.194e-05 212564 tok/s peak 8633 MiB
[teaching_pretrain] step 4981/6000 loss 2.3259 gnorm 0.468 lr 8.133e-05 212560 tok/s peak 8633 MiB
[teaching_pretrain] step 4991/6000 loss 2.3735 gnorm 0.470 lr 8.074e-05 212538 tok/s peak 8633 MiB
[teaching_pretrain]   eval step 5000: val_loss 2.3247
[teaching_pretrain] step 5001/6000 loss 2.3780 gnorm 0.474 lr 8.014e-05 84546 tok/s peak 8633 MiB
[teaching_pretrain] step 5011/6000 loss 2.4721 gnorm 0.475 lr 7.956e-05 211735 tok/s peak 8633 MiB
[teaching_pretrain] step 5021/6000 loss 2.3475 gnorm 0.483 lr 7.898e-05 211936 tok/s peak 8633 MiB
[teaching_pretrain] step 5031/6000 loss 2.2685 gnorm 0.460 lr 7.840e-05 211525 tok/s peak 8633 MiB
[teaching_pretrain] step 5041/6000 loss 2.3321 gnorm 0.464 lr 7.783e-05 211813 tok/s peak 8633 MiB
[teaching_pretrain] step 5051/6000 loss 2.4840 gnorm 0.467 lr 7.727e-05 211585 tok/s peak 8633 MiB
[teaching_pretrain] step 5061/6000 loss 2.3259 gnorm 0.471 lr 7.671e-05 212365 tok/s peak 8633 MiB
[teaching_pretrain] step 5071/6000 loss 2.4426 gnorm 0.484 lr 7.615e-05 212543 tok/s peak 8633 MiB
[teaching_pretrain] step 5081/6000 loss 2.3606 gnorm 0.470 lr 7.560e-05 212666 tok/s peak 8633 MiB
[teaching_pretrain] step 5091/6000 loss 2.2463 gnorm 0.463 lr 7.506e-05 212635 tok/s peak 8633 MiB
[teaching_pretrain] step 5101/6000 loss 2.3872 gnorm 0.470 lr 7.452e-05 212545 tok/s peak 8633 MiB
[teaching_pretrain] step 5111/6000 loss 2.3845 gnorm 0.461 lr 7.399e-05 212579 tok/s peak 8633 MiB
[teaching_pretrain] step 5121/6000 loss 2.4338 gnorm 0.463 lr 7.346e-05 211837 tok/s peak 8633 MiB
[teaching_pretrain] step 5131/6000 loss 2.4015 gnorm 0.470 lr 7.294e-05 211322 tok/s peak 8633 MiB
[teaching_pretrain] step 5141/6000 loss 2.3344 gnorm 0.468 lr 7.243e-05 211321 tok/s peak 8633 MiB
[teaching_pretrain] step 5151/6000 loss 2.3935 gnorm 0.471 lr 7.192e-05 211802 tok/s peak 8633 MiB
[teaching_pretrain] step 5161/6000 loss 2.3082 gnorm 0.457 lr 7.141e-05 211603 tok/s peak 8633 MiB
[teaching_pretrain] step 5171/6000 loss 2.4144 gnorm 0.476 lr 7.092e-05 211457 tok/s peak 8633 MiB
[teaching_pretrain] step 5181/6000 loss 2.3081 gnorm 0.470 lr 7.042e-05 211484 tok/s peak 8633 MiB
[teaching_pretrain] step 5191/6000 loss 2.3581 gnorm 0.467 lr 6.993e-05 212341 tok/s peak 8633 MiB
[teaching_pretrain] step 5201/6000 loss 2.3560 gnorm 0.466 lr 6.945e-05 212466 tok/s peak 8633 MiB
[teaching_pretrain] step 5211/6000 loss 2.3145 gnorm 0.471 lr 6.898e-05 212529 tok/s peak 8633 MiB
[teaching_pretrain] step 5221/6000 loss 2.3410 gnorm 0.457 lr 6.851e-05 212631 tok/s peak 8633 MiB
[teaching_pretrain] step 5231/6000 loss 2.3584 gnorm 0.467 lr 6.804e-05 212566 tok/s peak 8633 MiB
[teaching_pretrain] step 5241/6000 loss 2.3930 gnorm 0.469 lr 6.758e-05 212404 tok/s peak 8633 MiB
[teaching_pretrain]   eval step 5250: val_loss 2.3127
[teaching_pretrain] step 5251/6000 loss 2.3260 gnorm 0.475 lr 6.713e-05 108525 tok/s peak 8633 MiB
[teaching_pretrain] step 5261/6000 loss 2.2751 gnorm 0.474 lr 6.668e-05 211595 tok/s peak 8633 MiB
[teaching_pretrain] step 5271/6000 loss 2.3328 gnorm 0.463 lr 6.624e-05 211760 tok/s peak 8633 MiB
[teaching_pretrain] step 5281/6000 loss 2.4033 gnorm 0.469 lr 6.580e-05 211642 tok/s peak 8633 MiB
[teaching_pretrain] step 5291/6000 loss 2.3350 gnorm 0.475 lr 6.537e-05 211392 tok/s peak 8633 MiB
[teaching_pretrain] step 5301/6000 loss 2.2459 gnorm 0.465 lr 6.494e-05 211603 tok/s peak 8633 MiB
[teaching_pretrain] step 5311/6000 loss 2.3659 gnorm 0.458 lr 6.453e-05 212396 tok/s peak 8633 MiB
[teaching_pretrain] step 5321/6000 loss 2.2501 gnorm 0.464 lr 6.411e-05 212451 tok/s peak 8633 MiB
[teaching_pretrain] step 5331/6000 loss 2.2641 gnorm 0.456 lr 6.370e-05 212541 tok/s peak 8633 MiB
[teaching_pretrain] step 5341/6000 loss 2.2117 gnorm 0.466 lr 6.330e-05 212349 tok/s peak 8633 MiB
[teaching_pretrain] step 5351/6000 loss 2.3277 gnorm 0.475 lr 6.291e-05 212566 tok/s peak 8633 MiB
[teaching_pretrain] step 5361/6000 loss 2.3220 gnorm 0.464 lr 6.252e-05 212443 tok/s peak 8633 MiB
[teaching_pretrain] step 5371/6000 loss 2.2513 gnorm 0.461 lr 6.213e-05 211492 tok/s peak 8633 MiB
[teaching_pretrain] step 5381/6000 loss 2.1807 gnorm 0.484 lr 6.175e-05 211356 tok/s peak 8633 MiB
[teaching_pretrain] step 5391/6000 loss 2.3085 gnorm 0.458 lr 6.138e-05 211324 tok/s peak 8633 MiB
[teaching_pretrain] step 5401/6000 loss 2.4163 gnorm 0.475 lr 6.101e-05 211585 tok/s peak 8633 MiB
[teaching_pretrain] step 5411/6000 loss 2.3385 gnorm 0.458 lr 6.065e-05 211661 tok/s peak 8633 MiB
[teaching_pretrain] step 5421/6000 loss 2.2155 gnorm 0.476 lr 6.030e-05 211693 tok/s peak 8633 MiB
[teaching_pretrain] step 5431/6000 loss 2.3085 gnorm 0.460 lr 5.995e-05 211530 tok/s peak 8633 MiB
[teaching_pretrain] step 5441/6000 loss 2.3506 gnorm 0.462 lr 5.960e-05 212603 tok/s peak 8633 MiB
[teaching_pretrain] step 5451/6000 loss 2.1843 gnorm 0.456 lr 5.927e-05 212295 tok/s peak 8633 MiB
[teaching_pretrain] step 5461/6000 loss 2.4812 gnorm 0.481 lr 5.893e-05 212614 tok/s peak 8633 MiB
[teaching_pretrain] step 5471/6000 loss 2.3910 gnorm 0.466 lr 5.861e-05 212549 tok/s peak 8633 MiB
[teaching_pretrain] step 5481/6000 loss 2.3922 gnorm 0.481 lr 5.829e-05 212537 tok/s peak 8633 MiB
[teaching_pretrain] step 5491/6000 loss 2.3517 gnorm 0.463 lr 5.797e-05 212531 tok/s peak 8633 MiB
[teaching_pretrain]   eval step 5500: val_loss 2.3002
[teaching_pretrain] step 5501/6000 loss 2.3630 gnorm 0.465 lr 5.767e-05 81758 tok/s peak 8633 MiB
[teaching_pretrain] step 5511/6000 loss 2.2359 gnorm 0.465 lr 5.736e-05 211585 tok/s peak 8633 MiB
[teaching_pretrain] step 5521/6000 loss 2.1529 gnorm 0.449 lr 5.707e-05 211641 tok/s peak 8633 MiB
[teaching_pretrain] step 5531/6000 loss 2.3284 gnorm 0.464 lr 5.678e-05 211664 tok/s peak 8633 MiB
[teaching_pretrain] step 5541/6000 loss 2.2892 gnorm 0.466 lr 5.649e-05 211504 tok/s peak 8633 MiB
[teaching_pretrain] step 5551/6000 loss 2.6438 gnorm 0.491 lr 5.622e-05 212002 tok/s peak 8633 MiB
[teaching_pretrain] step 5561/6000 loss 2.3033 gnorm 0.469 lr 5.594e-05 212623 tok/s peak 8633 MiB
[teaching_pretrain] step 5571/6000 loss 2.2702 gnorm 0.463 lr 5.568e-05 212437 tok/s peak 8633 MiB
[teaching_pretrain] step 5581/6000 loss 2.2027 gnorm 0.463 lr 5.542e-05 212665 tok/s peak 8633 MiB
[teaching_pretrain] step 5591/6000 loss 2.1694 gnorm 0.459 lr 5.516e-05 212554 tok/s peak 8633 MiB
[teaching_pretrain] step 5601/6000 loss 2.2937 gnorm 0.481 lr 5.492e-05 212594 tok/s peak 8633 MiB
[teaching_pretrain] step 5611/6000 loss 2.2214 gnorm 0.458 lr 5.467e-05 212137 tok/s peak 8633 MiB
[teaching_pretrain] step 5621/6000 loss 2.2509 gnorm 0.464 lr 5.444e-05 211254 tok/s peak 8633 MiB
[teaching_pretrain] step 5631/6000 loss 2.3143 gnorm 0.476 lr 5.421e-05 211535 tok/s peak 8633 MiB
[teaching_pretrain] step 5641/6000 loss 2.2278 gnorm 0.468 lr 5.399e-05 211690 tok/s peak 8633 MiB
[teaching_pretrain] step 5651/6000 loss 2.3126 gnorm 0.477 lr 5.377e-05 211515 tok/s peak 8633 MiB
[teaching_pretrain] step 5661/6000 loss 2.2704 gnorm 0.459 lr 5.356e-05 211525 tok/s peak 8633 MiB
[teaching_pretrain] step 5671/6000 loss 2.1919 gnorm 0.456 lr 5.335e-05 211562 tok/s peak 8633 MiB
[teaching_pretrain] step 5681/6000 loss 2.3183 gnorm 0.477 lr 5.315e-05 212209 tok/s peak 8633 MiB
[teaching_pretrain] step 5691/6000 loss 2.2960 gnorm 0.475 lr 5.296e-05 212502 tok/s peak 8633 MiB
[teaching_pretrain] step 5701/6000 loss 2.2702 gnorm 0.465 lr 5.277e-05 212473 tok/s peak 8633 MiB
[teaching_pretrain] step 5711/6000 loss 2.3728 gnorm 0.465 lr 5.259e-05 212489 tok/s peak 8633 MiB
[teaching_pretrain] step 5721/6000 loss 2.3210 gnorm 0.477 lr 5.241e-05 212525 tok/s peak 8633 MiB
[teaching_pretrain] step 5731/6000 loss 2.4412 gnorm 0.476 lr 5.224e-05 212563 tok/s peak 8633 MiB
[teaching_pretrain] step 5741/6000 loss 2.3185 gnorm 0.468 lr 5.208e-05 211760 tok/s peak 8633 MiB
[teaching_pretrain]   eval step 5750: val_loss 2.2941
[teaching_pretrain] step 5751/6000 loss 2.3482 gnorm 0.482 lr 5.192e-05 114522 tok/s peak 8633 MiB
[teaching_pretrain] step 5761/6000 loss 2.2593 gnorm 0.475 lr 5.177e-05 211763 tok/s peak 8633 MiB
[teaching_pretrain] step 5771/6000 loss 2.2163 gnorm 0.469 lr 5.163e-05 211565 tok/s peak 8633 MiB
[teaching_pretrain] step 5781/6000 loss 2.3015 gnorm 0.476 lr 5.149e-05 211492 tok/s peak 8633 MiB
[teaching_pretrain] step 5791/6000 loss 2.2470 gnorm 0.467 lr 5.136e-05 211361 tok/s peak 8633 MiB
[teaching_pretrain] step 5801/6000 loss 2.2096 gnorm 0.465 lr 5.123e-05 212008 tok/s peak 8633 MiB
[teaching_pretrain] step 5811/6000 loss 2.2308 gnorm 0.466 lr 5.111e-05 212537 tok/s peak 8633 MiB
[teaching_pretrain] step 5821/6000 loss 2.3278 gnorm 0.471 lr 5.100e-05 212327 tok/s peak 8633 MiB
[teaching_pretrain] step 5831/6000 loss 2.3391 gnorm 0.471 lr 5.089e-05 212595 tok/s peak 8633 MiB
[teaching_pretrain] step 5841/6000 loss 2.3645 gnorm 0.482 lr 5.079e-05 212616 tok/s peak 8633 MiB
[teaching_pretrain] step 5851/6000 loss 2.3310 gnorm 0.464 lr 5.069e-05 212543 tok/s peak 8633 MiB
[teaching_pretrain] step 5861/6000 loss 2.4022 gnorm 0.476 lr 5.060e-05 211960 tok/s peak 8633 MiB
[teaching_pretrain] step 5871/6000 loss 2.4093 gnorm 0.460 lr 5.052e-05 211021 tok/s peak 8633 MiB
[teaching_pretrain] step 5881/6000 loss 2.3466 gnorm 0.477 lr 5.044e-05 211296 tok/s peak 8633 MiB
[teaching_pretrain] step 5891/6000 loss 2.3421 gnorm 0.469 lr 5.037e-05 211581 tok/s peak 8633 MiB
[teaching_pretrain] step 5901/6000 loss 2.3692 gnorm 0.474 lr 5.031e-05 211407 tok/s peak 8633 MiB
[teaching_pretrain] step 5911/6000 loss 2.3717 gnorm 0.482 lr 5.025e-05 211598 tok/s peak 8633 MiB
[teaching_pretrain] step 5921/6000 loss 2.2382 gnorm 0.479 lr 5.020e-05 211358 tok/s peak 8633 MiB
[teaching_pretrain] step 5931/6000 loss 2.3483 gnorm 0.479 lr 5.015e-05 212118 tok/s peak 8633 MiB
[teaching_pretrain] step 5941/6000 loss 2.1905 gnorm 0.456 lr 5.011e-05 212259 tok/s peak 8633 MiB
[teaching_pretrain] step 5951/6000 loss 2.3706 gnorm 0.480 lr 5.008e-05 212455 tok/s peak 8633 MiB
[teaching_pretrain] step 5961/6000 loss 2.2828 gnorm 0.476 lr 5.005e-05 212484 tok/s peak 8633 MiB
[teaching_pretrain] step 5971/6000 loss 2.1390 gnorm 0.459 lr 5.003e-05 212443 tok/s peak 8633 MiB
[teaching_pretrain] step 5981/6000 loss 2.3150 gnorm 0.467 lr 5.001e-05 212485 tok/s peak 8633 MiB
[teaching_pretrain] step 5991/6000 loss 2.1308 gnorm 0.458 lr 5.000e-05 211803 tok/s peak 8633 MiB
[teaching_pretrain] step 6000/6000 loss 2.3453 gnorm 0.473 lr 5.000e-05 210727 tok/s peak 8633 MiB
[teaching_pretrain]   eval step 6000: val_loss 2.2890
[teaching_pretrain] 结束：max_steps，step 6000，tokens 98304000，test_loss 2.3294
