[teaching_eval] 预训练 val CE 8.8989（32704 targets）
[teaching_eval] 预训练 test CE 8.9002（32704 targets）
{
  "label": "random-init",
  "checkpoint": null,
  "random_init": true,
  "checkpoint_step": null,
  "created_utc": "2026-09-22T12:35:11.767402+00:00",
  "python": "3.12.14 (main, Sep  1 2026, 14:16:52) [Clang 22.1.3 ]",
  "platform": "Linux-6.17.0-35-generic-x86_64-with-glibc2.35",
  "torch": "2.13.0+cu130",
  "gpu": "NVIDIA GeForce RTX 5090 D",
  "pretrain_val_ce": 8.898908820404232,
  "pretrain_val_tokens": 32704,
  "pretrain_test_ce": 8.900214566643225,
  "pretrain_test_tokens": 32704
}
[teaching_eval] 预训练 val CE 2.2889（32704 targets）
[teaching_eval] 预训练 test CE 2.3294（32704 targets）
{
  "label": "pretrain-best",
  "checkpoint": "/scratch/learn/work/out/teaching-lm-20260922/pretrain/best.pt",
  "random_init": false,
  "checkpoint_step": 6000,
  "created_utc": "2026-09-22T12:35:15.645785+00:00",
  "python": "3.12.14 (main, Sep  1 2026, 14:16:52) [Clang 22.1.3 ]",
  "platform": "Linux-6.17.0-35-generic-x86_64-with-glibc2.35",
  "torch": "2.13.0+cu130",
  "gpu": "NVIDIA GeForce RTX 5090 D",
  "pretrain_val_ce": 2.2888811563092437,
  "pretrain_val_tokens": 32704,
  "pretrain_test_ce": 2.3294361808761925,
  "pretrain_test_tokens": 32704
}
[teaching_eval] 预训练 val CE 2.2889（32704 targets）
[teaching_eval] 预训练 test CE 2.3294（32704 targets）
{
  "label": "pretrain-last",
  "checkpoint": "/scratch/learn/work/out/teaching-lm-20260922/pretrain/last.pt",
  "random_init": false,
  "checkpoint_step": 6000,
  "created_utc": "2026-09-22T12:35:19.669777+00:00",
  "python": "3.12.14 (main, Sep  1 2026, 14:16:52) [Clang 22.1.3 ]",
  "platform": "Linux-6.17.0-35-generic-x86_64-with-glibc2.35",
  "torch": "2.13.0+cu130",
  "gpu": "NVIDIA GeForce RTX 5090 D",
  "pretrain_val_ce": 2.2888811563092437,
  "pretrain_val_tokens": 32704,
  "pretrain_test_ce": 2.3294361808761925,
  "pretrain_test_tokens": 32704
}
[teaching_sft] 初始化自 /scratch/learn/work/out/teaching-lm-20260922/pretrain/best.pt（step=6000 val=2.288956046104431）
[teaching_sft] SFT 训练样本 8000，每 epoch 1000 step，目标 900 step
/scratch/learn/work/labs/L7/teaching_sft.py:183: UserWarning: Converting a tensor with requires_grad=True to a scalar may lead to unexpected behavior.
Consider using tensor.detach() first. (Triggered internally at /__w/pytorch/pytorch/torch/csrc/autograd/generated/python_variable_methods.cpp:822.)
  micro_loss += float(loss_sum)
[teaching_sft] step 1/900 loss 2.7139 gnorm 1.177 lr 1.00e-05 23384 ans-tok/s
[teaching_sft] step 11/900 loss 2.6012 gnorm 0.910 lr 1.00e-05 108837 ans-tok/s
[teaching_sft] step 21/900 loss 2.2861 gnorm 0.919 lr 9.99e-06 109386 ans-tok/s
[teaching_sft] step 31/900 loss 2.5092 gnorm 0.915 lr 9.98e-06 103053 ans-tok/s
[teaching_sft] step 41/900 loss 2.6383 gnorm 0.940 lr 9.96e-06 106714 ans-tok/s
[teaching_sft] step 51/900 loss 2.5615 gnorm 0.979 lr 9.93e-06 109456 ans-tok/s
[teaching_sft] step 61/900 loss 2.5957 gnorm 0.849 lr 9.90e-06 109067 ans-tok/s
[teaching_sft] step 71/900 loss 2.5883 gnorm 0.930 lr 9.87e-06 106985 ans-tok/s
[teaching_sft] step 81/900 loss 2.5395 gnorm 1.118 lr 9.83e-06 105656 ans-tok/s
[teaching_sft] step 91/900 loss 2.5018 gnorm 0.890 lr 9.78e-06 108397 ans-tok/s
[teaching_sft] step 101/900 loss 2.2637 gnorm 0.816 lr 9.73e-06 111509 ans-tok/s
[teaching_sft] step 111/900 loss 2.2539 gnorm 0.862 lr 9.67e-06 104529 ans-tok/s
[teaching_sft] step 121/900 loss 2.4408 gnorm 0.867 lr 9.61e-06 108154 ans-tok/s
[teaching_sft] step 131/900 loss 2.4385 gnorm 0.937 lr 9.54e-06 103057 ans-tok/s
[teaching_sft] step 141/900 loss 2.4087 gnorm 1.021 lr 9.47e-06 105583 ans-tok/s
[teaching_sft]   eval step 150: val_loss 2.4131（245429 answer tokens）
[teaching_sft] step 151/900 loss 2.4293 gnorm 0.898 lr 9.40e-06 34559 ans-tok/s
[teaching_sft] step 161/900 loss 2.3389 gnorm 0.833 lr 9.32e-06 106696 ans-tok/s
[teaching_sft] step 171/900 loss 2.2253 gnorm 0.811 lr 9.23e-06 103918 ans-tok/s
[teaching_sft] step 181/900 loss 2.2113 gnorm 0.918 lr 9.14e-06 102194 ans-tok/s
[teaching_sft] step 191/900 loss 2.3820 gnorm 0.861 lr 9.05e-06 105100 ans-tok/s
[teaching_sft] step 201/900 loss 2.3876 gnorm 0.953 lr 8.95e-06 103559 ans-tok/s
[teaching_sft] step 211/900 loss 2.3584 gnorm 0.841 lr 8.84e-06 108189 ans-tok/s
[teaching_sft] step 221/900 loss 2.2087 gnorm 0.837 lr 8.74e-06 107904 ans-tok/s
[teaching_sft] step 231/900 loss 2.4933 gnorm 0.827 lr 8.63e-06 107171 ans-tok/s
[teaching_sft] step 241/900 loss 2.3996 gnorm 0.805 lr 8.51e-06 106309 ans-tok/s
[teaching_sft] step 251/900 loss 2.2764 gnorm 0.862 lr 8.39e-06 111488 ans-tok/s
[teaching_sft] step 261/900 loss 2.2885 gnorm 0.891 lr 8.27e-06 105284 ans-tok/s
[teaching_sft] step 271/900 loss 2.4001 gnorm 0.872 lr 8.15e-06 110839 ans-tok/s
[teaching_sft] step 281/900 loss 2.4810 gnorm 0.839 lr 8.02e-06 110225 ans-tok/s
[teaching_sft] step 291/900 loss 2.4269 gnorm 0.952 lr 7.88e-06 105954 ans-tok/s
[teaching_sft]   eval step 300: val_loss 2.3496（245429 answer tokens）
[teaching_sft] step 301/900 loss 2.1000 gnorm 0.844 lr 7.75e-06 34003 ans-tok/s
[teaching_sft] step 311/900 loss 2.3170 gnorm 0.813 lr 7.61e-06 111980 ans-tok/s
[teaching_sft] step 321/900 loss 2.2215 gnorm 0.885 lr 7.47e-06 112235 ans-tok/s
[teaching_sft] step 331/900 loss 2.4690 gnorm 0.814 lr 7.33e-06 105598 ans-tok/s
[teaching_sft] step 341/900 loss 2.2549 gnorm 0.834 lr 7.19e-06 102541 ans-tok/s
[teaching_sft] step 351/900 loss 2.3108 gnorm 0.827 lr 7.04e-06 106170 ans-tok/s
[teaching_sft] step 361/900 loss 2.3339 gnorm 0.917 lr 6.89e-06 103923 ans-tok/s
[teaching_sft] step 371/900 loss 2.4454 gnorm 0.863 lr 6.74e-06 109419 ans-tok/s
[teaching_sft] step 381/900 loss 2.3300 gnorm 0.874 lr 6.59e-06 106236 ans-tok/s
[teaching_sft] step 391/900 loss 2.3092 gnorm 0.865 lr 6.44e-06 104796 ans-tok/s
[teaching_sft] step 401/900 loss 2.4219 gnorm 0.903 lr 6.28e-06 112657 ans-tok/s
[teaching_sft] step 411/900 loss 2.3913 gnorm 0.854 lr 6.13e-06 106900 ans-tok/s
[teaching_sft] step 421/900 loss 2.3986 gnorm 0.892 lr 5.97e-06 105448 ans-tok/s
[teaching_sft] step 431/900 loss 1.9773 gnorm 0.964 lr 5.81e-06 109982 ans-tok/s
[teaching_sft] step 441/900 loss 2.3479 gnorm 0.872 lr 5.66e-06 104490 ans-tok/s
[teaching_sft]   eval step 450: val_loss 2.3218（245429 answer tokens）
[teaching_sft] step 451/900 loss 2.3292 gnorm 0.815 lr 5.50e-06 33195 ans-tok/s
[teaching_sft] step 461/900 loss 2.3501 gnorm 0.865 lr 5.34e-06 104844 ans-tok/s
[teaching_sft] step 471/900 loss 2.1616 gnorm 1.027 lr 5.19e-06 110965 ans-tok/s
[teaching_sft] step 481/900 loss 2.3222 gnorm 0.873 lr 5.03e-06 107642 ans-tok/s
[teaching_sft] step 491/900 loss 2.1518 gnorm 0.798 lr 4.87e-06 105753 ans-tok/s
[teaching_sft] step 501/900 loss 2.2180 gnorm 0.849 lr 4.72e-06 107769 ans-tok/s
[teaching_sft] step 511/900 loss 2.2948 gnorm 0.840 lr 4.56e-06 104723 ans-tok/s
[teaching_sft] step 521/900 loss 2.2080 gnorm 0.850 lr 4.41e-06 112463 ans-tok/s
[teaching_sft] step 531/900 loss 2.3899 gnorm 0.930 lr 4.26e-06 99752 ans-tok/s
[teaching_sft] step 541/900 loss 2.2187 gnorm 0.842 lr 4.11e-06 106426 ans-tok/s
[teaching_sft] step 551/900 loss 2.1898 gnorm 0.761 lr 3.96e-06 110890 ans-tok/s
[teaching_sft] step 561/900 loss 2.2906 gnorm 0.884 lr 3.81e-06 102650 ans-tok/s
[teaching_sft] step 571/900 loss 2.1359 gnorm 0.960 lr 3.67e-06 105465 ans-tok/s
[teaching_sft] step 581/900 loss 2.2472 gnorm 0.903 lr 3.53e-06 106171 ans-tok/s
[teaching_sft] step 591/900 loss 2.2370 gnorm 0.885 lr 3.39e-06 105230 ans-tok/s
[teaching_sft]   eval step 600: val_loss 2.3087（245429 answer tokens）
[teaching_sft] step 601/900 loss 2.3721 gnorm 0.882 lr 3.25e-06 34854 ans-tok/s
[teaching_sft] step 611/900 loss 2.3480 gnorm 0.745 lr 3.12e-06 107725 ans-tok/s
[teaching_sft] step 621/900 loss 2.1245 gnorm 0.830 lr 2.98e-06 106197 ans-tok/s
[teaching_sft] step 631/900 loss 2.0317 gnorm 0.816 lr 2.85e-06 109436 ans-tok/s
[teaching_sft] step 641/900 loss 2.0785 gnorm 0.880 lr 2.73e-06 105697 ans-tok/s
[teaching_sft] step 651/900 loss 2.2111 gnorm 0.817 lr 2.61e-06 113528 ans-tok/s
[teaching_sft] step 661/900 loss 2.3205 gnorm 0.856 lr 2.49e-06 105055 ans-tok/s
[teaching_sft] step 671/900 loss 2.2427 gnorm 0.778 lr 2.37e-06 103151 ans-tok/s
[teaching_sft] step 681/900 loss 2.2757 gnorm 0.869 lr 2.26e-06 103231 ans-tok/s
[teaching_sft] step 691/900 loss 2.4111 gnorm 0.880 lr 2.16e-06 107246 ans-tok/s
[teaching_sft] step 701/900 loss 2.2694 gnorm 0.851 lr 2.05e-06 110900 ans-tok/s
[teaching_sft] step 711/900 loss 2.2392 gnorm 0.849 lr 1.95e-06 103673 ans-tok/s
[teaching_sft] step 721/900 loss 2.1612 gnorm 0.876 lr 1.86e-06 103809 ans-tok/s
[teaching_sft] step 731/900 loss 2.2240 gnorm 0.887 lr 1.77e-06 110607 ans-tok/s
[teaching_sft] step 741/900 loss 2.3922 gnorm 0.782 lr 1.68e-06 113621 ans-tok/s
[teaching_sft]   eval step 750: val_loss 2.3024（245429 answer tokens）
[teaching_sft] step 751/900 loss 2.2300 gnorm 0.812 lr 1.60e-06 33907 ans-tok/s
[teaching_sft] step 761/900 loss 2.0861 gnorm 0.773 lr 1.53e-06 109492 ans-tok/s
[teaching_sft] step 771/900 loss 2.2186 gnorm 0.775 lr 1.46e-06 103989 ans-tok/s
[teaching_sft] step 781/900 loss 2.3426 gnorm 0.806 lr 1.39e-06 111590 ans-tok/s
[teaching_sft] step 791/900 loss 1.9298 gnorm 1.012 lr 1.33e-06 102637 ans-tok/s
[teaching_sft] step 801/900 loss 2.3647 gnorm 0.865 lr 1.27e-06 108285 ans-tok/s
[teaching_sft] step 811/900 loss 2.1750 gnorm 1.026 lr 1.22e-06 103853 ans-tok/s
[teaching_sft] step 821/900 loss 2.2727 gnorm 0.885 lr 1.17e-06 106298 ans-tok/s
[teaching_sft] step 831/900 loss 2.1633 gnorm 0.799 lr 1.13e-06 106118 ans-tok/s
[teaching_sft] step 841/900 loss 2.3573 gnorm 0.842 lr 1.10e-06 112898 ans-tok/s
[teaching_sft] step 851/900 loss 2.3027 gnorm 0.850 lr 1.07e-06 112932 ans-tok/s
[teaching_sft] step 861/900 loss 2.2857 gnorm 0.810 lr 1.04e-06 109611 ans-tok/s
[teaching_sft] step 871/900 loss 2.2328 gnorm 0.872 lr 1.02e-06 103023 ans-tok/s
[teaching_sft] step 881/900 loss 2.3803 gnorm 0.957 lr 1.01e-06 103418 ans-tok/s
[teaching_sft] step 891/900 loss 2.1610 gnorm 0.796 lr 1.00e-06 110792 ans-tok/s
[teaching_sft] step 900/900 loss 2.1444 gnorm 0.911 lr 1.00e-06 107083 ans-tok/s
[teaching_sft]   eval step 900: val_loss 2.2991（245429 answer tokens）
[teaching_sft] 结束：max_steps，step 900，best_val 2.2991
[teaching_eval] 预训练 val CE 2.2889（32704 targets）
[teaching_eval] 预训练 test CE 2.3294（32704 targets）
[teaching_eval] SFT test CE 2.7891（241140 answer tokens）
[teaching_eval] SFT 生成：200 题，exact 0，contained 0，char-F1 0.1723
{
  "label": "base",
  "checkpoint": "/scratch/learn/work/out/teaching-lm-20260922/pretrain/best.pt",
  "random_init": false,
  "checkpoint_step": 6000,
  "created_utc": "2026-09-22T12:36:29.952003+00:00",
  "python": "3.12.14 (main, Sep  1 2026, 14:16:52) [Clang 22.1.3 ]",
  "platform": "Linux-6.17.0-35-generic-x86_64-with-glibc2.35",
  "torch": "2.13.0+cu130",
  "gpu": "NVIDIA GeForce RTX 5090 D",
  "pretrain_val_ce": 2.2888811563092437,
  "pretrain_val_tokens": 32704,
  "pretrain_test_ce": 2.3294361808761925,
  "pretrain_test_tokens": 32704,
  "sft_test_ce": 2.7891328040764702,
  "sft_test_answer_tokens": 241140,
  "sft_prompts": 200,
  "sft_exact_match": 0.0,
  "sft_contained": 0.0,
  "sft_char_f1": 0.17233449622542932
}
[teaching_eval] 预训练 val CE 2.3959（32704 targets）
[teaching_eval] 预训练 test CE 2.4471（32704 targets）
[teaching_eval] SFT test CE 2.2851（241140 answer tokens）
[teaching_eval] SFT 生成：200 题，exact 0，contained 0，char-F1 0.2647
{
  "label": "sft",
  "checkpoint": "/scratch/learn/work/out/teaching-lm-20260922/sft/best.pt",
  "random_init": false,
  "checkpoint_step": 900,
  "created_utc": "2026-09-22T12:37:39.480349+00:00",
  "python": "3.12.14 (main, Sep  1 2026, 14:16:52) [Clang 22.1.3 ]",
  "platform": "Linux-6.17.0-35-generic-x86_64-with-glibc2.35",
  "torch": "2.13.0+cu130",
  "gpu": "NVIDIA GeForce RTX 5090 D",
  "pretrain_val_ce": 2.395889909300086,
  "pretrain_val_tokens": 32704,
  "pretrain_test_ce": 2.4471076621934627,
  "pretrain_test_tokens": 32704,
  "sft_test_ce": 2.2851174805011483,
  "sft_test_answer_tokens": 241140,
  "sft_prompts": 200,
  "sft_exact_match": 0.0,
  "sft_contained": 0.0,
  "sft_char_f1": 0.264692357843809
}
[teaching_eval] 预训练 val CE 2.3959（32704 targets）
[teaching_eval] 预训练 test CE 2.4471（32704 targets）
[teaching_eval] SFT test CE 2.2851（241140 answer tokens）
[teaching_eval] SFT 生成：200 题，exact 0，contained 0，char-F1 0.2647
{
  "label": "sft-last",
  "checkpoint": "/scratch/learn/work/out/teaching-lm-20260922/sft/last.pt",
  "random_init": false,
  "checkpoint_step": 900,
  "created_utc": "2026-09-22T12:38:45.549441+00:00",
  "python": "3.12.14 (main, Sep  1 2026, 14:16:52) [Clang 22.1.3 ]",
  "platform": "Linux-6.17.0-35-generic-x86_64-with-glibc2.35",
  "torch": "2.13.0+cu130",
  "gpu": "NVIDIA GeForce RTX 5090 D",
  "pretrain_val_ce": 2.395889909300086,
  "pretrain_val_tokens": 32704,
  "pretrain_test_ce": 2.4471076621934627,
  "pretrain_test_tokens": 32704,
  "sft_test_ce": 2.2851174805011483,
  "sft_test_answer_tokens": 241140,
  "sft_prompts": 200,
  "sft_exact_match": 0.0,
  "sft_contained": 0.0,
  "sft_char_f1": 0.264692357843809
}
{
  "created_utc": "2026-09-22T12:39:49.277237+00:00",
  "stage": "pretrain",
  "checkpoint": "/scratch/learn/work/out/teaching-lm-20260922/pretrain/best.pt",
  "checkpoint_step": 6000,
  "checkpoint_val_loss": 2.288956046104431,
  "exported": "/scratch/learn/opt/src/minimind/out/pretrain_768.pth",
  "dtype": "float16",
  "tensors": 91,
  "bytes": 137684407,
  "excluded_state": [
    "cursor"
  ],
  "note": "只导出权重；可继续训练的状态（optimizer/RNG/游标）留在 checkpoint 里，两者用途不同"
}
{
  "created_utc": "2026-09-22T12:39:50.135729+00:00",
  "stage": "sft",
  "checkpoint": "/scratch/learn/work/out/teaching-lm-20260922/sft/best.pt",
  "checkpoint_step": 900,
  "checkpoint_val_loss": 2.299104164289876,
  "exported": "/scratch/learn/opt/src/minimind/out/full_sft_768.pth",
  "dtype": "float16",
  "tensors": 91,
  "bytes": 137684407,
  "excluded_state": [],
  "note": "只导出权重；可继续训练的状态（optimizer/RNG/游标）留在 checkpoint 里，两者用途不同"
}
上游推理入口： cd /scratch/learn/opt/src/minimind && /scratch/learn/envs/serve/bin/python eval_llm.py --weight full_sft --hidden_size 768
阶段                     step      有效 token      墙钟 s    GPU 小时    峰值 MiB      ckpt B
-----------------------------------------------------------------------------------
pretrain               6000    98,112,000     486.6    0.1352      86332,163,400,150
sft                     900     5,823,900      62.4    0.0173      43511,888,057,472
pilot                   200     3,270,400      17.5    0.0049      86331,612,719,406

项目两阶段 GPU 小时 0.1525 / 预算 12.0；机制对拍 0.0049；合计 0.1574
数据 182,743,762 B；checkpoint 5,664,177,028 B
