[teaching_pretrain] 模型参数 63.91M，训练窗口 156250，验证/测试窗口 3906/3906
/scratch/learn/work/labs/L7/teaching_pretrain.py:246: UserWarning: Converting a tensor with requires_grad=True to a scalar may lead to unexpected behavior.
Consider using tensor.detach() first. (Triggered internally at /__w/pytorch/pytorch/torch/csrc/autograd/generated/python_variable_methods.cpp:822.)
  micro_losses.append(float(loss) * args.accum)
[teaching_pretrain] step 1/200 loss 8.9059 gnorm 2.288 lr 5.000e-04 61728 tok/s peak 8077 MiB
[teaching_pretrain] step 11/200 loss 7.4847 gnorm 0.760 lr 4.972e-04 212280 tok/s peak 8633 MiB
[teaching_pretrain] step 21/200 loss 7.3636 gnorm 0.609 lr 4.890e-04 212399 tok/s peak 8633 MiB
[teaching_pretrain] step 31/200 loss 7.2751 gnorm 0.536 lr 4.755e-04 212759 tok/s peak 8633 MiB
[teaching_pretrain] step 41/200 loss 7.1134 gnorm 0.563 lr 4.570e-04 213298 tok/s peak 8633 MiB
[teaching_pretrain] step 51/200 loss 6.8307 gnorm 0.559 lr 4.341e-04 213337 tok/s peak 8633 MiB
[teaching_pretrain] step 61/200 loss 6.6734 gnorm 0.536 lr 4.073e-04 213226 tok/s peak 8633 MiB
[teaching_pretrain] step 71/200 loss 6.6431 gnorm 0.629 lr 3.771e-04 213251 tok/s peak 8633 MiB
[teaching_pretrain] step 81/200 loss 6.5327 gnorm 0.582 lr 3.445e-04 213200 tok/s peak 8633 MiB
[teaching_pretrain] step 91/200 loss 6.4368 gnorm 0.621 lr 3.102e-04 212581 tok/s peak 8633 MiB
[teaching_pretrain]   eval step 100: val_loss 6.3169
[teaching_pretrain] step 101/200 loss 6.4074 gnorm 0.636 lr 2.750e-04 106314 tok/s peak 8633 MiB
[teaching_pretrain] step 111/200 loss 6.3289 gnorm 0.625 lr 2.398e-04 211759 tok/s peak 8633 MiB
[teaching_pretrain] step 121/200 loss 6.1652 gnorm 0.522 lr 2.055e-04 212011 tok/s peak 8633 MiB
[teaching_pretrain] step 131/200 loss 6.1494 gnorm 0.573 lr 1.729e-04 211964 tok/s peak 8633 MiB
[teaching_pretrain] step 141/200 loss 6.0957 gnorm 0.768 lr 1.427e-04 211894 tok/s peak 8633 MiB
[teaching_pretrain] step 151/200 loss 6.1698 gnorm 0.634 lr 1.159e-04 212679 tok/s peak 8633 MiB
[teaching_pretrain] step 161/200 loss 6.0902 gnorm 0.589 lr 9.297e-05 213074 tok/s peak 8633 MiB
[teaching_pretrain] step 171/200 loss 5.9603 gnorm 0.663 lr 7.452e-05 213199 tok/s peak 8633 MiB
[teaching_pretrain] step 181/200 loss 6.0088 gnorm 1.049 lr 6.101e-05 213142 tok/s peak 8633 MiB
[teaching_pretrain] step 191/200 loss 6.0307 gnorm 0.523 lr 5.277e-05 212804 tok/s peak 8633 MiB
[teaching_pretrain] step 200/200 loss 5.9260 gnorm 0.559 lr 5.003e-05 213063 tok/s peak 8633 MiB
[teaching_pretrain]   eval step 200: val_loss 5.8622
[teaching_pretrain] 结束：max_steps，step 200，tokens 3276800，test_loss 5.8584
[teaching_pretrain] 模型参数 63.91M，训练窗口 156250，验证/测试窗口 3906/3906
/scratch/learn/work/labs/L7/teaching_pretrain.py:246: UserWarning: Converting a tensor with requires_grad=True to a scalar may lead to unexpected behavior.
Consider using tensor.detach() first. (Triggered internally at /__w/pytorch/pytorch/torch/csrc/autograd/generated/python_variable_methods.cpp:822.)
  micro_losses.append(float(loss) * args.accum)
[teaching_pretrain] step 1/6000 loss 8.9059 gnorm 2.288 lr 5.000e-04 61190 tok/s peak 8077 MiB
[teaching_pretrain] step 11/6000 loss 7.4847 gnorm 0.761 lr 5.000e-04 212368 tok/s peak 8633 MiB
[teaching_pretrain] step 21/6000 loss 7.3640 gnorm 0.611 lr 5.000e-04 213537 tok/s peak 8633 MiB
[teaching_pretrain] step 31/6000 loss 7.2700 gnorm 0.554 lr 5.000e-04 213191 tok/s peak 8633 MiB
[teaching_pretrain] step 41/6000 loss 7.1007 gnorm 0.583 lr 5.000e-04 213521 tok/s peak 8633 MiB
[teaching_pretrain] step 51/6000 loss 6.8198 gnorm 0.532 lr 4.999e-04 213480 tok/s peak 8633 MiB
[teaching_pretrain] step 61/6000 loss 6.6561 gnorm 0.679 lr 4.999e-04 213417 tok/s peak 8633 MiB
[teaching_pretrain] step 71/6000 loss 6.6173 gnorm 0.576 lr 4.998e-04 213106 tok/s peak 8633 MiB
[teaching_pretrain] step 81/6000 loss 6.5182 gnorm 0.504 lr 4.998e-04 211675 tok/s peak 8633 MiB
[teaching_pretrain] step 91/6000 loss 6.4218 gnorm 0.799 lr 4.998e-04 211855 tok/s peak 8633 MiB
[teaching_pretrain] step 101/6000 loss 6.3588 gnorm 0.559 lr 4.997e-04 212072 tok/s peak 8633 MiB
[teaching_pretrain] step 111/6000 loss 6.2575 gnorm 0.511 lr 4.996e-04 212112 tok/s peak 8633 MiB
[teaching_pretrain] step 121/6000 loss 6.0725 gnorm 0.572 lr 4.996e-04 212315 tok/s peak 8633 MiB
[teaching_pretrain] step 131/6000 loss 6.0423 gnorm 0.645 lr 4.995e-04 212169 tok/s peak 8633 MiB
[teaching_pretrain] step 141/6000 loss 5.9251 gnorm 0.576 lr 4.994e-04 212442 tok/s peak 8633 MiB
[teaching_pretrain] step 151/6000 loss 5.9581 gnorm 0.564 lr 4.993e-04 213251 tok/s peak 8633 MiB
[teaching_pretrain] step 161/6000 loss 5.8577 gnorm 0.829 lr 4.992e-04 212743 tok/s peak 8633 MiB
[teaching_pretrain] step 171/6000 loss 5.6876 gnorm 0.594 lr 4.991e-04 213145 tok/s peak 8633 MiB
[teaching_pretrain] step 181/6000 loss 5.7004 gnorm 1.018 lr 4.990e-04 213147 tok/s peak 8633 MiB
[teaching_pretrain] step 191/6000 loss 5.6865 gnorm 0.674 lr 4.989e-04 213175 tok/s peak 8633 MiB
[teaching_pretrain] step 201/6000 loss 5.4970 gnorm 0.722 lr 4.988e-04 212835 tok/s peak 8633 MiB
[teaching_pretrain] step 211/6000 loss 5.3623 gnorm 0.754 lr 4.986e-04 211852 tok/s peak 8633 MiB
[teaching_pretrain] step 221/6000 loss 5.3060 gnorm 0.762 lr 4.985e-04 211876 tok/s peak 8633 MiB
[teaching_pretrain] step 231/6000 loss 5.3475 gnorm 0.639 lr 4.984e-04 212010 tok/s peak 8633 MiB
[teaching_pretrain] step 241/6000 loss 5.1134 gnorm 0.507 lr 4.982e-04 211874 tok/s peak 8633 MiB
[teaching_pretrain]   eval step 250: val_loss 5.0758
[teaching_pretrain] step 251/6000 loss 5.1017 gnorm 0.608 lr 4.981e-04 125330 tok/s peak 8633 MiB
[teaching_pretrain] step 261/6000 loss 5.1250 gnorm 0.692 lr 4.979e-04 212332 tok/s peak 8633 MiB
[teaching_pretrain] step 271/6000 loss 5.0187 gnorm 0.598 lr 4.978e-04 213066 tok/s peak 8633 MiB
[teaching_pretrain] step 281/6000 loss 5.0321 gnorm 0.597 lr 4.976e-04 212832 tok/s peak 8633 MiB
[teaching_pretrain] step 291/6000 loss 4.8467 gnorm 0.626 lr 4.974e-04 213049 tok/s peak 8633 MiB
[teaching_pretrain] step 301/6000 loss 4.6344 gnorm 0.586 lr 4.972e-04 213087 tok/s peak 8633 MiB
[teaching_pretrain] step 311/6000 loss 4.7292 gnorm 0.690 lr 4.970e-04 212980 tok/s peak 8633 MiB
[teaching_pretrain] step 321/6000 loss 4.7648 gnorm 0.663 lr 4.968e-04 212951 tok/s peak 8633 MiB
[teaching_pretrain] step 331/6000 loss 4.6918 gnorm 0.575 lr 4.966e-04 211598 tok/s peak 8633 MiB
[teaching_pretrain] step 341/6000 loss 4.6207 gnorm 0.603 lr 4.964e-04 211558 tok/s peak 8633 MiB
[teaching_pretrain] step 351/6000 loss 4.5787 gnorm 0.642 lr 4.962e-04 211781 tok/s peak 8633 MiB
[teaching_pretrain] step 361/6000 loss 4.5883 gnorm 0.599 lr 4.960e-04 211934 tok/s peak 8633 MiB
[teaching_pretrain] step 371/6000 loss 4.5825 gnorm 0.589 lr 4.958e-04 211727 tok/s peak 8633 MiB
[teaching_pretrain] step 381/6000 loss 4.3806 gnorm 0.632 lr 4.956e-04 211807 tok/s peak 8633 MiB
[teaching_pretrain] step 391/6000 loss 4.3924 gnorm 0.605 lr 4.953e-04 211777 tok/s peak 8633 MiB
[teaching_pretrain] step 401/6000 loss 4.4287 gnorm 0.548 lr 4.951e-04 212862 tok/s peak 8633 MiB
[teaching_pretrain] step 411/6000 loss 4.4070 gnorm 0.586 lr 4.948e-04 212568 tok/s peak 8633 MiB
[teaching_pretrain] step 421/6000 loss 4.1341 gnorm 0.584 lr 4.946e-04 212851 tok/s peak 8633 MiB
[teaching_pretrain] step 431/6000 loss 4.2400 gnorm 0.594 lr 4.943e-04 212872 tok/s peak 8633 MiB
[teaching_pretrain] step 441/6000 loss 4.2353 gnorm 0.607 lr 4.941e-04 212647 tok/s peak 8633 MiB
[teaching_pretrain] step 451/6000 loss 4.2769 gnorm 0.556 lr 4.938e-04 212828 tok/s peak 8633 MiB
[teaching_pretrain] step 461/6000 loss 4.1777 gnorm 0.596 lr 4.935e-04 211642 tok/s peak 8633 MiB
[teaching_pretrain] step 471/6000 loss 3.9992 gnorm 0.546 lr 4.932e-04 211435 tok/s peak 8633 MiB
[teaching_pretrain] step 481/6000 loss 4.2532 gnorm 0.581 lr 4.929e-04 211669 tok/s peak 8633 MiB
[teaching_pretrain] step 491/6000 loss 4.1441 gnorm 0.561 lr 4.926e-04 211813 tok/s peak 8633 MiB
[teaching_pretrain]   eval step 500: val_loss 3.9461
[teaching_pretrain] step 501/6000 loss 3.9783 gnorm 0.554 lr 4.923e-04 79475 tok/s peak 8633 MiB
[teaching_pretrain] step 511/6000 loss 4.1127 gnorm 0.581 lr 4.920e-04 212901 tok/s peak 8633 MiB
[teaching_pretrain] step 521/6000 loss 3.9497 gnorm 0.574 lr 4.917e-04 212864 tok/s peak 8633 MiB
[teaching_pretrain] step 531/6000 loss 3.9639 gnorm 0.550 lr 4.914e-04 212906 tok/s peak 8633 MiB
[teaching_pretrain] step 541/6000 loss 3.7737 gnorm 0.578 lr 4.911e-04 212906 tok/s peak 8633 MiB
[teaching_pretrain] step 551/6000 loss 3.9201 gnorm 0.549 lr 4.907e-04 212859 tok/s peak 8633 MiB
[teaching_pretrain] step 561/6000 loss 3.8024 gnorm 0.559 lr 4.904e-04 212833 tok/s peak 8633 MiB
[teaching_pretrain] step 571/6000 loss 3.9535 gnorm 0.603 lr 4.901e-04 212094 tok/s peak 8633 MiB
[teaching_pretrain] step 581/6000 loss 3.7345 gnorm 0.577 lr 4.897e-04 211036 tok/s peak 8633 MiB
[teaching_pretrain] step 591/6000 loss 3.6260 gnorm 0.573 lr 4.893e-04 211651 tok/s peak 8633 MiB
[teaching_pretrain] step 601/6000 loss 3.7645 gnorm 0.575 lr 4.890e-04 211965 tok/s peak 8633 MiB
[teaching_pretrain] step 611/6000 loss 3.7726 gnorm 0.576 lr 4.886e-04 211767 tok/s peak 8633 MiB
[teaching_pretrain] step 621/6000 loss 3.6641 gnorm 0.559 lr 4.882e-04 211800 tok/s peak 8633 MiB
[teaching_pretrain] step 631/6000 loss 3.7178 gnorm 0.530 lr 4.879e-04 211713 tok/s peak 8633 MiB
[teaching_pretrain] step 641/6000 loss 3.5375 gnorm 0.530 lr 4.875e-04 212724 tok/s peak 8633 MiB
[teaching_pretrain] step 651/6000 loss 3.6047 gnorm 0.515 lr 4.871e-04 212696 tok/s peak 8633 MiB
[teaching_pretrain] step 661/6000 loss 3.6070 gnorm 0.536 lr 4.867e-04 212770 tok/s peak 8633 MiB
[teaching_pretrain] step 671/6000 loss 3.5524 gnorm 0.562 lr 4.863e-04 212773 tok/s peak 8633 MiB
[teaching_pretrain] step 681/6000 loss 3.6607 gnorm 0.551 lr 4.859e-04 212756 tok/s peak 8633 MiB
[teaching_pretrain] step 691/6000 loss 3.5340 gnorm 0.558 lr 4.855e-04 212773 tok/s peak 8633 MiB
[teaching_pretrain] step 701/6000 loss 3.5519 gnorm 0.531 lr 4.851e-04 211777 tok/s peak 8633 MiB
[teaching_pretrain] step 711/6000 loss 3.5063 gnorm 0.541 lr 4.846e-04 211475 tok/s peak 8633 MiB
[teaching_pretrain] step 721/6000 loss 3.4055 gnorm 0.516 lr 4.842e-04 211630 tok/s peak 8633 MiB
[teaching_pretrain] step 731/6000 loss 3.3819 gnorm 0.566 lr 4.838e-04 211860 tok/s peak 8633 MiB
[teaching_pretrain] step 741/6000 loss 3.3816 gnorm 0.533 lr 4.833e-04 211926 tok/s peak 8633 MiB
[teaching_pretrain]   eval step 750: val_loss 3.3495
[teaching_pretrain] step 751/6000 loss 3.3882 gnorm 0.544 lr 4.829e-04 111379 tok/s peak 8633 MiB
[teaching_pretrain] step 761/6000 loss 3.4471 gnorm 0.518 lr 4.824e-04 212530 tok/s peak 8633 MiB
[teaching_pretrain] step 771/6000 loss 3.3339 gnorm 0.505 lr 4.820e-04 212668 tok/s peak 8633 MiB
[teaching_pretrain] step 781/6000 loss 3.4541 gnorm 0.536 lr 4.815e-04 212752 tok/s peak 8633 MiB
[teaching_pretrain] step 791/6000 loss 3.3881 gnorm 0.523 lr 4.810e-04 212744 tok/s peak 8633 MiB
[teaching_pretrain] step 801/6000 loss 3.3223 gnorm 0.561 lr 4.805e-04 212637 tok/s peak 8633 MiB
[teaching_pretrain] step 811/6000 loss 3.4103 gnorm 0.543 lr 4.801e-04 212621 tok/s peak 8633 MiB
[teaching_pretrain] step 821/6000 loss 3.3264 gnorm 0.503 lr 4.796e-04 211789 tok/s peak 8633 MiB
[teaching_pretrain] step 831/6000 loss 3.2494 gnorm 0.515 lr 4.791e-04 211374 tok/s peak 8633 MiB
[teaching_pretrain] step 841/6000 loss 3.2900 gnorm 0.506 lr 4.786e-04 211390 tok/s peak 8633 MiB
[teaching_pretrain] step 851/6000 loss 3.3360 gnorm 0.530 lr 4.781e-04 211582 tok/s peak 8633 MiB
[teaching_pretrain] step 861/6000 loss 3.3498 gnorm 0.499 lr 4.776e-04 211860 tok/s peak 8633 MiB
[teaching_pretrain] step 871/6000 loss 3.2049 gnorm 0.545 lr 4.771e-04 211727 tok/s peak 8633 MiB
[teaching_pretrain] step 881/6000 loss 3.2098 gnorm 0.525 lr 4.765e-04 211898 tok/s peak 8633 MiB
[teaching_pretrain] step 891/6000 loss 3.2373 gnorm 0.515 lr 4.760e-04 212684 tok/s peak 8633 MiB
[teaching_pretrain] step 901/6000 loss 3.2487 gnorm 0.493 lr 4.755e-04 212497 tok/s peak 8633 MiB
[teaching_pretrain] step 911/6000 loss 3.2323 gnorm 0.532 lr 4.749e-04 212635 tok/s peak 8633 MiB
[teaching_pretrain] step 921/6000 loss 3.2943 gnorm 0.519 lr 4.744e-04 212618 tok/s peak 8633 MiB
[teaching_pretrain] step 931/6000 loss 3.1124 gnorm 0.506 lr 4.738e-04 212634 tok/s peak 8633 MiB
[teaching_pretrain] step 941/6000 loss 3.2493 gnorm 0.524 lr 4.733e-04 212563 tok/s peak 8633 MiB
[teaching_pretrain] step 951/6000 loss 3.1321 gnorm 0.491 lr 4.727e-04 211364 tok/s peak 8633 MiB
[teaching_pretrain] step 961/6000 loss 3.1454 gnorm 0.513 lr 4.722e-04 211323 tok/s peak 8633 MiB
[teaching_pretrain] step 971/6000 loss 3.1939 gnorm 0.498 lr 4.716e-04 211457 tok/s peak 8633 MiB
[teaching_pretrain] step 981/6000 loss 3.2798 gnorm 0.513 lr 4.710e-04 211670 tok/s peak 8633 MiB
[teaching_pretrain] step 991/6000 loss 3.2581 gnorm 0.507 lr 4.704e-04 211507 tok/s peak 8633 MiB
[teaching_pretrain]   eval step 1000: val_loss 3.0902
[teaching_pretrain] step 1001/6000 loss 3.1114 gnorm 0.523 lr 4.699e-04 79634 tok/s peak 8633 MiB
[teaching_pretrain] step 1011/6000 loss 3.1210 gnorm 0.520 lr 4.693e-04 212755 tok/s peak 8633 MiB
[teaching_pretrain] step 1021/6000 loss 3.0088 gnorm 0.495 lr 4.687e-04 212770 tok/s peak 8633 MiB
[teaching_pretrain] step 1031/6000 loss 3.0526 gnorm 0.498 lr 4.681e-04 212797 tok/s peak 8633 MiB
[teaching_pretrain] step 1041/6000 loss 3.1546 gnorm 0.498 lr 4.675e-04 212774 tok/s peak 8633 MiB
[teaching_pretrain] step 1051/6000 loss 2.9568 gnorm 0.488 lr 4.668e-04 212714 tok/s peak 8633 MiB
[teaching_pretrain] step 1061/6000 loss 3.1362 gnorm 0.505 lr 4.662e-04 211950 tok/s peak 8633 MiB
[teaching_pretrain] step 1071/6000 loss 3.1742 gnorm 0.493 lr 4.656e-04 211422 tok/s peak 8633 MiB
[teaching_pretrain] step 1081/6000 loss 3.1842 gnorm 0.511 lr 4.650e-04 211302 tok/s peak 8633 MiB
[teaching_pretrain] step 1091/6000 loss 3.1659 gnorm 0.510 lr 4.643e-04 211766 tok/s peak 8633 MiB
[teaching_pretrain] step 1101/6000 loss 3.0908 gnorm 0.506 lr 4.637e-04 211571 tok/s peak 8633 MiB
[teaching_pretrain] step 1111/6000 loss 3.1246 gnorm 0.489 lr 4.631e-04 211509 tok/s peak 8633 MiB
[teaching_pretrain] step 1121/6000 loss 3.1528 gnorm 0.500 lr 4.624e-04 211674 tok/s peak 8633 MiB
[teaching_pretrain] step 1131/6000 loss 2.9990 gnorm 0.501 lr 4.618e-04 212288 tok/s peak 8633 MiB
[teaching_pretrain] step 1141/6000 loss 2.9307 gnorm 0.491 lr 4.611e-04 212449 tok/s peak 8633 MiB
[teaching_pretrain] step 1151/6000 loss 3.0052 gnorm 0.497 lr 4.604e-04 212625 tok/s peak 8633 MiB
[teaching_pretrain] step 1161/6000 loss 2.9677 gnorm 0.520 lr 4.598e-04 212601 tok/s peak 8633 MiB
[teaching_pretrain] step 1171/6000 loss 2.9148 gnorm 0.494 lr 4.591e-04 212618 tok/s peak 8633 MiB
[teaching_pretrain] step 1181/6000 loss 3.0504 gnorm 0.519 lr 4.584e-04 212622 tok/s peak 8633 MiB
[teaching_pretrain] step 1191/6000 loss 3.0777 gnorm 0.481 lr 4.577e-04 211740 tok/s peak 8633 MiB
[teaching_pretrain] step 1201/6000 loss 2.9792 gnorm 0.491 lr 4.570e-04 211398 tok/s peak 8633 MiB
[teaching_pretrain] step 1211/6000 loss 2.8851 gnorm 0.474 lr 4.563e-04 211416 tok/s peak 8633 MiB
[teaching_pretrain] step 1221/6000 loss 2.9203 gnorm 0.471 lr 4.556e-04 211757 tok/s peak 8633 MiB
[teaching_pretrain] step 1231/6000 loss 2.9881 gnorm 0.541 lr 4.549e-04 211658 tok/s peak 8633 MiB
[teaching_pretrain] step 1241/6000 loss 3.0322 gnorm 0.487 lr 4.542e-04 211574 tok/s peak 8633 MiB
[teaching_pretrain]   eval step 1250: val_loss 2.9478
[teaching_pretrain] step 1251/6000 loss 2.9830 gnorm 0.490 lr 4.535e-04 114806 tok/s peak 8633 MiB
[teaching_pretrain] step 1261/6000 loss 2.9817 gnorm 0.488 lr 4.528e-04 212708 tok/s peak 8633 MiB
[teaching_pretrain] step 1271/6000 loss 2.8640 gnorm 0.480 lr 4.521e-04 212730 tok/s peak 8633 MiB
[teaching_pretrain] step 1281/6000 loss 2.9437 gnorm 0.467 lr 4.513e-04 212738 tok/s peak 8633 MiB
[teaching_pretrain] step 1291/6000 loss 3.0578 gnorm 0.485 lr 4.506e-04 212653 tok/s peak 8633 MiB
[teaching_pretrain] step 1301/6000 loss 2.9809 gnorm 0.492 lr 4.499e-04 212622 tok/s peak 8633 MiB
[teaching_pretrain] step 1311/6000 loss 2.8155 gnorm 0.477 lr 4.491e-04 211978 tok/s peak 8633 MiB
[teaching_pretrain] step 1321/6000 loss 3.0412 gnorm 0.489 lr 4.484e-04 211185 tok/s peak 8633 MiB
[teaching_pretrain] step 1331/6000 loss 2.9859 gnorm 0.478 lr 4.476e-04 211533 tok/s peak 8633 MiB
[teaching_pretrain] step 1341/6000 loss 2.9978 gnorm 0.491 lr 4.469e-04 211577 tok/s peak 8633 MiB
[teaching_pretrain] step 1351/6000 loss 2.9386 gnorm 0.492 lr 4.461e-04 211657 tok/s peak 8633 MiB
[teaching_pretrain] step 1361/6000 loss 2.8351 gnorm 0.492 lr 4.453e-04 211627 tok/s peak 8633 MiB
[teaching_pretrain] step 1371/6000 loss 2.9151 gnorm 0.484 lr 4.446e-04 211690 tok/s peak 8633 MiB
[teaching_pretrain] step 1381/6000 loss 2.9367 gnorm 0.487 lr 4.438e-04 212391 tok/s peak 8633 MiB
[teaching_pretrain] step 1391/6000 loss 2.7501 gnorm 0.501 lr 4.430e-04 212451 tok/s peak 8633 MiB
[teaching_pretrain] step 1401/6000 loss 2.9344 gnorm 0.476 lr 4.422e-04 212551 tok/s peak 8633 MiB
[teaching_pretrain] step 1411/6000 loss 2.8802 gnorm 0.498 lr 4.414e-04 212578 tok/s peak 8633 MiB
[teaching_pretrain] step 1421/6000 loss 2.9371 gnorm 0.483 lr 4.406e-04 212650 tok/s peak 8633 MiB
[teaching_pretrain] step 1431/6000 loss 2.9320 gnorm 0.496 lr 4.398e-04 212633 tok/s peak 8633 MiB
[teaching_pretrain] step 1441/6000 loss 2.9571 gnorm 0.493 lr 4.390e-04 211927 tok/s peak 8633 MiB
[teaching_pretrain] step 1451/6000 loss 2.9924 gnorm 0.483 lr 4.382e-04 211168 tok/s peak 8633 MiB
[teaching_pretrain] step 1461/6000 loss 2.8296 gnorm 0.485 lr 4.374e-04 211377 tok/s peak 8633 MiB
[teaching_pretrain] step 1471/6000 loss 2.8211 gnorm 0.483 lr 4.366e-04 211540 tok/s peak 8633 MiB
[teaching_pretrain] step 1481/6000 loss 3.0036 gnorm 0.500 lr 4.358e-04 211611 tok/s peak 8633 MiB
[teaching_pretrain] step 1491/6000 loss 2.8803 gnorm 0.482 lr 4.349e-04 211880 tok/s peak 8633 MiB
[teaching_pretrain]   eval step 1500: val_loss 2.8390
[teaching_pretrain] step 1501/6000 loss 2.7624 gnorm 0.499 lr 4.341e-04 77842 tok/s peak 8633 MiB
[teaching_pretrain] step 1511/6000 loss 2.8627 gnorm 0.462 lr 4.333e-04 212873 tok/s peak 8633 MiB
[teaching_pretrain] step 1521/6000 loss 2.8656 gnorm 0.485 lr 4.324e-04 212848 tok/s peak 8633 MiB
[teaching_pretrain] step 1531/6000 loss 2.8149 gnorm 0.480 lr 4.316e-04 212806 tok/s peak 8633 MiB
[teaching_pretrain] step 1541/6000 loss 2.9492 gnorm 0.484 lr 4.307e-04 212784 tok/s peak 8633 MiB
[teaching_pretrain] step 1551/6000 loss 2.8143 gnorm 0.473 lr 4.299e-04 212252 tok/s peak 8633 MiB
[teaching_pretrain] step 1561/6000 loss 2.9358 gnorm 0.476 lr 4.290e-04 211278 tok/s peak 8633 MiB
[teaching_pretrain] step 1571/6000 loss 2.8289 gnorm 0.484 lr 4.282e-04 211471 tok/s peak 8633 MiB
[teaching_pretrain] step 1581/6000 loss 3.0045 gnorm 0.490 lr 4.273e-04 211458 tok/s peak 8633 MiB
[teaching_pretrain] step 1591/6000 loss 2.8243 gnorm 0.481 lr 4.264e-04 211648 tok/s peak 8633 MiB
[teaching_pretrain] step 1601/6000 loss 2.7197 gnorm 0.501 lr 4.256e-04 211579 tok/s peak 8633 MiB
[teaching_pretrain] step 1611/6000 loss 2.8249 gnorm 0.489 lr 4.247e-04 211368 tok/s peak 8633 MiB
[teaching_pretrain] step 1621/6000 loss 2.8335 gnorm 0.479 lr 4.238e-04 212039 tok/s peak 8633 MiB
[teaching_pretrain] step 1631/6000 loss 2.8479 gnorm 0.475 lr 4.229e-04 212505 tok/s peak 8633 MiB
[teaching_pretrain] step 1641/6000 loss 2.8279 gnorm 0.483 lr 4.220e-04 212494 tok/s peak 8633 MiB
[teaching_pretrain] step 1651/6000 loss 2.8910 gnorm 0.475 lr 4.211e-04 212618 tok/s peak 8633 MiB
[teaching_pretrain] step 1661/6000 loss 2.8312 gnorm 0.476 lr 4.202e-04 212572 tok/s peak 8633 MiB
[teaching_pretrain] step 1671/6000 loss 2.7816 gnorm 0.476 lr 4.193e-04 212642 tok/s peak 8633 MiB
[teaching_pretrain] step 1681/6000 loss 2.6656 gnorm 0.467 lr 4.184e-04 212176 tok/s peak 8633 MiB
[teaching_pretrain] step 1691/6000 loss 2.8426 gnorm 0.485 lr 4.175e-04 211199 tok/s peak 8633 MiB
[teaching_pretrain] step 1701/6000 loss 2.8449 gnorm 0.480 lr 4.166e-04 211386 tok/s peak 8633 MiB
[teaching_pretrain] step 1711/6000 loss 2.9733 gnorm 0.478 lr 4.157e-04 211401 tok/s peak 8633 MiB
[teaching_pretrain] step 1721/6000 loss 3.0064 gnorm 0.518 lr 4.148e-04 211643 tok/s peak 8633 MiB
[teaching_pretrain] step 1731/6000 loss 2.7941 gnorm 0.478 lr 4.138e-04 211717 tok/s peak 8633 MiB
[teaching_pretrain] step 1741/6000 loss 2.9327 gnorm 0.493 lr 4.129e-04 211541 tok/s peak 8633 MiB
[teaching_pretrain]   eval step 1750: val_loss 2.7526
[teaching_pretrain] step 1751/6000 loss 2.8496 gnorm 0.468 lr 4.120e-04 109072 tok/s peak 8633 MiB
[teaching_pretrain] step 1761/6000 loss 2.8389 gnorm 0.484 lr 4.110e-04 212753 tok/s peak 8633 MiB
[teaching_pretrain] step 1771/6000 loss 2.7155 gnorm 0.460 lr 4.101e-04 212814 tok/s peak 8633 MiB
[teaching_pretrain] step 1781/6000 loss 2.8826 gnorm 0.480 lr 4.092e-04 212758 tok/s peak 8633 MiB
[teaching_pretrain] step 1791/6000 loss 2.7764 gnorm 0.479 lr 4.082e-04 212661 tok/s peak 8633 MiB
[teaching_pretrain] step 1801/6000 loss 2.8907 gnorm 0.484 lr 4.073e-04 212036 tok/s peak 8633 MiB
[teaching_pretrain] step 1811/6000 loss 2.6581 gnorm 0.468 lr 4.063e-04 211117 tok/s peak 8633 MiB
[teaching_pretrain] step 1821/6000 loss 2.7004 gnorm 0.463 lr 4.053e-04 211513 tok/s peak 8633 MiB
[teaching_pretrain] step 1831/6000 loss 2.8388 gnorm 0.472 lr 4.044e-04 211830 tok/s peak 8633 MiB
[teaching_pretrain] step 1841/6000 loss 2.7959 gnorm 0.487 lr 4.034e-04 211531 tok/s peak 8633 MiB
[teaching_pretrain] step 1851/6000 loss 2.6510 gnorm 0.466 lr 4.024e-04 211818 tok/s peak 8633 MiB
[teaching_pretrain] step 1861/6000 loss 2.9674 gnorm 0.474 lr 4.015e-04 211495 tok/s peak 8633 MiB
[teaching_pretrain] step 1871/6000 loss 2.7786 gnorm 0.465 lr 4.005e-04 212128 tok/s peak 8633 MiB
[teaching_pretrain] step 1881/6000 loss 2.8132 gnorm 0.472 lr 3.995e-04 212351 tok/s peak 8633 MiB
[teaching_pretrain] step 1891/6000 loss 2.8177 gnorm 0.463 lr 3.985e-04 212543 tok/s peak 8633 MiB
[teaching_pretrain] step 1901/6000 loss 2.7085 gnorm 0.470 lr 3.975e-04 212617 tok/s peak 8633 MiB
[teaching_pretrain] step 1911/6000 loss 2.7283 gnorm 0.467 lr 3.966e-04 212614 tok/s peak 8633 MiB
[teaching_pretrain] step 1921/6000 loss 2.7565 gnorm 0.487 lr 3.956e-04 212588 tok/s peak 8633 MiB
[teaching_pretrain] step 1931/6000 loss 2.7881 gnorm 0.472 lr 3.946e-04 211661 tok/s peak 8633 MiB
[teaching_pretrain] step 1941/6000 loss 2.7303 gnorm 0.471 lr 3.936e-04 211381 tok/s peak 8633 MiB
[teaching_pretrain] step 1951/6000 loss 2.7571 gnorm 0.477 lr 3.926e-04 211528 tok/s peak 8633 MiB
[teaching_pretrain] step 1961/6000 loss 2.6859 gnorm 0.488 lr 3.916e-04 211556 tok/s peak 8633 MiB
[teaching_pretrain] step 1971/6000 loss 2.8238 gnorm 0.470 lr 3.905e-04 211555 tok/s peak 8633 MiB
[teaching_pretrain] step 1981/6000 loss 2.8940 gnorm 0.477 lr 3.895e-04 211780 tok/s peak 8633 MiB
[teaching_pretrain] step 1991/6000 loss 2.6342 gnorm 0.469 lr 3.885e-04 211575 tok/s peak 8633 MiB
[teaching_pretrain]   eval step 2000: val_loss 2.7026
[teaching_pretrain] step 2001/6000 loss 2.6751 gnorm 0.468 lr 3.875e-04 77624 tok/s peak 8633 MiB
[teaching_pretrain] step 2011/6000 loss 2.7163 gnorm 0.467 lr 3.865e-04 213036 tok/s peak 8633 MiB
[teaching_pretrain] step 2021/6000 loss 2.7862 gnorm 0.561 lr 3.855e-04 212908 tok/s peak 8633 MiB
[teaching_pretrain] step 2031/6000 loss 2.6578 gnorm 0.457 lr 3.844e-04 212804 tok/s peak 8633 MiB
[teaching_pretrain] step 2041/6000 loss 2.7564 gnorm 0.471 lr 3.834e-04 212367 tok/s peak 8633 MiB
[teaching_pretrain] step 2051/6000 loss 2.7342 gnorm 0.470 lr 3.824e-04 211228 tok/s peak 8633 MiB
[teaching_pretrain] step 2061/6000 loss 2.6971 gnorm 0.479 lr 3.813e-04 211588 tok/s peak 8633 MiB
[teaching_pretrain] step 2071/6000 loss 2.6501 gnorm 0.480 lr 3.803e-04 211212 tok/s peak 8633 MiB
[teaching_pretrain] step 2081/6000 loss 2.7184 gnorm 0.466 lr 3.792e-04 211605 tok/s peak 8633 MiB
[teaching_pretrain] step 2091/6000 loss 2.6486 gnorm 0.468 lr 3.782e-04 211614 tok/s peak 8633 MiB
[teaching_pretrain] step 2101/6000 loss 2.7106 gnorm 0.461 lr 3.771e-04 211501 tok/s peak 8633 MiB
[teaching_pretrain] step 2111/6000 loss 2.6508 gnorm 0.460 lr 3.761e-04 212189 tok/s peak 8633 MiB
[teaching_pretrain] step 2121/6000 loss 2.7985 gnorm 0.461 lr 3.750e-04 212594 tok/s peak 8633 MiB
[teaching_pretrain] step 2131/6000 loss 2.7666 gnorm 0.464 lr 3.740e-04 212415 tok/s peak 8633 MiB
[teaching_pretrain] step 2141/6000 loss 2.8975 gnorm 0.484 lr 3.729e-04 212550 tok/s peak 8633 MiB
[teaching_pretrain] step 2151/6000 loss 2.6245 gnorm 0.454 lr 3.719e-04 212646 tok/s peak 8633 MiB
[teaching_pretrain] step 2161/6000 loss 2.6697 gnorm 0.478 lr 3.708e-04 212594 tok/s peak 8633 MiB
[teaching_pretrain] step 2171/6000 loss 2.6243 gnorm 0.463 lr 3.697e-04 212203 tok/s peak 8633 MiB
[teaching_pretrain] step 2181/6000 loss 2.6203 gnorm 0.453 lr 3.687e-04 211359 tok/s peak 8633 MiB
[teaching_pretrain] step 2191/6000 loss 2.7129 gnorm 0.462 lr 3.676e-04 211247 tok/s peak 8633 MiB
[teaching_pretrain] step 2201/6000 loss 2.7155 gnorm 0.480 lr 3.665e-04 211824 tok/s peak 8633 MiB
[teaching_pretrain] step 2211/6000 loss 2.7533 gnorm 0.470 lr 3.654e-04 211706 tok/s peak 8633 MiB
[teaching_pretrain] step 2221/6000 loss 2.5873 gnorm 0.465 lr 3.644e-04 211641 tok/s peak 8633 MiB
[teaching_pretrain] step 2231/6000 loss 2.6675 gnorm 0.467 lr 3.633e-04 211492 tok/s peak 8633 MiB
[teaching_pretrain] step 2241/6000 loss 2.6384 gnorm 0.472 lr 3.622e-04 212215 tok/s peak 8633 MiB
[teaching_pretrain]   eval step 2250: val_loss 2.6483
[teaching_pretrain] step 2251/6000 loss 2.5785 gnorm 0.461 lr 3.611e-04 109161 tok/s peak 8633 MiB
[teaching_pretrain] step 2261/6000 loss 2.8431 gnorm 0.466 lr 3.600e-04 212877 tok/s peak 8633 MiB
[teaching_pretrain] step 2271/6000 loss 2.7473 gnorm 0.469 lr 3.589e-04 212746 tok/s peak 8633 MiB
[teaching_pretrain] step 2281/6000 loss 2.6033 gnorm 0.468 lr 3.578e-04 212665 tok/s peak 8633 MiB
[teaching_pretrain] step 2291/6000 loss 2.6468 gnorm 0.451 lr 3.567e-04 212105 tok/s peak 8633 MiB
[teaching_pretrain] step 2301/6000 loss 2.6927 gnorm 0.461 lr 3.556e-04 211413 tok/s peak 8633 MiB
[teaching_pretrain] step 2311/6000 loss 2.5335 gnorm 0.445 lr 3.545e-04 211436 tok/s peak 8633 MiB
[teaching_pretrain] step 2321/6000 loss 2.5083 gnorm 0.454 lr 3.534e-04 211656 tok/s peak 8633 MiB
[teaching_pretrain] step 2331/6000 loss 2.6021 gnorm 0.452 lr 3.523e-04 211645 tok/s peak 8633 MiB
[teaching_pretrain] step 2341/6000 loss 2.6654 gnorm 0.458 lr 3.512e-04 211292 tok/s peak 8633 MiB
[teaching_pretrain] step 2351/6000 loss 2.6414 gnorm 0.456 lr 3.501e-04 211458 tok/s peak 8633 MiB
[teaching_pretrain] step 2361/6000 loss 2.6931 gnorm 0.473 lr 3.490e-04 212154 tok/s peak 8633 MiB
[teaching_pretrain] step 2371/6000 loss 2.7043 gnorm 0.458 lr 3.479e-04 212537 tok/s peak 8633 MiB
[teaching_pretrain] step 2381/6000 loss 2.6700 gnorm 0.452 lr 3.468e-04 212453 tok/s peak 8633 MiB
[teaching_pretrain] step 2391/6000 loss 2.7127 gnorm 0.462 lr 3.456e-04 212529 tok/s peak 8633 MiB
[teaching_pretrain] step 2401/6000 loss 2.6167 gnorm 0.454 lr 3.445e-04 212618 tok/s peak 8633 MiB
[teaching_pretrain] step 2411/6000 loss 2.6727 gnorm 0.467 lr 3.434e-04 212608 tok/s peak 8633 MiB
[teaching_pretrain] step 2421/6000 loss 2.5336 gnorm 0.465 lr 3.423e-04 211980 tok/s peak 8633 MiB
[teaching_pretrain] step 2431/6000 loss 2.6441 gnorm 0.456 lr 3.412e-04 210949 tok/s peak 8633 MiB
[teaching_pretrain] step 2441/6000 loss 2.6863 gnorm 0.466 lr 3.400e-04 211234 tok/s peak 8633 MiB
[teaching_pretrain] step 2451/6000 loss 2.7176 gnorm 0.464 lr 3.389e-04 211427 tok/s peak 8633 MiB
[teaching_pretrain] step 2461/6000 loss 2.6813 gnorm 0.471 lr 3.378e-04 211641 tok/s peak 8633 MiB
[teaching_pretrain] step 2471/6000 loss 2.5452 gnorm 0.459 lr 3.366e-04 211778 tok/s peak 8633 MiB
[teaching_pretrain] step 2481/6000 loss 2.4913 gnorm 0.452 lr 3.355e-04 211569 tok/s peak 8633 MiB
[teaching_pretrain] step 2491/6000 loss 2.6054 gnorm 0.440 lr 3.344e-04 212140 tok/s peak 8633 MiB
[teaching_pretrain]   eval step 2500: val_loss 2.5939
[teaching_pretrain] step 2501/6000 loss 2.5588 gnorm 0.460 lr 3.332e-04 78004 tok/s peak 8633 MiB
[teaching_pretrain] step 2511/6000 loss 2.6983 gnorm 0.460 lr 3.321e-04 212908 tok/s peak 8633 MiB
[teaching_pretrain] step 2521/6000 loss 2.5880 gnorm 0.469 lr 3.310e-04 212811 tok/s peak 8633 MiB
[teaching_pretrain] step 2531/6000 loss 2.5283 gnorm 0.451 lr 3.298e-04 212459 tok/s peak 8633 MiB
[teaching_pretrain] step 2541/6000 loss 2.6458 gnorm 0.461 lr 3.287e-04 211547 tok/s peak 8633 MiB
[teaching_pretrain] step 2551/6000 loss 2.4799 gnorm 0.456 lr 3.275e-04 211562 tok/s peak 8633 MiB
[teaching_pretrain] step 2561/6000 loss 2.6181 gnorm 0.487 lr 3.264e-04 211591 tok/s peak 8633 MiB
[teaching_pretrain] step 2571/6000 loss 2.6089 gnorm 0.462 lr 3.252e-04 211544 tok/s peak 8633 MiB
[teaching_pretrain] step 2581/6000 loss 2.7183 gnorm 0.462 lr 3.241e-04 211737 tok/s peak 8633 MiB
[teaching_pretrain] step 2591/6000 loss 2.6427 gnorm 0.481 lr 3.229e-04 211838 tok/s peak 8633 MiB
[teaching_pretrain] step 2601/6000 loss 2.7561 gnorm 0.470 lr 3.218e-04 212115 tok/s peak 8633 MiB
[teaching_pretrain] step 2611/6000 loss 2.7859 gnorm 0.480 lr 3.206e-04 212593 tok/s peak 8633 MiB
[teaching_pretrain] step 2621/6000 loss 2.5618 gnorm 0.473 lr 3.195e-04 212548 tok/s peak 8633 MiB
[teaching_pretrain] step 2631/6000 loss 2.4695 gnorm 0.444 lr 3.183e-04 212617 tok/s peak 8633 MiB
[teaching_pretrain] step 2641/6000 loss 2.5330 gnorm 0.459 lr 3.172e-04 212626 tok/s peak 8633 MiB
[teaching_pretrain] step 2651/6000 loss 2.6217 gnorm 0.455 lr 3.160e-04 212628 tok/s peak 8633 MiB
[teaching_pretrain] step 2661/6000 loss 2.4983 gnorm 0.440 lr 3.148e-04 212342 tok/s peak 8633 MiB
[teaching_pretrain] step 2671/6000 loss 2.6625 gnorm 0.468 lr 3.137e-04 211187 tok/s peak 8633 MiB
[teaching_pretrain] step 2681/6000 loss 2.6171 gnorm 0.463 lr 3.125e-04 211731 tok/s peak 8633 MiB
[teaching_pretrain] step 2691/6000 loss 2.5214 gnorm 0.457 lr 3.114e-04 211701 tok/s peak 8633 MiB
[teaching_pretrain] step 2701/6000 loss 2.7024 gnorm 0.469 lr 3.102e-04 211514 tok/s peak 8633 MiB
[teaching_pretrain] step 2711/6000 loss 2.5056 gnorm 0.453 lr 3.090e-04 211878 tok/s peak 8633 MiB
[teaching_pretrain] step 2721/6000 loss 2.6327 gnorm 0.464 lr 3.079e-04 211540 tok/s peak 8633 MiB
[teaching_pretrain] step 2731/6000 loss 2.5500 gnorm 0.459 lr 3.067e-04 212127 tok/s peak 8633 MiB
[teaching_pretrain] step 2741/6000 loss 2.6939 gnorm 0.467 lr 3.055e-04 212650 tok/s peak 8633 MiB
[teaching_pretrain]   eval step 2750: val_loss 2.5581
[teaching_pretrain] step 2751/6000 loss 2.6368 gnorm 0.474 lr 3.044e-04 112624 tok/s peak 8633 MiB
[teaching_pretrain] step 2761/6000 loss 2.5992 gnorm 0.458 lr 3.032e-04 212889 tok/s peak 8633 MiB
[teaching_pretrain] step 2771/6000 loss 2.7321 gnorm 0.466 lr 3.020e-04 212711 tok/s peak 8633 MiB
[teaching_pretrain] step 2781/6000 loss 2.5161 gnorm 0.479 lr 3.009e-04 212445 tok/s peak 8633 MiB
[teaching_pretrain] step 2791/6000 loss 2.5319 gnorm 0.458 lr 2.997e-04 211238 tok/s peak 8633 MiB
[teaching_pretrain] step 2801/6000 loss 2.6277 gnorm 0.455 lr 2.985e-04 211432 tok/s peak 8633 MiB
[teaching_pretrain] step 2811/6000 loss 2.5927 gnorm 0.460 lr 2.973e-04 211653 tok/s peak 8633 MiB
[teaching_pretrain] step 2821/6000 loss 2.4657 gnorm 0.446 lr 2.962e-04 211756 tok/s peak 8633 MiB
[teaching_pretrain] step 2831/6000 loss 2.6232 gnorm 0.456 lr 2.950e-04 211799 tok/s peak 8633 MiB
[teaching_pretrain] step 2841/6000 loss 2.6572 gnorm 0.483 lr 2.938e-04 211642 tok/s peak 8633 MiB
[teaching_pretrain] step 2851/6000 loss 2.6447 gnorm 0.457 lr 2.927e-04 211998 tok/s peak 8633 MiB
[teaching_pretrain] step 2861/6000 loss 2.8013 gnorm 0.489 lr 2.915e-04 212590 tok/s peak 8633 MiB
[teaching_pretrain] step 2871/6000 loss 2.5200 gnorm 0.456 lr 2.903e-04 212377 tok/s peak 8633 MiB
[teaching_pretrain] step 2881/6000 loss 2.4677 gnorm 0.449 lr 2.891e-04 212581 tok/s peak 8633 MiB
[teaching_pretrain] step 2891/6000 loss 2.5771 gnorm 0.476 lr 2.880e-04 212522 tok/s peak 8633 MiB
[teaching_pretrain] step 2901/6000 loss 2.4205 gnorm 0.455 lr 2.868e-04 212562 tok/s peak 8633 MiB
[teaching_pretrain] step 2911/6000 loss 2.6370 gnorm 0.542 lr 2.856e-04 212288 tok/s peak 8633 MiB
[teaching_pretrain] step 2921/6000 loss 2.6802 gnorm 0.528 lr 2.844e-04 211106 tok/s peak 8633 MiB
[teaching_pretrain] step 2931/6000 loss 2.6298 gnorm 0.469 lr 2.832e-04 211425 tok/s peak 8633 MiB
[teaching_pretrain] step 2941/6000 loss 2.5143 gnorm 0.457 lr 2.821e-04 211524 tok/s peak 8633 MiB
[teaching_pretrain] step 2951/6000 loss 2.6095 gnorm 0.457 lr 2.809e-04 211843 tok/s peak 8633 MiB
[teaching_pretrain] step 2961/6000 loss 2.6277 gnorm 0.468 lr 2.797e-04 211669 tok/s peak 8633 MiB
[teaching_pretrain] step 2971/6000 loss 2.5359 gnorm 0.459 lr 2.785e-04 211726 tok/s peak 8633 MiB
[teaching_pretrain] step 2981/6000 loss 2.4442 gnorm 0.461 lr 2.774e-04 212145 tok/s peak 8633 MiB
[teaching_pretrain] step 2991/6000 loss 2.4809 gnorm 0.450 lr 2.762e-04 212650 tok/s peak 8633 MiB
[teaching_pretrain]   eval step 3000: val_loss 2.5211
[teaching_pretrain] step 3001/6000 loss 2.6227 gnorm 0.467 lr 2.750e-04 77541 tok/s peak 8633 MiB
[teaching_pretrain] step 3011/6000 loss 2.5340 gnorm 0.451 lr 2.738e-04 213038 tok/s peak 8633 MiB
[teaching_pretrain] step 3021/6000 loss 2.5358 gnorm 0.468 lr 2.726e-04 212857 tok/s peak 8633 MiB
[teaching_pretrain] step 3031/6000 loss 2.5891 gnorm 0.466 lr 2.715e-04 211674 tok/s peak 8633 MiB
[teaching_pretrain] step 3041/6000 loss 2.5125 gnorm 0.463 lr 2.703e-04 211484 tok/s peak 8633 MiB
[teaching_pretrain] step 3051/6000 loss 2.5116 gnorm 0.464 lr 2.691e-04 211557 tok/s peak 8633 MiB
[teaching_pretrain] step 3061/6000 loss 2.6831 gnorm 0.455 lr 2.679e-04 211953 tok/s peak 8633 MiB
[teaching_pretrain] step 3071/6000 loss 2.5705 gnorm 0.476 lr 2.668e-04 212033 tok/s peak 8633 MiB
[teaching_pretrain] step 3081/6000 loss 2.4427 gnorm 0.457 lr 2.656e-04 211580 tok/s peak 8633 MiB
[teaching_pretrain] step 3091/6000 loss 2.4814 gnorm 0.455 lr 2.644e-04 212030 tok/s peak 8633 MiB
[teaching_pretrain] step 3101/6000 loss 2.4765 gnorm 0.458 lr 2.632e-04 212748 tok/s peak 8633 MiB
[teaching_pretrain] step 3111/6000 loss 2.4860 gnorm 0.553 lr 2.620e-04 212343 tok/s peak 8633 MiB
[teaching_pretrain] step 3121/6000 loss 2.5235 gnorm 0.459 lr 2.609e-04 212643 tok/s peak 8633 MiB
[teaching_pretrain] step 3131/6000 loss 2.3897 gnorm 0.452 lr 2.597e-04 212628 tok/s peak 8633 MiB
[teaching_pretrain] step 3141/6000 loss 2.6446 gnorm 0.473 lr 2.585e-04 212538 tok/s peak 8633 MiB
[teaching_pretrain] step 3151/6000 loss 2.5301 gnorm 0.464 lr 2.573e-04 212535 tok/s peak 8633 MiB
[teaching_pretrain] step 3161/6000 loss 2.5706 gnorm 0.461 lr 2.562e-04 211370 tok/s peak 8633 MiB
[teaching_pretrain] step 3171/6000 loss 2.5205 gnorm 0.481 lr 2.550e-04 211429 tok/s peak 8633 MiB
[teaching_pretrain] step 3181/6000 loss 2.5040 gnorm 0.459 lr 2.538e-04 211529 tok/s peak 8633 MiB
[teaching_pretrain] step 3191/6000 loss 2.5477 gnorm 0.457 lr 2.527e-04 211762 tok/s peak 8633 MiB
[teaching_pretrain] step 3201/6000 loss 2.5436 gnorm 0.452 lr 2.515e-04 211677 tok/s peak 8633 MiB
[teaching_pretrain] step 3211/6000 loss 2.5392 gnorm 0.456 lr 2.503e-04 211825 tok/s peak 8633 MiB
[teaching_pretrain] step 3221/6000 loss 2.6168 gnorm 0.453 lr 2.491e-04 212012 tok/s peak 8633 MiB
[teaching_pretrain] step 3231/6000 loss 2.5901 gnorm 0.470 lr 2.480e-04 212650 tok/s peak 8633 MiB
[teaching_pretrain] step 3241/6000 loss 2.6671 gnorm 0.465 lr 2.468e-04 212231 tok/s peak 8633 MiB
[teaching_pretrain]   eval step 3250: val_loss 2.4865
[teaching_pretrain] step 3251/6000 loss 2.5040 gnorm 0.460 lr 2.456e-04 109879 tok/s peak 8633 MiB
[teaching_pretrain] step 3261/6000 loss 2.4182 gnorm 0.453 lr 2.445e-04 212910 tok/s peak 8633 MiB
[teaching_pretrain] step 3271/6000 loss 2.5963 gnorm 0.459 lr 2.433e-04 212633 tok/s peak 8633 MiB
[teaching_pretrain] step 3281/6000 loss 2.4301 gnorm 0.454 lr 2.421e-04 211420 tok/s peak 8633 MiB
[teaching_pretrain] step 3291/6000 loss 2.5486 gnorm 0.458 lr 2.410e-04 211417 tok/s peak 8633 MiB
[teaching_pretrain] step 3301/6000 loss 2.4725 gnorm 0.463 lr 2.398e-04 211550 tok/s peak 8633 MiB
[teaching_pretrain] step 3311/6000 loss 2.4331 gnorm 0.456 lr 2.386e-04 211638 tok/s peak 8633 MiB
[teaching_pretrain] step 3321/6000 loss 2.4133 gnorm 0.459 lr 2.375e-04 211819 tok/s peak 8633 MiB
[teaching_pretrain] step 3331/6000 loss 2.4441 gnorm 0.458 lr 2.363e-04 211822 tok/s peak 8633 MiB
[teaching_pretrain] step 3341/6000 loss 2.4376 gnorm 0.449 lr 2.352e-04 212097 tok/s peak 8633 MiB
[teaching_pretrain] step 3351/6000 loss 2.5412 gnorm 0.462 lr 2.340e-04 212628 tok/s peak 8633 MiB
[teaching_pretrain] step 3361/6000 loss 2.5895 gnorm 0.464 lr 2.328e-04 212305 tok/s peak 8633 MiB
[teaching_pretrain] step 3371/6000 loss 2.5437 gnorm 0.476 lr 2.317e-04 212644 tok/s peak 8633 MiB
[teaching_pretrain] step 3381/6000 loss 2.5809 gnorm 0.462 lr 2.305e-04 212589 tok/s peak 8633 MiB
[teaching_pretrain] step 3391/6000 loss 2.4759 gnorm 0.492 lr 2.294e-04 212603 tok/s peak 8633 MiB
[teaching_pretrain] step 3401/6000 loss 2.4213 gnorm 0.448 lr 2.282e-04 212394 tok/s peak 8633 MiB
[teaching_pretrain] step 3411/6000 loss 2.5570 gnorm 0.449 lr 2.271e-04 211275 tok/s peak 8633 MiB
[teaching_pretrain] step 3421/6000 loss 2.4581 gnorm 0.461 lr 2.259e-04 211119 tok/s peak 8633 MiB
[teaching_pretrain] step 3431/6000 loss 2.4852 gnorm 0.465 lr 2.248e-04 211421 tok/s peak 8633 MiB
[teaching_pretrain] step 3441/6000 loss 2.6262 gnorm 0.471 lr 2.236e-04 211695 tok/s peak 8633 MiB
[teaching_pretrain] step 3451/6000 loss 2.5185 gnorm 0.476 lr 2.225e-04 211459 tok/s peak 8633 MiB
[teaching_pretrain] step 3461/6000 loss 2.4575 gnorm 0.452 lr 2.213e-04 211522 tok/s peak 8633 MiB
[teaching_pretrain] step 3471/6000 loss 2.4831 gnorm 0.461 lr 2.202e-04 211897 tok/s peak 8633 MiB
[teaching_pretrain] step 3481/6000 loss 2.5645 gnorm 0.467 lr 2.190e-04 212620 tok/s peak 8633 MiB
[teaching_pretrain] step 3491/6000 loss 2.5921 gnorm 0.470 lr 2.179e-04 212554 tok/s peak 8633 MiB
[teaching_pretrain]   eval step 3500: val_loss 2.4480
[teaching_pretrain] step 3501/6000 loss 2.3373 gnorm 0.454 lr 2.168e-04 84690 tok/s peak 8633 MiB
[teaching_pretrain] step 3511/6000 loss 2.3933 gnorm 0.459 lr 2.156e-04 212983 tok/s peak 8633 MiB
[teaching_pretrain] step 3521/6000 loss 2.6091 gnorm 0.460 lr 2.145e-04 212180 tok/s peak 8633 MiB
[teaching_pretrain] step 3531/6000 loss 2.4709 gnorm 0.464 lr 2.134e-04 211663 tok/s peak 8633 MiB
[teaching_pretrain] step 3541/6000 loss 2.4273 gnorm 0.461 lr 2.122e-04 211578 tok/s peak 8633 MiB
[teaching_pretrain] step 3551/6000 loss 2.5653 gnorm 0.461 lr 2.111e-04 211817 tok/s peak 8633 MiB
[teaching_pretrain] step 3561/6000 loss 2.4210 gnorm 0.455 lr 2.100e-04 211684 tok/s peak 8633 MiB
[teaching_pretrain] step 3571/6000 loss 2.4989 gnorm 0.465 lr 2.088e-04 211829 tok/s peak 8633 MiB
[teaching_pretrain] step 3581/6000 loss 2.3694 gnorm 0.454 lr 2.077e-04 211506 tok/s peak 8633 MiB
[teaching_pretrain] step 3591/6000 loss 2.3811 gnorm 0.455 lr 2.066e-04 212548 tok/s peak 8633 MiB
[teaching_pretrain] step 3601/6000 loss 2.4350 gnorm 0.458 lr 2.055e-04 212012 tok/s peak 8633 MiB
[teaching_pretrain] step 3611/6000 loss 2.4998 gnorm 0.470 lr 2.044e-04 212595 tok/s peak 8633 MiB
[teaching_pretrain] step 3621/6000 loss 2.3007 gnorm 0.449 lr 2.032e-04 212608 tok/s peak 8633 MiB
[teaching_pretrain] step 3631/6000 loss 2.4297 gnorm 0.463 lr 2.021e-04 212575 tok/s peak 8633 MiB
[teaching_pretrain] step 3641/6000 loss 2.3928 gnorm 0.457 lr 2.010e-04 212603 tok/s peak 8633 MiB
[teaching_pretrain] step 3651/6000 loss 2.5369 gnorm 0.471 lr 1.999e-04 211540 tok/s peak 8633 MiB
[teaching_pretrain] step 3661/6000 loss 2.5471 gnorm 0.478 lr 1.988e-04 211057 tok/s peak 8633 MiB
[teaching_pretrain] step 3671/6000 loss 2.3912 gnorm 0.456 lr 1.977e-04 211366 tok/s peak 8633 MiB
[teaching_pretrain] step 3681/6000 loss 2.4500 gnorm 0.452 lr 1.966e-04 211507 tok/s peak 8633 MiB
[teaching_pretrain] step 3691/6000 loss 2.6035 gnorm 0.468 lr 1.955e-04 211653 tok/s peak 8633 MiB
[teaching_pretrain] step 3701/6000 loss 2.3215 gnorm 0.463 lr 1.944e-04 211426 tok/s peak 8633 MiB
[teaching_pretrain] step 3711/6000 loss 2.5274 gnorm 0.470 lr 1.933e-04 211632 tok/s peak 8633 MiB
[teaching_pretrain] step 3721/6000 loss 2.4032 gnorm 0.462 lr 1.922e-04 212631 tok/s peak 8633 MiB
[teaching_pretrain] step 3731/6000 loss 2.4943 gnorm 0.465 lr 1.911e-04 212279 tok/s peak 8633 MiB
[teaching_pretrain] step 3741/6000 loss 2.4472 gnorm 0.462 lr 1.900e-04 212619 tok/s peak 8633 MiB
[teaching_pretrain]   eval step 3750: val_loss 2.4256
[teaching_pretrain] step 3751/6000 loss 2.4702 gnorm 0.464 lr 1.889e-04 113434 tok/s peak 8633 MiB
[teaching_pretrain] step 3761/6000 loss 2.4317 gnorm 0.459 lr 1.878e-04 212870 tok/s peak 8633 MiB
[teaching_pretrain] step 3771/6000 loss 2.4445 gnorm 0.451 lr 1.867e-04 211695 tok/s peak 8633 MiB
[teaching_pretrain] step 3781/6000 loss 2.5039 gnorm 0.458 lr 1.856e-04 211231 tok/s peak 8633 MiB
[teaching_pretrain] step 3791/6000 loss 2.5545 gnorm 0.461 lr 1.846e-04 211301 tok/s peak 8633 MiB
[teaching_pretrain] step 3801/6000 loss 2.3689 gnorm 0.465 lr 1.835e-04 211647 tok/s peak 8633 MiB
[teaching_pretrain] step 3811/6000 loss 2.4623 gnorm 0.454 lr 1.824e-04 211508 tok/s peak 8633 MiB
[teaching_pretrain] step 3821/6000 loss 2.5422 gnorm 0.469 lr 1.813e-04 211531 tok/s peak 8633 MiB
[teaching_pretrain] step 3831/6000 loss 2.4572 gnorm 0.468 lr 1.803e-04 211599 tok/s peak 8633 MiB
[teaching_pretrain] step 3841/6000 loss 2.3782 gnorm 0.471 lr 1.792e-04 212562 tok/s peak 8633 MiB
[teaching_pretrain] step 3851/6000 loss 2.4852 gnorm 0.466 lr 1.781e-04 212524 tok/s peak 8633 MiB
[teaching_pretrain] step 3861/6000 loss 2.3900 gnorm 0.455 lr 1.771e-04 212246 tok/s peak 8633 MiB
[teaching_pretrain] step 3871/6000 loss 2.3186 gnorm 0.445 lr 1.760e-04 212500 tok/s peak 8633 MiB
[teaching_pretrain] step 3881/6000 loss 2.5217 gnorm 0.461 lr 1.750e-04 212654 tok/s peak 8633 MiB
[teaching_pretrain] step 3891/6000 loss 2.4824 gnorm 0.464 lr 1.739e-04 212617 tok/s peak 8633 MiB
[teaching_pretrain] step 3901/6000 loss 2.3799 gnorm 0.449 lr 1.729e-04 211361 tok/s peak 8633 MiB
[teaching_pretrain] step 3911/6000 loss 2.4493 gnorm 0.463 lr 1.718e-04 211177 tok/s peak 8633 MiB
[teaching_pretrain] step 3921/6000 loss 2.3595 gnorm 0.458 lr 1.708e-04 211355 tok/s peak 8633 MiB
[teaching_pretrain] step 3931/6000 loss 2.3413 gnorm 0.459 lr 1.697e-04 211562 tok/s peak 8633 MiB
[teaching_pretrain] step 3941/6000 loss 2.5077 gnorm 0.469 lr 1.687e-04 211623 tok/s peak 8633 MiB
[teaching_pretrain] step 3951/6000 loss 2.5639 gnorm 0.476 lr 1.676e-04 211537 tok/s peak 8633 MiB
[teaching_pretrain] step 3961/6000 loss 2.4255 gnorm 0.461 lr 1.666e-04 211494 tok/s peak 8633 MiB
[teaching_pretrain] step 3971/6000 loss 2.5229 gnorm 0.467 lr 1.656e-04 212594 tok/s peak 8633 MiB
[teaching_pretrain] step 3981/6000 loss 2.5156 gnorm 0.469 lr 1.645e-04 212232 tok/s peak 8633 MiB
[teaching_pretrain] step 3991/6000 loss 2.4588 gnorm 0.462 lr 1.635e-04 212577 tok/s peak 8633 MiB
[teaching_pretrain]   eval step 4000: val_loss 2.3958
[teaching_pretrain] step 4001/6000 loss 2.4157 gnorm 0.446 lr 1.625e-04 78701 tok/s peak 8633 MiB
[teaching_pretrain] step 4011/6000 loss 2.4099 gnorm 0.457 lr 1.615e-04 212330 tok/s peak 8633 MiB
[teaching_pretrain] step 4021/6000 loss 2.4855 gnorm 0.462 lr 1.605e-04 211509 tok/s peak 8633 MiB
[teaching_pretrain] step 4031/6000 loss 2.4063 gnorm 0.463 lr 1.595e-04 211491 tok/s peak 8633 MiB
[teaching_pretrain] step 4041/6000 loss 2.4179 gnorm 0.453 lr 1.584e-04 211753 tok/s peak 8633 MiB
[teaching_pretrain] step 4051/6000 loss 2.3960 gnorm 0.462 lr 1.574e-04 211666 tok/s peak 8633 MiB
[teaching_pretrain] step 4061/6000 loss 2.4279 gnorm 0.470 lr 1.564e-04 211507 tok/s peak 8633 MiB
[teaching_pretrain] step 4071/6000 loss 2.4455 gnorm 0.459 lr 1.554e-04 211779 tok/s peak 8633 MiB
[teaching_pretrain] step 4081/6000 loss 2.5829 gnorm 0.468 lr 1.544e-04 212479 tok/s peak 8633 MiB
[teaching_pretrain] step 4091/6000 loss 2.5065 gnorm 0.470 lr 1.534e-04 212358 tok/s peak 8633 MiB
[teaching_pretrain] step 4101/6000 loss 2.4860 gnorm 0.477 lr 1.525e-04 212620 tok/s peak 8633 MiB
[teaching_pretrain] step 4111/6000 loss 2.3836 gnorm 0.461 lr 1.515e-04 212525 tok/s peak 8633 MiB
[teaching_pretrain] step 4121/6000 loss 2.4506 gnorm 0.463 lr 1.505e-04 212642 tok/s peak 8633 MiB
[teaching_pretrain] step 4131/6000 loss 2.3983 gnorm 0.461 lr 1.495e-04 212637 tok/s peak 8633 MiB
[teaching_pretrain] step 4141/6000 loss 2.4489 gnorm 0.457 lr 1.485e-04 211871 tok/s peak 8633 MiB
[teaching_pretrain] step 4151/6000 loss 2.4396 gnorm 0.469 lr 1.476e-04 211790 tok/s peak 8633 MiB
[teaching_pretrain] step 4161/6000 loss 2.4753 gnorm 0.462 lr 1.466e-04 211276 tok/s peak 8633 MiB
[teaching_pretrain] step 4171/6000 loss 2.4539 gnorm 0.461 lr 1.456e-04 211718 tok/s peak 8633 MiB
[teaching_pretrain] step 4181/6000 loss 2.4024 gnorm 0.461 lr 1.447e-04 211754 tok/s peak 8633 MiB
[teaching_pretrain] step 4191/6000 loss 2.4950 gnorm 0.462 lr 1.437e-04 211544 tok/s peak 8633 MiB
[teaching_pretrain] step 4201/6000 loss 2.3126 gnorm 0.471 lr 1.427e-04 211629 tok/s peak 8633 MiB
[teaching_pretrain] step 4211/6000 loss 2.3303 gnorm 0.454 lr 1.418e-04 212335 tok/s peak 8633 MiB
[teaching_pretrain] step 4221/6000 loss 2.5068 gnorm 0.463 lr 1.408e-04 212505 tok/s peak 8633 MiB
[teaching_pretrain] step 4231/6000 loss 2.5037 gnorm 0.475 lr 1.399e-04 212532 tok/s peak 8633 MiB
[teaching_pretrain] step 4241/6000 loss 2.5299 gnorm 0.465 lr 1.390e-04 212490 tok/s peak 8633 MiB
[teaching_pretrain]   eval step 4250: val_loss 2.3768
[teaching_pretrain] step 4251/6000 loss 2.3926 gnorm 0.457 lr 1.380e-04 112356 tok/s peak 8633 MiB
[teaching_pretrain] step 4261/6000 loss 2.2841 gnorm 0.459 lr 1.371e-04 211986 tok/s peak 8633 MiB
[teaching_pretrain] step 4271/6000 loss 2.3046 gnorm 0.460 lr 1.362e-04 211667 tok/s peak 8633 MiB
[teaching_pretrain] step 4281/6000 loss 2.4996 gnorm 0.465 lr 1.352e-04 211775 tok/s peak 8633 MiB
[teaching_pretrain] step 4291/6000 loss 2.4705 gnorm 0.468 lr 1.343e-04 211514 tok/s peak 8633 MiB
[teaching_pretrain] step 4301/6000 loss 2.3840 gnorm 0.472 lr 1.334e-04 211602 tok/s peak 8633 MiB
[teaching_pretrain] step 4311/6000 loss 2.4599 gnorm 0.464 lr 1.325e-04 211851 tok/s peak 8633 MiB
[teaching_pretrain] step 4321/6000 loss 2.4527 gnorm 0.482 lr 1.316e-04 211669 tok/s peak 8633 MiB
[teaching_pretrain] step 4331/6000 loss 2.3870 gnorm 0.465 lr 1.307e-04 212489 tok/s peak 8633 MiB
[teaching_pretrain] step 4341/6000 loss 2.4219 gnorm 0.466 lr 1.298e-04 212354 tok/s peak 8633 MiB
[teaching_pretrain] step 4351/6000 loss 2.4734 gnorm 0.466 lr 1.289e-04 212580 tok/s peak 8633 MiB
[teaching_pretrain] step 4361/6000 loss 2.4278 gnorm 0.475 lr 1.280e-04 212611 tok/s peak 8633 MiB
[teaching_pretrain] step 4371/6000 loss 2.4979 gnorm 0.477 lr 1.271e-04 212583 tok/s peak 8633 MiB
[teaching_pretrain] step 4381/6000 loss 2.3617 gnorm 0.468 lr 1.262e-04 212566 tok/s peak 8633 MiB
[teaching_pretrain] step 4391/6000 loss 2.3780 gnorm 0.455 lr 1.253e-04 211719 tok/s peak 8633 MiB
[teaching_pretrain] step 4401/6000 loss 2.2987 gnorm 0.458 lr 1.244e-04 211447 tok/s peak 8633 MiB
[teaching_pretrain] step 4411/6000 loss 2.2879 gnorm 0.635 lr 1.236e-04 211417 tok/s peak 8633 MiB
[teaching_pretrain] step 4421/6000 loss 2.4036 gnorm 0.457 lr 1.227e-04 211707 tok/s peak 8633 MiB
[teaching_pretrain] step 4431/6000 loss 2.4718 gnorm 0.476 lr 1.218e-04 211893 tok/s peak 8633 MiB
[teaching_pretrain] step 4441/6000 loss 2.5291 gnorm 0.477 lr 1.210e-04 211502 tok/s peak 8633 MiB
[teaching_pretrain] step 4451/6000 loss 2.3692 gnorm 0.462 lr 1.201e-04 211802 tok/s peak 8633 MiB
[teaching_pretrain] step 4461/6000 loss 2.4016 gnorm 0.461 lr 1.193e-04 212488 tok/s peak 8633 MiB
[teaching_pretrain] step 4471/6000 loss 2.4332 gnorm 0.465 lr 1.184e-04 212303 tok/s peak 8633 MiB
[teaching_pretrain] step 4481/6000 loss 2.3608 gnorm 0.457 lr 1.176e-04 212570 tok/s peak 8633 MiB
[teaching_pretrain] step 4491/6000 loss 2.4442 gnorm 0.469 lr 1.167e-04 212571 tok/s peak 8633 MiB
[teaching_pretrain]   eval step 4500: val_loss 2.3589
[teaching_pretrain] step 4501/6000 loss 2.4144 gnorm 0.468 lr 1.159e-04 78595 tok/s peak 8633 MiB
[teaching_pretrain] step 4511/6000 loss 2.5319 gnorm 0.504 lr 1.151e-04 211518 tok/s peak 8633 MiB
[teaching_pretrain] step 4521/6000 loss 2.2927 gnorm 0.464 lr 1.142e-04 211505 tok/s peak 8633 MiB
[teaching_pretrain] step 4531/6000 loss 2.4785 gnorm 0.468 lr 1.134e-04 211757 tok/s peak 8633 MiB
[teaching_pretrain] step 4541/6000 loss 2.5312 gnorm 0.480 lr 1.126e-04 211698 tok/s peak 8633 MiB
[teaching_pretrain] step 4551/6000 loss 2.4450 gnorm 0.467 lr 1.118e-04 211341 tok/s peak 8633 MiB
[teaching_pretrain] step 4561/6000 loss 2.4462 gnorm 0.466 lr 1.110e-04 211511 tok/s peak 8633 MiB
[teaching_pretrain] step 4571/6000 loss 2.2543 gnorm 0.458 lr 1.102e-04 212209 tok/s peak 8633 MiB
[teaching_pretrain] step 4581/6000 loss 2.4165 gnorm 0.474 lr 1.094e-04 212552 tok/s peak 8633 MiB
[teaching_pretrain] step 4591/6000 loss 2.2423 gnorm 0.465 lr 1.086e-04 212529 tok/s peak 8633 MiB
[teaching_pretrain] step 4601/6000 loss 2.3628 gnorm 0.467 lr 1.078e-04 212567 tok/s peak 8633 MiB
[teaching_pretrain] step 4611/6000 loss 2.2852 gnorm 0.461 lr 1.070e-04 212505 tok/s peak 8633 MiB
[teaching_pretrain] step 4621/6000 loss 2.2755 gnorm 0.506 lr 1.062e-04 212600 tok/s peak 8633 MiB
[teaching_pretrain] step 4631/6000 loss 2.2419 gnorm 0.458 lr 1.054e-04 212121 tok/s peak 8633 MiB
[teaching_pretrain] step 4641/6000 loss 2.4404 gnorm 0.470 lr 1.047e-04 211406 tok/s peak 8633 MiB
[teaching_pretrain] step 4651/6000 loss 2.3875 gnorm 0.471 lr 1.039e-04 211613 tok/s peak 8633 MiB
[teaching_pretrain] step 4661/6000 loss 2.2505 gnorm 0.469 lr 1.031e-04 211754 tok/s peak 8633 MiB
[teaching_pretrain] step 4671/6000 loss 2.2554 gnorm 0.465 lr 1.024e-04 211739 tok/s peak 8633 MiB
[teaching_pretrain] step 4681/6000 loss 2.4317 gnorm 0.476 lr 1.016e-04 211612 tok/s peak 8633 MiB
[teaching_pretrain] step 4691/6000 loss 2.3892 gnorm 0.466 lr 1.009e-04 211575 tok/s peak 8633 MiB
[teaching_pretrain] step 4701/6000 loss 2.2195 gnorm 0.462 lr 1.001e-04 212324 tok/s peak 8633 MiB
[teaching_pretrain] step 4711/6000 loss 2.2562 gnorm 0.454 lr 9.940e-05 212406 tok/s peak 8633 MiB
[teaching_pretrain] step 4721/6000 loss 2.2952 gnorm 0.454 lr 9.867e-05 212539 tok/s peak 8633 MiB
[teaching_pretrain] step 4731/6000 loss 2.3664 gnorm 0.469 lr 9.794e-05 212648 tok/s peak 8633 MiB
[teaching_pretrain] step 4741/6000 loss 2.3186 gnorm 0.464 lr 9.722e-05 212629 tok/s peak 8633 MiB
[teaching_pretrain]   eval step 4750: val_loss 2.3427
[teaching_pretrain] step 4751/6000 loss 2.4952 gnorm 0.479 lr 9.650e-05 112140 tok/s peak 8633 MiB
[teaching_pretrain] step 4761/6000 loss 2.3865 gnorm 0.468 lr 9.578e-05 211574 tok/s peak 8633 MiB
[teaching_pretrain] step 4771/6000 loss 2.4492 gnorm 0.483 lr 9.507e-05 211559 tok/s peak 8633 MiB
[teaching_pretrain] step 4781/6000 loss 2.4345 gnorm 0.469 lr 9.437e-05 211665 tok/s peak 8633 MiB
[teaching_pretrain] step 4791/6000 loss 2.4695 gnorm 0.474 lr 9.367e-05 211686 tok/s peak 8633 MiB
[teaching_pretrain] step 4801/6000 loss 2.4217 gnorm 0.463 lr 9.297e-05 211745 tok/s peak 8633 MiB
[teaching_pretrain] step 4811/6000 loss 2.4485 gnorm 0.476 lr 9.228e-05 211661 tok/s peak 8633 MiB
[teaching_pretrain] step 4821/6000 loss 2.4133 gnorm 0.474 lr 9.160e-05 212431 tok/s peak 8633 MiB
[teaching_pretrain] step 4831/6000 loss 2.2426 gnorm 0.469 lr 9.092e-05 212606 tok/s peak 8633 MiB
[teaching_pretrain] step 4841/6000 loss 2.4742 gnorm 0.476 lr 9.024e-05 212650 tok/s peak 8633 MiB
[teaching_pretrain] step 4851/6000 loss 2.3697 gnorm 0.469 lr 8.957e-05 212463 tok/s peak 8633 MiB
[teaching_pretrain] step 4861/6000 loss 2.5381 gnorm 0.466 lr 8.891e-05 212629 tok/s peak 8633 MiB
[teaching_pretrain] step 4871/6000 loss 2.4439 gnorm 0.476 lr 8.825e-05 212602 tok/s peak 8633 MiB
[teaching_pretrain] step 4881/6000 loss 2.3355 gnorm 0.464 lr 8.759e-05 211870 tok/s peak 8633 MiB
Traceback (most recent call last):
  File "/scratch/learn/work/labs/L7/teaching_pretrain.py", line 339, in <module>
    main()
  File "/scratch/learn/work/labs/L7/teaching_pretrain.py", line 241, in main
    x = torch.from_numpy(gather(train_tokens, starts, args.seq_len).astype(np.int64)).to(device)
                         ^^^^^^^^^^^^^^^^^^^^^^^^^^^^^^^^^^^^^^^^^^
  File "/scratch/learn/work/labs/L7/teaching_pretrain.py", line 63, in gather
    return np.stack([np.asarray(tokens[s * seq_len:(s + 1) * seq_len]) for s in starts])
           ^^^^^^^^^^^^^^^^^^^^^^^^^^^^^^^^^^^^^^^^^^^^^^^^^^^^^^^^^^^^^^^^^^^^^^^^^^^^^
  File "/scratch/learn/envs/serve/lib/python3.12/site-packages/numpy/_core/shape_base.py", line 456, in stack
    raise ValueError('need at least one array to stack')
ValueError: need at least one array to stack
