  round 0 conc  1  p50   126.8 ms  p95   126.8  TTFTmax   16.9  queue 0.022 ms  客户端 CPU/请求   0.37 ms (占墙钟 0.00)
  round 0 conc  8  p50   140.5 ms  p95   140.8  TTFTmax   22.4  queue 0.01 ms  客户端 CPU/请求   0.42 ms (占墙钟 0.02)
  round 0 conc 32  p50   183.6 ms  p95   184.4  TTFTmax   69.8  queue 0.018 ms  客户端 CPU/请求   0.40 ms (占墙钟 0.07)
  round 1 conc  1  p50   120.8 ms  p95   120.8  TTFTmax   11.1  queue 0.013 ms  客户端 CPU/请求   0.43 ms (占墙钟 0.00)
  round 1 conc  8  p50   143.7 ms  p95   144.1  TTFTmax   24.5  queue 0.009 ms  客户端 CPU/请求   0.57 ms (占墙钟 0.03)
  round 1 conc 32  p50   167.6 ms  p95   168.4  TTFTmax   52.9  queue 0.02 ms  客户端 CPU/请求   0.45 ms (占墙钟 0.09)
  round 2 conc  1  p50   121.3 ms  p95   121.3  TTFTmax   10.9  queue 0.004 ms  客户端 CPU/请求   0.38 ms (占墙钟 0.00)
  round 2 conc  8  p50   141.6 ms  p95   141.8  TTFTmax   22.2  queue 0.007 ms  客户端 CPU/请求   0.46 ms (占墙钟 0.03)
  round 2 conc 32  p50   161.2 ms  p95   167.9  TTFTmax   52.3  queue 0.015 ms  客户端 CPU/请求   0.37 ms (占墙钟 0.07)
  round 3 conc  1  p50   120.8 ms  p95   120.8  TTFTmax    9.0  queue 0.01 ms  客户端 CPU/请求   0.27 ms (占墙钟 0.00)
  round 3 conc  8  p50   143.7 ms  p95   143.9  TTFTmax   23.5  queue 0.01 ms  客户端 CPU/请求   0.43 ms (占墙钟 0.02)
  round 3 conc 32  p50   159.9 ms  p95   166.2  TTFTmax   49.4  queue 0.014 ms  客户端 CPU/请求   0.35 ms (占墙钟 0.07)
  round 4 conc  1  p50   121.7 ms  p95   121.7  TTFTmax    9.8  queue 0.01 ms  客户端 CPU/请求   0.53 ms (占墙钟 0.00)
  round 4 conc  8  p50   142.9 ms  p95   142.9  TTFTmax   22.9  queue 0.008 ms  客户端 CPU/请求   0.39 ms (占墙钟 0.02)
  round 4 conc 32  p50   160.7 ms  p95   166.2  TTFTmax   50.1  queue 0.013 ms  客户端 CPU/请求   0.37 ms (占墙钟 0.07)
  round 5 conc  1  p50   123.0 ms  p95   123.0  TTFTmax   11.3  queue 0.006 ms  客户端 CPU/请求   0.40 ms (占墙钟 0.00)
  round 5 conc  8  p50   142.4 ms  p95   142.8  TTFTmax   22.8  queue 0.01 ms  客户端 CPU/请求   0.41 ms (占墙钟 0.02)
  round 5 conc 32  p50   164.7 ms  p95   165.3  TTFTmax   48.9  queue 0.014 ms  客户端 CPU/请求   0.30 ms (占墙钟 0.06)

各档轮间离散：
  conc  1: p50 中位 121.489 ms，区间 [120.769, 126.774]，差幅 4.94%，首轮 126.774 ms，客户端 CPU/墙钟 [0.003, 0.004, 0.003, 0.002, 0.004, 0.003]
  conc  8: p50 中位 142.642 ms，区间 [140.528, 143.725]，差幅 2.24%，首轮 140.528 ms，客户端 CPU/墙钟 [0.024, 0.032, 0.026, 0.024, 0.021, 0.023]
  conc 32: p50 中位 162.97 ms，区间 [159.943, 183.591]，差幅 14.51%，首轮 183.591 ms，客户端 CPU/墙钟 [0.068, 0.085, 0.069, 0.066, 0.07, 0.058]

判读：若 conc 32 的首轮明显偏慢、后续轮稳定，则波动是预热/轮次效应；
      若客户端 CPU/墙钟接近 1，则客户端线程本身是共同瓶颈。
