=== 开始教师特征缓存协议与存储账本验证 ===

[测试用例 1] 正常缓存命中: ok=True, msg=CacheHit: Verified feature valid
[测试用例 2] 教师版本变更拦截: ok=False, msg=StaleCacheError: Feature generated by revision git-commit-a1b2c3d4, current teacher is git-commit-v2-upgrade
[测试用例 3] 样本切分歧义拦截: ok=False, msg=TokenMismatchError: Token sequence changed (hash mismatch), template or tokenizer altered

[测试用例 4] 100K 样本蒸馏存储账本对比:
  -> 全词表 Logits 存储总需求: 56.65 TiB (594.0 MiB/样本)
  -> 隐层特征 BF16 存储总需求: 4.58 TiB (48.0 MiB/样本, 节省 12.4x)
  -> 隐层特征 FP8 存储总需求: 2.29 TiB (节省 24.8x)
{
  "cache_consistency_tests": {
    "normal_hit": {
      "ok": true,
      "msg": "CacheHit: Verified feature valid"
    },
    "revision_mismatch": {
      "ok": false,
      "msg": "StaleCacheError: Feature generated by revision git-commit-a1b2c3d4, current teacher is git-commit-v2-upgrade"
    },
    "token_mismatch": {
      "ok": false,
      "msg": "TokenMismatchError: Token sequence changed (hash mismatch), template or tokenizer altered"
    }
  },
  "storage_bandwidth_ledger": {
    "num_samples": 100000,
    "sequence_length": 2048,
    "vocab_size": 152064,
    "hidden_dim": 4096,
    "num_feature_layers": 3,
    "full_vocab_logits": {
      "bytes_per_sample_mib": 594.0,
      "total_storage_tib": 56.65,
      "scope": "假设形状的存储乘法，不表示已生成这些数据或已测 I/O"
    },
    "hidden_states_bf16": {
      "bytes_per_sample_mib": 48.0,
      "total_storage_tib": 4.58,
      "savings_ratio_vs_logits": 12.4,
      "scope": "隐藏特征占用估算；仍需词表投影时不能据此推断训练加速"
    },
    "hidden_states_fp8": {
      "bytes_per_sample_mib": 24.0,
      "total_storage_tib": 2.29,
      "savings_ratio_vs_logits": 24.8
    }
  },
  "scope": "metadata-only in-memory dictionary; storage sizes are estimates; no feature tensor, I/O, ACK or performance measurement"
}
