[p2p] rank=0/2 master=192.168.105.100:29921 host=sg-admin-260624-2348f-default0-0
/scratch/learn/envs/serve/lib/python3.12/site-packages/torch/distributed/c10d_logger.py:83: UserWarning: barrier(): using the device under current context. You can specify `device_id` in `init_process_group` to mute this warning.
  return func(*args, **kwargs)
[rank0]:[W922 05:40:14.043294052 ProcessGroupNCCL.cpp:5276] Guessing device ID based on global rank. This can cause a hang if rank to GPU mapping is heterogeneous. You can specify device_id in init_process_group()
[rank0]:[W922 05:40:14.297057065 ProcessGroupNCCL.cpp:4173] Warning: An unbatched P2P op (send/recv) was called on this ProcessGroup with size 2.  In lazy initialization mode, this will result in a new 2-rank NCCL communicator to be created. (function operator())
  [D] async_isend_irecv    ERROR(0.0s) DistBackendError: NCCL error in: /__w/pytorch/pytorch/torch/csrc/distributed/c10d/ProcessG
  [D] batch_isend_irecv    device=  71.581 ms  cpu=  0.039 ms  正确=True
  [D] coalescing_async     device=  71.615 ms  cpu=  0.148 ms  正确=True
  [D] coalescing_sync      device=  71.601 ms  cpu=  0.108 ms  正确=True
[rank0]:[W922 05:40:21.444608296 ProcessGroupNCCL.cpp:4173] Warning: An unbatched P2P op (send/recv) was called on this ProcessGroup with size 2.  In lazy initialization mode, this will result in a new 2-rank NCCL communicator to be created. (function operator())
[rank0]:[E922 05:40:21.469113740 ProcessGroupNCCL.cpp:2174] [PG ID 0 PG GUID 0(default_pg) Rank 0] Process group watchdog thread terminated with exception: CUDA error: an illegal memory access was encountered
Search for `cudaErrorIllegalAddress' in https://docs.nvidia.com/cuda/cuda-runtime-api/group__CUDART__TYPES.html for more information.
CUDA kernel errors might be asynchronously reported at some other API call, so the stacktrace below might be incorrect.
For debugging consider passing CUDA_LAUNCH_BLOCKING=1

Exception raised from query at /__w/pytorch/pytorch/c10/cuda/CUDAEvent.h:111 (most recent call first):
frame #0: c10::Error::Error(c10::SourceLocation, std::__cxx11::basic_string<char, std::char_traits<char>, std::allocator<char> >) + 0x9d (0x7d0d54363bfd in /scratch/learn/envs/serve/lib/python3.12/site-packages/torch/lib/libc10.so)
frame #1: <unknown function> + 0xc4e9 (0x7d0d5476c4e9 in /scratch/learn/envs/serve/lib/python3.12/site-packages/torch/lib/libc10_cuda.so)
frame #2: c10d::ProcessGroupNCCL::WorkNCCL::finishedGPUExecutionInternal() const + 0x50 (0x7d0c9fe45920 in /scratch/learn/envs/serve/lib/python3.12/site-packages/torch/lib/libtorch_cuda.so)
frame #3: c10d::ProcessGroupNCCL::WorkNCCL::isCompleted() + 0x68 (0x7d0c9fe4f7b8 in /scratch/learn/envs/serve/lib/python3.12/site-packages/torch/lib/libtorch_cuda.so)
frame #4: c10d::ProcessGroupNCCL::Watchdog::runLoop() + 0xa7a (0x7d0c9fe5ae6a in /scratch/learn/envs/serve/lib/python3.12/site-packages/torch/lib/libtorch_cuda.so)
frame #5: c10d::ProcessGroupNCCL::Watchdog::run() + 0x157 (0x7d0c9fe5cd47 in /scratch/learn/envs/serve/lib/python3.12/site-packages/torch/lib/libtorch_cuda.so)
frame #6: <unknown function> + 0xdc253 (0x7d0d24ab0253 in /usr/lib/x86_64-linux-gnu/libstdc++.so.6)
frame #7: <unknown function> + 0x94ac3 (0x7d0d5530bac3 in /usr/lib/x86_64-linux-gnu/libc.so.6)
frame #8: <unknown function> + 0x1268d0 (0x7d0d5539d8d0 in /usr/lib/x86_64-linux-gnu/libc.so.6)

terminate called after throwing an instance of 'c10::DistBackendError'
  what():  [PG ID 0 PG GUID 0(default_pg) Rank 0] Process group watchdog thread terminated with exception: CUDA error: an illegal memory access was encountered
Search for `cudaErrorIllegalAddress' in https://docs.nvidia.com/cuda/cuda-runtime-api/group__CUDART__TYPES.html for more information.
CUDA kernel errors might be asynchronously reported at some other API call, so the stacktrace below might be incorrect.
For debugging consider passing CUDA_LAUNCH_BLOCKING=1

Exception raised from query at /__w/pytorch/pytorch/c10/cuda/CUDAEvent.h:111 (most recent call first):
frame #0: c10::Error::Error(c10::SourceLocation, std::__cxx11::basic_string<char, std::char_traits<char>, std::allocator<char> >) + 0x9d (0x7d0d54363bfd in /scratch/learn/envs/serve/lib/python3.12/site-packages/torch/lib/libc10.so)
frame #1: <unknown function> + 0xc4e9 (0x7d0d5476c4e9 in /scratch/learn/envs/serve/lib/python3.12/site-packages/torch/lib/libc10_cuda.so)
frame #2: c10d::ProcessGroupNCCL::WorkNCCL::finishedGPUExecutionInternal() const + 0x50 (0x7d0c9fe45920 in /scratch/learn/envs/serve/lib/python3.12/site-packages/torch/lib/libtorch_cuda.so)
frame #3: c10d::ProcessGroupNCCL::WorkNCCL::isCompleted() + 0x68 (0x7d0c9fe4f7b8 in /scratch/learn/envs/serve/lib/python3.12/site-packages/torch/lib/libtorch_cuda.so)
frame #4: c10d::ProcessGroupNCCL::Watchdog::runLoop() + 0xa7a (0x7d0c9fe5ae6a in /scratch/learn/envs/serve/lib/python3.12/site-packages/torch/lib/libtorch_cuda.so)
frame #5: c10d::ProcessGroupNCCL::Watchdog::run() + 0x157 (0x7d0c9fe5cd47 in /scratch/learn/envs/serve/lib/python3.12/site-packages/torch/lib/libtorch_cuda.so)
frame #6: <unknown function> + 0xdc253 (0x7d0d24ab0253 in /usr/lib/x86_64-linux-gnu/libstdc++.so.6)
frame #7: <unknown function> + 0x94ac3 (0x7d0d5530bac3 in /usr/lib/x86_64-linux-gnu/libc.so.6)
frame #8: <unknown function> + 0x1268d0 (0x7d0d5539d8d0 in /usr/lib/x86_64-linux-gnu/libc.so.6)

Exception raised from run at /__w/pytorch/pytorch/torch/csrc/distributed/c10d/ProcessGroupNCCL.cpp:2180 (most recent call first):
frame #0: c10::Error::Error(c10::SourceLocation, std::__cxx11::basic_string<char, std::char_traits<char>, std::allocator<char> >) + 0x9d (0x7d0d54363bfd in /scratch/learn/envs/serve/lib/python3.12/site-packages/torch/lib/libc10.so)
frame #1: c10::DistError::DistError(c10::SourceLocation, std::__cxx11::basic_string<char, std::char_traits<char>, std::allocator<char> >) + 0x72 (0x7d0d54364bd2 in /scratch/learn/envs/serve/lib/python3.12/site-packages/torch/lib/libc10.so)
frame #2: c10::DistBackendError::DistBackendError(c10::SourceLocation, std::__cxx11::basic_string<char, std::char_traits<char>, std::allocator<char> >) + 0x72 (0x7d0d54364d02 in /scratch/learn/envs/serve/lib/python3.12/site-packages/torch/lib/libc10.so)
frame #3: <unknown function> + 0x697922 (0x7d0c9f596922 in /scratch/learn/envs/serve/lib/python3.12/site-packages/torch/lib/libtorch_cuda.so)
frame #4: <unknown function> + 0xdc253 (0x7d0d24ab0253 in /usr/lib/x86_64-linux-gnu/libstdc++.so.6)
frame #5: <unknown function> + 0x94ac3 (0x7d0d5530bac3 in /usr/lib/x86_64-linux-gnu/libc.so.6)
frame #6: <unknown function> + 0x1268d0 (0x7d0d5539d8d0 in /usr/lib/x86_64-linux-gnu/libc.so.6)

