/root/learn/envs/serve/lib/python3.12/site-packages/torch/distributed/c10d_logger.py:83: UserWarning: barrier(): using the device under current context. You can specify `device_id` in `init_process_group` to mute this warning.
  return func(*args, **kwargs)
  all_reduce          0KiB t=    0.044 ms
  all_reduce          0KiB t=    0.042 ms
  all_reduce          0KiB t=    0.046 ms
  all_reduce          0KiB t=    0.045 ms
  all_reduce          0MiB t=    0.093 ms
  all_reduce          0MiB t=    0.303 ms
  all_reduce          0MiB t=    1.157 ms
  all_reduce          0MiB t=    4.520 ms
  all_reduce          0MiB t=   18.135 ms
/root/learn/envs/serve/lib/python3.12/site-packages/torch/distributed/c10d_logger.py:83: FutureWarning: `torch.distributed.all_gather_into_tensor` is deprecated. Please use `torch.distributed.all_gather_single` instead.
  return func(*args, **kwargs)
/root/learn/envs/serve/lib/python3.12/site-packages/torch/distributed/c10d_logger.py:83: FutureWarning: `torch.distributed.all_gather_into_tensor` is deprecated. Please use `torch.distributed.all_gather_single` instead.
  return func(*args, **kwargs)
  all_gather          0KiB t=    0.056 ms
  all_gather          0KiB t=    0.046 ms
  all_gather          0KiB t=    0.045 ms
  all_gather          0KiB t=    0.046 ms
  all_gather          0MiB t=    0.099 ms
  all_gather          0MiB t=    0.342 ms
  all_gather          0MiB t=    1.330 ms
  all_gather          0MiB t=    5.282 ms
  all_gather          0MiB t=   21.090 ms
/root/learn/envs/serve/lib/python3.12/site-packages/torch/distributed/c10d_logger.py:83: FutureWarning: `torch.distributed.reduce_scatter_tensor` is deprecated. Please use `torch.distributed.reduce_scatter_single` instead.
  return func(*args, **kwargs)
/root/learn/envs/serve/lib/python3.12/site-packages/torch/distributed/c10d_logger.py:83: FutureWarning: `torch.distributed.reduce_scatter_tensor` is deprecated. Please use `torch.distributed.reduce_scatter_single` instead.
  return func(*args, **kwargs)
  reduce_scatter      0KiB t=    0.040 ms
  reduce_scatter      0KiB t=    0.038 ms
  reduce_scatter      0KiB t=    0.039 ms
  reduce_scatter      0KiB t=    0.040 ms
  reduce_scatter      0MiB t=    0.098 ms
  reduce_scatter      0MiB t=    0.340 ms
  reduce_scatter      0MiB t=    1.321 ms
  reduce_scatter      0MiB t=    5.250 ms
  reduce_scatter      0MiB t=   20.961 ms
  broadcast           0KiB t=    0.036 ms
  broadcast           0KiB t=    0.035 ms
  broadcast           0KiB t=    0.035 ms
  broadcast           0KiB t=    0.040 ms
  broadcast           0MiB t=    0.055 ms
  broadcast           0MiB t=    0.175 ms
  broadcast           0MiB t=    0.667 ms
  broadcast           0MiB t=    2.781 ms
  broadcast           0MiB t=   11.088 ms
  sendrecv            0KiB t=    0.061 ms
  sendrecv            0KiB t=    0.055 ms
  sendrecv            0KiB t=    0.055 ms
  sendrecv            0KiB t=    0.055 ms
  sendrecv            0MiB t=    0.106 ms
  sendrecv            0MiB t=    0.373 ms
  sendrecv            0MiB t=    1.181 ms
  sendrecv            0MiB t=    4.626 ms
  sendrecv            0MiB t=   18.347 ms
