[sweep] rank=0/2 master=10.233.97.63:29921 host=sg-admin-260624-2348f-default0-0
/scratch/learn/envs/serve/lib/python3.12/site-packages/torch/distributed/c10d_logger.py:83: UserWarning: barrier(): using the device under current context. You can specify `device_id` in `init_process_group` to mute this warning.
  return func(*args, **kwargs)
  all_reduce          4KiB t=    0.211 ms
  all_reduce         16KiB t=    0.389 ms
  all_reduce         64KiB t=    0.725 ms
  all_reduce        256KiB t=    3.499 ms
  all_reduce          1MiB t=    9.486 ms
  all_reduce          4MiB t=   37.441 ms
  all_reduce         16MiB t=  148.785 ms
  all_reduce         64MiB t=  593.898 ms
  all_reduce        256MiB t= 2373.426 ms
/scratch/learn/envs/serve/lib/python3.12/site-packages/torch/distributed/c10d_logger.py:83: FutureWarning: `torch.distributed.all_gather_into_tensor` is deprecated. Please use `torch.distributed.all_gather_single` instead.
  return func(*args, **kwargs)
  all_gather          4KiB t=    0.135 ms
  all_gather         16KiB t=    0.236 ms
  all_gather         64KiB t=    0.691 ms
  all_gather        256KiB t=    2.437 ms
  all_gather          1MiB t=    9.402 ms
[rank0]:[E921 21:45:08.673970294 ProcessGroupNCCL.cpp:645] [Rank 0] Collective WorkNCCL(SeqNum=311, OpType=_ALLGATHER_BASE, NumelIn=1048576, NumelOut=2097152, Timeout(ms)=180000) raised the following async exception: NCCL error: remote process exited or there was a network error, NCCL version 2.29.7
ncclRemoteError: A call failed possibly due to a network error or a remote process exiting prematurely.
Last error:
socketProgress: Connection closed by remote peer 10-233-97-169.np-admin-e7834.crater-workspace.svc.cluster.local<44004>
Exception raised from checkForNCCLErrorsInternal at /__w/pytorch/pytorch/torch/csrc/distributed/c10d/ProcessGroupNCCL.cpp:2843 (most recent call first):
frame #0: c10::Error::Error(c10::SourceLocation, std::__cxx11::basic_string<char, std::char_traits<char>, std::allocator<char> >) + 0x9d (0x7e7aad163bfd in /scratch/learn/envs/serve/lib/python3.12/site-packages/torch/lib/libc10.so)
frame #1: c10::DistError::DistError(c10::SourceLocation, std::__cxx11::basic_string<char, std::char_traits<char>, std::allocator<char> >) + 0x72 (0x7e7aad164bd2 in /scratch/learn/envs/serve/lib/python3.12/site-packages/torch/lib/libc10.so)
frame #2: c10::DistBackendError::DistBackendError(c10::SourceLocation, std::__cxx11::basic_string<char, std::char_traits<char>, std::allocator<char> >) + 0x72 (0x7e7aad164d02 in /scratch/learn/envs/serve/lib/python3.12/site-packages/torch/lib/libc10.so)
frame #3: c10d::ProcessGroupNCCL::checkForNCCLErrorsInternal(std::shared_ptr<c10d::NCCLComm>&) + 0x34e (0x7e79f8c4ae3e in /scratch/learn/envs/serve/lib/python3.12/site-packages/torch/lib/libtorch_cuda.so)
frame #4: c10d::ProcessGroupNCCL::WorkNCCL::checkAndSetException() + 0x80 (0x7e79f8c4f4b0 in /scratch/learn/envs/serve/lib/python3.12/site-packages/torch/lib/libtorch_cuda.so)
frame #5: c10d::ProcessGroupNCCL::Watchdog::runLoop() + 0xb34 (0x7e79f8c5af24 in /scratch/learn/envs/serve/lib/python3.12/site-packages/torch/lib/libtorch_cuda.so)
frame #6: c10d::ProcessGroupNCCL::Watchdog::run() + 0x157 (0x7e79f8c5cd47 in /scratch/learn/envs/serve/lib/python3.12/site-packages/torch/lib/libtorch_cuda.so)
frame #7: <unknown function> + 0xdc253 (0x7e7a7d8b0253 in /usr/lib/x86_64-linux-gnu/libstdc++.so.6)
frame #8: <unknown function> + 0x94ac3 (0x7e7aae113ac3 in /usr/lib/x86_64-linux-gnu/libc.so.6)
frame #9: <unknown function> + 0x1268d0 (0x7e7aae1a58d0 in /usr/lib/x86_64-linux-gnu/libc.so.6)

[rank0]:[E921 21:45:08.674830826 ProcessGroupNCCL.cpp:2372] [PG ID 0 PG GUID 0(default_pg) Rank 0]  failure detected by watchdog at work sequence id: 311 PG status: last enqueued work: 325, last started work: -1 (), last completed work: 310
[rank0]:[E921 21:45:08.131133071 ProcessGroupNCCL.cpp:774] Stack trace of the failed collective: 
#0 all_gather_single from /scratch/learn/envs/serve/lib/python3.12/site-packages/torch/distributed/distributed_c10d.py:4387
#1 wrapper from /scratch/learn/envs/serve/lib/python3.12/site-packages/torch/distributed/c10d_logger.py:83
#2 all_gather_into_tensor from /scratch/learn/envs/serve/lib/python3.12/site-packages/torch/distributed/distributed_c10d.py:4413
#3 wrapper from /scratch/learn/envs/serve/lib/python3.12/site-packages/typing_extensions.py:3140
#4 wrapper from /scratch/learn/envs/serve/lib/python3.12/site-packages/torch/distributed/c10d_logger.py:83
#5 <lambda> from /scratch/learn/work/labs/L6/collective_costs.py:175
#6 _bench_one from /scratch/learn/work/labs/L6/collective_costs.py:210
#7 task_sweep from /scratch/learn/work/labs/L6/crosshost_comm.py:120
#8 main from /scratch/learn/work/labs/L6/crosshost_comm.py:325
#9 <module> from /scratch/learn/work/labs/L6/crosshost_comm.py:336

[rank0]:[E921 21:45:08.131185371 ProcessGroupNCCL.cpp:2714] [PG ID 0 PG GUID 0(default_pg) Rank 0] First PG on this rank to signal dumping.
[rank0]:[E921 21:45:09.836177257 ProcessGroupNCCL.cpp:1964] [PG ID 0 PG GUID 0(default_pg) Rank 0] Received a dump signal due to a collective timeout from this local rank and we will try our best to dump the debug info. Last enqueued NCCL work: 325, last completed NCCL work: 310.This is most likely caused by incorrect usages of collectives, e.g., wrong sizes used across ranks, the order of collectives is not same for all ranks or the scheduled collective, for some reason, didn't run. Additionally, this can be caused by GIL deadlock or other reasons such as network errors or bugs in the communications library (e.g. NCCL), etc. 
[rank0]:[E921 21:45:09.836268678 ProcessGroupNCCL.cpp:1677] [PG ID 0 PG GUID 0(default_pg) Rank 0] ProcessGroupNCCL preparing to dump debug info. Include stack trace: 1, only active collectives: 0
[rank0]:[E921 21:46:08.131250512 ProcessGroupNCCL.cpp:791] [Rank 0] Some NCCL operations have failed or timed out. Due to the asynchronous nature of CUDA kernels, subsequent GPU operations might run on corrupted/incomplete data.
[rank0]:[E921 21:46:08.131276593 ProcessGroupNCCL.cpp:805] [Rank 0] To avoid data inconsistency, we are taking the entire process down.
[rank0]:[E921 21:46:08.131334463 ProcessGroupNCCL.cpp:2174] [PG ID 0 PG GUID 0(default_pg) Rank 0] Process group watchdog thread terminated with exception: NCCL error: remote process exited or there was a network error, NCCL version 2.29.7
ncclRemoteError: A call failed possibly due to a network error or a remote process exiting prematurely.
Last error:
socketProgress: Connection closed by remote peer 10-233-97-169.np-admin-e7834.crater-workspace.svc.cluster.local<44004>
Exception raised from checkForNCCLErrorsInternal at /__w/pytorch/pytorch/torch/csrc/distributed/c10d/ProcessGroupNCCL.cpp:2843 (most recent call first):
frame #0: c10::Error::Error(c10::SourceLocation, std::__cxx11::basic_string<char, std::char_traits<char>, std::allocator<char> >) + 0x9d (0x7e7aad163bfd in /scratch/learn/envs/serve/lib/python3.12/site-packages/torch/lib/libc10.so)
frame #1: c10::DistError::DistError(c10::SourceLocation, std::__cxx11::basic_string<char, std::char_traits<char>, std::allocator<char> >) + 0x72 (0x7e7aad164bd2 in /scratch/learn/envs/serve/lib/python3.12/site-packages/torch/lib/libc10.so)
frame #2: c10::DistBackendError::DistBackendError(c10::SourceLocation, std::__cxx11::basic_string<char, std::char_traits<char>, std::allocator<char> >) + 0x72 (0x7e7aad164d02 in /scratch/learn/envs/serve/lib/python3.12/site-packages/torch/lib/libc10.so)
frame #3: c10d::ProcessGroupNCCL::checkForNCCLErrorsInternal(std::shared_ptr<c10d::NCCLComm>&) + 0x34e (0x7e79f8c4ae3e in /scratch/learn/envs/serve/lib/python3.12/site-packages/torch/lib/libtorch_cuda.so)
frame #4: c10d::ProcessGroupNCCL::WorkNCCL::checkAndSetException() + 0x80 (0x7e79f8c4f4b0 in /scratch/learn/envs/serve/lib/python3.12/site-packages/torch/lib/libtorch_cuda.so)
frame #5: c10d::ProcessGroupNCCL::Watchdog::runLoop() + 0xb34 (0x7e79f8c5af24 in /scratch/learn/envs/serve/lib/python3.12/site-packages/torch/lib/libtorch_cuda.so)
frame #6: c10d::ProcessGroupNCCL::Watchdog::run() + 0x157 (0x7e79f8c5cd47 in /scratch/learn/envs/serve/lib/python3.12/site-packages/torch/lib/libtorch_cuda.so)
frame #7: <unknown function> + 0xdc253 (0x7e7a7d8b0253 in /usr/lib/x86_64-linux-gnu/libstdc++.so.6)
frame #8: <unknown function> + 0x94ac3 (0x7e7aae113ac3 in /usr/lib/x86_64-linux-gnu/libc.so.6)
frame #9: <unknown function> + 0x1268d0 (0x7e7aae1a58d0 in /usr/lib/x86_64-linux-gnu/libc.so.6)

terminate called after throwing an instance of 'c10::DistBackendError'
  what():  [PG ID 0 PG GUID 0(default_pg) Rank 0] Process group watchdog thread terminated with exception: NCCL error: remote process exited or there was a network error, NCCL version 2.29.7
ncclRemoteError: A call failed possibly due to a network error or a remote process exiting prematurely.
Last error:
socketProgress: Connection closed by remote peer 10-233-97-169.np-admin-e7834.crater-workspace.svc.cluster.local<44004>
Exception raised from checkForNCCLErrorsInternal at /__w/pytorch/pytorch/torch/csrc/distributed/c10d/ProcessGroupNCCL.cpp:2843 (most recent call first):
frame #0: c10::Error::Error(c10::SourceLocation, std::__cxx11::basic_string<char, std::char_traits<char>, std::allocator<char> >) + 0x9d (0x7e7aad163bfd in /scratch/learn/envs/serve/lib/python3.12/site-packages/torch/lib/libc10.so)
frame #1: c10::DistError::DistError(c10::SourceLocation, std::__cxx11::basic_string<char, std::char_traits<char>, std::allocator<char> >) + 0x72 (0x7e7aad164bd2 in /scratch/learn/envs/serve/lib/python3.12/site-packages/torch/lib/libc10.so)
frame #2: c10::DistBackendError::DistBackendError(c10::SourceLocation, std::__cxx11::basic_string<char, std::char_traits<char>, std::allocator<char> >) + 0x72 (0x7e7aad164d02 in /scratch/learn/envs/serve/lib/python3.12/site-packages/torch/lib/libc10.so)
frame #3: c10d::ProcessGroupNCCL::checkForNCCLErrorsInternal(std::shared_ptr<c10d::NCCLComm>&) + 0x34e (0x7e79f8c4ae3e in /scratch/learn/envs/serve/lib/python3.12/site-packages/torch/lib/libtorch_cuda.so)
frame #4: c10d::ProcessGroupNCCL::WorkNCCL::checkAndSetException() + 0x80 (0x7e79f8c4f4b0 in /scratch/learn/envs/serve/lib/python3.12/site-packages/torch/lib/libtorch_cuda.so)
frame #5: c10d::ProcessGroupNCCL::Watchdog::runLoop() + 0xb34 (0x7e79f8c5af24 in /scratch/learn/envs/serve/lib/python3.12/site-packages/torch/lib/libtorch_cuda.so)
frame #6: c10d::ProcessGroupNCCL::Watchdog::run() + 0x157 (0x7e79f8c5cd47 in /scratch/learn/envs/serve/lib/python3.12/site-packages/torch/lib/libtorch_cuda.so)
frame #7: <unknown function> + 0xdc253 (0x7e7a7d8b0253 in /usr/lib/x86_64-linux-gnu/libstdc++.so.6)
frame #8: <unknown function> + 0x94ac3 (0x7e7aae113ac3 in /usr/lib/x86_64-linux-gnu/libc.so.6)
frame #9: <unknown function> + 0x1268d0 (0x7e7aae1a58d0 in /usr/lib/x86_64-linux-gnu/libc.so.6)

Exception raised from run at /__w/pytorch/pytorch/torch/csrc/distributed/c10d/ProcessGroupNCCL.cpp:2180 (most recent call first):
frame #0: c10::Error::Error(c10::SourceLocation, std::__cxx11::basic_string<char, std::char_traits<char>, std::allocator<char> >) + 0x9d (0x7e7aad163bfd in /scratch/learn/envs/serve/lib/python3.12/site-packages/torch/lib/libc10.so)
frame #1: c10::DistError::DistError(c10::SourceLocation, std::__cxx11::basic_string<char, std::char_traits<char>, std::allocator<char> >) + 0x72 (0x7e7aad164bd2 in /scratch/learn/envs/serve/lib/python3.12/site-packages/torch/lib/libc10.so)
frame #2: c10::DistBackendError::DistBackendError(c10::SourceLocation, std::__cxx11::basic_string<char, std::char_traits<char>, std::allocator<char> >) + 0x72 (0x7e7aad164d02 in /scratch/learn/envs/serve/lib/python3.12/site-packages/torch/lib/libc10.so)
frame #3: <unknown function> + 0x697922 (0x7e79f8396922 in /scratch/learn/envs/serve/lib/python3.12/site-packages/torch/lib/libtorch_cuda.so)
frame #4: <unknown function> + 0xdc253 (0x7e7a7d8b0253 in /usr/lib/x86_64-linux-gnu/libstdc++.so.6)
frame #5: <unknown function> + 0x94ac3 (0x7e7aae113ac3 in /usr/lib/x86_64-linux-gnu/libc.so.6)
frame #6: <unknown function> + 0x1268d0 (0x7e7aae1a58d0 in /usr/lib/x86_64-linux-gnu/libc.so.6)

