
==============================================================================
[A] 模板、占位符、grid、position_ids 与独立实现对拍
==============================================================================
  序列长度 403；含 mm_token_type_ids = True
  分段游程：[('text', 7), ('image', 80), ('text', 5), ('image', 300), ('text', 11)]
  image_grid_thw [[1, 16, 20], [1, 30, 40]] → 视觉 token 380
  <|image_pad|> 出现 380 次（应与视觉 token 数相等：True）
  模板片段（前 220 字符）：<|im_start|>user
第一张：<|vision_start|><|image_pad|><|image_pad|><|image_pad|><|image_pad|><|image_pad|><|image_pad|><|image_pad|><|image_pad|><|image_pad|><|image_pad|><|image_pad|><|image_pad|><|image_pad|><|image_pad|><
Loading weights:   0%|          | 0/713 [00:00<?, ?it/s]Loading weights:   5%|▌         | 38/713 [00:00<00:01, 372.84it/s]Loading weights:  16%|█▌        | 111/713 [00:00<00:01, 579.83it/s]Loading weights:  25%|██▌       | 180/713 [00:00<00:00, 619.25it/s]Loading weights:  35%|███▌      | 251/713 [00:00<00:00, 654.10it/s]Loading weights:  45%|████▌     | 324/713 [00:00<00:00, 678.81it/s]Loading weights:  64%|██████▎   | 454/713 [00:00<00:00, 886.70it/s]Loading weights: 100%|██████████| 713/713 [00:00<00:00, 1077.10it/s]
  官方 position_ids (3, 1, 403)，deltas [[-350]]
  独立实现逐元素相同：True（最大差 0）
     位置   token     类型    t    h    w
      0  151644      0    0    0    0
      1     872      0    1    1    1
      2     198      0    2    2    2
      3   99363      0    3    3    3
      4   86341      0    4    4    4
      5    5122      0    5    5    5
    397   11319      0   47   47   47
    398  151645      0   48   48   48
    399     198      0   49   49   49
    400  151644      0   50   50   50
    401   77091      0   51   51   51
    402     198      0   52   52   52

已写出 out/4.7/20260913-positions/multimodal_positions.json
