worldvln:85620:85620 [3] NCCL INFO ENV/Plugin: Could not find: libnccl-env.so
worldvln:85620:85620 [3] NCCL INFO cudaDriverVersion 13000
worldvln:85620:85620 [3] NCCL INFO NCCL version 2.29.7+cuda13.2
worldvln:85620:85620 [3] NCCL INFO NCCL git version stable b81d6a5a3
worldvln:85620:85620 [3] NCCL INFO NET/Plugin: Could not find: libnccl-net.so
worldvln:85620:85620 [3] NCCL INFO NET/IB : No device found.
worldvln:85620:85620 [3] NCCL INFO NET/IB : Using [RO]; OOB eth0:192.168.26.29<0>
worldvln:85620:85620 [3] NCCL INFO Failed to initialize NET plugin IB
worldvln:85620:85620 [3] NCCL INFO NET/Socket : Using [0]eth0:192.168.26.29<0>
worldvln:85620:85620 [3] NCCL INFO Initialized NET plugin Socket
worldvln:85620:85620 [3] NCCL INFO Assigned NET plugin Socket to comm
worldvln:85620:85620 [3] NCCL INFO GIN/Plugin: Could not find: libnccl-gin.so
worldvln:85620:85620 [3] NCCL INFO Failed to initialize any GIN plugin
worldvln:85620:85620 [3] NCCL INFO Using network Socket
worldvln:85620:85620 [3] NCCL INFO [Rank 3] ncclCommInitRankConfig comm 0x27085810 rank 3 nranks 4 cudaDev 3 nvmlDev 3 busId a8000 commId 0xa9392889a8091bfe - Init START
worldvln:85620:85620 [3] NCCL INFO RAS client listening socket at 127.0.0.1<28028>
worldvln:85620:85620 [3] NCCL INFO ncclTopoGetCpuAffinity: Affinity for GPU 3 is 48-95,144-191. (GPU affinity = 48-95,144-191 ; CPU affinity = 0-191).
worldvln:85620:85620 [3] NCCL INFO NVLS multicast support is not available on dev 3 (NVLS_NCHANNELS 0)
worldvln:85620:85620 [3] NCCL INFO comm 0x27085810 rank 3 nRanks 4 nNodes 1 localRanks 4 localRank 3 MNNVL 0
worldvln:85620:85620 [3] NCCL INFO Trees [0] 2/-1/-1->3->1 [1] 2/-1/-1->3->1
worldvln:85620:85620 [3] NCCL INFO P2P Chunksize set to 131072
worldvln:85620:85620 [3] NCCL INFO PROFILER/Plugin: Could not find: libnccl-profiler.so
worldvln:85620:85620 [3] NCCL INFO Check P2P Type isAllDirectP2p 0 directMode 0 isAllCudaP2p 1
worldvln:85620:85904 [0] NCCL INFO [Proxy Service] Device 3 CPU core 152
worldvln:85620:85906 [0] NCCL INFO [Proxy Service UDS] Device 3 CPU core 62
worldvln:85620:85620 [3] NCCL INFO TUNER/Plugin: Could not find: libnccl-tuner.so
worldvln:85620:85620 [3] NCCL INFO threadThresholds 8/8/64 | 32/8/64 | 512 | 512
worldvln:85620:85620 [3] NCCL INFO 2 coll channels, 2 collnet channels, 0 nvls channels, 2 p2p channels, 2 p2p channels per peer
worldvln:85620:85620 [3] NCCL INFO Symmetric VA size=48GB
worldvln:85620:85620 [3] NCCL INFO ncclCommInitRankConfig comm 0x27085810 rank 3 nranks 4 cudaDev 3 nvmlDev 3 busId a8000 commId 0xa9392889a8091bfe - Init COMPLETE
worldvln:85620:85620 [3] NCCL INFO Init timings - ncclCommInitRankConfig: rank 3 nranks 4 total 2.22 (kernels 0.14, alloc 2.05, bootstrap 0.00, allgathers 0.00, topo 0.02, graphs 0.01, connections 0.00, rest 0.00)
worldvln:85620:85620 [3] NCCL INFO Symmetric VA size=48GB
worldvln:85620:85620 [3] NCCL INFO Channel 00 : 3[3] -> 1[1] via SHM/direct/direct
worldvln:85620:85620 [3] NCCL INFO Channel 01 : 3[3] -> 1[1] via SHM/direct/direct
worldvln:85620:85620 [3] NCCL INFO Channel 00 : 3[3] -> 2[2] via SHM/direct/direct
worldvln:85620:85620 [3] NCCL INFO Channel 01 : 3[3] -> 2[2] via SHM/direct/direct
worldvln:85620:85620 [3] NCCL INFO Connected all trees

[2026-09-13 21:26:59] worldvln:85620:85620 [3] enqueue.cc:1971 NCCL WARN Error : no algorithm/protocol available for function Broadcast with datatype ncclInt8. NCCL_ALGO was set to Tree. NCCL_PROTO was set to Simple.
worldvln:85620:85620 [3] NCCL INFO enqueue.cc:2060 -> 5
worldvln:85620:85620 [3] NCCL INFO enqueue.cc:436 -> 5
worldvln:85620:85620 [3] NCCL INFO group.cc:546 -> 5
worldvln:85620:85620 [3] NCCL INFO group.cc:646 -> 5
worldvln:85620:85620 [3] NCCL INFO group.cc:833 -> 5
worldvln:85620:85620 [3] NCCL INFO enqueue.cc:3016 -> 5

[2026-09-13 21:26:59] worldvln:85620:85620 [3] enqueue.cc:1971 NCCL WARN Error : no algorithm/protocol available for function Broadcast with datatype ncclInt8. NCCL_ALGO was set to Tree. NCCL_PROTO was set to Simple.
worldvln:85620:85620 [3] NCCL INFO enqueue.cc:2060 -> 5
worldvln:85620:85620 [3] NCCL INFO enqueue.cc:436 -> 5
worldvln:85620:85620 [3] NCCL INFO group.cc:546 -> 5
worldvln:85620:85620 [3] NCCL INFO group.cc:646 -> 5
worldvln:85620:85620 [3] NCCL INFO group.cc:833 -> 5
worldvln:85620:85620 [3] NCCL INFO enqueue.cc:3016 -> 5

[2026-09-13 21:26:59] worldvln:85620:85620 [3] enqueue.cc:1971 NCCL WARN Error : no algorithm/protocol available for function Broadcast with datatype ncclInt8. NCCL_ALGO was set to Tree. NCCL_PROTO was set to Simple.
worldvln:85620:85620 [3] NCCL INFO enqueue.cc:2060 -> 5
worldvln:85620:85620 [3] NCCL INFO enqueue.cc:436 -> 5
worldvln:85620:85620 [3] NCCL INFO group.cc:546 -> 5
worldvln:85620:85620 [3] NCCL INFO group.cc:646 -> 5
worldvln:85620:85620 [3] NCCL INFO group.cc:833 -> 5
worldvln:85620:85620 [3] NCCL INFO enqueue.cc:3016 -> 5

[2026-09-13 21:26:59] worldvln:85620:85620 [3] enqueue.cc:1971 NCCL WARN Error : no algorithm/protocol available for function Broadcast with datatype ncclInt8. NCCL_ALGO was set to Tree. NCCL_PROTO was set to Simple.
worldvln:85620:85620 [3] NCCL INFO enqueue.cc:2060 -> 5
worldvln:85620:85620 [3] NCCL INFO enqueue.cc:436 -> 5
worldvln:85620:85620 [3] NCCL INFO group.cc:546 -> 5
worldvln:85620:85620 [3] NCCL INFO group.cc:646 -> 5
worldvln:85620:85620 [3] NCCL INFO group.cc:833 -> 5
worldvln:85620:85620 [3] NCCL INFO enqueue.cc:3016 -> 5

[2026-09-13 21:26:59] worldvln:85620:85620 [3] enqueue.cc:1971 NCCL WARN Error : no algorithm/protocol available for function Broadcast with datatype ncclInt8. NCCL_ALGO was set to Tree. NCCL_PROTO was set to Simple.
worldvln:85620:85620 [3] NCCL INFO enqueue.cc:2060 -> 5
worldvln:85620:85620 [3] NCCL INFO enqueue.cc:436 -> 5
worldvln:85620:85620 [3] NCCL INFO group.cc:546 -> 5
worldvln:85620:85620 [3] NCCL INFO group.cc:646 -> 5
worldvln:85620:85620 [3] NCCL INFO group.cc:833 -> 5
worldvln:85620:85620 [3] NCCL INFO enqueue.cc:3016 -> 5

[2026-09-13 21:26:59] worldvln:85620:85620 [3] enqueue.cc:1971 NCCL WARN Error : no algorithm/protocol available for function Broadcast with datatype ncclInt8. NCCL_ALGO was set to Tree. NCCL_PROTO was set to Simple.
worldvln:85620:85620 [3] NCCL INFO enqueue.cc:2060 -> 5
worldvln:85620:85620 [3] NCCL INFO enqueue.cc:436 -> 5
worldvln:85620:85620 [3] NCCL INFO group.cc:546 -> 5
worldvln:85620:85620 [3] NCCL INFO group.cc:646 -> 5
worldvln:85620:85620 [3] NCCL INFO group.cc:833 -> 5
worldvln:85620:85620 [3] NCCL INFO enqueue.cc:3016 -> 5

[2026-09-13 21:26:59] worldvln:85620:85620 [3] enqueue.cc:1971 NCCL WARN Error : no algorithm/protocol available for function Broadcast with datatype ncclInt8. NCCL_ALGO was set to Tree. NCCL_PROTO was set to Simple.
worldvln:85620:85620 [3] NCCL INFO enqueue.cc:2060 -> 5
worldvln:85620:85620 [3] NCCL INFO enqueue.cc:436 -> 5
worldvln:85620:85620 [3] NCCL INFO group.cc:546 -> 5
worldvln:85620:85620 [3] NCCL INFO group.cc:646 -> 5
worldvln:85620:85620 [3] NCCL INFO group.cc:833 -> 5
worldvln:85620:85620 [3] NCCL INFO enqueue.cc:3016 -> 5

[2026-09-13 21:26:59] worldvln:85620:85620 [3] enqueue.cc:1971 NCCL WARN Error : no algorithm/protocol available for function Broadcast with datatype ncclInt8. NCCL_ALGO was set to Tree. NCCL_PROTO was set to Simple.
worldvln:85620:85620 [3] NCCL INFO enqueue.cc:2060 -> 5
worldvln:85620:85620 [3] NCCL INFO enqueue.cc:436 -> 5
worldvln:85620:85620 [3] NCCL INFO group.cc:546 -> 5
worldvln:85620:85620 [3] NCCL INFO group.cc:646 -> 5
worldvln:85620:85620 [3] NCCL INFO group.cc:833 -> 5
worldvln:85620:85620 [3] NCCL INFO enqueue.cc:3016 -> 5

[2026-09-13 21:26:59] worldvln:85620:85620 [3] enqueue.cc:1971 NCCL WARN Error : no algorithm/protocol available for function Broadcast with datatype ncclInt8. NCCL_ALGO was set to Tree. NCCL_PROTO was set to Simple.
worldvln:85620:85620 [3] NCCL INFO enqueue.cc:2060 -> 5
worldvln:85620:85620 [3] NCCL INFO enqueue.cc:436 -> 5
worldvln:85620:85620 [3] NCCL INFO group.cc:546 -> 5
worldvln:85620:85620 [3] NCCL INFO group.cc:646 -> 5
worldvln:85620:85620 [3] NCCL INFO group.cc:833 -> 5
worldvln:85620:85620 [3] NCCL INFO enqueue.cc:3016 -> 5
