worldvln:85619:85619 [2] NCCL INFO ENV/Plugin: Could not find: libnccl-env.so
worldvln:85619:85619 [2] NCCL INFO cudaDriverVersion 13000
worldvln:85619:85619 [2] NCCL INFO NCCL version 2.29.7+cuda13.2
worldvln:85619:85619 [2] NCCL INFO NCCL git version stable b81d6a5a3
worldvln:85619:85619 [2] NCCL INFO NET/Plugin: Could not find: libnccl-net.so
worldvln:85619:85619 [2] NCCL INFO NET/IB : No device found.
worldvln:85619:85619 [2] NCCL INFO NET/IB : Using [RO]; OOB eth0:192.168.26.29<0>
worldvln:85619:85619 [2] NCCL INFO Failed to initialize NET plugin IB
worldvln:85619:85619 [2] NCCL INFO NET/Socket : Using [0]eth0:192.168.26.29<0>
worldvln:85619:85619 [2] NCCL INFO Initialized NET plugin Socket
worldvln:85619:85619 [2] NCCL INFO Assigned NET plugin Socket to comm
worldvln:85619:85619 [2] NCCL INFO GIN/Plugin: Could not find: libnccl-gin.so
worldvln:85619:85619 [2] NCCL INFO Failed to initialize any GIN plugin
worldvln:85619:85619 [2] NCCL INFO Using network Socket
worldvln:85619:85619 [2] NCCL INFO [Rank 2] ncclCommInitRankConfig comm 0x15143470 rank 2 nranks 4 cudaDev 2 nvmlDev 2 busId 4a000 commId 0xa9392889a8091bfe - Init START
worldvln:85619:85619 [2] NCCL INFO RAS client listening socket at 127.0.0.1<28028>
worldvln:85619:85619 [2] NCCL INFO ncclTopoGetCpuAffinity: Affinity for GPU 2 is 0-47,96-143. (GPU affinity = 0-47,96-143 ; CPU affinity = 0-191).
worldvln:85619:85619 [2] NCCL INFO NVLS multicast support is not available on dev 2 (NVLS_NCHANNELS 0)
worldvln:85619:85619 [2] NCCL INFO comm 0x15143470 rank 2 nRanks 4 nNodes 1 localRanks 4 localRank 2 MNNVL 0
worldvln:85619:85619 [2] NCCL INFO Trees [0] -1/-1/-1->2->3 [1] -1/-1/-1->2->3
worldvln:85619:85619 [2] NCCL INFO P2P Chunksize set to 131072
worldvln:85619:85619 [2] NCCL INFO PROFILER/Plugin: Could not find: libnccl-profiler.so
worldvln:85619:85619 [2] NCCL INFO Check P2P Type isAllDirectP2p 0 directMode 0 isAllCudaP2p 1
worldvln:85619:85899 [0] NCCL INFO [Proxy Service] Device 2 CPU core 128
worldvln:85619:85901 [0] NCCL INFO [Proxy Service UDS] Device 2 CPU core 33
worldvln:85619:85619 [2] NCCL INFO TUNER/Plugin: Could not find: libnccl-tuner.so
worldvln:85619:85619 [2] NCCL INFO threadThresholds 8/8/64 | 32/8/64 | 512 | 512
worldvln:85619:85619 [2] NCCL INFO 2 coll channels, 2 collnet channels, 0 nvls channels, 2 p2p channels, 2 p2p channels per peer
worldvln:85619:85619 [2] NCCL INFO Symmetric VA size=48GB
worldvln:85619:85619 [2] NCCL INFO ncclCommInitRankConfig comm 0x15143470 rank 2 nranks 4 cudaDev 2 nvmlDev 2 busId 4a000 commId 0xa9392889a8091bfe - Init COMPLETE
worldvln:85619:85619 [2] NCCL INFO Init timings - ncclCommInitRankConfig: rank 2 nranks 4 total 2.22 (kernels 0.13, alloc 2.04, bootstrap 0.01, allgathers 0.01, topo 0.02, graphs 0.00, connections 0.00, rest 0.00)
worldvln:85619:85619 [2] NCCL INFO Symmetric VA size=48GB
worldvln:85619:85619 [2] NCCL INFO Channel 00 : 2[2] -> 3[3] via SHM/direct/direct
worldvln:85619:85619 [2] NCCL INFO Channel 01 : 2[2] -> 3[3] via SHM/direct/direct
worldvln:85619:85619 [2] NCCL INFO Connected all trees

[2026-09-13 21:26:59] worldvln:85619:85619 [2] enqueue.cc:1971 NCCL WARN Error : no algorithm/protocol available for function Broadcast with datatype ncclInt8. NCCL_ALGO was set to Tree. NCCL_PROTO was set to Simple.
worldvln:85619:85619 [2] NCCL INFO enqueue.cc:2060 -> 5
worldvln:85619:85619 [2] NCCL INFO enqueue.cc:436 -> 5
worldvln:85619:85619 [2] NCCL INFO group.cc:546 -> 5
worldvln:85619:85619 [2] NCCL INFO group.cc:646 -> 5
worldvln:85619:85619 [2] NCCL INFO group.cc:833 -> 5
worldvln:85619:85619 [2] NCCL INFO enqueue.cc:3016 -> 5

[2026-09-13 21:26:59] worldvln:85619:85619 [2] enqueue.cc:1971 NCCL WARN Error : no algorithm/protocol available for function Broadcast with datatype ncclInt8. NCCL_ALGO was set to Tree. NCCL_PROTO was set to Simple.
worldvln:85619:85619 [2] NCCL INFO enqueue.cc:2060 -> 5
worldvln:85619:85619 [2] NCCL INFO enqueue.cc:436 -> 5
worldvln:85619:85619 [2] NCCL INFO group.cc:546 -> 5
worldvln:85619:85619 [2] NCCL INFO group.cc:646 -> 5
worldvln:85619:85619 [2] NCCL INFO group.cc:833 -> 5
worldvln:85619:85619 [2] NCCL INFO enqueue.cc:3016 -> 5

[2026-09-13 21:26:59] worldvln:85619:85619 [2] enqueue.cc:1971 NCCL WARN Error : no algorithm/protocol available for function Broadcast with datatype ncclInt8. NCCL_ALGO was set to Tree. NCCL_PROTO was set to Simple.
worldvln:85619:85619 [2] NCCL INFO enqueue.cc:2060 -> 5
worldvln:85619:85619 [2] NCCL INFO enqueue.cc:436 -> 5
worldvln:85619:85619 [2] NCCL INFO group.cc:546 -> 5
worldvln:85619:85619 [2] NCCL INFO group.cc:646 -> 5
worldvln:85619:85619 [2] NCCL INFO group.cc:833 -> 5
worldvln:85619:85619 [2] NCCL INFO enqueue.cc:3016 -> 5

[2026-09-13 21:26:59] worldvln:85619:85619 [2] enqueue.cc:1971 NCCL WARN Error : no algorithm/protocol available for function Broadcast with datatype ncclInt8. NCCL_ALGO was set to Tree. NCCL_PROTO was set to Simple.
worldvln:85619:85619 [2] NCCL INFO enqueue.cc:2060 -> 5
worldvln:85619:85619 [2] NCCL INFO enqueue.cc:436 -> 5
worldvln:85619:85619 [2] NCCL INFO group.cc:546 -> 5
worldvln:85619:85619 [2] NCCL INFO group.cc:646 -> 5
worldvln:85619:85619 [2] NCCL INFO group.cc:833 -> 5
worldvln:85619:85619 [2] NCCL INFO enqueue.cc:3016 -> 5

[2026-09-13 21:26:59] worldvln:85619:85619 [2] enqueue.cc:1971 NCCL WARN Error : no algorithm/protocol available for function Broadcast with datatype ncclInt8. NCCL_ALGO was set to Tree. NCCL_PROTO was set to Simple.
worldvln:85619:85619 [2] NCCL INFO enqueue.cc:2060 -> 5
worldvln:85619:85619 [2] NCCL INFO enqueue.cc:436 -> 5
worldvln:85619:85619 [2] NCCL INFO group.cc:546 -> 5
worldvln:85619:85619 [2] NCCL INFO group.cc:646 -> 5
worldvln:85619:85619 [2] NCCL INFO group.cc:833 -> 5
worldvln:85619:85619 [2] NCCL INFO enqueue.cc:3016 -> 5

[2026-09-13 21:26:59] worldvln:85619:85619 [2] enqueue.cc:1971 NCCL WARN Error : no algorithm/protocol available for function Broadcast with datatype ncclInt8. NCCL_ALGO was set to Tree. NCCL_PROTO was set to Simple.
worldvln:85619:85619 [2] NCCL INFO enqueue.cc:2060 -> 5
worldvln:85619:85619 [2] NCCL INFO enqueue.cc:436 -> 5
worldvln:85619:85619 [2] NCCL INFO group.cc:546 -> 5
worldvln:85619:85619 [2] NCCL INFO group.cc:646 -> 5
worldvln:85619:85619 [2] NCCL INFO group.cc:833 -> 5
worldvln:85619:85619 [2] NCCL INFO enqueue.cc:3016 -> 5

[2026-09-13 21:26:59] worldvln:85619:85619 [2] enqueue.cc:1971 NCCL WARN Error : no algorithm/protocol available for function Broadcast with datatype ncclInt8. NCCL_ALGO was set to Tree. NCCL_PROTO was set to Simple.
worldvln:85619:85619 [2] NCCL INFO enqueue.cc:2060 -> 5
worldvln:85619:85619 [2] NCCL INFO enqueue.cc:436 -> 5
worldvln:85619:85619 [2] NCCL INFO group.cc:546 -> 5
worldvln:85619:85619 [2] NCCL INFO group.cc:646 -> 5
worldvln:85619:85619 [2] NCCL INFO group.cc:833 -> 5
worldvln:85619:85619 [2] NCCL INFO enqueue.cc:3016 -> 5

[2026-09-13 21:26:59] worldvln:85619:85619 [2] enqueue.cc:1971 NCCL WARN Error : no algorithm/protocol available for function Broadcast with datatype ncclInt8. NCCL_ALGO was set to Tree. NCCL_PROTO was set to Simple.
worldvln:85619:85619 [2] NCCL INFO enqueue.cc:2060 -> 5
worldvln:85619:85619 [2] NCCL INFO enqueue.cc:436 -> 5
worldvln:85619:85619 [2] NCCL INFO group.cc:546 -> 5
worldvln:85619:85619 [2] NCCL INFO group.cc:646 -> 5
worldvln:85619:85619 [2] NCCL INFO group.cc:833 -> 5
worldvln:85619:85619 [2] NCCL INFO enqueue.cc:3016 -> 5

[2026-09-13 21:26:59] worldvln:85619:85619 [2] enqueue.cc:1971 NCCL WARN Error : no algorithm/protocol available for function Broadcast with datatype ncclInt8. NCCL_ALGO was set to Tree. NCCL_PROTO was set to Simple.
worldvln:85619:85619 [2] NCCL INFO enqueue.cc:2060 -> 5
worldvln:85619:85619 [2] NCCL INFO enqueue.cc:436 -> 5
worldvln:85619:85619 [2] NCCL INFO group.cc:546 -> 5
worldvln:85619:85619 [2] NCCL INFO group.cc:646 -> 5
worldvln:85619:85619 [2] NCCL INFO group.cc:833 -> 5
worldvln:85619:85619 [2] NCCL INFO enqueue.cc:3016 -> 5
