worldvln:85617:85617 [0] NCCL INFO ENV/Plugin: Could not find: libnccl-env.so
worldvln:85617:85617 [0] NCCL INFO cudaDriverVersion 13000
worldvln:85617:85617 [0] NCCL INFO NCCL version 2.29.7+cuda13.2
worldvln:85617:85617 [0] NCCL INFO NCCL git version stable b81d6a5a3
worldvln:85617:85617 [0] NCCL INFO NET/Plugin: Could not find: libnccl-net.so
worldvln:85617:85617 [0] NCCL INFO NET/IB : No device found.
worldvln:85617:85617 [0] NCCL INFO NET/IB : Using [RO]; OOB eth0:192.168.26.29<0>
worldvln:85617:85617 [0] NCCL INFO Failed to initialize NET plugin IB
worldvln:85617:85617 [0] NCCL INFO NET/Socket : Using [0]eth0:192.168.26.29<0>
worldvln:85617:85617 [0] NCCL INFO Initialized NET plugin Socket
worldvln:85617:85617 [0] NCCL INFO Assigned NET plugin Socket to comm
worldvln:85617:85617 [0] NCCL INFO GIN/Plugin: Could not find: libnccl-gin.so
worldvln:85617:85617 [0] NCCL INFO Failed to initialize any GIN plugin
worldvln:85617:85617 [0] NCCL INFO Using network Socket
worldvln:85617:85617 [0] NCCL INFO [Rank 0] ncclCommInitRankConfig comm 0x36ab3210 rank 0 nranks 4 cudaDev 0 nvmlDev 0 busId 16000 commId 0xa9392889a8091bfe - Init START
worldvln:85617:85617 [0] NCCL INFO RAS client listening socket at 127.0.0.1<28028>
worldvln:85617:85617 [0] NCCL INFO ncclTopoGetCpuAffinity: Affinity for GPU 0 is 0-47,96-143. (GPU affinity = 0-47,96-143 ; CPU affinity = 0-191).
worldvln:85617:85617 [0] NCCL INFO NVLS multicast support is not available on dev 0 (NVLS_NCHANNELS 0)
worldvln:85617:85617 [0] NCCL INFO comm 0x36ab3210 rank 0 nRanks 4 nNodes 1 localRanks 4 localRank 0 MNNVL 0
worldvln:85617:85617 [0] NCCL INFO Channel 00/02 : 0 1 2 3
worldvln:85617:85617 [0] NCCL INFO Channel 01/02 : 0 1 2 3
worldvln:85617:85617 [0] NCCL INFO Trees [0] 1/-1/-1->0->-1 [1] 1/-1/-1->0->-1
worldvln:85617:85617 [0] NCCL INFO P2P Chunksize set to 131072
worldvln:85617:85617 [0] NCCL INFO PROFILER/Plugin: Could not find: libnccl-profiler.so
worldvln:85617:85617 [0] NCCL INFO Check P2P Type isAllDirectP2p 0 directMode 0 isAllCudaP2p 1
worldvln:85617:85900 [0] NCCL INFO [Proxy Service] Device 0 CPU core 19
worldvln:85617:85902 [0] NCCL INFO [Proxy Service UDS] Device 0 CPU core 20
worldvln:85617:85617 [0] NCCL INFO TUNER/Plugin: Could not find: libnccl-tuner.so
worldvln:85617:85617 [0] NCCL INFO   Algorithm   |                            Tree                  |                            Ring                  |                   CollNetDirect                  |
worldvln:85617:85617 [0] NCCL INFO   Protocol    |             LL |          LL128 |         Simple |             LL |          LL128 |         Simple |             LL |          LL128 |         Simple |
worldvln:85617:85617 [0] NCCL INFO  Max NThreads |            512 |            640 |            512 |            512 |            640 |            256 |              0 |              0 |            640 |
worldvln:85617:85617 [0] NCCL INFO     Broadcast |     0.0/   0.0 |     0.0/   0.0 |     0.0/   0.0 |     7.6/   0.0 |    16.5/   0.0 |    14.1/   0.0 |     0.0/   0.0 |     0.0/   0.0 |     0.0/   0.0 |
worldvln:85617:85617 [0] NCCL INFO        Reduce |     0.0/   0.0 |     0.0/   0.0 |     0.0/   0.0 |     7.6/   0.0 |    16.5/   0.0 |    14.1/   0.0 |     0.0/   0.0 |     0.0/   0.0 |     0.0/   0.0 |
worldvln:85617:85617 [0] NCCL INFO     AllGather |     0.0/   0.0 |     0.0/   0.0 |     0.0/   0.0 |     9.6/   0.0 |    21.5/   0.0 |    25.5/   0.0 |     2.4/   0.0 |     2.4/   0.0 |    40.8/   0.0 |
worldvln:85617:85617 [0] NCCL INFO ReduceScatter |     0.0/   0.0 |     0.0/   0.0 |     0.0/   0.0 |     9.6/   0.0 |    21.5/   0.0 |    25.5/   0.0 |     2.4/   0.0 |     2.4/   0.0 |    40.8/   0.0 |
worldvln:85617:85617 [0] NCCL INFO     AllReduce |    12.8/   0.0 |    25.4/   0.0 |    32.4/   5.5 |    12.6/   0.0 |    29.0/   0.0 |    42.6/   0.0 |     2.4/   0.0 |     2.4/   0.0 |    40.8/   0.0 |
worldvln:85617:85617 [0] NCCL INFO   Algorithm   |                    CollNetChain                  |                            NVLS                  |                        NVLSTree                  |
worldvln:85617:85617 [0] NCCL INFO   Protocol    |             LL |          LL128 |         Simple |             LL |          LL128 |         Simple |             LL |          LL128 |         Simple |
worldvln:85617:85617 [0] NCCL INFO  Max NThreads |              0 |              0 |            640 |              0 |              0 |            640 |              0 |              0 |            640 |
worldvln:85617:85617 [0] NCCL INFO     Broadcast |     0.0/   0.0 |     0.0/   0.0 |     0.0/   0.0 |     0.0/   0.0 |     0.0/   0.0 |     0.0/   0.0 |     0.0/   0.0 |     0.0/   0.0 |     0.0/   0.0 |
worldvln:85617:85617 [0] NCCL INFO        Reduce |     0.0/   0.0 |     0.0/   0.0 |     0.0/   0.0 |     0.0/   0.0 |     0.0/   0.0 |     0.0/   0.0 |     0.0/   0.0 |     0.0/   0.0 |     0.0/   0.0 |
worldvln:85617:85617 [0] NCCL INFO     AllGather |     0.0/   0.0 |     0.0/   0.0 |     0.0/   0.0 |     0.0/   0.0 |     0.0/   0.0 |     0.0/   0.0 |     0.0/   0.0 |     0.0/   0.0 |     0.0/   0.0 |
worldvln:85617:85617 [0] NCCL INFO ReduceScatter |     0.0/   0.0 |     0.0/   0.0 |     0.0/   0.0 |     0.0/   0.0 |     0.0/   0.0 |     0.0/   0.0 |     0.0/   0.0 |     0.0/   0.0 |     0.0/   0.0 |
worldvln:85617:85617 [0] NCCL INFO     AllReduce |     0.0/   0.0 |     0.0/   0.0 |    46.8/   0.0 |     0.0/   0.0 |     0.0/   0.0 |     0.0/   0.0 |     0.0/   0.0 |     0.0/   0.0 |     0.0/   0.0 |
worldvln:85617:85617 [0] NCCL INFO   Algorithm   |                             PAT                  |
worldvln:85617:85617 [0] NCCL INFO   Protocol    |             LL |          LL128 |         Simple |             LL |          LL128 |         Simple |             LL |          LL128 |         Simple |
worldvln:85617:85617 [0] NCCL INFO  Max NThreads |              0 |              0 |              0 |
worldvln:85617:85617 [0] NCCL INFO     Broadcast |     0.0/   0.0 |     0.0/   0.0 |     0.0/   0.0 |
worldvln:85617:85617 [0] NCCL INFO        Reduce |     0.0/   0.0 |     0.0/   0.0 |     0.0/   0.0 |
worldvln:85617:85617 [0] NCCL INFO     AllGather |     0.0/   0.0 |     0.0/   0.0 |     0.0/   0.0 |
worldvln:85617:85617 [0] NCCL INFO ReduceScatter |     0.0/   0.0 |     0.0/   0.0 |     0.0/   0.0 |
worldvln:85617:85617 [0] NCCL INFO     AllReduce |     0.0/   0.0 |     0.0/   0.0 |     0.0/   0.0 |
worldvln:85617:85617 [0] NCCL INFO threadThresholds 8/8/64 | 32/8/64 | 512 | 512
worldvln:85617:85617 [0] NCCL INFO 2 coll channels, 2 collnet channels, 0 nvls channels, 2 p2p channels, 2 p2p channels per peer
worldvln:85617:85617 [0] NCCL INFO Symmetric VA size=48GB
worldvln:85617:85617 [0] NCCL INFO CC Off, workFifoBytes 1048576
worldvln:85617:85617 [0] NCCL INFO ncclCommInitRankConfig comm 0x36ab3210 rank 0 nranks 4 cudaDev 0 nvmlDev 0 busId 16000 commId 0xa9392889a8091bfe - Init COMPLETE
worldvln:85617:85617 [0] NCCL INFO Init timings - ncclCommInitRankConfig: rank 0 nranks 4 total 2.22 (kernels 0.15, alloc 2.02, bootstrap 0.02, allgathers 0.00, topo 0.02, graphs 0.00, connections 0.00, rest 0.00)
worldvln:85617:85617 [0] NCCL INFO Symmetric VA size=48GB
worldvln:85617:85617 [0] NCCL INFO Channel 00 : 0[0] -> 1[1] via SHM/direct/direct
worldvln:85617:85617 [0] NCCL INFO Channel 01 : 0[0] -> 1[1] via SHM/direct/direct
worldvln:85617:85617 [0] NCCL INFO Connected all trees
worldvln:85617:85617 [0] NCCL INFO AllReduce: 4096 Bytes -> Algo TREE proto SIMPLE channel{Lo..Hi}={0..0}
worldvln:85617:85617 [0] NCCL INFO AllReduce: 4096 Bytes -> Algo TREE proto SIMPLE channel{Lo..Hi}={0..0}
worldvln:85617:85617 [0] NCCL INFO AllReduce: 4096 Bytes -> Algo TREE proto SIMPLE channel{Lo..Hi}={0..0}
worldvln:85617:85617 [0] NCCL INFO AllReduce: 4 Bytes -> Algo TREE proto SIMPLE channel{Lo..Hi}={0..0}
worldvln:85617:85617 [0] NCCL INFO AllReduce: 4096 Bytes -> Algo TREE proto SIMPLE channel{Lo..Hi}={0..0}
worldvln:85617:85617 [0] NCCL INFO AllReduce: 4096 Bytes -> Algo TREE proto SIMPLE channel{Lo..Hi}={0..0}
worldvln:85617:85617 [0] NCCL INFO AllReduce: 4096 Bytes -> Algo TREE proto SIMPLE channel{Lo..Hi}={0..0}
worldvln:85617:85617 [0] NCCL INFO AllReduce: 4096 Bytes -> Algo TREE proto SIMPLE channel{Lo..Hi}={0..0}
worldvln:85617:85617 [0] NCCL INFO AllReduce: 4096 Bytes -> Algo TREE proto SIMPLE channel{Lo..Hi}={0..0}
worldvln:85617:85617 [0] NCCL INFO AllReduce: 4096 Bytes -> Algo TREE proto SIMPLE channel{Lo..Hi}={0..0}
worldvln:85617:85617 [0] NCCL INFO AllReduce: 4096 Bytes -> Algo TREE proto SIMPLE channel{Lo..Hi}={0..0}
worldvln:85617:85617 [0] NCCL INFO AllReduce: 4096 Bytes -> Algo TREE proto SIMPLE channel{Lo..Hi}={0..0}
worldvln:85617:85617 [0] NCCL INFO AllReduce: 4096 Bytes -> Algo TREE proto SIMPLE channel{Lo..Hi}={0..0}
worldvln:85617:85617 [0] NCCL INFO AllReduce: 4096 Bytes -> Algo TREE proto SIMPLE channel{Lo..Hi}={0..0}
worldvln:85617:85617 [0] NCCL INFO AllReduce: 4096 Bytes -> Algo TREE proto SIMPLE channel{Lo..Hi}={0..0}
worldvln:85617:85617 [0] NCCL INFO AllReduce: 4096 Bytes -> Algo TREE proto SIMPLE channel{Lo..Hi}={0..0}
worldvln:85617:85617 [0] NCCL INFO AllReduce: 4096 Bytes -> Algo TREE proto SIMPLE channel{Lo..Hi}={0..0}
worldvln:85617:85617 [0] NCCL INFO AllReduce: 4096 Bytes -> Algo TREE proto SIMPLE channel{Lo..Hi}={0..0}
worldvln:85617:85617 [0] NCCL INFO AllReduce: 4096 Bytes -> Algo TREE proto SIMPLE channel{Lo..Hi}={0..0}
worldvln:85617:85617 [0] NCCL INFO AllReduce: 4096 Bytes -> Algo TREE proto SIMPLE channel{Lo..Hi}={0..0}
worldvln:85617:85617 [0] NCCL INFO AllReduce: 4096 Bytes -> Algo TREE proto SIMPLE channel{Lo..Hi}={0..0}
worldvln:85617:85617 [0] NCCL INFO AllReduce: 4096 Bytes -> Algo TREE proto SIMPLE channel{Lo..Hi}={0..0}
worldvln:85617:85617 [0] NCCL INFO AllReduce: 4096 Bytes -> Algo TREE proto SIMPLE channel{Lo..Hi}={0..0}
worldvln:85617:85617 [0] NCCL INFO AllReduce: 4096 Bytes -> Algo TREE proto SIMPLE channel{Lo..Hi}={0..0}
worldvln:85617:85617 [0] NCCL INFO AllReduce: 16384 Bytes -> Algo TREE proto SIMPLE channel{Lo..Hi}={0..0}
worldvln:85617:85617 [0] NCCL INFO AllReduce: 16384 Bytes -> Algo TREE proto SIMPLE channel{Lo..Hi}={0..0}
worldvln:85617:85617 [0] NCCL INFO AllReduce: 16384 Bytes -> Algo TREE proto SIMPLE channel{Lo..Hi}={0..0}
worldvln:85617:85617 [0] NCCL INFO AllReduce: 4 Bytes -> Algo TREE proto SIMPLE channel{Lo..Hi}={0..0}
worldvln:85617:85617 [0] NCCL INFO AllReduce: 16384 Bytes -> Algo TREE proto SIMPLE channel{Lo..Hi}={0..0}
worldvln:85617:85617 [0] NCCL INFO AllReduce: 16384 Bytes -> Algo TREE proto SIMPLE channel{Lo..Hi}={0..0}
worldvln:85617:85617 [0] NCCL INFO AllReduce: 16384 Bytes -> Algo TREE proto SIMPLE channel{Lo..Hi}={0..0}
worldvln:85617:85617 [0] NCCL INFO AllReduce: 16384 Bytes -> Algo TREE proto SIMPLE channel{Lo..Hi}={0..0}
worldvln:85617:85617 [0] NCCL INFO AllReduce: 16384 Bytes -> Algo TREE proto SIMPLE channel{Lo..Hi}={0..0}
worldvln:85617:85617 [0] NCCL INFO AllReduce: 16384 Bytes -> Algo TREE proto SIMPLE channel{Lo..Hi}={0..0}
worldvln:85617:85617 [0] NCCL INFO AllReduce: 16384 Bytes -> Algo TREE proto SIMPLE channel{Lo..Hi}={0..0}
worldvln:85617:85617 [0] NCCL INFO AllReduce: 16384 Bytes -> Algo TREE proto SIMPLE channel{Lo..Hi}={0..0}
worldvln:85617:85617 [0] NCCL INFO AllReduce: 16384 Bytes -> Algo TREE proto SIMPLE channel{Lo..Hi}={0..0}
worldvln:85617:85617 [0] NCCL INFO AllReduce: 16384 Bytes -> Algo TREE proto SIMPLE channel{Lo..Hi}={0..0}
worldvln:85617:85617 [0] NCCL INFO AllReduce: 16384 Bytes -> Algo TREE proto SIMPLE channel{Lo..Hi}={0..0}
worldvln:85617:85617 [0] NCCL INFO AllReduce: 16384 Bytes -> Algo TREE proto SIMPLE channel{Lo..Hi}={0..0}
worldvln:85617:85617 [0] NCCL INFO AllReduce: 16384 Bytes -> Algo TREE proto SIMPLE channel{Lo..Hi}={0..0}
worldvln:85617:85617 [0] NCCL INFO AllReduce: 16384 Bytes -> Algo TREE proto SIMPLE channel{Lo..Hi}={0..0}
worldvln:85617:85617 [0] NCCL INFO AllReduce: 16384 Bytes -> Algo TREE proto SIMPLE channel{Lo..Hi}={0..0}
worldvln:85617:85617 [0] NCCL INFO AllReduce: 16384 Bytes -> Algo TREE proto SIMPLE channel{Lo..Hi}={0..0}
worldvln:85617:85617 [0] NCCL INFO AllReduce: 16384 Bytes -> Algo TREE proto SIMPLE channel{Lo..Hi}={0..0}
worldvln:85617:85617 [0] NCCL INFO AllReduce: 16384 Bytes -> Algo TREE proto SIMPLE channel{Lo..Hi}={0..0}
worldvln:85617:85617 [0] NCCL INFO AllReduce: 16384 Bytes -> Algo TREE proto SIMPLE channel{Lo..Hi}={0..0}
worldvln:85617:85617 [0] NCCL INFO AllReduce: 16384 Bytes -> Algo TREE proto SIMPLE channel{Lo..Hi}={0..0}
worldvln:85617:85617 [0] NCCL INFO AllReduce: 65536 Bytes -> Algo TREE proto SIMPLE channel{Lo..Hi}={0..1}
worldvln:85617:85617 [0] NCCL INFO AllReduce: 65536 Bytes -> Algo TREE proto SIMPLE channel{Lo..Hi}={0..1}
worldvln:85617:85617 [0] NCCL INFO AllReduce: 65536 Bytes -> Algo TREE proto SIMPLE channel{Lo..Hi}={0..1}
worldvln:85617:85617 [0] NCCL INFO AllReduce: 4 Bytes -> Algo TREE proto SIMPLE channel{Lo..Hi}={0..0}
worldvln:85617:85617 [0] NCCL INFO AllReduce: 65536 Bytes -> Algo TREE proto SIMPLE channel{Lo..Hi}={0..1}
worldvln:85617:85617 [0] NCCL INFO AllReduce: 65536 Bytes -> Algo TREE proto SIMPLE channel{Lo..Hi}={0..1}
worldvln:85617:85617 [0] NCCL INFO AllReduce: 65536 Bytes -> Algo TREE proto SIMPLE channel{Lo..Hi}={0..1}
worldvln:85617:85617 [0] NCCL INFO AllReduce: 65536 Bytes -> Algo TREE proto SIMPLE channel{Lo..Hi}={0..1}
worldvln:85617:85617 [0] NCCL INFO AllReduce: 65536 Bytes -> Algo TREE proto SIMPLE channel{Lo..Hi}={0..1}
worldvln:85617:85617 [0] NCCL INFO AllReduce: 65536 Bytes -> Algo TREE proto SIMPLE channel{Lo..Hi}={0..1}
worldvln:85617:85617 [0] NCCL INFO AllReduce: 65536 Bytes -> Algo TREE proto SIMPLE channel{Lo..Hi}={0..1}
worldvln:85617:85617 [0] NCCL INFO AllReduce: 65536 Bytes -> Algo TREE proto SIMPLE channel{Lo..Hi}={0..1}
worldvln:85617:85617 [0] NCCL INFO AllReduce: 65536 Bytes -> Algo TREE proto SIMPLE channel{Lo..Hi}={0..1}
worldvln:85617:85617 [0] NCCL INFO AllReduce: 65536 Bytes -> Algo TREE proto SIMPLE channel{Lo..Hi}={0..1}
worldvln:85617:85617 [0] NCCL INFO AllReduce: 65536 Bytes -> Algo TREE proto SIMPLE channel{Lo..Hi}={0..1}
worldvln:85617:85617 [0] NCCL INFO AllReduce: 65536 Bytes -> Algo TREE proto SIMPLE channel{Lo..Hi}={0..1}
worldvln:85617:85617 [0] NCCL INFO AllReduce: 65536 Bytes -> Algo TREE proto SIMPLE channel{Lo..Hi}={0..1}
worldvln:85617:85617 [0] NCCL INFO AllReduce: 65536 Bytes -> Algo TREE proto SIMPLE channel{Lo..Hi}={0..1}
worldvln:85617:85617 [0] NCCL INFO AllReduce: 65536 Bytes -> Algo TREE proto SIMPLE channel{Lo..Hi}={0..1}
worldvln:85617:85617 [0] NCCL INFO AllReduce: 65536 Bytes -> Algo TREE proto SIMPLE channel{Lo..Hi}={0..1}
worldvln:85617:85617 [0] NCCL INFO AllReduce: 65536 Bytes -> Algo TREE proto SIMPLE channel{Lo..Hi}={0..1}
worldvln:85617:85617 [0] NCCL INFO AllReduce: 65536 Bytes -> Algo TREE proto SIMPLE channel{Lo..Hi}={0..1}
worldvln:85617:85617 [0] NCCL INFO AllReduce: 65536 Bytes -> Algo TREE proto SIMPLE channel{Lo..Hi}={0..1}
worldvln:85617:85617 [0] NCCL INFO AllReduce: 65536 Bytes -> Algo TREE proto SIMPLE channel{Lo..Hi}={0..1}
worldvln:85617:85617 [0] NCCL INFO AllReduce: 262144 Bytes -> Algo TREE proto SIMPLE channel{Lo..Hi}={0..1}
worldvln:85617:85617 [0] NCCL INFO AllReduce: 262144 Bytes -> Algo TREE proto SIMPLE channel{Lo..Hi}={0..1}
worldvln:85617:85617 [0] NCCL INFO AllReduce: 262144 Bytes -> Algo TREE proto SIMPLE channel{Lo..Hi}={0..1}
worldvln:85617:85617 [0] NCCL INFO AllReduce: 4 Bytes -> Algo TREE proto SIMPLE channel{Lo..Hi}={0..0}
worldvln:85617:85617 [0] NCCL INFO AllReduce: 262144 Bytes -> Algo TREE proto SIMPLE channel{Lo..Hi}={0..1}
worldvln:85617:85617 [0] NCCL INFO AllReduce: 262144 Bytes -> Algo TREE proto SIMPLE channel{Lo..Hi}={0..1}
worldvln:85617:85617 [0] NCCL INFO AllReduce: 262144 Bytes -> Algo TREE proto SIMPLE channel{Lo..Hi}={0..1}
worldvln:85617:85617 [0] NCCL INFO AllReduce: 262144 Bytes -> Algo TREE proto SIMPLE channel{Lo..Hi}={0..1}
worldvln:85617:85617 [0] NCCL INFO AllReduce: 262144 Bytes -> Algo TREE proto SIMPLE channel{Lo..Hi}={0..1}
worldvln:85617:85617 [0] NCCL INFO AllReduce: 262144 Bytes -> Algo TREE proto SIMPLE channel{Lo..Hi}={0..1}
worldvln:85617:85617 [0] NCCL INFO AllReduce: 262144 Bytes -> Algo TREE proto SIMPLE channel{Lo..Hi}={0..1}
worldvln:85617:85617 [0] NCCL INFO AllReduce: 262144 Bytes -> Algo TREE proto SIMPLE channel{Lo..Hi}={0..1}
worldvln:85617:85617 [0] NCCL INFO AllReduce: 262144 Bytes -> Algo TREE proto SIMPLE channel{Lo..Hi}={0..1}
worldvln:85617:85617 [0] NCCL INFO AllReduce: 262144 Bytes -> Algo TREE proto SIMPLE channel{Lo..Hi}={0..1}
worldvln:85617:85617 [0] NCCL INFO AllReduce: 262144 Bytes -> Algo TREE proto SIMPLE channel{Lo..Hi}={0..1}
worldvln:85617:85617 [0] NCCL INFO AllReduce: 262144 Bytes -> Algo TREE proto SIMPLE channel{Lo..Hi}={0..1}
worldvln:85617:85617 [0] NCCL INFO AllReduce: 262144 Bytes -> Algo TREE proto SIMPLE channel{Lo..Hi}={0..1}
worldvln:85617:85617 [0] NCCL INFO AllReduce: 262144 Bytes -> Algo TREE proto SIMPLE channel{Lo..Hi}={0..1}
worldvln:85617:85617 [0] NCCL INFO AllReduce: 262144 Bytes -> Algo TREE proto SIMPLE channel{Lo..Hi}={0..1}
worldvln:85617:85617 [0] NCCL INFO AllReduce: 262144 Bytes -> Algo TREE proto SIMPLE channel{Lo..Hi}={0..1}
worldvln:85617:85617 [0] NCCL INFO AllReduce: 262144 Bytes -> Algo TREE proto SIMPLE channel{Lo..Hi}={0..1}
worldvln:85617:85617 [0] NCCL INFO AllReduce: 262144 Bytes -> Algo TREE proto SIMPLE channel{Lo..Hi}={0..1}
worldvln:85617:85617 [0] NCCL INFO AllReduce: 262144 Bytes -> Algo TREE proto SIMPLE channel{Lo..Hi}={0..1}
worldvln:85617:85617 [0] NCCL INFO AllReduce: 262144 Bytes -> Algo TREE proto SIMPLE channel{Lo..Hi}={0..1}
worldvln:85617:85617 [0] NCCL INFO AllReduce: 1048576 Bytes -> Algo TREE proto SIMPLE channel{Lo..Hi}={0..1}
worldvln:85617:85617 [0] NCCL INFO AllReduce: 1048576 Bytes -> Algo TREE proto SIMPLE channel{Lo..Hi}={0..1}
worldvln:85617:85617 [0] NCCL INFO AllReduce: 1048576 Bytes -> Algo TREE proto SIMPLE channel{Lo..Hi}={0..1}
worldvln:85617:85617 [0] NCCL INFO AllReduce: 4 Bytes -> Algo TREE proto SIMPLE channel{Lo..Hi}={0..0}
worldvln:85617:85617 [0] NCCL INFO AllReduce: 1048576 Bytes -> Algo TREE proto SIMPLE channel{Lo..Hi}={0..1}
worldvln:85617:85617 [0] NCCL INFO AllReduce: 1048576 Bytes -> Algo TREE proto SIMPLE channel{Lo..Hi}={0..1}
worldvln:85617:85617 [0] NCCL INFO AllReduce: 1048576 Bytes -> Algo TREE proto SIMPLE channel{Lo..Hi}={0..1}
worldvln:85617:85617 [0] NCCL INFO AllReduce: 1048576 Bytes -> Algo TREE proto SIMPLE channel{Lo..Hi}={0..1}
worldvln:85617:85617 [0] NCCL INFO AllReduce: 1048576 Bytes -> Algo TREE proto SIMPLE channel{Lo..Hi}={0..1}
worldvln:85617:85617 [0] NCCL INFO AllReduce: 1048576 Bytes -> Algo TREE proto SIMPLE channel{Lo..Hi}={0..1}
worldvln:85617:85617 [0] NCCL INFO AllReduce: 1048576 Bytes -> Algo TREE proto SIMPLE channel{Lo..Hi}={0..1}
worldvln:85617:85617 [0] NCCL INFO AllReduce: 1048576 Bytes -> Algo TREE proto SIMPLE channel{Lo..Hi}={0..1}
worldvln:85617:85617 [0] NCCL INFO AllReduce: 1048576 Bytes -> Algo TREE proto SIMPLE channel{Lo..Hi}={0..1}
worldvln:85617:85617 [0] NCCL INFO AllReduce: 1048576 Bytes -> Algo TREE proto SIMPLE channel{Lo..Hi}={0..1}
worldvln:85617:85617 [0] NCCL INFO AllReduce: 1048576 Bytes -> Algo TREE proto SIMPLE channel{Lo..Hi}={0..1}
worldvln:85617:85617 [0] NCCL INFO AllReduce: 1048576 Bytes -> Algo TREE proto SIMPLE channel{Lo..Hi}={0..1}
worldvln:85617:85617 [0] NCCL INFO AllReduce: 1048576 Bytes -> Algo TREE proto SIMPLE channel{Lo..Hi}={0..1}
worldvln:85617:85617 [0] NCCL INFO AllReduce: 1048576 Bytes -> Algo TREE proto SIMPLE channel{Lo..Hi}={0..1}
worldvln:85617:85617 [0] NCCL INFO AllReduce: 1048576 Bytes -> Algo TREE proto SIMPLE channel{Lo..Hi}={0..1}
worldvln:85617:85617 [0] NCCL INFO AllReduce: 1048576 Bytes -> Algo TREE proto SIMPLE channel{Lo..Hi}={0..1}
worldvln:85617:85617 [0] NCCL INFO AllReduce: 1048576 Bytes -> Algo TREE proto SIMPLE channel{Lo..Hi}={0..1}
worldvln:85617:85617 [0] NCCL INFO AllReduce: 1048576 Bytes -> Algo TREE proto SIMPLE channel{Lo..Hi}={0..1}
worldvln:85617:85617 [0] NCCL INFO AllReduce: 1048576 Bytes -> Algo TREE proto SIMPLE channel{Lo..Hi}={0..1}
worldvln:85617:85617 [0] NCCL INFO AllReduce: 1048576 Bytes -> Algo TREE proto SIMPLE channel{Lo..Hi}={0..1}
worldvln:85617:85617 [0] NCCL INFO AllReduce: 4194304 Bytes -> Algo TREE proto SIMPLE channel{Lo..Hi}={0..1}
worldvln:85617:85617 [0] NCCL INFO AllReduce: 4194304 Bytes -> Algo TREE proto SIMPLE channel{Lo..Hi}={0..1}
worldvln:85617:85617 [0] NCCL INFO AllReduce: 4194304 Bytes -> Algo TREE proto SIMPLE channel{Lo..Hi}={0..1}
worldvln:85617:85617 [0] NCCL INFO AllReduce: 4 Bytes -> Algo TREE proto SIMPLE channel{Lo..Hi}={0..0}
worldvln:85617:85617 [0] NCCL INFO AllReduce: 4194304 Bytes -> Algo TREE proto SIMPLE channel{Lo..Hi}={0..1}
worldvln:85617:85617 [0] NCCL INFO AllReduce: 4194304 Bytes -> Algo TREE proto SIMPLE channel{Lo..Hi}={0..1}
worldvln:85617:85617 [0] NCCL INFO AllReduce: 4194304 Bytes -> Algo TREE proto SIMPLE channel{Lo..Hi}={0..1}
worldvln:85617:85617 [0] NCCL INFO AllReduce: 4194304 Bytes -> Algo TREE proto SIMPLE channel{Lo..Hi}={0..1}
worldvln:85617:85617 [0] NCCL INFO AllReduce: 4194304 Bytes -> Algo TREE proto SIMPLE channel{Lo..Hi}={0..1}
worldvln:85617:85617 [0] NCCL INFO AllReduce: 4194304 Bytes -> Algo TREE proto SIMPLE channel{Lo..Hi}={0..1}
worldvln:85617:85617 [0] NCCL INFO AllReduce: 4194304 Bytes -> Algo TREE proto SIMPLE channel{Lo..Hi}={0..1}
worldvln:85617:85617 [0] NCCL INFO AllReduce: 4194304 Bytes -> Algo TREE proto SIMPLE channel{Lo..Hi}={0..1}
worldvln:85617:85617 [0] NCCL INFO AllReduce: 4194304 Bytes -> Algo TREE proto SIMPLE channel{Lo..Hi}={0..1}
worldvln:85617:85617 [0] NCCL INFO AllReduce: 4194304 Bytes -> Algo TREE proto SIMPLE channel{Lo..Hi}={0..1}
worldvln:85617:85617 [0] NCCL INFO AllReduce: 4194304 Bytes -> Algo TREE proto SIMPLE channel{Lo..Hi}={0..1}
worldvln:85617:85617 [0] NCCL INFO AllReduce: 4194304 Bytes -> Algo TREE proto SIMPLE channel{Lo..Hi}={0..1}
worldvln:85617:85617 [0] NCCL INFO AllReduce: 4194304 Bytes -> Algo TREE proto SIMPLE channel{Lo..Hi}={0..1}
worldvln:85617:85617 [0] NCCL INFO AllReduce: 4194304 Bytes -> Algo TREE proto SIMPLE channel{Lo..Hi}={0..1}
worldvln:85617:85617 [0] NCCL INFO AllReduce: 4194304 Bytes -> Algo TREE proto SIMPLE channel{Lo..Hi}={0..1}
worldvln:85617:85617 [0] NCCL INFO AllReduce: 4194304 Bytes -> Algo TREE proto SIMPLE channel{Lo..Hi}={0..1}
worldvln:85617:85617 [0] NCCL INFO AllReduce: 4194304 Bytes -> Algo TREE proto SIMPLE channel{Lo..Hi}={0..1}
worldvln:85617:85617 [0] NCCL INFO AllReduce: 4194304 Bytes -> Algo TREE proto SIMPLE channel{Lo..Hi}={0..1}
worldvln:85617:85617 [0] NCCL INFO AllReduce: 4194304 Bytes -> Algo TREE proto SIMPLE channel{Lo..Hi}={0..1}
worldvln:85617:85617 [0] NCCL INFO AllReduce: 4194304 Bytes -> Algo TREE proto SIMPLE channel{Lo..Hi}={0..1}
worldvln:85617:85617 [0] NCCL INFO AllReduce: 16777216 Bytes -> Algo TREE proto SIMPLE channel{Lo..Hi}={0..1}
worldvln:85617:85617 [0] NCCL INFO AllReduce: 16777216 Bytes -> Algo TREE proto SIMPLE channel{Lo..Hi}={0..1}
worldvln:85617:85617 [0] NCCL INFO AllReduce: 16777216 Bytes -> Algo TREE proto SIMPLE channel{Lo..Hi}={0..1}
worldvln:85617:85617 [0] NCCL INFO AllReduce: 4 Bytes -> Algo TREE proto SIMPLE channel{Lo..Hi}={0..0}
worldvln:85617:85617 [0] NCCL INFO AllReduce: 16777216 Bytes -> Algo TREE proto SIMPLE channel{Lo..Hi}={0..1}
worldvln:85617:85617 [0] NCCL INFO AllReduce: 16777216 Bytes -> Algo TREE proto SIMPLE channel{Lo..Hi}={0..1}
worldvln:85617:85617 [0] NCCL INFO AllReduce: 16777216 Bytes -> Algo TREE proto SIMPLE channel{Lo..Hi}={0..1}
worldvln:85617:85617 [0] NCCL INFO AllReduce: 16777216 Bytes -> Algo TREE proto SIMPLE channel{Lo..Hi}={0..1}
worldvln:85617:85617 [0] NCCL INFO AllReduce: 16777216 Bytes -> Algo TREE proto SIMPLE channel{Lo..Hi}={0..1}
worldvln:85617:85617 [0] NCCL INFO AllReduce: 16777216 Bytes -> Algo TREE proto SIMPLE channel{Lo..Hi}={0..1}
worldvln:85617:85617 [0] NCCL INFO AllReduce: 16777216 Bytes -> Algo TREE proto SIMPLE channel{Lo..Hi}={0..1}
worldvln:85617:85617 [0] NCCL INFO AllReduce: 16777216 Bytes -> Algo TREE proto SIMPLE channel{Lo..Hi}={0..1}
worldvln:85617:85617 [0] NCCL INFO AllReduce: 67108864 Bytes -> Algo TREE proto SIMPLE channel{Lo..Hi}={0..1}
worldvln:85617:85617 [0] NCCL INFO AllReduce: 67108864 Bytes -> Algo TREE proto SIMPLE channel{Lo..Hi}={0..1}
worldvln:85617:85617 [0] NCCL INFO AllReduce: 67108864 Bytes -> Algo TREE proto SIMPLE channel{Lo..Hi}={0..1}
worldvln:85617:85617 [0] NCCL INFO AllReduce: 4 Bytes -> Algo TREE proto SIMPLE channel{Lo..Hi}={0..0}
worldvln:85617:85617 [0] NCCL INFO AllReduce: 67108864 Bytes -> Algo TREE proto SIMPLE channel{Lo..Hi}={0..1}
worldvln:85617:85617 [0] NCCL INFO AllReduce: 67108864 Bytes -> Algo TREE proto SIMPLE channel{Lo..Hi}={0..1}
worldvln:85617:85617 [0] NCCL INFO AllReduce: 67108864 Bytes -> Algo TREE proto SIMPLE channel{Lo..Hi}={0..1}
worldvln:85617:85617 [0] NCCL INFO AllReduce: 67108864 Bytes -> Algo TREE proto SIMPLE channel{Lo..Hi}={0..1}
worldvln:85617:85617 [0] NCCL INFO AllReduce: 67108864 Bytes -> Algo TREE proto SIMPLE channel{Lo..Hi}={0..1}
worldvln:85617:85617 [0] NCCL INFO AllReduce: 67108864 Bytes -> Algo TREE proto SIMPLE channel{Lo..Hi}={0..1}
worldvln:85617:85617 [0] NCCL INFO AllReduce: 67108864 Bytes -> Algo TREE proto SIMPLE channel{Lo..Hi}={0..1}
worldvln:85617:85617 [0] NCCL INFO AllReduce: 67108864 Bytes -> Algo TREE proto SIMPLE channel{Lo..Hi}={0..1}
worldvln:85617:85617 [0] NCCL INFO AllReduce: 268435456 Bytes -> Algo TREE proto SIMPLE channel{Lo..Hi}={0..1}
worldvln:85617:85617 [0] NCCL INFO AllReduce: 268435456 Bytes -> Algo TREE proto SIMPLE channel{Lo..Hi}={0..1}
worldvln:85617:85617 [0] NCCL INFO AllReduce: 268435456 Bytes -> Algo TREE proto SIMPLE channel{Lo..Hi}={0..1}
worldvln:85617:85617 [0] NCCL INFO AllReduce: 4 Bytes -> Algo TREE proto SIMPLE channel{Lo..Hi}={0..0}
worldvln:85617:85617 [0] NCCL INFO AllReduce: 268435456 Bytes -> Algo TREE proto SIMPLE channel{Lo..Hi}={0..1}
worldvln:85617:85617 [0] NCCL INFO AllReduce: 268435456 Bytes -> Algo TREE proto SIMPLE channel{Lo..Hi}={0..1}
worldvln:85617:85617 [0] NCCL INFO AllReduce: 268435456 Bytes -> Algo TREE proto SIMPLE channel{Lo..Hi}={0..1}
worldvln:85617:85617 [0] NCCL INFO AllReduce: 268435456 Bytes -> Algo TREE proto SIMPLE channel{Lo..Hi}={0..1}
worldvln:85617:85617 [0] NCCL INFO AllReduce: 268435456 Bytes -> Algo TREE proto SIMPLE channel{Lo..Hi}={0..1}
worldvln:85617:85617 [0] NCCL INFO AllReduce: 268435456 Bytes -> Algo TREE proto SIMPLE channel{Lo..Hi}={0..1}
worldvln:85617:85617 [0] NCCL INFO AllReduce: 268435456 Bytes -> Algo TREE proto SIMPLE channel{Lo..Hi}={0..1}
worldvln:85617:85617 [0] NCCL INFO AllReduce: 268435456 Bytes -> Algo TREE proto SIMPLE channel{Lo..Hi}={0..1}
worldvln:85617:85617 [0] NCCL INFO AllReduce: 4 Bytes -> Algo TREE proto SIMPLE channel{Lo..Hi}={0..0}

[2026-09-13 21:26:59] worldvln:85617:85617 [0] enqueue.cc:1971 NCCL WARN Error : no algorithm/protocol available for function Broadcast with datatype ncclInt8. NCCL_ALGO was set to Tree. NCCL_PROTO was set to Simple.
worldvln:85617:85617 [0] NCCL INFO enqueue.cc:2060 -> 5
worldvln:85617:85617 [0] NCCL INFO enqueue.cc:436 -> 5
worldvln:85617:85617 [0] NCCL INFO group.cc:546 -> 5
worldvln:85617:85617 [0] NCCL INFO group.cc:646 -> 5
worldvln:85617:85617 [0] NCCL INFO group.cc:833 -> 5
worldvln:85617:85617 [0] NCCL INFO enqueue.cc:3016 -> 5

[2026-09-13 21:26:59] worldvln:85617:85617 [0] enqueue.cc:1971 NCCL WARN Error : no algorithm/protocol available for function Broadcast with datatype ncclInt8. NCCL_ALGO was set to Tree. NCCL_PROTO was set to Simple.
worldvln:85617:85617 [0] NCCL INFO enqueue.cc:2060 -> 5
worldvln:85617:85617 [0] NCCL INFO enqueue.cc:436 -> 5
worldvln:85617:85617 [0] NCCL INFO group.cc:546 -> 5
worldvln:85617:85617 [0] NCCL INFO group.cc:646 -> 5
worldvln:85617:85617 [0] NCCL INFO group.cc:833 -> 5
worldvln:85617:85617 [0] NCCL INFO enqueue.cc:3016 -> 5

[2026-09-13 21:26:59] worldvln:85617:85617 [0] enqueue.cc:1971 NCCL WARN Error : no algorithm/protocol available for function Broadcast with datatype ncclInt8. NCCL_ALGO was set to Tree. NCCL_PROTO was set to Simple.
worldvln:85617:85617 [0] NCCL INFO enqueue.cc:2060 -> 5
worldvln:85617:85617 [0] NCCL INFO enqueue.cc:436 -> 5
worldvln:85617:85617 [0] NCCL INFO group.cc:546 -> 5
worldvln:85617:85617 [0] NCCL INFO group.cc:646 -> 5
worldvln:85617:85617 [0] NCCL INFO group.cc:833 -> 5
worldvln:85617:85617 [0] NCCL INFO enqueue.cc:3016 -> 5

[2026-09-13 21:26:59] worldvln:85617:85617 [0] enqueue.cc:1971 NCCL WARN Error : no algorithm/protocol available for function Broadcast with datatype ncclInt8. NCCL_ALGO was set to Tree. NCCL_PROTO was set to Simple.
worldvln:85617:85617 [0] NCCL INFO enqueue.cc:2060 -> 5
worldvln:85617:85617 [0] NCCL INFO enqueue.cc:436 -> 5
worldvln:85617:85617 [0] NCCL INFO group.cc:546 -> 5
worldvln:85617:85617 [0] NCCL INFO group.cc:646 -> 5
worldvln:85617:85617 [0] NCCL INFO group.cc:833 -> 5
worldvln:85617:85617 [0] NCCL INFO enqueue.cc:3016 -> 5

[2026-09-13 21:26:59] worldvln:85617:85617 [0] enqueue.cc:1971 NCCL WARN Error : no algorithm/protocol available for function Broadcast with datatype ncclInt8. NCCL_ALGO was set to Tree. NCCL_PROTO was set to Simple.
worldvln:85617:85617 [0] NCCL INFO enqueue.cc:2060 -> 5
worldvln:85617:85617 [0] NCCL INFO enqueue.cc:436 -> 5
worldvln:85617:85617 [0] NCCL INFO group.cc:546 -> 5
worldvln:85617:85617 [0] NCCL INFO group.cc:646 -> 5
worldvln:85617:85617 [0] NCCL INFO group.cc:833 -> 5
worldvln:85617:85617 [0] NCCL INFO enqueue.cc:3016 -> 5

[2026-09-13 21:26:59] worldvln:85617:85617 [0] enqueue.cc:1971 NCCL WARN Error : no algorithm/protocol available for function Broadcast with datatype ncclInt8. NCCL_ALGO was set to Tree. NCCL_PROTO was set to Simple.
worldvln:85617:85617 [0] NCCL INFO enqueue.cc:2060 -> 5
worldvln:85617:85617 [0] NCCL INFO enqueue.cc:436 -> 5
worldvln:85617:85617 [0] NCCL INFO group.cc:546 -> 5
worldvln:85617:85617 [0] NCCL INFO group.cc:646 -> 5
worldvln:85617:85617 [0] NCCL INFO group.cc:833 -> 5
worldvln:85617:85617 [0] NCCL INFO enqueue.cc:3016 -> 5

[2026-09-13 21:26:59] worldvln:85617:85617 [0] enqueue.cc:1971 NCCL WARN Error : no algorithm/protocol available for function Broadcast with datatype ncclInt8. NCCL_ALGO was set to Tree. NCCL_PROTO was set to Simple.
worldvln:85617:85617 [0] NCCL INFO enqueue.cc:2060 -> 5
worldvln:85617:85617 [0] NCCL INFO enqueue.cc:436 -> 5
worldvln:85617:85617 [0] NCCL INFO group.cc:546 -> 5
worldvln:85617:85617 [0] NCCL INFO group.cc:646 -> 5
worldvln:85617:85617 [0] NCCL INFO group.cc:833 -> 5
worldvln:85617:85617 [0] NCCL INFO enqueue.cc:3016 -> 5

[2026-09-13 21:26:59] worldvln:85617:85617 [0] enqueue.cc:1971 NCCL WARN Error : no algorithm/protocol available for function Broadcast with datatype ncclInt8. NCCL_ALGO was set to Tree. NCCL_PROTO was set to Simple.
worldvln:85617:85617 [0] NCCL INFO enqueue.cc:2060 -> 5
worldvln:85617:85617 [0] NCCL INFO enqueue.cc:436 -> 5
worldvln:85617:85617 [0] NCCL INFO group.cc:546 -> 5
worldvln:85617:85617 [0] NCCL INFO group.cc:646 -> 5
worldvln:85617:85617 [0] NCCL INFO group.cc:833 -> 5
worldvln:85617:85617 [0] NCCL INFO enqueue.cc:3016 -> 5

[2026-09-13 21:26:59] worldvln:85617:85617 [0] enqueue.cc:1971 NCCL WARN Error : no algorithm/protocol available for function Broadcast with datatype ncclInt8. NCCL_ALGO was set to Tree. NCCL_PROTO was set to Simple.
worldvln:85617:85617 [0] NCCL INFO enqueue.cc:2060 -> 5
worldvln:85617:85617 [0] NCCL INFO enqueue.cc:436 -> 5
worldvln:85617:85617 [0] NCCL INFO group.cc:546 -> 5
worldvln:85617:85617 [0] NCCL INFO group.cc:646 -> 5
worldvln:85617:85617 [0] NCCL INFO group.cc:833 -> 5
worldvln:85617:85617 [0] NCCL INFO enqueue.cc:3016 -> 5
worldvln:85617:85617 [0] NCCL INFO AllReduce: 4 Bytes -> Algo TREE proto SIMPLE channel{Lo..Hi}={0..0}
worldvln:85617:85907 [0] NCCL INFO comm 0x36ab3210 rank 0 nRanks 4 cudaDev 0 busId 16000 - Abort START
worldvln:85617:85907 [0] NCCL INFO misc/socket.cc:28 -> 3
worldvln:85617:85907 [0] NCCL INFO misc/socket.cc:45 -> 3
worldvln:85617:85907 [0] NCCL INFO misc/socket.cc:584 -> 3
worldvln:85617:85900 [0] NCCL INFO misc/socket.cc:659 -> 3
worldvln:85617:85907 [0] NCCL INFO misc/socket.cc:28 -> 3
worldvln:85617:85907 [0] NCCL INFO misc/socket.cc:45 -> 3
worldvln:85617:85907 [0] NCCL INFO misc/socket.cc:584 -> 3
worldvln:85617:85907 [0] NCCL INFO comm 0x36ab3210 rank 0 nranks 4 cudaDev 0 busId 16000 - Abort COMPLETE
worldvln:85617:85617 [0] NCCL INFO ENV/Plugin: Closing env plugin ncclEnvDefault
