[rank1]:[E913 18:56:32.416531511 ProcessGroupNCCL.cpp:730] [Rank 1] Watchdog caught collective operation timeout: WorkNCCL(SeqNum=1, OpType=ALLREDUCE, NumelIn=8, NumelOut=8, Timeout(ms)=20000) ran for 20018 milliseconds before timing out.
[rank1]:[E913 18:56:32.417141227 ProcessGroupNCCL.cpp:2372] [PG ID 0 PG GUID 0(default_pg) Rank 1]  failure detected by watchdog at work sequence id: 1 PG status: last enqueued work: 1, last started work: -1 (), last completed work: -1
[rank1]:[E913 18:56:33.355682392 ProcessGroupNCCL.cpp:774] Stack trace of the failed collective: 
#0 all_reduce from /root/learn/envs/serve/lib/python3.12/site-packages/torch/distributed/distributed_c10d.py:3245
#1 wrapper from /root/learn/envs/serve/lib/python3.12/site-packages/torch/distributed/c10d_logger.py:83
#2 <lambda> from /root/learn/work/labs/L6/collective_contracts.py:286
#3 call from /root/learn/work/labs/L6/comm_sequence.py:130
#4 worker_shape_mismatch from /root/learn/work/labs/L6/collective_contracts.py:285
#5 main from /root/learn/work/labs/L6/collective_contracts.py:621
#6 <module> from /root/learn/work/labs/L6/collective_contracts.py:633

[rank1]:[E913 18:56:33.355848000 ProcessGroupNCCL.cpp:2714] [PG ID 0 PG GUID 0(default_pg) Rank 1] First PG on this rank to signal dumping.
[rank1]:[E913 18:56:34.005812445 ProcessGroupNCCL.cpp:1964] [PG ID 0 PG GUID 0(default_pg) Rank 1] Received a dump signal due to a collective timeout from this local rank and we will try our best to dump the debug info. Last enqueued NCCL work: 1, last completed NCCL work: -1.This is most likely caused by incorrect usages of collectives, e.g., wrong sizes used across ranks, the order of collectives is not same for all ranks or the scheduled collective, for some reason, didn't run. Additionally, this can be caused by GIL deadlock or other reasons such as network errors or bugs in the communications library (e.g. NCCL), etc. 
[rank1]:[E913 18:56:34.006131864 ProcessGroupNCCL.cpp:1677] [PG ID 0 PG GUID 0(default_pg) Rank 1] ProcessGroupNCCL preparing to dump debug info. Include stack trace: 1, only active collectives: 0
[rank1]:[E913 18:57:33.355972468 ProcessGroupNCCL.cpp:791] [Rank 1] Some NCCL operations have failed or timed out. Due to the asynchronous nature of CUDA kernels, subsequent GPU operations might run on corrupted/incomplete data.
[rank1]:[E913 18:57:33.356100246 ProcessGroupNCCL.cpp:805] [Rank 1] To avoid data inconsistency, we are taking the entire process down.
[rank1]:[E913 18:57:33.359417698 ProcessGroupNCCL.cpp:2174] [PG ID 0 PG GUID 0(default_pg) Rank 1] Process group watchdog thread terminated with exception: [Rank 1] Watchdog caught collective operation timeout: WorkNCCL(SeqNum=1, OpType=ALLREDUCE, NumelIn=8, NumelOut=8, Timeout(ms)=20000) ran for 20018 milliseconds before timing out.
Exception raised from checkTimeout at /__w/pytorch/pytorch/torch/csrc/distributed/c10d/ProcessGroupNCCL.cpp:733 (most recent call first):
frame #0: c10::Error::Error(c10::SourceLocation, std::__cxx11::basic_string<char, std::char_traits<char>, std::allocator<char> >) + 0x9d (0x7d251db63bfd in /root/learn/envs/serve/lib/python3.12/site-packages/torch/lib/libc10.so)
frame #1: c10::DistError::DistError(c10::SourceLocation, std::__cxx11::basic_string<char, std::char_traits<char>, std::allocator<char> >) + 0x72 (0x7d251db64bd2 in /root/learn/envs/serve/lib/python3.12/site-packages/torch/lib/libc10.so)
frame #2: c10::DistBackendError::DistBackendError(c10::SourceLocation, std::__cxx11::basic_string<char, std::char_traits<char>, std::allocator<char> >) + 0x72 (0x7d251db64d02 in /root/learn/envs/serve/lib/python3.12/site-packages/torch/lib/libc10.so)
frame #3: c10d::ProcessGroupNCCL::WorkNCCL::checkTimeout(std::optional<std::chrono::duration<long, std::ratio<1l, 1000l> > >) + 0x2b1 (0x7d2468750b41 in /root/learn/envs/serve/lib/python3.12/site-packages/torch/lib/libtorch_cuda.so)
frame #4: c10d::ProcessGroupNCCL::Watchdog::runLoop() + 0x1541 (0x7d246875c931 in /root/learn/envs/serve/lib/python3.12/site-packages/torch/lib/libtorch_cuda.so)
frame #5: c10d::ProcessGroupNCCL::Watchdog::run() + 0x157 (0x7d246875dd47 in /root/learn/envs/serve/lib/python3.12/site-packages/torch/lib/libtorch_cuda.so)
frame #6: <unknown function> + 0xecdb4 (0x7d24edcecdb4 in /lib/x86_64-linux-gnu/libstdc++.so.6)
frame #7: <unknown function> + 0x9cb84 (0x7d251ea9cb84 in /lib/x86_64-linux-gnu/libc.so.6)
frame #8: <unknown function> + 0x129ecc (0x7d251eb29ecc in /lib/x86_64-linux-gnu/libc.so.6)

terminate called after throwing an instance of 'c10::DistBackendError'
  what():  [PG ID 0 PG GUID 0(default_pg) Rank 1] Process group watchdog thread terminated with exception: [Rank 1] Watchdog caught collective operation timeout: WorkNCCL(SeqNum=1, OpType=ALLREDUCE, NumelIn=8, NumelOut=8, Timeout(ms)=20000) ran for 20018 milliseconds before timing out.
Exception raised from checkTimeout at /__w/pytorch/pytorch/torch/csrc/distributed/c10d/ProcessGroupNCCL.cpp:733 (most recent call first):
frame #0: c10::Error::Error(c10::SourceLocation, std::__cxx11::basic_string<char, std::char_traits<char>, std::allocator<char> >) + 0x9d (0x7d251db63bfd in /root/learn/envs/serve/lib/python3.12/site-packages/torch/lib/libc10.so)
frame #1: c10::DistError::DistError(c10::SourceLocation, std::__cxx11::basic_string<char, std::char_traits<char>, std::allocator<char> >) + 0x72 (0x7d251db64bd2 in /root/learn/envs/serve/lib/python3.12/site-packages/torch/lib/libc10.so)
frame #2: c10::DistBackendError::DistBackendError(c10::SourceLocation, std::__cxx11::basic_string<char, std::char_traits<char>, std::allocator<char> >) + 0x72 (0x7d251db64d02 in /root/learn/envs/serve/lib/python3.12/site-packages/torch/lib/libc10.so)
frame #3: c10d::ProcessGroupNCCL::WorkNCCL::checkTimeout(std::optional<std::chrono::duration<long, std::ratio<1l, 1000l> > >) + 0x2b1 (0x7d2468750b41 in /root/learn/envs/serve/lib/python3.12/site-packages/torch/lib/libtorch_cuda.so)
frame #4: c10d::ProcessGroupNCCL::Watchdog::runLoop() + 0x1541 (0x7d246875c931 in /root/learn/envs/serve/lib/python3.12/site-packages/torch/lib/libtorch_cuda.so)
frame #5: c10d::ProcessGroupNCCL::Watchdog::run() + 0x157 (0x7d246875dd47 in /root/learn/envs/serve/lib/python3.12/site-packages/torch/lib/libtorch_cuda.so)
frame #6: <unknown function> + 0xecdb4 (0x7d24edcecdb4 in /lib/x86_64-linux-gnu/libstdc++.so.6)
frame #7: <unknown function> + 0x9cb84 (0x7d251ea9cb84 in /lib/x86_64-linux-gnu/libc.so.6)
frame #8: <unknown function> + 0x129ecc (0x7d251eb29ecc in /lib/x86_64-linux-gnu/libc.so.6)

Exception raised from run at /__w/pytorch/pytorch/torch/csrc/distributed/c10d/ProcessGroupNCCL.cpp:2180 (most recent call first):
frame #0: c10::Error::Error(c10::SourceLocation, std::__cxx11::basic_string<char, std::char_traits<char>, std::allocator<char> >) + 0x9d (0x7d251db63bfd in /root/learn/envs/serve/lib/python3.12/site-packages/torch/lib/libc10.so)
frame #1: c10::DistError::DistError(c10::SourceLocation, std::__cxx11::basic_string<char, std::char_traits<char>, std::allocator<char> >) + 0x72 (0x7d251db64bd2 in /root/learn/envs/serve/lib/python3.12/site-packages/torch/lib/libc10.so)
frame #2: c10::DistBackendError::DistBackendError(c10::SourceLocation, std::__cxx11::basic_string<char, std::char_traits<char>, std::allocator<char> >) + 0x72 (0x7d251db64d02 in /root/learn/envs/serve/lib/python3.12/site-packages/torch/lib/libc10.so)
frame #3: <unknown function> + 0x697922 (0x7d2467e97922 in /root/learn/envs/serve/lib/python3.12/site-packages/torch/lib/libtorch_cuda.so)
frame #4: <unknown function> + 0xecdb4 (0x7d24edcecdb4 in /lib/x86_64-linux-gnu/libstdc++.so.6)
frame #5: <unknown function> + 0x9cb84 (0x7d251ea9cb84 in /lib/x86_64-linux-gnu/libc.so.6)
frame #6: <unknown function> + 0x129ecc (0x7d251eb29ecc in /lib/x86_64-linux-gnu/libc.so.6)

