{"kind": "accept_step", "lib": "xgrammar", "schema": "loose", "step": 0, "piece": "{\"", "accept_median_us": 0.44, "accept_max_us": 0.47}
{"kind": "accept_step", "lib": "xgrammar", "schema": "loose", "step": 1, "piece": "name", "accept_median_us": 0.47, "accept_max_us": 0.5}
{"kind": "accept_step", "lib": "xgrammar", "schema": "loose", "step": 2, "piece": "\":\"", "accept_median_us": 0.6, "accept_max_us": 0.64}
{"kind": "accept_step", "lib": "xgrammar", "schema": "loose", "step": 3, "piece": "Z", "accept_median_us": 0.49, "accept_max_us": 0.51}
{"kind": "accept_step", "lib": "xgrammar", "schema": "loose", "step": 4, "piece": "hang", "accept_median_us": 0.62, "accept_max_us": 0.66}
{"kind": "accept_step", "lib": "xgrammar", "schema": "loose", "step": 5, "piece": "\",\"", "accept_median_us": 0.51, "accept_max_us": 0.54}
{"kind": "accept_step", "lib": "xgrammar", "schema": "loose", "step": 6, "piece": "city", "accept_median_us": 0.45, "accept_max_us": 0.48}
{"kind": "accept_step", "lib": "xgrammar", "schema": "loose", "step": 7, "piece": "\":\"", "accept_median_us": 0.53, "accept_max_us": 0.56}
{"kind": "accept_step", "lib": "xgrammar", "schema": "loose", "step": 8, "piece": "Sh", "accept_median_us": 0.51, "accept_max_us": 0.53}
{"kind": "accept_step", "lib": "xgrammar", "schema": "loose", "step": 9, "piece": "enzhen", "accept_median_us": 0.7, "accept_max_us": 0.73}
{"kind": "accept_step", "lib": "xgrammar", "schema": "loose", "step": 10, "piece": "\",\"", "accept_median_us": 0.52, "accept_max_us": 0.54}
{"kind": "accept_step", "lib": "xgrammar", "schema": "loose", "step": 11, "piece": "age", "accept_median_us": 0.44, "accept_max_us": 0.48}
{"kind": "accept_step", "lib": "xgrammar", "schema": "loose", "step": 12, "piece": "\":", "accept_median_us": 0.57, "accept_max_us": 0.6}
{"kind": "accept_step", "lib": "xgrammar", "schema": "loose", "step": 13, "piece": "3", "accept_median_us": 0.48, "accept_max_us": 0.58}
{"kind": "accept_step", "lib": "xgrammar", "schema": "loose", "step": 14, "piece": "1", "accept_median_us": 0.45, "accept_max_us": 0.5}
{"kind": "accept_step", "lib": "xgrammar", "schema": "loose", "step": 15, "piece": "}", "accept_median_us": 0.43, "accept_max_us": 0.45}
{"kind": "accept_total", "lib": "xgrammar", "schema": "loose", "sum_of_medians_us": 8.21}
{"kind": "accept_step", "lib": "xgrammar", "schema": "tight", "step": 0, "piece": "{\"", "accept_median_us": 0.43, "accept_max_us": 0.48}
{"kind": "accept_step", "lib": "xgrammar", "schema": "tight", "step": 1, "piece": "name", "accept_median_us": 0.47, "accept_max_us": 0.5}
{"kind": "accept_step", "lib": "xgrammar", "schema": "tight", "step": 2, "piece": "\":\"", "accept_median_us": 0.56, "accept_max_us": 0.61}
{"kind": "accept_step", "lib": "xgrammar", "schema": "tight", "step": 3, "piece": "Z", "accept_median_us": 0.41, "accept_max_us": 0.47}
{"kind": "accept_step", "lib": "xgrammar", "schema": "tight", "step": 4, "piece": "hang", "accept_median_us": 0.58, "accept_max_us": 0.63}
{"kind": "accept_step", "lib": "xgrammar", "schema": "tight", "step": 5, "piece": "\",\"", "accept_median_us": 0.53, "accept_max_us": 0.61}
{"kind": "accept_step", "lib": "xgrammar", "schema": "tight", "step": 6, "piece": "city", "accept_median_us": 0.44, "accept_max_us": 0.47}
{"kind": "accept_step", "lib": "xgrammar", "schema": "tight", "step": 7, "piece": "\":\"", "accept_median_us": 0.49, "accept_max_us": 0.52}
{"kind": "accept_step", "lib": "xgrammar", "schema": "tight", "step": 8, "piece": "Sh", "accept_median_us": 0.43, "accept_max_us": 0.46}
{"kind": "accept_step", "lib": "xgrammar", "schema": "tight", "step": 9, "piece": "enzhen", "accept_median_us": 0.53, "accept_max_us": 0.55}
{"kind": "accept_step", "lib": "xgrammar", "schema": "tight", "step": 10, "piece": "\",\"", "accept_median_us": 0.53, "accept_max_us": 0.63}
{"kind": "accept_step", "lib": "xgrammar", "schema": "tight", "step": 11, "piece": "age", "accept_median_us": 0.42, "accept_max_us": 0.47}
{"kind": "accept_step", "lib": "xgrammar", "schema": "tight", "step": 12, "piece": "\":", "accept_median_us": 0.49, "accept_max_us": 0.54}
{"kind": "accept_step", "lib": "xgrammar", "schema": "tight", "step": 13, "piece": "3", "accept_median_us": 0.46, "accept_max_us": 0.49}
{"kind": "accept_step", "lib": "xgrammar", "schema": "tight", "step": 14, "piece": "1", "accept_median_us": 0.45, "accept_max_us": 0.47}
{"kind": "accept_step", "lib": "xgrammar", "schema": "tight", "step": 15, "piece": "}", "accept_median_us": 0.42, "accept_max_us": 0.51}
{"kind": "accept_total", "lib": "xgrammar", "schema": "tight", "sum_of_medians_us": 7.64}
{"kind": "accept_step", "lib": "llguidance", "schema": "loose", "step": 0, "piece": "{\"", "accept_median_us": 1.335, "accept_max_us": 1.48}
{"kind": "accept_step", "lib": "llguidance", "schema": "loose", "step": 1, "piece": "name", "accept_median_us": 0.71, "accept_max_us": 0.8}
{"kind": "accept_step", "lib": "llguidance", "schema": "loose", "step": 2, "piece": "\":\"", "accept_median_us": 1.08, "accept_max_us": 1.17}
{"kind": "accept_step", "lib": "llguidance", "schema": "loose", "step": 3, "piece": "Z", "accept_median_us": 0.78, "accept_max_us": 1.02}
{"kind": "accept_step", "lib": "llguidance", "schema": "loose", "step": 4, "piece": "hang", "accept_median_us": 1.665, "accept_max_us": 2.04}
{"kind": "accept_step", "lib": "llguidance", "schema": "loose", "step": 5, "piece": "\",\"", "accept_median_us": 1.485, "accept_max_us": 1.86}
{"kind": "accept_step", "lib": "llguidance", "schema": "loose", "step": 6, "piece": "city", "accept_median_us": 0.57, "accept_max_us": 0.67}
{"kind": "accept_step", "lib": "llguidance", "schema": "loose", "step": 7, "piece": "\":\"", "accept_median_us": 0.83, "accept_max_us": 0.94}
{"kind": "accept_step", "lib": "llguidance", "schema": "loose", "step": 8, "piece": "Sh", "accept_median_us": 0.71, "accept_max_us": 0.82}
{"kind": "accept_step", "lib": "llguidance", "schema": "loose", "step": 9, "piece": "enzhen", "accept_median_us": 0.635, "accept_max_us": 0.72}
{"kind": "accept_step", "lib": "llguidance", "schema": "loose", "step": 10, "piece": "\",\"", "accept_median_us": 1.31, "accept_max_us": 1.54}
{"kind": "accept_step", "lib": "llguidance", "schema": "loose", "step": 11, "piece": "age", "accept_median_us": 0.57, "accept_max_us": 0.63}
{"kind": "accept_step", "lib": "llguidance", "schema": "loose", "step": 12, "piece": "\":", "accept_median_us": 0.8, "accept_max_us": 0.87}
{"kind": "accept_step", "lib": "llguidance", "schema": "loose", "step": 13, "piece": "3", "accept_median_us": 0.93, "accept_max_us": 1.18}
{"kind": "accept_step", "lib": "llguidance", "schema": "loose", "step": 14, "piece": "1", "accept_median_us": 1.185, "accept_max_us": 1.34}
{"kind": "accept_step", "lib": "llguidance", "schema": "loose", "step": 15, "piece": "}", "accept_median_us": 1.62, "accept_max_us": 1.75}
{"kind": "accept_total", "lib": "llguidance", "schema": "loose", "sum_of_medians_us": 16.215}
{"kind": "accept_step", "lib": "llguidance", "schema": "tight", "step": 0, "piece": "{\"", "accept_median_us": 1.37, "accept_max_us": 1.68}
{"kind": "accept_step", "lib": "llguidance", "schema": "tight", "step": 1, "piece": "name", "accept_median_us": 0.72, "accept_max_us": 0.85}
{"kind": "accept_step", "lib": "llguidance", "schema": "tight", "step": 2, "piece": "\":\"", "accept_median_us": 1.04, "accept_max_us": 1.21}
{"kind": "accept_step", "lib": "llguidance", "schema": "tight", "step": 3, "piece": "Z", "accept_median_us": 0.695, "accept_max_us": 0.77}
{"kind": "accept_step", "lib": "llguidance", "schema": "tight", "step": 4, "piece": "hang", "accept_median_us": 0.68, "accept_max_us": 0.83}
{"kind": "accept_step", "lib": "llguidance", "schema": "tight", "step": 5, "piece": "\",\"", "accept_median_us": 1.66, "accept_max_us": 2.09}
{"kind": "accept_step", "lib": "llguidance", "schema": "tight", "step": 6, "piece": "city", "accept_median_us": 0.555, "accept_max_us": 0.77}
{"kind": "accept_step", "lib": "llguidance", "schema": "tight", "step": 7, "piece": "\":\"", "accept_median_us": 0.845, "accept_max_us": 1.2}
{"kind": "accept_step", "lib": "llguidance", "schema": "tight", "step": 8, "piece": "Sh", "accept_median_us": 0.705, "accept_max_us": 0.81}
{"kind": "accept_step", "lib": "llguidance", "schema": "tight", "step": 9, "piece": "enzhen", "accept_median_us": 0.62, "accept_max_us": 0.7}
{"kind": "accept_step", "lib": "llguidance", "schema": "tight", "step": 10, "piece": "\",\"", "accept_median_us": 0.97, "accept_max_us": 1.15}
{"kind": "accept_step", "lib": "llguidance", "schema": "tight", "step": 11, "piece": "age", "accept_median_us": 0.515, "accept_max_us": 0.57}
{"kind": "accept_step", "lib": "llguidance", "schema": "tight", "step": 12, "piece": "\":", "accept_median_us": 0.785, "accept_max_us": 0.93}
{"kind": "accept_step", "lib": "llguidance", "schema": "tight", "step": 13, "piece": "3", "accept_median_us": 0.82, "accept_max_us": 1.02}
{"kind": "accept_step", "lib": "llguidance", "schema": "tight", "step": 14, "piece": "1", "accept_median_us": 1.05, "accept_max_us": 1.41}
{"kind": "accept_step", "lib": "llguidance", "schema": "tight", "step": 15, "piece": "}", "accept_median_us": 1.09, "accept_max_us": 1.2}
{"kind": "accept_total", "lib": "llguidance", "schema": "tight", "sum_of_medians_us": 14.12}
{"kind": "accept_step", "lib": "outlines_core", "schema": "loose", "step": 0, "piece": "{\"", "accept_median_us": 0.34, "accept_max_us": 0.43}
{"kind": "accept_step", "lib": "outlines_core", "schema": "loose", "step": 1, "piece": "name", "accept_median_us": 0.43, "accept_max_us": 0.86}
{"kind": "accept_step", "lib": "outlines_core", "schema": "loose", "step": 2, "piece": "\":\"", "accept_median_us": 1031.5285, "accept_max_us": 1042.134}
{"kind": "accept_step", "lib": "outlines_core", "schema": "loose", "step": 3, "piece": "Z", "accept_median_us": 1028.749, "accept_max_us": 1092.664}
{"kind": "accept_step", "lib": "outlines_core", "schema": "loose", "step": 4, "piece": "hang", "accept_median_us": 1027.719, "accept_max_us": 1033.014}
{"kind": "accept_step", "lib": "outlines_core", "schema": "loose", "step": 5, "piece": "\",\"", "accept_median_us": 0.54, "accept_max_us": 2.07}
{"kind": "accept_step", "lib": "outlines_core", "schema": "loose", "step": 6, "piece": "city", "accept_median_us": 0.41, "accept_max_us": 0.66}
{"kind": "accept_step", "lib": "outlines_core", "schema": "loose", "step": 7, "piece": "\":\"", "accept_median_us": 1033.479, "accept_max_us": 1042.884}
{"kind": "accept_step", "lib": "outlines_core", "schema": "loose", "step": 8, "piece": "Sh", "accept_median_us": 1029.154, "accept_max_us": 1047.114}
{"kind": "accept_step", "lib": "outlines_core", "schema": "loose", "step": 9, "piece": "enzhen", "accept_median_us": 1028.9335, "accept_max_us": 1034.894}
{"kind": "accept_step", "lib": "outlines_core", "schema": "loose", "step": 10, "piece": "\",\"", "accept_median_us": 0.53, "accept_max_us": 0.67}
{"kind": "accept_step", "lib": "outlines_core", "schema": "loose", "step": 11, "piece": "age", "accept_median_us": 0.31, "accept_max_us": 0.38}
{"kind": "accept_step", "lib": "outlines_core", "schema": "loose", "step": 12, "piece": "\":", "accept_median_us": 0.35, "accept_max_us": 0.45}
{"kind": "accept_step", "lib": "outlines_core", "schema": "loose", "step": 13, "piece": "3", "accept_median_us": 0.34, "accept_max_us": 0.43}
{"kind": "accept_step", "lib": "outlines_core", "schema": "loose", "step": 14, "piece": "1", "accept_median_us": 0.29, "accept_max_us": 0.32}
{"kind": "accept_step", "lib": "outlines_core", "schema": "loose", "step": 15, "piece": "}", "accept_median_us": 0.28, "accept_max_us": 0.34}
{"kind": "accept_total", "lib": "outlines_core", "schema": "loose", "sum_of_medians_us": 6183.383}
{"kind": "accept_step", "lib": "outlines_core", "schema": "tight", "step": 0, "piece": "{\"", "accept_median_us": 0.3, "accept_max_us": 0.34}
{"kind": "accept_step", "lib": "outlines_core", "schema": "tight", "step": 1, "piece": "name", "accept_median_us": 0.31, "accept_max_us": 0.36}
{"kind": "accept_step", "lib": "outlines_core", "schema": "tight", "step": 2, "piece": "\":\"", "accept_median_us": 31.2705, "accept_max_us": 31.81}
{"kind": "accept_step", "lib": "outlines_core", "schema": "tight", "step": 3, "piece": "Z", "accept_median_us": 96.98, "accept_max_us": 97.951}
{"kind": "accept_step", "lib": "outlines_core", "schema": "tight", "step": 4, "piece": "hang", "accept_median_us": 63.01, "accept_max_us": 77.2}
{"kind": "accept_step", "lib": "outlines_core", "schema": "tight", "step": 5, "piece": "\",\"", "accept_median_us": 0.37, "accept_max_us": 0.46}
{"kind": "accept_step", "lib": "outlines_core", "schema": "tight", "step": 6, "piece": "city", "accept_median_us": 0.3, "accept_max_us": 0.33}
{"kind": "accept_step", "lib": "outlines_core", "schema": "tight", "step": 7, "piece": "\":\"", "accept_median_us": 0.33, "accept_max_us": 0.37}
{"kind": "accept_step", "lib": "outlines_core", "schema": "tight", "step": 8, "piece": "Sh", "accept_median_us": 0.33, "accept_max_us": 0.4}
{"kind": "accept_step", "lib": "outlines_core", "schema": "tight", "step": 9, "piece": "enzhen", "accept_median_us": 0.29, "accept_max_us": 0.34}
{"kind": "accept_step", "lib": "outlines_core", "schema": "tight", "step": 10, "piece": "\",\"", "accept_median_us": 0.28, "accept_max_us": 0.33}
{"kind": "accept_step", "lib": "outlines_core", "schema": "tight", "step": 11, "piece": "age", "accept_median_us": 0.29, "accept_max_us": 0.37}
{"kind": "accept_step", "lib": "outlines_core", "schema": "tight", "step": 12, "piece": "\":", "accept_median_us": 0.32, "accept_max_us": 0.36}
{"kind": "accept_step", "lib": "outlines_core", "schema": "tight", "step": 13, "piece": "3", "accept_median_us": 0.32, "accept_max_us": 0.37}
{"kind": "accept_step", "lib": "outlines_core", "schema": "tight", "step": 14, "piece": "1", "accept_median_us": 0.29, "accept_max_us": 0.33}
{"kind": "accept_step", "lib": "outlines_core", "schema": "tight", "step": 15, "piece": "}", "accept_median_us": 0.29, "accept_max_us": 0.34}
{"kind": "accept_total", "lib": "outlines_core", "schema": "tight", "sum_of_medians_us": 195.2805}
