sg-admin-260724-4ea38-default0-0:138430:138430 [0] NCCL INFO ENV/Plugin: Could not find: libnccl-env.so
sg-admin-260724-4ea38-default0-0:138430:138430 [0] NCCL INFO cudaDriverVersion 13000
sg-admin-260724-4ea38-default0-0:138430:138430 [0] NCCL INFO NCCL_SOCKET_IFNAME set by environment to net1
sg-admin-260724-4ea38-default0-0:138430:138430 [0] NCCL INFO NCCL_SOCKET_IFNAME set to net1
sg-admin-260724-4ea38-default0-0:138430:138430 [0] NCCL INFO NCCL version 2.29.7+cuda13.2
sg-admin-260724-4ea38-default0-0:138430:138430 [0] NCCL INFO NCCL git version stable b81d6a5a3
sg-admin-260724-4ea38-default0-0:138430:138430 [0] NCCL INFO Comm config Blocking set to 1
sg-admin-260724-4ea38-default0-0:138430:138430 [0] NCCL INFO NET/Plugin: Could not find: libnccl-net.so
sg-admin-260724-4ea38-default0-0:138430:138430 [0] NCCL INFO NCCL_IB_DISABLE set by environment to 1.
sg-admin-260724-4ea38-default0-0:138430:138430 [0] NCCL INFO transport/net_ib/init.cc:396 -> 3
sg-admin-260724-4ea38-default0-0:138430:138430 [0] NCCL INFO Failed to initialize NET plugin IB
sg-admin-260724-4ea38-default0-0:138430:138430 [0] NCCL INFO NCCL_SOCKET_IFNAME set by environment to net1
sg-admin-260724-4ea38-default0-0:138430:138430 [0] NCCL INFO NET/Socket : Using [0]net1:192.168.105.101<0>
sg-admin-260724-4ea38-default0-0:138430:138430 [0] NCCL INFO Initialized NET plugin Socket
sg-admin-260724-4ea38-default0-0:138430:138430 [0] NCCL INFO Assigned NET plugin Socket to comm
sg-admin-260724-4ea38-default0-0:138430:138430 [0] NCCL INFO GIN/Plugin: Could not find: libnccl-gin.so

[2026-09-21 21:41:38] sg-admin-260724-4ea38-default0-0:138430:138430 [0] misc/ibvwrap.cc:173 NCCL WARN lib wrapper not initialized.
sg-admin-260724-4ea38-default0-0:138430:138430 [0] NCCL INFO transport/net_ib/gdr.cc:56 -> 3
sg-admin-260724-4ea38-default0-0:138430:138430 [0] NCCL INFO Unable to use GIN: Peermem is not supported, nor DMA-BUF.
sg-admin-260724-4ea38-default0-0:138430:138430 [0] NCCL INFO Unable to use GIN: Peermem is not supported, nor DMA-BUF.
sg-admin-260724-4ea38-default0-0:138430:138430 [0] NCCL INFO Failed to initialize any GIN plugin
sg-admin-260724-4ea38-default0-0:138430:138430 [0] NCCL INFO Using network Socket
sg-admin-260724-4ea38-default0-0:138430:138430 [0] NCCL INFO [Rank 1] ncclCommInitRankConfig comm 0x264d83e0 rank 1 nranks 2 cudaDev 0 nvmlDev 0 busId 1000 commId 0x55a435f6dacb6003 - Init START
sg-admin-260724-4ea38-default0-0:138430:138430 [0] NCCL INFO RAS client listening socket at ::1<28028>
sg-admin-260724-4ea38-default0-0:138430:138430 [0] NCCL INFO NET/Socket : GPU Direct RDMA Disabled for HCA 0 'net1'
sg-admin-260724-4ea38-default0-0:138430:138430 [0] NCCL INFO ncclTopoGetCpuAffinity: Affinity for GPU 0 is empty, ignoring. (GPU affinity =  ; CPU affinity = 0-31).
sg-admin-260724-4ea38-default0-0:138430:138430 [0] NCCL INFO comm 0x264d83e0 rank 1 nRanks 2 nNodes 2 localRanks 1 localRank 0 MNNVL 0
sg-admin-260724-4ea38-default0-0:138430:138430 [0] NCCL INFO Trees [0] -1/-1/-1->1->0 [1] 0/-1/-1->1->-1
sg-admin-260724-4ea38-default0-0:138430:138430 [0] NCCL INFO P2P Chunksize set to 131072
sg-admin-260724-4ea38-default0-0:138430:138430 [0] NCCL INFO PROFILER/Plugin: Could not find: libnccl-profiler.so
sg-admin-260724-4ea38-default0-0:138430:138430 [0] NCCL INFO Check P2P Type isAllDirectP2p 1 directMode 0 isAllCudaP2p 1
sg-admin-260724-4ea38-default0-0:138430:138471 [0] NCCL INFO [Proxy Service UDS] Device 0 CPU core 6
sg-admin-260724-4ea38-default0-0:138430:138470 [0] NCCL INFO [Proxy Service] Device 0 CPU core 28
sg-admin-260724-4ea38-default0-0:138430:138430 [0] NCCL INFO TUNER/Plugin: Could not find: libnccl-tuner.so
sg-admin-260724-4ea38-default0-0:138430:138430 [0] NCCL INFO threadThresholds 8/8/64 | 16/8/64 | 512 | 512
sg-admin-260724-4ea38-default0-0:138430:138430 [0] NCCL INFO 2 coll channels, 2 collnet channels, 0 nvls channels, 2 p2p channels, 1 p2p channels per peer
sg-admin-260724-4ea38-default0-0:138430:138430 [0] NCCL INFO Symmetric VA size=32GB
sg-admin-260724-4ea38-default0-0:138430:138430 [0] NCCL INFO Symmetric memory is not supported. cuMemEnable 1, globalGinSupport 0, globalNicFused 0 cuMemGdrSupport 0
sg-admin-260724-4ea38-default0-0:138430:138430 [0] NCCL INFO ncclCommInitRankConfig comm 0x264d83e0 rank 1 nranks 2 cudaDev 0 nvmlDev 0 busId 1000 commId 0x55a435f6dacb6003 - Init COMPLETE
sg-admin-260724-4ea38-default0-0:138430:138430 [0] NCCL INFO Init timings - ncclCommInitRankConfig: rank 1 nranks 2 total 0.14 (kernels 0.12, alloc 0.01, bootstrap 0.00, allgathers 0.01, topo 0.00, graphs 0.00, connections 0.00, rest 0.00)
sg-admin-260724-4ea38-default0-0:138430:138470 [0] NCCL INFO New proxy recv connection 0 from local rank 0, transport 2
sg-admin-260724-4ea38-default0-0:138430:138472 [0] NCCL INFO [Proxy Progress] Device 0 CPU core 29
sg-admin-260724-4ea38-default0-0:138430:138430 [0] NCCL INFO Connected to proxy localRank 0 -> connection 0x79e618004f70
sg-admin-260724-4ea38-default0-0:138430:138430 [0] NCCL INFO Channel 00/0 : 0[0] -> 1[0] [receive] via NET/Socket/0
sg-admin-260724-4ea38-default0-0:138430:138470 [0] NCCL INFO New proxy recv connection 1 from local rank 0, transport 2
sg-admin-260724-4ea38-default0-0:138430:138430 [0] NCCL INFO Connected to proxy localRank 0 -> connection 0x79e618004ff8
sg-admin-260724-4ea38-default0-0:138430:138430 [0] NCCL INFO Channel 01/0 : 0[0] -> 1[0] [receive] via NET/Socket/0
sg-admin-260724-4ea38-default0-0:138430:138470 [0] NCCL INFO New proxy send connection 2 from local rank 0, transport 2
sg-admin-260724-4ea38-default0-0:138430:138430 [0] NCCL INFO Connected to proxy localRank 0 -> connection 0x79e618005080
sg-admin-260724-4ea38-default0-0:138430:138430 [0] NCCL INFO Channel 00/0 : 1[0] -> 0[0] [send] via NET/Socket/0
sg-admin-260724-4ea38-default0-0:138430:138470 [0] NCCL INFO New proxy send connection 3 from local rank 0, transport 2
sg-admin-260724-4ea38-default0-0:138430:138430 [0] NCCL INFO Connected to proxy localRank 0 -> connection 0x79e618005108
sg-admin-260724-4ea38-default0-0:138430:138430 [0] NCCL INFO Channel 01/0 : 1[0] -> 0[0] [send] via NET/Socket/0
sg-admin-260724-4ea38-default0-0:138430:138430 [0] NCCL INFO Connected all rings, use ring PXN 0 GDR 0
sg-admin-260724-4ea38-default0-0:138430:138470 [0] NCCL INFO New proxy recv connection 4 from local rank 0, transport 2
sg-admin-260724-4ea38-default0-0:138430:138430 [0] NCCL INFO Connected to proxy localRank 0 -> connection 0x79e618005190
sg-admin-260724-4ea38-default0-0:138430:138430 [0] NCCL INFO Channel 01/1 : 0[0] -> 1[0] [receive] via NET/Socket/0/Shared
sg-admin-260724-4ea38-default0-0:138430:138470 [0] NCCL INFO New proxy send connection 5 from local rank 0, transport 2
sg-admin-260724-4ea38-default0-0:138430:138430 [0] NCCL INFO Connected to proxy localRank 0 -> connection 0x79e618005218
sg-admin-260724-4ea38-default0-0:138430:138430 [0] NCCL INFO Channel 01/1 : 1[0] -> 0[0] [send] via NET/Socket/0/Shared
sg-admin-260724-4ea38-default0-0:138430:138430 [0] NCCL INFO comm 0x264d83e0 rank 1 nranks 2 cudaDev 0 busId 1000 - Destroy COMPLETE
sg-admin-260724-4ea38-default0-0:138430:138430 [0] NCCL INFO ENV/Plugin: Closing env plugin ncclEnvDefault
