{"kind": "penalties", "input": [[-1.0, 2.0, 1.0, 0.5]], "output": [[-1.5, 0.5833333730697632, 1.0, -0.6666666269302368]], "reference": [-1.5, 0.5833333333333333, 1.0, -0.6666666666666667]}
INFO 09-11 02:46:27 [topk_topp_sampler.py:62] Using FlashInfer for top-p & top-k sampling.
{"kind": "dispatch", "raw_forward": "forward_cuda", "processed_forward": "forward_native"}
{"kind": "categorical", "n": 30000, "counts": [14984, 9022, 4499, 1495], "expected": [15000, 9000, 4500, 1500], "within_6sigma": true}
{"kind": "support_check", "batch": 1, "disagreements": 0}
{"kind": "timing", "batch": 1, "vocab": 151936, "dtype": "float32", "shape": [1, 151936], "stride": [151936, 1], "input_bytes": 607744, "input_fits_L2_96MiB": true, "arm": "clone", "microseconds": [4.489599913358688, 3.9264000952243805, 3.907199949026108, 3.7888001650571823, 3.859199956059456], "median_us": 3.907199949026108}
{"kind": "timing", "batch": 1, "vocab": 151936, "dtype": "float32", "shape": [1, 151936], "stride": [151936, 1], "input_bytes": 607744, "input_fits_L2_96MiB": true, "arm": "greedy", "microseconds": [9.151999652385712, 9.382399916648865, 9.15519967675209, 9.071999788284302, 9.625600278377533], "median_us": 9.15519967675209}
{"kind": "timing", "batch": 1, "vocab": 151936, "dtype": "float32", "shape": [1, 151936], "stride": [151936, 1], "input_bytes": 607744, "input_fits_L2_96MiB": true, "arm": "filter_dispatch", "microseconds": [150.16000270843506, 137.11040019989014, 136.29759550094604, 137.35359907150269, 137.87519931793213], "median_us": 137.35359907150269}
{"kind": "timing", "batch": 1, "vocab": 151936, "dtype": "float32", "shape": [1, 151936], "stride": [151936, 1], "input_bytes": 607744, "input_fits_L2_96MiB": true, "arm": "native_sampling", "microseconds": [199.4879961013794, 199.017596244812, 198.41920137405396, 198.54719638824463, 198.5856056213379], "median_us": 198.5856056213379}
{"kind": "timing", "batch": 1, "vocab": 151936, "dtype": "float32", "shape": [1, 151936], "stride": [151936, 1], "input_bytes": 607744, "input_fits_L2_96MiB": true, "arm": "selected_sampling", "microseconds": [104.0287971496582, 96.99839949607849, 96.72319889068604, 91.84960126876831, 94.99840140342712], "median_us": 96.72319889068604}
{"kind": "timing", "batch": 1, "vocab": 151936, "dtype": "float32", "shape": [1, 151936], "stride": [151936, 1], "input_bytes": 607744, "input_fits_L2_96MiB": true, "arm": "processed_sampling", "microseconds": [225.71520805358887, 225.82719326019287, 227.01759338378906, 225.60319900512695, 224.49278831481934], "median_us": 225.71520805358887}
{"kind": "timing", "batch": 1, "vocab": 151936, "dtype": "float32", "shape": [1, 151936], "stride": [151936, 1], "input_bytes": 607744, "input_fits_L2_96MiB": true, "arm": "greedy_logprobs0", "microseconds": [73.21919798851013, 72.00000286102295, 71.89760208129883, 71.2992012500763, 70.8191990852356], "median_us": 71.89760208129883}
{"kind": "timing", "batch": 1, "vocab": 151936, "dtype": "float32", "shape": [1, 151936], "stride": [151936, 1], "input_bytes": 607744, "input_fits_L2_96MiB": true, "arm": "greedy_logprobs5", "microseconds": [136.07360124588013, 136.5407943725586, 136.53119802474976, 140.39039611816406, 135.8944058418274], "median_us": 136.53119802474976}
{"kind": "timing", "batch": 1, "vocab": 151936, "dtype": "float32", "shape": [1, 151936], "stride": [151936, 1], "input_bytes": 607744, "input_fits_L2_96MiB": true, "arm": "greedy_logprobs20", "microseconds": [136.627197265625, 136.02880239486694, 135.9488010406494, 136.0703945159912, 136.0159993171692], "median_us": 136.02880239486694}
{"kind": "support_check", "batch": 7, "disagreements": 0}
{"kind": "timing", "batch": 7, "vocab": 151936, "dtype": "float32", "shape": [7, 151936], "stride": [151936, 1], "input_bytes": 4254208, "input_fits_L2_96MiB": true, "arm": "clone", "microseconds": [6.230400130152702, 5.244800075888634, 6.5856002271175385, 6.611199676990509, 6.473600119352341], "median_us": 6.473600119352341}
{"kind": "timing", "batch": 7, "vocab": 151936, "dtype": "float32", "shape": [7, 151936], "stride": [151936, 1], "input_bytes": 4254208, "input_fits_L2_96MiB": true, "arm": "greedy", "microseconds": [12.880000472068787, 13.24159950017929, 12.806400656700134, 13.001599907875061, 12.89599984884262], "median_us": 12.89599984884262}
{"kind": "timing", "batch": 7, "vocab": 151936, "dtype": "float32", "shape": [7, 151936], "stride": [151936, 1], "input_bytes": 4254208, "input_fits_L2_96MiB": true, "arm": "filter_dispatch", "microseconds": [373.6639976501465, 374.66559410095215, 374.3680000305176, 375.3376007080078, 374.3040084838867], "median_us": 374.3680000305176}
{"kind": "timing", "batch": 7, "vocab": 151936, "dtype": "float32", "shape": [7, 151936], "stride": [151936, 1], "input_bytes": 4254208, "input_fits_L2_96MiB": true, "arm": "native_sampling", "microseconds": [436.86718940734863, 439.2416000366211, 436.1408233642578, 436.2783908843994, 436.9631767272949], "median_us": 436.86718940734863}
{"kind": "timing", "batch": 7, "vocab": 151936, "dtype": "float32", "shape": [7, 151936], "stride": [151936, 1], "input_bytes": 4254208, "input_fits_L2_96MiB": true, "arm": "selected_sampling", "microseconds": [116.1728024482727, 115.47839641571045, 110.4159951210022, 120.71679830551147, 122.63360023498535], "median_us": 116.1728024482727}
{"kind": "timing", "batch": 7, "vocab": 151936, "dtype": "float32", "shape": [7, 151936], "stride": [151936, 1], "input_bytes": 4254208, "input_fits_L2_96MiB": true, "arm": "processed_sampling", "microseconds": [468.3296203613281, 469.23837661743164, 468.55998039245605, 469.28319931030273, 468.6528205871582], "median_us": 468.6528205871582}
{"kind": "timing", "batch": 7, "vocab": 151936, "dtype": "float32", "shape": [7, 151936], "stride": [151936, 1], "input_bytes": 4254208, "input_fits_L2_96MiB": true, "arm": "greedy_logprobs0", "microseconds": [82.43200182914734, 83.57120156288147, 82.97920227050781, 82.2816014289856, 82.67840147018433], "median_us": 82.67840147018433}
{"kind": "timing", "batch": 7, "vocab": 151936, "dtype": "float32", "shape": [7, 151936], "stride": [151936, 1], "input_bytes": 4254208, "input_fits_L2_96MiB": true, "arm": "greedy_logprobs5", "microseconds": [160.21440029144287, 160.64000129699707, 160.47040224075317, 160.29119491577148, 160.73919534683228], "median_us": 160.47040224075317}
{"kind": "timing", "batch": 7, "vocab": 151936, "dtype": "float32", "shape": [7, 151936], "stride": [151936, 1], "input_bytes": 4254208, "input_fits_L2_96MiB": true, "arm": "greedy_logprobs20", "microseconds": [161.37280464172363, 160.30720472335815, 160.18879413604736, 160.26560068130493, 160.4192018508911], "median_us": 160.30720472335815}
{"kind": "support_check", "batch": 8, "disagreements": 0}
{"kind": "timing", "batch": 8, "vocab": 151936, "dtype": "float32", "shape": [8, 151936], "stride": [151936, 1], "input_bytes": 4861952, "input_fits_L2_96MiB": true, "arm": "clone", "microseconds": [5.452800169587135, 3.855999931693077, 3.7856001406908035, 3.920000046491623, 4.259200021624565], "median_us": 3.920000046491623}
{"kind": "timing", "batch": 8, "vocab": 151936, "dtype": "float32", "shape": [8, 151936], "stride": [151936, 1], "input_bytes": 4861952, "input_fits_L2_96MiB": true, "arm": "greedy", "microseconds": [11.072000116109848, 11.395200341939926, 10.815999656915665, 10.98880022764206, 11.292800307273865], "median_us": 11.072000116109848}
{"kind": "timing", "batch": 8, "vocab": 151936, "dtype": "float32", "shape": [8, 151936], "stride": [151936, 1], "input_bytes": 4861952, "input_fits_L2_96MiB": true, "arm": "filter_dispatch", "microseconds": [98.98560047149658, 98.96960258483887, 99.53280091285706, 99.27679896354675, 99.04000163078308], "median_us": 99.04000163078308}
{"kind": "timing", "batch": 8, "vocab": 151936, "dtype": "float32", "shape": [8, 151936], "stride": [151936, 1], "input_bytes": 4861952, "input_fits_L2_96MiB": true, "arm": "native_sampling", "microseconds": [162.42560148239136, 162.5216007232666, 162.94080018997192, 163.1808042526245, 162.25279569625854], "median_us": 162.5216007232666}
{"kind": "timing", "batch": 8, "vocab": 151936, "dtype": "float32", "shape": [8, 151936], "stride": [151936, 1], "input_bytes": 4861952, "input_fits_L2_96MiB": true, "arm": "selected_sampling", "microseconds": [116.8895959854126, 118.07039976119995, 113.46559524536133, 113.73440027236938, 118.96640062332153], "median_us": 116.8895959854126}
{"kind": "timing", "batch": 8, "vocab": 151936, "dtype": "float32", "shape": [8, 151936], "stride": [151936, 1], "input_bytes": 4861952, "input_fits_L2_96MiB": true, "arm": "processed_sampling", "microseconds": [196.7296004295349, 196.54079675674438, 197.20959663391113, 197.2991943359375, 196.58559560775757], "median_us": 196.7296004295349}
{"kind": "timing", "batch": 8, "vocab": 151936, "dtype": "float32", "shape": [8, 151936], "stride": [151936, 1], "input_bytes": 4861952, "input_fits_L2_96MiB": true, "arm": "greedy_logprobs0", "microseconds": [84.05439853668213, 80.95359802246094, 79.75040078163147, 79.60960268974304, 80.4639995098114], "median_us": 80.4639995098114}
{"kind": "timing", "batch": 8, "vocab": 151936, "dtype": "float32", "shape": [8, 151936], "stride": [151936, 1], "input_bytes": 4861952, "input_fits_L2_96MiB": true, "arm": "greedy_logprobs5", "microseconds": [158.51199626922607, 158.7488055229187, 159.9392056465149, 158.99840593338013, 158.55679512023926], "median_us": 158.7488055229187}
{"kind": "timing", "batch": 8, "vocab": 151936, "dtype": "float32", "shape": [8, 151936], "stride": [151936, 1], "input_bytes": 4861952, "input_fits_L2_96MiB": true, "arm": "greedy_logprobs20", "microseconds": [158.48000049591064, 159.1264009475708, 158.5536003112793, 158.92159938812256, 158.45119953155518], "median_us": 158.5536003112793}
{"kind": "support_check", "batch": 64, "disagreements": 1}
Traceback (most recent call last):
  File "/scratch/learn/work/labs/L5/sampling_audit.py", line 182, in <module>
    elif a.mode=='gpu':gpu(a.out)
                       ^^^^^^^^^^
  File "/scratch/learn/work/labs/L5/sampling_audit.py", line 107, in gpu
    assert disagreements==0
           ^^^^^^^^^^^^^^^^
AssertionError
