[teaching_pretrain] 模型参数 63.91M，训练窗口 156250，验证/测试窗口 3906/3906
/scratch/learn/work/labs/L7/teaching_pretrain.py:246: UserWarning: Converting a tensor with requires_grad=True to a scalar may lead to unexpected behavior.
Consider using tensor.detach() first. (Triggered internally at /__w/pytorch/pytorch/torch/csrc/autograd/generated/python_variable_methods.cpp:822.)
  micro_losses.append(float(loss) * args.accum)
[teaching_pretrain] step 1/600 loss 8.9059 gnorm 2.288 lr 5.000e-04 63066 tok/s peak 8077 MiB
[teaching_pretrain] step 11/600 loss 7.4847 gnorm 0.761 lr 4.997e-04 212996 tok/s peak 8633 MiB
[teaching_pretrain] step 21/600 loss 7.3641 gnorm 0.611 lr 4.988e-04 211594 tok/s peak 8633 MiB
[teaching_pretrain] step 31/600 loss 7.2704 gnorm 0.551 lr 4.972e-04 212599 tok/s peak 8633 MiB
[teaching_pretrain] step 41/600 loss 7.1017 gnorm 0.582 lr 4.951e-04 213252 tok/s peak 8633 MiB
[teaching_pretrain]   eval step 50: val_loss 6.7568
[teaching_pretrain] step 51/600 loss 6.8209 gnorm 0.530 lr 4.923e-04 126010 tok/s peak 8633 MiB
[teaching_pretrain] step 61/600 loss 6.6507 gnorm 0.618 lr 4.890e-04 213135 tok/s peak 8633 MiB
[teaching_pretrain] step 71/600 loss 6.6117 gnorm 0.547 lr 4.851e-04 213319 tok/s peak 8633 MiB
[teaching_pretrain] step 81/600 loss 6.5164 gnorm 0.538 lr 4.805e-04 213236 tok/s peak 8633 MiB
[teaching_pretrain] step 91/600 loss 6.4182 gnorm 0.788 lr 4.755e-04 213330 tok/s peak 8633 MiB
[teaching_pretrain]   eval step 100: val_loss 6.2646
[teaching_pretrain] step 101/600 loss 6.3524 gnorm 0.544 lr 4.699e-04 107381 tok/s peak 8633 MiB
[teaching_pretrain] step 111/600 loss 6.2519 gnorm 0.514 lr 4.637e-04 213260 tok/s peak 8633 MiB
[teaching_pretrain] step 121/600 loss 6.0827 gnorm 0.866 lr 4.570e-04 213133 tok/s peak 8633 MiB
[teaching_pretrain] step 131/600 loss 6.0336 gnorm 0.509 lr 4.499e-04 211894 tok/s peak 8633 MiB
[teaching_pretrain] step 141/600 loss 5.9311 gnorm 0.596 lr 4.422e-04 212235 tok/s peak 8633 MiB
[teaching_pretrain]   eval step 150: val_loss 5.8156
[teaching_pretrain] step 151/600 loss 5.9614 gnorm 0.554 lr 4.341e-04 107623 tok/s peak 8633 MiB
[teaching_pretrain] step 161/600 loss 5.8643 gnorm 0.816 lr 4.256e-04 212892 tok/s peak 8633 MiB
[teaching_pretrain] step 171/600 loss 5.7003 gnorm 0.683 lr 4.166e-04 213230 tok/s peak 8633 MiB
[teaching_pretrain] step 181/600 loss 5.6949 gnorm 0.638 lr 4.073e-04 213245 tok/s peak 8633 MiB
[teaching_pretrain] step 191/600 loss 5.6892 gnorm 0.634 lr 3.975e-04 213033 tok/s peak 8633 MiB
[teaching_pretrain]   eval step 200: val_loss 5.4458
[teaching_pretrain] step 201/600 loss 5.5055 gnorm 0.667 lr 3.875e-04 107242 tok/s peak 8633 MiB
[teaching_pretrain] step 211/600 loss 5.3700 gnorm 0.792 lr 3.771e-04 213057 tok/s peak 8633 MiB
[teaching_pretrain] step 221/600 loss 5.3102 gnorm 0.678 lr 3.665e-04 212953 tok/s peak 8633 MiB
[teaching_pretrain] step 231/600 loss 5.3705 gnorm 0.694 lr 3.556e-04 213042 tok/s peak 8633 MiB
[teaching_pretrain] step 241/600 loss 5.1396 gnorm 0.553 lr 3.445e-04 211393 tok/s peak 8633 MiB
[teaching_pretrain]   eval step 250: val_loss 5.1077
[teaching_pretrain] step 251/600 loss 5.1322 gnorm 0.596 lr 3.332e-04 55763 tok/s peak 8633 MiB
[teaching_pretrain] step 261/600 loss 5.1431 gnorm 0.663 lr 3.218e-04 213073 tok/s peak 8633 MiB
[teaching_pretrain] step 271/600 loss 5.0576 gnorm 0.616 lr 3.102e-04 212766 tok/s peak 8633 MiB
[teaching_pretrain] step 281/600 loss 5.0619 gnorm 0.599 lr 2.985e-04 212738 tok/s peak 8633 MiB
[teaching_pretrain] step 291/600 loss 4.8870 gnorm 0.598 lr 2.868e-04 212895 tok/s peak 8633 MiB
[teaching_pretrain]   eval step 300: val_loss 4.8357
[teaching_pretrain] step 301/600 loss 4.6990 gnorm 0.611 lr 2.750e-04 101401 tok/s peak 8633 MiB
[teaching_pretrain] step 311/600 loss 4.7770 gnorm 0.662 lr 2.632e-04 212944 tok/s peak 8633 MiB
[teaching_pretrain] step 321/600 loss 4.8190 gnorm 0.589 lr 2.515e-04 212759 tok/s peak 8633 MiB
[teaching_pretrain] step 331/600 loss 4.7445 gnorm 0.608 lr 2.398e-04 211475 tok/s peak 8633 MiB
[teaching_pretrain] step 341/600 loss 4.6852 gnorm 0.622 lr 2.282e-04 211623 tok/s peak 8633 MiB
[teaching_pretrain]   eval step 350: val_loss 4.6143
[teaching_pretrain] step 351/600 loss 4.6559 gnorm 0.643 lr 2.168e-04 103436 tok/s peak 8633 MiB
[teaching_pretrain] step 361/600 loss 4.6733 gnorm 0.602 lr 2.055e-04 212750 tok/s peak 8633 MiB
[teaching_pretrain] step 371/600 loss 4.6763 gnorm 0.673 lr 1.944e-04 212752 tok/s peak 8633 MiB
[teaching_pretrain] step 381/600 loss 4.4862 gnorm 0.756 lr 1.835e-04 212768 tok/s peak 8633 MiB
[teaching_pretrain] step 391/600 loss 4.5099 gnorm 0.646 lr 1.729e-04 212727 tok/s peak 8633 MiB
[teaching_pretrain]   eval step 400: val_loss 4.4343
[teaching_pretrain] step 401/600 loss 4.5493 gnorm 0.623 lr 1.625e-04 56717 tok/s peak 8633 MiB
[teaching_pretrain] step 411/600 loss 4.5289 gnorm 0.631 lr 1.525e-04 212323 tok/s peak 8633 MiB
[teaching_pretrain] step 421/600 loss 4.2669 gnorm 0.659 lr 1.427e-04 211857 tok/s peak 8633 MiB
[teaching_pretrain] step 431/600 loss 4.3722 gnorm 0.629 lr 1.334e-04 211513 tok/s peak 8633 MiB
[teaching_pretrain] step 441/600 loss 4.3881 gnorm 0.612 lr 1.244e-04 212411 tok/s peak 8633 MiB
[teaching_pretrain]   eval step 450: val_loss 4.2882
[teaching_pretrain] step 451/600 loss 4.4526 gnorm 0.617 lr 1.159e-04 107879 tok/s peak 8633 MiB
[teaching_pretrain] step 461/600 loss 4.3532 gnorm 0.639 lr 1.078e-04 212684 tok/s peak 8633 MiB
[teaching_pretrain] step 471/600 loss 4.2015 gnorm 0.639 lr 1.001e-04 212722 tok/s peak 8633 MiB
[teaching_pretrain] step 481/600 loss 4.4544 gnorm 0.616 lr 9.297e-05 212640 tok/s peak 8633 MiB
[teaching_pretrain] step 491/600 loss 4.3776 gnorm 0.647 lr 8.630e-05 212585 tok/s peak 8633 MiB
[teaching_pretrain]   eval step 500: val_loss 4.1946
[teaching_pretrain] step 501/600 loss 4.2246 gnorm 0.686 lr 8.014e-05 105898 tok/s peak 8633 MiB
[teaching_pretrain] step 511/600 loss 4.3638 gnorm 0.649 lr 7.452e-05 212589 tok/s peak 8633 MiB
[teaching_pretrain] step 521/600 loss 4.2582 gnorm 0.670 lr 6.945e-05 212531 tok/s peak 8633 MiB
[teaching_pretrain] step 531/600 loss 4.2468 gnorm 0.639 lr 6.494e-05 211636 tok/s peak 8633 MiB
[teaching_pretrain] step 541/600 loss 4.1007 gnorm 0.655 lr 6.101e-05 211744 tok/s peak 8633 MiB
[teaching_pretrain]   eval step 550: val_loss 4.1160
[teaching_pretrain] step 551/600 loss 4.2910 gnorm 0.629 lr 5.767e-05 109105 tok/s peak 8633 MiB
[teaching_pretrain] step 561/600 loss 4.1439 gnorm 0.686 lr 5.492e-05 212636 tok/s peak 8633 MiB
[teaching_pretrain] step 571/600 loss 4.2875 gnorm 0.647 lr 5.277e-05 212759 tok/s peak 8633 MiB
[teaching_pretrain] step 581/600 loss 4.1054 gnorm 0.698 lr 5.123e-05 212709 tok/s peak 8633 MiB
[teaching_pretrain] step 591/600 loss 4.0381 gnorm 0.686 lr 5.031e-05 212617 tok/s peak 8633 MiB
[teaching_pretrain] step 600/600 loss 4.2184 gnorm 0.636 lr 5.000e-05 212205 tok/s peak 8633 MiB
[teaching_pretrain]   eval step 600: val_loss 4.0664
[teaching_pretrain] 结束：max_steps，step 600，tokens 9830400，test_loss 4.0799
