[teaching_pretrain] 模型参数 63.91M，训练窗口 156250，验证/测试窗口 3906/3906
/scratch/learn/work/labs/L7/teaching_pretrain.py:246: UserWarning: Converting a tensor with requires_grad=True to a scalar may lead to unexpected behavior.
Consider using tensor.detach() first. (Triggered internally at /__w/pytorch/pytorch/torch/csrc/autograd/generated/python_variable_methods.cpp:822.)
  micro_losses.append(float(loss) * args.accum)
[teaching_pretrain] step 1/600 loss 8.9059 gnorm 2.288 lr 5.000e-04 62173 tok/s peak 8077 MiB
[teaching_pretrain] step 11/600 loss 7.4848 gnorm 0.764 lr 4.997e-04 212385 tok/s peak 8633 MiB
[teaching_pretrain] step 21/600 loss 7.3640 gnorm 0.609 lr 4.988e-04 212743 tok/s peak 8633 MiB
[teaching_pretrain] step 31/600 loss 7.2712 gnorm 0.549 lr 4.972e-04 212703 tok/s peak 8633 MiB
[teaching_pretrain] step 41/600 loss 7.1025 gnorm 0.585 lr 4.951e-04 212600 tok/s peak 8633 MiB
[teaching_pretrain]   eval step 50: val_loss 6.7581
[teaching_pretrain] step 51/600 loss 6.8214 gnorm 0.600 lr 4.923e-04 128123 tok/s peak 8633 MiB
[teaching_pretrain] step 61/600 loss 6.6544 gnorm 0.642 lr 4.890e-04 212438 tok/s peak 8633 MiB
[teaching_pretrain] step 71/600 loss 6.6145 gnorm 0.539 lr 4.851e-04 212720 tok/s peak 8633 MiB
[teaching_pretrain] step 81/600 loss 6.5159 gnorm 0.495 lr 4.805e-04 212426 tok/s peak 8633 MiB
[teaching_pretrain] step 91/600 loss 6.4253 gnorm 0.836 lr 4.755e-04 212711 tok/s peak 8633 MiB
[teaching_pretrain]   eval step 100: val_loss 6.2722
[teaching_pretrain] step 101/600 loss 6.3588 gnorm 0.600 lr 4.699e-04 108355 tok/s peak 8633 MiB
[teaching_pretrain] step 111/600 loss 6.2518 gnorm 0.490 lr 4.637e-04 211314 tok/s peak 8633 MiB
[teaching_pretrain] step 121/600 loss 6.0910 gnorm 0.849 lr 4.570e-04 212276 tok/s peak 8633 MiB
[teaching_pretrain] step 131/600 loss 6.0311 gnorm 0.476 lr 4.499e-04 212538 tok/s peak 8633 MiB
