[teaching_pretrain] 模型参数 63.91M，训练窗口 156250，验证/测试窗口 3906/3906
[teaching_pretrain] 从 /scratch/learn/work/out/teaching-lm-20260922/resume/B/ckpt-before-resume.pt 恢复：step=100 cursor=3200 tokens=1638400
/scratch/learn/work/labs/L7/teaching_pretrain.py:246: UserWarning: Converting a tensor with requires_grad=True to a scalar may lead to unexpected behavior.
Consider using tensor.detach() first. (Triggered internally at /__w/pytorch/pytorch/torch/csrc/autograd/generated/python_variable_methods.cpp:822.)
  micro_losses.append(float(loss) * args.accum)
[teaching_pretrain] step 101/600 loss 6.3588 gnorm 0.600 lr 4.699e-04 72249 tok/s peak 8830 MiB
[teaching_pretrain] step 111/600 loss 6.2518 gnorm 0.490 lr 4.637e-04 208416 tok/s peak 8886 MiB
[teaching_pretrain] step 121/600 loss 6.0910 gnorm 0.849 lr 4.570e-04 208349 tok/s peak 8886 MiB
[teaching_pretrain] step 131/600 loss 6.0311 gnorm 0.475 lr 4.499e-04 208628 tok/s peak 8886 MiB
[teaching_pretrain] step 141/600 loss 5.9381 gnorm 0.556 lr 4.422e-04 208367 tok/s peak 8886 MiB
[teaching_pretrain]   eval step 150: val_loss 5.8169
[teaching_pretrain] step 151/600 loss 5.9618 gnorm 0.597 lr 4.341e-04 107837 tok/s peak 8886 MiB
[teaching_pretrain] step 161/600 loss 5.8565 gnorm 0.790 lr 4.256e-04 208261 tok/s peak 8886 MiB
[teaching_pretrain] step 171/600 loss 5.6906 gnorm 0.570 lr 4.166e-04 208664 tok/s peak 8886 MiB
[teaching_pretrain] step 181/600 loss 5.7035 gnorm 0.709 lr 4.073e-04 208622 tok/s peak 8886 MiB
[teaching_pretrain] step 191/600 loss 5.6904 gnorm 0.674 lr 3.975e-04 208684 tok/s peak 8886 MiB
[teaching_pretrain]   eval step 200: val_loss 5.4489
[teaching_pretrain] step 201/600 loss 5.5047 gnorm 0.819 lr 3.875e-04 103855 tok/s peak 8886 MiB
[teaching_pretrain] step 211/600 loss 5.3714 gnorm 0.803 lr 3.771e-04 208546 tok/s peak 8886 MiB
[teaching_pretrain] step 221/600 loss 5.3051 gnorm 0.635 lr 3.665e-04 208643 tok/s peak 8886 MiB
[teaching_pretrain] step 231/600 loss 5.3655 gnorm 0.728 lr 3.556e-04 208568 tok/s peak 8886 MiB
[teaching_pretrain] step 241/600 loss 5.1415 gnorm 0.599 lr 3.445e-04 208501 tok/s peak 8886 MiB
[teaching_pretrain]   eval step 250: val_loss 5.1065
[teaching_pretrain] step 251/600 loss 5.1245 gnorm 0.580 lr 3.332e-04 104221 tok/s peak 8886 MiB
[teaching_pretrain] step 261/600 loss 5.1466 gnorm 0.727 lr 3.218e-04 207220 tok/s peak 8886 MiB
[teaching_pretrain] step 271/600 loss 5.0535 gnorm 0.614 lr 3.102e-04 208429 tok/s peak 8886 MiB
[teaching_pretrain] step 281/600 loss 5.0605 gnorm 0.607 lr 2.985e-04 208804 tok/s peak 8886 MiB
[teaching_pretrain] step 291/600 loss 4.8937 gnorm 0.649 lr 2.868e-04 208663 tok/s peak 8886 MiB
[teaching_pretrain]   eval step 300: val_loss 4.8354
[teaching_pretrain] step 301/600 loss 4.7015 gnorm 0.627 lr 2.750e-04 59628 tok/s peak 8886 MiB
[teaching_pretrain] step 311/600 loss 4.7814 gnorm 0.664 lr 2.632e-04 208650 tok/s peak 8886 MiB
[teaching_pretrain] step 321/600 loss 4.8121 gnorm 0.558 lr 2.515e-04 208657 tok/s peak 8886 MiB
[teaching_pretrain] step 331/600 loss 4.7441 gnorm 0.616 lr 2.398e-04 208744 tok/s peak 8886 MiB
[teaching_pretrain] step 341/600 loss 4.6863 gnorm 0.646 lr 2.282e-04 208438 tok/s peak 8886 MiB
[teaching_pretrain]   eval step 350: val_loss 4.6109
[teaching_pretrain] step 351/600 loss 4.6535 gnorm 0.632 lr 2.168e-04 105560 tok/s peak 8886 MiB
[teaching_pretrain] step 361/600 loss 4.6701 gnorm 0.607 lr 2.055e-04 208337 tok/s peak 8886 MiB
[teaching_pretrain] step 371/600 loss 4.6775 gnorm 0.672 lr 1.944e-04 208725 tok/s peak 8886 MiB
[teaching_pretrain] step 381/600 loss 4.4883 gnorm 0.734 lr 1.835e-04 208638 tok/s peak 8886 MiB
[teaching_pretrain] step 391/600 loss 4.5028 gnorm 0.641 lr 1.729e-04 208671 tok/s peak 8886 MiB
[teaching_pretrain]   eval step 400: val_loss 4.4299
[teaching_pretrain] step 401/600 loss 4.5488 gnorm 0.624 lr 1.625e-04 105278 tok/s peak 8886 MiB
[teaching_pretrain] step 411/600 loss 4.5266 gnorm 0.648 lr 1.525e-04 208523 tok/s peak 8886 MiB
[teaching_pretrain] step 421/600 loss 4.2612 gnorm 0.637 lr 1.427e-04 208757 tok/s peak 8886 MiB
[teaching_pretrain] step 431/600 loss 4.3709 gnorm 0.632 lr 1.334e-04 208453 tok/s peak 8886 MiB
[teaching_pretrain] step 441/600 loss 4.3901 gnorm 0.620 lr 1.244e-04 208528 tok/s peak 8886 MiB
[teaching_pretrain]   eval step 450: val_loss 4.2869
[teaching_pretrain] step 451/600 loss 4.4505 gnorm 0.618 lr 1.159e-04 81969 tok/s peak 8886 MiB
[teaching_pretrain] step 461/600 loss 4.3507 gnorm 0.629 lr 1.078e-04 207454 tok/s peak 8886 MiB
[teaching_pretrain] step 471/600 loss 4.2038 gnorm 0.638 lr 1.001e-04 208518 tok/s peak 8886 MiB
[teaching_pretrain] step 481/600 loss 4.4484 gnorm 0.608 lr 9.297e-05 208788 tok/s peak 8886 MiB
[teaching_pretrain] step 491/600 loss 4.3775 gnorm 0.643 lr 8.630e-05 208724 tok/s peak 8886 MiB
[teaching_pretrain]   eval step 500: val_loss 4.1953
[teaching_pretrain] step 501/600 loss 4.2245 gnorm 0.688 lr 8.014e-05 106303 tok/s peak 8886 MiB
[teaching_pretrain] step 511/600 loss 4.3620 gnorm 0.651 lr 7.452e-05 208712 tok/s peak 8886 MiB
[teaching_pretrain] step 521/600 loss 4.2649 gnorm 0.688 lr 6.945e-05 208760 tok/s peak 8886 MiB
[teaching_pretrain] step 531/600 loss 4.2454 gnorm 0.645 lr 6.494e-05 208544 tok/s peak 8886 MiB
[teaching_pretrain] step 541/600 loss 4.1017 gnorm 0.647 lr 6.101e-05 208720 tok/s peak 8886 MiB
[teaching_pretrain]   eval step 550: val_loss 4.1195
[teaching_pretrain] step 551/600 loss 4.2888 gnorm 0.633 lr 5.767e-05 88447 tok/s peak 8886 MiB
[teaching_pretrain] step 561/600 loss 4.1484 gnorm 0.679 lr 5.492e-05 207500 tok/s peak 8886 MiB
[teaching_pretrain] step 571/600 loss 4.2888 gnorm 0.639 lr 5.277e-05 208587 tok/s peak 8886 MiB
[teaching_pretrain] step 581/600 loss 4.1046 gnorm 0.690 lr 5.123e-05 208646 tok/s peak 8886 MiB
[teaching_pretrain] step 591/600 loss 4.0404 gnorm 0.689 lr 5.031e-05 208523 tok/s peak 8886 MiB
[teaching_pretrain] step 600/600 loss 4.2189 gnorm 0.639 lr 5.000e-05 208462 tok/s peak 8886 MiB
[teaching_pretrain]   eval step 600: val_loss 4.0682
[teaching_pretrain] 结束：max_steps，step 600，tokens 9830400，test_loss 4.0858
