[teaching_pretrain] 模型参数 63.91M，训练窗口 156250，验证/测试窗口 3906/3906
[teaching_pretrain] 从 /scratch/learn/work/out/teaching-lm-20260922/resume/B/ckpt-before-resume.pt 恢复：step=100 cursor=3200 tokens=1638400
/scratch/learn/work/labs/L7/teaching_pretrain.py:246: UserWarning: Converting a tensor with requires_grad=True to a scalar may lead to unexpected behavior.
Consider using tensor.detach() first. (Triggered internally at /__w/pytorch/pytorch/torch/csrc/autograd/generated/python_variable_methods.cpp:822.)
  micro_losses.append(float(loss) * args.accum)
[teaching_pretrain] step 101/600 loss 6.3588 gnorm 0.600 lr 4.699e-04 72274 tok/s peak 8830 MiB
[teaching_pretrain] step 111/600 loss 6.2518 gnorm 0.490 lr 4.637e-04 207279 tok/s peak 8886 MiB
[teaching_pretrain] step 121/600 loss 6.0913 gnorm 0.853 lr 4.570e-04 206684 tok/s peak 8886 MiB
[teaching_pretrain] step 131/600 loss 6.0312 gnorm 0.474 lr 4.499e-04 208320 tok/s peak 8886 MiB
[teaching_pretrain] step 141/600 loss 5.9382 gnorm 0.556 lr 4.422e-04 208597 tok/s peak 8886 MiB
[teaching_pretrain]   eval step 150: val_loss 5.8170
[teaching_pretrain] step 151/600 loss 5.9620 gnorm 0.596 lr 4.341e-04 123432 tok/s peak 8886 MiB
[teaching_pretrain] step 161/600 loss 5.8557 gnorm 0.782 lr 4.256e-04 207835 tok/s peak 8886 MiB
[teaching_pretrain] step 171/600 loss 5.6907 gnorm 0.573 lr 4.166e-04 208590 tok/s peak 8886 MiB
[teaching_pretrain] step 181/600 loss 5.7034 gnorm 0.719 lr 4.073e-04 208664 tok/s peak 8886 MiB
[teaching_pretrain] step 191/600 loss 5.6910 gnorm 0.688 lr 3.975e-04 208701 tok/s peak 8886 MiB
[teaching_pretrain]   eval step 200: val_loss 5.4482
[teaching_pretrain] step 201/600 loss 5.5043 gnorm 0.810 lr 3.875e-04 101951 tok/s peak 8886 MiB
[teaching_pretrain] step 211/600 loss 5.3713 gnorm 0.803 lr 3.771e-04 208155 tok/s peak 8886 MiB
[teaching_pretrain] step 221/600 loss 5.3049 gnorm 0.635 lr 3.665e-04 207637 tok/s peak 8886 MiB
[teaching_pretrain] step 231/600 loss 5.3653 gnorm 0.729 lr 3.556e-04 207093 tok/s peak 8886 MiB
[teaching_pretrain] step 241/600 loss 5.1410 gnorm 0.605 lr 3.445e-04 208500 tok/s peak 8886 MiB
[teaching_pretrain]   eval step 250: val_loss 5.1052
[teaching_pretrain] step 251/600 loss 5.1235 gnorm 0.573 lr 3.332e-04 103422 tok/s peak 8886 MiB
[teaching_pretrain] step 261/600 loss 5.1465 gnorm 0.731 lr 3.218e-04 208704 tok/s peak 8886 MiB
[teaching_pretrain] step 271/600 loss 5.0524 gnorm 0.604 lr 3.102e-04 208625 tok/s peak 8886 MiB
[teaching_pretrain] step 281/600 loss 5.0596 gnorm 0.601 lr 2.985e-04 208424 tok/s peak 8886 MiB
[teaching_pretrain] step 291/600 loss 4.8946 gnorm 0.666 lr 2.868e-04 208594 tok/s peak 8886 MiB
[teaching_pretrain]   eval step 300: val_loss 4.8351
[teaching_pretrain] step 301/600 loss 4.7013 gnorm 0.627 lr 2.750e-04 92316 tok/s peak 8886 MiB
[teaching_pretrain] step 311/600 loss 4.7813 gnorm 0.668 lr 2.632e-04 207050 tok/s peak 8886 MiB
[teaching_pretrain] step 321/600 loss 4.8123 gnorm 0.559 lr 2.515e-04 208141 tok/s peak 8886 MiB
[teaching_pretrain] step 331/600 loss 4.7440 gnorm 0.616 lr 2.398e-04 206904 tok/s peak 8886 MiB
[teaching_pretrain] step 341/600 loss 4.6860 gnorm 0.648 lr 2.282e-04 207497 tok/s peak 8886 MiB
[teaching_pretrain]   eval step 350: val_loss 4.6106
[teaching_pretrain] step 351/600 loss 4.6535 gnorm 0.633 lr 2.168e-04 104728 tok/s peak 8886 MiB
[teaching_pretrain] step 361/600 loss 4.6694 gnorm 0.605 lr 2.055e-04 208576 tok/s peak 8886 MiB
[teaching_pretrain] step 371/600 loss 4.6772 gnorm 0.670 lr 1.944e-04 208520 tok/s peak 8886 MiB
[teaching_pretrain] step 381/600 loss 4.4880 gnorm 0.736 lr 1.835e-04 208538 tok/s peak 8886 MiB
[teaching_pretrain] step 391/600 loss 4.5031 gnorm 0.642 lr 1.729e-04 208487 tok/s peak 8886 MiB
[teaching_pretrain]   eval step 400: val_loss 4.4295
[teaching_pretrain] step 401/600 loss 4.5483 gnorm 0.624 lr 1.625e-04 102834 tok/s peak 8886 MiB
[teaching_pretrain] step 411/600 loss 4.5264 gnorm 0.647 lr 1.525e-04 208664 tok/s peak 8886 MiB
[teaching_pretrain] step 421/600 loss 4.2616 gnorm 0.637 lr 1.427e-04 208270 tok/s peak 8886 MiB
[teaching_pretrain] step 431/600 loss 4.3710 gnorm 0.633 lr 1.334e-04 207552 tok/s peak 8886 MiB
[teaching_pretrain] step 441/600 loss 4.3900 gnorm 0.623 lr 1.244e-04 207016 tok/s peak 8886 MiB
[teaching_pretrain]   eval step 450: val_loss 4.2868
[teaching_pretrain] step 451/600 loss 4.4506 gnorm 0.618 lr 1.159e-04 110427 tok/s peak 8886 MiB
[teaching_pretrain] step 461/600 loss 4.3507 gnorm 0.630 lr 1.078e-04 206646 tok/s peak 8886 MiB
[teaching_pretrain] step 471/600 loss 4.2037 gnorm 0.637 lr 1.001e-04 208664 tok/s peak 8886 MiB
[teaching_pretrain] step 481/600 loss 4.4484 gnorm 0.609 lr 9.297e-05 208509 tok/s peak 8886 MiB
[teaching_pretrain] step 491/600 loss 4.3771 gnorm 0.641 lr 8.630e-05 208387 tok/s peak 8886 MiB
[teaching_pretrain]   eval step 500: val_loss 4.1952
[teaching_pretrain] step 501/600 loss 4.2245 gnorm 0.691 lr 8.014e-05 103319 tok/s peak 8886 MiB
[teaching_pretrain] step 511/600 loss 4.3618 gnorm 0.651 lr 7.452e-05 208555 tok/s peak 8886 MiB
[teaching_pretrain] step 521/600 loss 4.2647 gnorm 0.688 lr 6.945e-05 208342 tok/s peak 8886 MiB
[teaching_pretrain] step 531/600 loss 4.2456 gnorm 0.645 lr 6.494e-05 208238 tok/s peak 8886 MiB
[teaching_pretrain] step 541/600 loss 4.1013 gnorm 0.647 lr 6.101e-05 207052 tok/s peak 8886 MiB
[teaching_pretrain]   eval step 550: val_loss 4.1192
[teaching_pretrain] step 551/600 loss 4.2888 gnorm 0.633 lr 5.767e-05 102812 tok/s peak 8886 MiB
[teaching_pretrain] step 561/600 loss 4.1482 gnorm 0.678 lr 5.492e-05 208561 tok/s peak 8886 MiB
[teaching_pretrain] step 571/600 loss 4.2888 gnorm 0.639 lr 5.277e-05 208459 tok/s peak 8886 MiB
[teaching_pretrain] step 581/600 loss 4.1047 gnorm 0.690 lr 5.123e-05 208574 tok/s peak 8886 MiB
[teaching_pretrain] step 591/600 loss 4.0403 gnorm 0.690 lr 5.031e-05 208496 tok/s peak 8886 MiB
[teaching_pretrain] step 600/600 loss 4.2191 gnorm 0.639 lr 5.000e-05 207968 tok/s peak 8886 MiB
[teaching_pretrain]   eval step 600: val_loss 4.0681
[teaching_pretrain] 结束：max_steps，step 600，tokens 9830400，test_loss 4.0857
