=== n=4 route=alltoall tokens=1 topk=2 skew=0.0 13:37:32
             ^^^^^^
           ^^^^^^^^^^^^^^^^^^^^^^^^^^^^^^^^^^^^^^^^^^^^^^^^^^^^^^^^^^^^^^^^^^^^^
              ^^^^^^^^^^^^^^
                    ^^^^^^^^^^^^^^^^^^^^^^^^^^^^^^^^^^^^^^^^^^^^^^^^
=== rc=0 13:37:47
=== n=4 route=alltoall tokens=1 topk=8 skew=0.0 13:37:50
             ^^^^^^
           ^^^^^^^^^^^^^^^^^^^^^^^^^^^^^^^^^^^^^^^^^^^^^^^^^^^^^^^^^^^^^^^^^^^^^
              ^^^^^^^^^^^^^^
                    ^^^^^^^^^^^^^^^^^^^^^^^^^^^^^^^^^^^^^^^^^^^^^^^^
=== rc=0 13:38:06
=== n=4 route=alltoall tokens=32 topk=2 skew=0.0 13:38:09
[B:alltoall_t32_k2_s0_n4] 发送段=[18, 18, 13, 15] 接收段=[18, 18, 18, 18] 本地专家=16
     counts=85.0 us dispatch=48.9 us combine=60.4 us 字节/rank=65 KiB expert-major连续=True 往返正确=True 峰值=0.001 GiB
=== rc=0 13:38:25
=== n=4 route=alltoall tokens=32 topk=8 skew=0.0 13:38:28
[B:alltoall_t32_k8_s0_n4] 发送段=[58, 68, 62, 68] 接收段=[58, 58, 58, 58] 本地专家=16
     counts=61.4 us dispatch=55.3 us combine=59.4 us 字节/rank=259 KiB expert-major连续=True 往返正确=True 峰值=0.002 GiB
=== rc=0 13:38:44
=== n=4 route=alltoall tokens=256 topk=2 skew=0.0 13:38:47
[B:alltoall_t256_k2_s0_n4] 发送段=[111, 130, 137, 134] 接收段=[111, 111, 111, 111] 本地专家=16
     counts=67.8 us dispatch=99.3 us combine=104.4 us 字节/rank=518 KiB expert-major连续=True 往返正确=True 峰值=0.004 GiB
=== rc=0 13:39:02
=== n=4 route=alltoall tokens=256 topk=8 skew=0.0 13:39:06
[B:alltoall_t256_k8_s0_n4] 发送段=[493, 491, 534, 530] 接收段=[493, 493, 493, 493] 本地专家=16
     counts=104.4 us dispatch=301.1 us combine=289.8 us 字节/rank=2072 KiB expert-major连续=True 往返正确=True 峰值=0.015 GiB
=== rc=0 13:39:21
=== n=4 route=alltoall tokens=4096 topk=2 skew=0.0 13:39:24
[B:alltoall_t4096_k2_s0_n4] 发送段=[1989, 2032, 2096, 2075] 接收段=[1989, 1989, 1989, 1989] 本地专家=16
     counts=52.2 us dispatch=1050.6 us combine=1132.5 us 字节/rank=8288 KiB expert-major连续=True 往返正确=True 峰值=0.065 GiB
=== rc=0 13:39:40
=== n=4 route=alltoall tokens=4096 topk=8 skew=0.0 13:39:43
[B:alltoall_t4096_k8_s0_n4] 发送段=[8101, 8224, 8143, 8300] 接收段=[8101, 8101, 8101, 8101] 本地专家=16
     counts=46.1 us dispatch=3575.8 us combine=4536.3 us 字节/rank=33152 KiB expert-major连续=True 往返正确=True 峰值=0.249 GiB
=== rc=0 13:40:01
=== n=4 route=alltoall tokens=256 topk=2 skew=0.2 13:40:04
[B:alltoall_t256_k2_s20_n4] 发送段=[184, 104, 114, 110] 接收段=[184, 184, 184, 184] 本地专家=16
     counts=63.5 us dispatch=77.8 us combine=81.9 us 字节/rank=518 KiB expert-major连续=True 往返正确=True 峰值=0.005 GiB
=== rc=0 13:40:20
=== n=4 route=alltoall tokens=256 topk=8 skew=0.2 13:40:23
[B:alltoall_t256_k8_s20_n4] 发送段=[809, 389, 429, 421] 接收段=[809, 809, 809, 809] 本地专家=16
     counts=66.6 us dispatch=376.8 us combine=262.1 us 字节/rank=2072 KiB expert-major连续=True 往返正确=True 峰值=0.021 GiB
=== rc=0 13:40:39
=== n=4 route=alltoall tokens=256 topk=2 skew=0.5 13:40:42
[B:alltoall_t256_k2_s50_n4] 发送段=[309, 62, 75, 66] 接收段=[309, 309, 309, 309] 本地专家=16
     counts=55.3 us dispatch=137.2 us combine=80.9 us 字节/rank=518 KiB expert-major连续=True 往返正确=True 峰值=0.007 GiB
=== rc=0 13:40:58
=== n=4 route=alltoall tokens=256 topk=8 skew=0.5 13:41:01
[B:alltoall_t256_k8_s50_n4] 发送段=[1260, 248, 265, 275] 接收段=[1260, 1260, 1260, 1260] 本地专家=16
     counts=55.3 us dispatch=209.9 us combine=209.9 us 字节/rank=2072 KiB expert-major连续=True 往返正确=True 峰值=0.029 GiB
=== rc=0 13:41:16
=== n=4 route=allgather tokens=256 topk=8 skew=0.0 13:41:19
[B:allgather_t256_k8_s0_n4] meta=106.5 us gather=106.5 us allreduce=227.3 us 字节/rank=1304 KiB 往返正确=True 峰值=0.025 GiB
=== rc=0 13:41:35
=== n=4 route=allgather tokens=4096 topk=8 skew=0.0 13:41:38
[B:allgather_t4096_k8_s0_n4] meta=174.3 us gather=1355.8 us allreduce=4103.2 us 字节/rank=20864 KiB 往返正确=True 峰值=0.397 GiB
=== rc=0 13:41:53
=== n=2 route=alltoall tokens=256 topk=8 skew=0.0 13:41:56
[B:alltoall_t256_k8_s0_n2] 发送段=[984, 1064] 接收段=[984, 984] 本地专家=32
     counts=57.3 us dispatch=161.8 us combine=165.1 us 字节/rank=2072 KiB expert-major连续=True 往返正确=True 峰值=0.017 GiB
=== rc=0 13:42:13
=== n=2 route=alltoall tokens=4096 topk=8 skew=0.0 13:42:16
[B:alltoall_t4096_k8_s0_n2] 发送段=[16325, 16443] 接收段=[16325, 16325] 本地专家=32
     counts=48.1 us dispatch=2576.4 us combine=2620.4 us 字节/rank=33152 KiB expert-major连续=True 往返正确=True 峰值=0.273 GiB
=== rc=0 13:42:35
=== n=2 route=allgather tokens=256 topk=8 skew=0.0 13:42:38
[B:allgather_t256_k8_s0_n2] meta=95.2 us gather=54.3 us allreduce=109.6 us 字节/rank=792 KiB 往返正确=True 峰值=0.013 GiB
=== rc=0 13:42:55
=== n=2 route=allgather tokens=4096 topk=8 skew=0.0 13:42:58
[B:allgather_t4096_k8_s0_n2] meta=172.0 us gather=647.2 us allreduce=1676.4 us 字节/rank=12672 KiB 往返正确=True 峰值=0.201 GiB
=== rc=0 13:43:14
ALL DONE 13:43:17
0, 0 MiB
1, 0 MiB
2, 0 MiB
3, 0 MiB
