
==============================================================================
[C] 真实 shape 的量化线性层：数值与时间
==============================================================================
  torch 2.13.0+cu130  NVIDIA GeForce RTX 5090 D  L2 96 MiB

  === q_proj  N=2048 K=2048  权重 8.0 MiB（bf16）
  marlin 布局：qweight (128, 4096) scales (16, 2048) padded (2048, 2048)
  M=1     bf16  0.008ms/1.6e-03  int4_dequant_bf16  0.008ms/1.1e-01  int4_marlin_w4a16  0.018ms/1.0e+00  fp8_w8a8_kernel  0.011ms/3.5e-02  fp8_w8a8_online  0.033ms/3.5e-02  nvfp4_w4a4_kernel  0.024ms/1.3e-01  nvfp4_w4a4_online  0.030ms/1.3e-01
  M=8     bf16  0.010ms/1.7e-03  int4_dequant_bf16  0.010ms/1.2e-01  int4_marlin_w4a16  0.017ms/1.0e+00  fp8_w8a8_kernel  0.011ms/3.7e-02  fp8_w8a8_online  0.032ms/3.7e-02  nvfp4_w4a4_kernel  0.025ms/1.4e-01  nvfp4_w4a4_online  0.030ms/1.4e-01
  M=32    bf16  0.008ms/2.4e-03  int4_dequant_bf16  0.008ms/1.2e-01  int4_marlin_w4a16  0.017ms/1.0e+00  fp8_w8a8_kernel  0.011ms/3.8e-02  fp8_w8a8_online  0.032ms/3.8e-02  nvfp4_w4a4_kernel  0.024ms/1.4e-01  nvfp4_w4a4_online  0.029ms/1.4e-01
  M=128   bf16  0.015ms/1.7e-03  int4_dequant_bf16  0.014ms/1.2e-01  int4_marlin_w4a16  0.017ms/1.0e+00  fp8_w8a8_kernel  0.011ms/3.8e-02  fp8_w8a8_online  0.034ms/3.8e-02  nvfp4_w4a4_kernel  0.024ms/1.4e-01  nvfp4_w4a4_online  0.029ms/1.4e-01
  M=512   bf16  0.027ms/1.7e-03  int4_dequant_bf16  0.027ms/1.2e-01  int4_marlin_w4a16  0.033ms/1.0e+00  fp8_w8a8_kernel  0.027ms/3.8e-02  fp8_w8a8_online  0.046ms/3.8e-02  nvfp4_w4a4_kernel  0.031ms/1.4e-01  nvfp4_w4a4_online  0.036ms/1.4e-01
  M=2048  bf16  0.099ms/1.7e-03  int4_dequant_bf16  0.098ms/1.2e-01  int4_marlin_w4a16  0.090ms/1.0e+00  fp8_w8a8_kernel  0.053ms/3.8e-02  fp8_w8a8_online  0.083ms/3.8e-02  nvfp4_w4a4_kernel  0.032ms/1.4e-01  nvfp4_w4a4_online  0.038ms/1.4e-01

  === down_proj  N=2048 K=6144  权重 24.0 MiB（bf16）
  marlin 布局：qweight (384, 4096) scales (48, 2048) padded (2048, 6144)
  M=1     bf16  0.011ms/2.3e-03  int4_dequant_bf16  0.011ms/1.1e-01  int4_marlin_w4a16  0.017ms/1.0e+00  fp8_w8a8_kernel  0.013ms/3.6e-02  fp8_w8a8_online  0.032ms/3.6e-02  nvfp4_w4a4_kernel  0.038ms/1.4e-01  nvfp4_w4a4_online  0.040ms/1.4e-01
  M=8     bf16  0.025ms/1.6e-03  int4_dequant_bf16  0.025ms/1.2e-01  int4_marlin_w4a16  0.017ms/1.0e+00  fp8_w8a8_kernel  0.013ms/3.7e-02  fp8_w8a8_online  0.032ms/3.7e-02  nvfp4_w4a4_kernel  0.039ms/1.4e-01  nvfp4_w4a4_online  0.040ms/1.4e-01
  M=32    bf16  0.013ms/2.4e-03  int4_dequant_bf16  0.013ms/1.2e-01  int4_marlin_w4a16  0.021ms/1.0e+00  fp8_w8a8_kernel  0.013ms/3.8e-02  fp8_w8a8_online  0.034ms/3.8e-02  nvfp4_w4a4_kernel  0.038ms/1.4e-01  nvfp4_w4a4_online  0.040ms/1.4e-01
  M=128   bf16  0.025ms/2.4e-03  int4_dequant_bf16  0.025ms/1.2e-01  int4_marlin_w4a16  0.029ms/1.0e+00  fp8_w8a8_kernel  0.021ms/3.8e-02  fp8_w8a8_online  0.041ms/3.8e-02  nvfp4_w4a4_kernel  0.038ms/1.4e-01  nvfp4_w4a4_online  0.041ms/1.4e-01
  M=512   bf16  0.074ms/1.7e-03  int4_dequant_bf16  0.074ms/1.2e-01  int4_marlin_w4a16  0.071ms/1.0e+00  fp8_w8a8_kernel  0.074ms/3.8e-02  fp8_w8a8_online  0.102ms/3.8e-02  nvfp4_w4a4_kernel  0.070ms/1.4e-01  nvfp4_w4a4_online  0.069ms/1.4e-01
  M=2048  bf16  0.251ms/2.3e-03  int4_dequant_bf16  0.250ms/1.2e-01  int4_marlin_w4a16  0.236ms/1.0e+00  fp8_w8a8_kernel  0.144ms/3.8e-02  fp8_w8a8_online  0.213ms/3.8e-02  nvfp4_w4a4_kernel  0.069ms/1.4e-01  nvfp4_w4a4_online  0.069ms/1.4e-01

--- C2 驻留 vs 大于 L2：权重轮转 ---------------------------------------------------
  8 份 down_proj 权重，合计 192 MiB (L2 96 MiB)
  单份（驻留）0.025 ms/次；8 份轮转 0.280 ms/轮（平均 0.035 ms/份，11.32× 单份）

--- C3 在线旋转消融：identity vs Hadamard（FP8 W8A8 与 NVFP4） ----------------------
  旋转等价性检查（FP64）：max|(xH)(WH)ᵀ − xWᵀ| = 2.443e-06
  identity   FP8 总 3.7427e-02  NVFP4 总 1.2395e-01  |x|max 73.00  |w|max 0.492
  hadamard   FP8 总 3.4418e-02  NVFP4 总 1.4003e-01  |x|max 20.25  |w|max 0.116
  旋转本身耗时 31.767 ms（一次性，可离线折进权重）

已写出 out/4.3/20260913-quant/quantized_linear_bench.json
