=== 编译 /scratch/learn/work/out/2.1/20260913-exec2/smem/smem_failures ===

=== 正常运行（20 次重复统计不一致率）===
=== NVIDIA GeForce RTX 5090 D  sm_120  SM=170 ===

[1] 去掉 i < n 判断后的越界写（每 SM 只有很少线程时量小，便于 sanitizer）
  [oob] guard=0  n=1025 grid=9  越界线程 = 127  不一致 = 0
  [oob] guard=1  n=1025 grid=9  越界线程 = 127  不一致 = 0

[2] 缺 __syncthreads 的跨 warp 读写（delay=1 只放大窗口，不改变对错）
  [race] sync=0 delay=0 block=128 grid=64  20 次里 0 次不一致，最多 0 个元素
  [race] sync=0 delay=1 block=128 grid=64  20 次里 0 次不一致，最多 0 个元素
  [race] sync=1 delay=1 block=128 grid=64  20 次里 0 次不一致，最多 0 个元素

[3] 发散的 shuffle 用错掩码
  [mask] correct=0  20 次里 20 次结果与掩码语义不符
  [mask] correct=1  20 次里 0 次结果与掩码语义不符

[3b] 发散的 __syncthreads
  [barrier] correct=0  同步返回=成功  写出值=63
  [barrier] correct=1  同步返回=成功  写出值=63

[4] 两条流之间缺事件依赖
  [stream] use_event=0  20 次里 3 次读到未完成的数据
  [stream] use_event=1  20 次里 0 次读到未完成的数据

用法：./smem_failures [all|oob|race|racefixed|mask|barrier|stream]

=== compute-sanitizer --tool memcheck ./smem_failures oob ===
=========     Saved host backtrace up to driver entry point at kernel launch time
=========         Host Frame: run_oob(int, int) [clone .constprop.0] [0x96b6] in smem_failures
=========         Host Frame: main [0x8c08] in smem_failures
========= 
=== NVIDIA GeForce RTX 5090 D  sm_120  SM=170 ===

[1] 去掉 i < n 判断后的越界写（每 SM 只有很少线程时量小，便于 sanitizer）
[CUDA] cudaDeviceSynchronize() @128: unspecified launch failure
[CUDA] cudaMemcpy(h_out, d_out, n * sizeof(float), cudaMemcpyDeviceToHost) @129: unspecified launch failure
  [oob] guard=0  n=1025 grid=9  越界线程 = 127  不一致 = 1025
[CUDA] cudaMalloc(&d_in, n * sizeof(float)) @119: unspecified launch failure
[CUDA] cudaMalloc(&d_out, n * sizeof(float)) @120: unspecified launch failure
[CUDA] cudaMemcpy(d_in, h_in, n * sizeof(float), cudaMemcpyHostToDevice) @125: unspecified launch failure
[CUDA] cudaDeviceSynchronize() @128: unspecified launch failure
[CUDA] cudaMemcpy(h_out, d_out, n * sizeof(float), cudaMemcpyDeviceToHost) @129: unspecified launch failure
  [oob] guard=1  n=1025 grid=9  越界线程 = 127  不一致 = 1025

用法：./smem_failures [all|oob|race|racefixed|mask|barrier|stream]
========= ERROR SUMMARY: 139 errors
========= ERROR SUMMARY: 39 errors were not printed. Use --print-limit option to adjust the number of printed errors

=== compute-sanitizer --tool racecheck ./smem_failures race ===
=========     and Read access at race_kernel(const float *, float *, int, int, int)+0x1780 in smem_failures.cu:49 [32768 hazards]
========= 
========= Error: Race reported between Write access at race_kernel(const float *, float *, int, int, int)+0x1650 in smem_failures.cu:46
=========     and Read access at race_kernel(const float *, float *, int, int, int)+0x1780 in smem_failures.cu:49 [32768 hazards]
========= 
========= Error: Race reported between Write access at race_kernel(const float *, float *, int, int, int)+0x1650 in smem_failures.cu:46
=========     and Read access at race_kernel(const float *, float *, int, int, int)+0x1780 in smem_failures.cu:49 [32768 hazards]
========= 
========= Error: Race reported between Write access at race_kernel(const float *, float *, int, int, int)+0x1650 in smem_failures.cu:46
=========     and Read access at race_kernel(const float *, float *, int, int, int)+0x1780 in smem_failures.cu:49 [32768 hazards]
========= 
=== NVIDIA GeForce RTX 5090 D  sm_120  SM=170 ===

[2] 缺 __syncthreads 的跨 warp 读写（delay=1 只放大窗口，不改变对错）
  [race] sync=0 delay=0 block=128 grid=64  20 次里 1 次不一致，最多 1760 个元素
  [race] sync=0 delay=1 block=128 grid=64  20 次里 0 次不一致，最多 0 个元素
  [race] sync=1 delay=1 block=128 grid=64  20 次里 0 次不一致，最多 0 个元素

用法：./smem_failures [all|oob|race|racefixed|mask|barrier|stream]
========= RACECHECK SUMMARY: 40 hazards displayed (40 errors, 0 warnings)

=== compute-sanitizer --tool racecheck ./smem_failures racefixed ===
========= COMPUTE-SANITIZER
=== NVIDIA GeForce RTX 5090 D  sm_120  SM=170 ===
  [race] sync=1 delay=1 block=128 grid=64  20 次里 0 次不一致，最多 0 个元素

用法：./smem_failures [all|oob|race|racefixed|mask|barrier|stream]
========= RACECHECK SUMMARY: 0 hazards displayed (0 errors, 0 warnings)

=== compute-sanitizer --tool synccheck ./smem_failures barrier ===
========= COMPUTE-SANITIZER
=== NVIDIA GeForce RTX 5090 D  sm_120  SM=170 ===

[3b] 发散的 __syncthreads
  [barrier] correct=0  同步返回=成功  写出值=63
  [barrier] correct=1  同步返回=成功  写出值=63

用法：./smem_failures [all|oob|race|racefixed|mask|barrier|stream]
========= ERROR SUMMARY: 0 errors

原始输出：/scratch/learn/work/out/2.1/20260913-exec2/smem/
