[09/21/26 17:24:22] INFO     StreamableHTTP       streamable_http_manager.py:162
                             session manager                                    
                             started                                            
[09/21/26 17:24:23] INFO     Created new          streamable_http_manager.py:325
                             transport with                                     
                             session ID:                                        
                             fdbfd569b8404ea991a4                               
                             88844b20f2b0                                       
                    INFO     Terminating session:         streamable_http.py:855
                             fdbfd569b8404ea991a488844b20                       
                             f2b0                                               
                    INFO     Created new          streamable_http_manager.py:325
                             transport with                                     
                             session ID:                                        
                             a60db4daa2034e1ab29f                               
                             f2d6999daf6f                                       
                    INFO     Terminating session:         streamable_http.py:855
                             a60db4daa2034e1ab29ff2d6999d                       
                             af6f                                               
[09/21/26 17:24:42] INFO     StreamableHTTP       streamable_http_manager.py:166
                             session manager                                    
                             shutting down                                      
