{
  "cases": [
    {
      "fault": "crash",
      "world_size": 2,
      "worker_pids": [
        88274,
        88275,
        88276,
        88277
      ],
      "events": [
        {
          "at_ms": 0.34337490797042847,
          "kind": "committed",
          "step": 0,
          "sample_ids": []
        },
        {
          "at_ms": 34.09025026485324,
          "kind": "spawn",
          "rank": 0,
          "pid": 88274
        },
        {
          "at_ms": 62.92024999856949,
          "kind": "spawn",
          "rank": 1,
          "pid": 88275
        },
        {
          "at_ms": 63.154791947454214,
          "kind": "heartbeat",
          "attempt": 0,
          "rank": 0,
          "pid": 88274,
          "step": 1,
          "at": 3480030.303723208
        },
        {
          "at_ms": 63.16429190337658,
          "kind": "heartbeat",
          "attempt": 0,
          "rank": 1,
          "pid": 88275,
          "step": 1,
          "at": 3480030.303689125
        },
        {
          "at_ms": 63.17445915192366,
          "kind": "processed",
          "attempt": 0,
          "rank": 0,
          "pid": 88274,
          "step": 1,
          "sample_ids": [
            0,
            1
          ],
          "state": 1
        },
        {
          "at_ms": 63.1850422360003,
          "kind": "processed",
          "attempt": 0,
          "rank": 1,
          "pid": 88275,
          "step": 1,
          "sample_ids": [
            2,
            3
          ],
          "state": 5
        },
        {
          "at_ms": 63.772584311664104,
          "kind": "committed",
          "step": 1,
          "sample_ids": [
            0,
            1,
            2,
            3
          ]
        },
        {
          "at_ms": 63.82045894861221,
          "kind": "heartbeat",
          "attempt": 0,
          "rank": 0,
          "pid": 88274,
          "step": 2,
          "at": 3480030.3044255
        },
        {
          "at_ms": 63.82704200223088,
          "kind": "heartbeat",
          "attempt": 0,
          "rank": 1,
          "pid": 88275,
          "step": 2,
          "at": 3480030.304429291
        },
        {
          "at_ms": 63.832917250692844,
          "kind": "processed",
          "attempt": 0,
          "rank": 0,
          "pid": 88274,
          "step": 2,
          "sample_ids": [
            4,
            5
          ],
          "state": 10
        },
        {
          "at_ms": 64.41783392801881,
          "kind": "failure",
          "attempt": 0,
          "error_type": "RuntimeError",
          "message": "rank 1 exited before ACK"
        },
        {
          "at_ms": 68.75808397307992,
          "kind": "reaped",
          "pid": 88274,
          "exit_code": 0,
          "terminated": false
        },
        {
          "at_ms": 68.76920908689499,
          "kind": "reaped",
          "pid": 88275,
          "exit_code": 17,
          "terminated": false
        },
        {
          "at_ms": 68.92387522384524,
          "kind": "restore",
          "step": 1,
          "rank_states": [
            1,
            5
          ]
        },
        {
          "at_ms": 97.78500022366643,
          "kind": "spawn",
          "rank": 0,
          "pid": 88276
        },
        {
          "at_ms": 124.15454210713506,
          "kind": "spawn",
          "rank": 1,
          "pid": 88277
        },
        {
          "at_ms": 124.40804205834866,
          "kind": "heartbeat",
          "attempt": 1,
          "rank": 0,
          "pid": 88276,
          "step": 2,
          "at": 3480030.364967708
        },
        {
          "at_ms": 124.42270899191499,
          "kind": "heartbeat",
          "attempt": 1,
          "rank": 1,
          "pid": 88277,
          "step": 2,
          "at": 3480030.364921083
        },
        {
          "at_ms": 124.43350022658706,
          "kind": "processed",
          "attempt": 1,
          "rank": 0,
          "pid": 88276,
          "step": 2,
          "sample_ids": [
            4,
            5
          ],
          "state": 10
        },
        {
          "at_ms": 124.44108398631215,
          "kind": "processed",
          "attempt": 1,
          "rank": 1,
          "pid": 88277,
          "step": 2,
          "sample_ids": [
            6,
            7
          ],
          "state": 18
        },
        {
          "at_ms": 125.34012505784631,
          "kind": "committed",
          "step": 2,
          "sample_ids": [
            0,
            1,
            2,
            3,
            4,
            5,
            6,
            7
          ]
        },
        {
          "at_ms": 130.65520906820893,
          "kind": "reaped",
          "pid": 88276,
          "exit_code": 0,
          "terminated": false
        },
        {
          "at_ms": 130.67808421328664,
          "kind": "reaped",
          "pid": 88277,
          "exit_code": 0,
          "terminated": false
        }
      ],
      "physical_processing_ids": [
        0,
        1,
        2,
        3,
        4,
        5,
        4,
        5,
        6,
        7
      ],
      "physical_repeats": 2,
      "final_committed_state": {
        "step": 2,
        "rank_states": [
          10,
          18
        ],
        "committed_ids": [
          0,
          1,
          2,
          3,
          4,
          5,
          6,
          7
        ]
      },
      "restarts": 1,
      "no_live_children": true,
      "scope": "real OS process protocol; deterministic scalar updates, no GPU/model-quality measurement"
    },
    {
      "fault": "slow_rank",
      "world_size": 2,
      "worker_pids": [
        88278,
        88279,
        88282,
        88283
      ],
      "events": [
        {
          "at_ms": 0.326584093272686,
          "kind": "committed",
          "step": 0,
          "sample_ids": []
        },
        {
          "at_ms": 26.600874960422516,
          "kind": "spawn",
          "rank": 0,
          "pid": 88278
        },
        {
          "at_ms": 54.063542280346155,
          "kind": "spawn",
          "rank": 1,
          "pid": 88279
        },
        {
          "at_ms": 54.2180840857327,
          "kind": "heartbeat",
          "attempt": 0,
          "rank": 0,
          "pid": 88278,
          "step": 1,
          "at": 3480030.425926916
        },
        {
          "at_ms": 54.234917275607586,
          "kind": "heartbeat",
          "attempt": 0,
          "rank": 1,
          "pid": 88279,
          "step": 1,
          "at": 3480030.42592075
        },
        {
          "at_ms": 54.24641724675894,
          "kind": "processed",
          "attempt": 0,
          "rank": 0,
          "pid": 88278,
          "step": 1,
          "sample_ids": [
            0,
            1
          ],
          "state": 1
        },
        {
          "at_ms": 54.25650021061301,
          "kind": "processed",
          "attempt": 0,
          "rank": 1,
          "pid": 88279,
          "step": 1,
          "sample_ids": [
            2,
            3
          ],
          "state": 5
        },
        {
          "at_ms": 54.79208426550031,
          "kind": "committed",
          "step": 1,
          "sample_ids": [
            0,
            1,
            2,
            3
          ]
        },
        {
          "at_ms": 54.838250391185284,
          "kind": "heartbeat",
          "attempt": 0,
          "rank": 0,
          "pid": 88278,
          "step": 2,
          "at": 3480030.42657825
        },
        {
          "at_ms": 54.84624998643994,
          "kind": "heartbeat",
          "attempt": 0,
          "rank": 1,
          "pid": 88279,
          "step": 2,
          "at": 3480030.426586916
        },
        {
          "at_ms": 54.852917324751616,
          "kind": "processed",
          "attempt": 0,
          "rank": 0,
          "pid": 88278,
          "step": 2,
          "sample_ids": [
            4,
            5
          ],
          "state": 10
        },
        {
          "at_ms": 564.941958989948,
          "kind": "failure",
          "attempt": 0,
          "error_type": "TimeoutError",
          "message": "rank 1 progress deadline expired"
        },
        {
          "at_ms": 585.7871253974736,
          "kind": "reaped",
          "pid": 88278,
          "exit_code": 0,
          "terminated": false
        },
        {
          "at_ms": 788.9111670665443,
          "kind": "reaped",
          "pid": 88279,
          "exit_code": -15,
          "terminated": true
        },
        {
          "at_ms": 789.2852500081062,
          "kind": "restore",
          "step": 1,
          "rank_states": [
            1,
            5
          ]
        },
        {
          "at_ms": 822.9992501437664,
          "kind": "spawn",
          "rank": 0,
          "pid": 88282
        },
        {
          "at_ms": 852.2031251341105,
          "kind": "spawn",
          "rank": 1,
          "pid": 88283
        },
        {
          "at_ms": 852.3906669579446,
          "kind": "heartbeat",
          "attempt": 1,
          "rank": 0,
          "pid": 88282,
          "step": 2,
          "at": 3480031.224106916
        },
        {
          "at_ms": 852.3989170789719,
          "kind": "heartbeat",
          "attempt": 1,
          "rank": 1,
          "pid": 88283,
          "step": 2,
          "at": 3480031.224060333
        },
        {
          "at_ms": 852.4066251702607,
          "kind": "processed",
          "attempt": 1,
          "rank": 0,
          "pid": 88282,
          "step": 2,
          "sample_ids": [
            4,
            5
          ],
          "state": 10
        },
        {
          "at_ms": 852.4124999530613,
          "kind": "processed",
          "attempt": 1,
          "rank": 1,
          "pid": 88283,
          "step": 2,
          "sample_ids": [
            6,
            7
          ],
          "state": 18
        },
        {
          "at_ms": 853.0255001969635,
          "kind": "committed",
          "step": 2,
          "sample_ids": [
            0,
            1,
            2,
            3,
            4,
            5,
            6,
            7
          ]
        },
        {
          "at_ms": 858.9002089574933,
          "kind": "reaped",
          "pid": 88282,
          "exit_code": 0,
          "terminated": false
        },
        {
          "at_ms": 858.9377920143306,
          "kind": "reaped",
          "pid": 88283,
          "exit_code": 0,
          "terminated": false
        }
      ],
      "physical_processing_ids": [
        0,
        1,
        2,
        3,
        4,
        5,
        4,
        5,
        6,
        7
      ],
      "physical_repeats": 2,
      "final_committed_state": {
        "step": 2,
        "rank_states": [
          10,
          18
        ],
        "committed_ids": [
          0,
          1,
          2,
          3,
          4,
          5,
          6,
          7
        ]
      },
      "restarts": 1,
      "no_live_children": true,
      "scope": "real OS process protocol; deterministic scalar updates, no GPU/model-quality measurement"
    },
    {
      "fault": "bad_batch",
      "world_size": 2,
      "worker_pids": [
        88287,
        88288,
        88289,
        88290
      ],
      "events": [
        {
          "at_ms": 0.8037923835217953,
          "kind": "committed",
          "step": 0,
          "sample_ids": []
        },
        {
          "at_ms": 30.06016742438078,
          "kind": "spawn",
          "rank": 0,
          "pid": 88287
        },
        {
          "at_ms": 59.355834033340216,
          "kind": "spawn",
          "rank": 1,
          "pid": 88288
        },
        {
          "at_ms": 59.55220898613334,
          "kind": "heartbeat",
          "attempt": 0,
          "rank": 0,
          "pid": 88287,
          "step": 1,
          "at": 3480031.290762833
        },
        {
          "at_ms": 59.563500341027975,
          "kind": "heartbeat",
          "attempt": 0,
          "rank": 1,
          "pid": 88288,
          "step": 1,
          "at": 3480031.290740083
        },
        {
          "at_ms": 59.57570904865861,
          "kind": "processed",
          "attempt": 0,
          "rank": 0,
          "pid": 88287,
          "step": 1,
          "sample_ids": [
            0,
            1
          ],
          "state": 1
        },
        {
          "at_ms": 59.584875125437975,
          "kind": "processed",
          "attempt": 0,
          "rank": 1,
          "pid": 88288,
          "step": 1,
          "sample_ids": [
            2,
            3
          ],
          "state": 5
        },
        {
          "at_ms": 60.386375058442354,
          "kind": "committed",
          "step": 1,
          "sample_ids": [
            0,
            1,
            2,
            3
          ]
        },
        {
          "at_ms": 60.438625048846006,
          "kind": "heartbeat",
          "attempt": 0,
          "rank": 0,
          "pid": 88287,
          "step": 2,
          "at": 3480031.29167075
        },
        {
          "at_ms": 60.458500403910875,
          "kind": "heartbeat",
          "attempt": 0,
          "rank": 1,
          "pid": 88288,
          "step": 2,
          "at": 3480031.29168775
        },
        {
          "at_ms": 60.468084178864956,
          "kind": "processed",
          "attempt": 0,
          "rank": 0,
          "pid": 88287,
          "step": 2,
          "sample_ids": [
            4,
            5
          ],
          "state": 10
        },
        {
          "at_ms": 60.478292405605316,
          "kind": "failure",
          "attempt": 0,
          "error_type": "RuntimeError",
          "message": "invalid sample_ids batch"
        },
        {
          "at_ms": 68.21466702967882,
          "kind": "reaped",
          "pid": 88287,
          "exit_code": 0,
          "terminated": false
        },
        {
          "at_ms": 68.27412499114871,
          "kind": "reaped",
          "pid": 88288,
          "exit_code": 0,
          "terminated": false
        },
        {
          "at_ms": 68.52233409881592,
          "kind": "restore",
          "step": 1,
          "rank_states": [
            1,
            5
          ]
        },
        {
          "at_ms": 97.34304202720523,
          "kind": "spawn",
          "rank": 0,
          "pid": 88289
        },
        {
          "at_ms": 126.74825033172965,
          "kind": "spawn",
          "rank": 1,
          "pid": 88290
        },
        {
          "at_ms": 126.89925031736493,
          "kind": "heartbeat",
          "attempt": 1,
          "rank": 0,
          "pid": 88289,
          "step": 2,
          "at": 3480031.358115333
        },
        {
          "at_ms": 126.9073341973126,
          "kind": "heartbeat",
          "attempt": 1,
          "rank": 1,
          "pid": 88290,
          "step": 2,
          "at": 3480031.358091958
        },
        {
          "at_ms": 126.91470934078097,
          "kind": "processed",
          "attempt": 1,
          "rank": 0,
          "pid": 88289,
          "step": 2,
          "sample_ids": [
            4,
            5
          ],
          "state": 10
        },
        {
          "at_ms": 126.92095898091793,
          "kind": "processed",
          "attempt": 1,
          "rank": 1,
          "pid": 88290,
          "step": 2,
          "sample_ids": [
            6,
            7
          ],
          "state": 18
        },
        {
          "at_ms": 127.54045939072967,
          "kind": "committed",
          "step": 2,
          "sample_ids": [
            0,
            1,
            2,
            3,
            4,
            5,
            6,
            7
          ]
        },
        {
          "at_ms": 132.92520912364125,
          "kind": "reaped",
          "pid": 88289,
          "exit_code": 0,
          "terminated": false
        },
        {
          "at_ms": 132.986459415406,
          "kind": "reaped",
          "pid": 88290,
          "exit_code": 0,
          "terminated": false
        }
      ],
      "physical_processing_ids": [
        0,
        1,
        2,
        3,
        4,
        5,
        4,
        5,
        6,
        7
      ],
      "physical_repeats": 2,
      "final_committed_state": {
        "step": 2,
        "rank_states": [
          10,
          18
        ],
        "committed_ids": [
          0,
          1,
          2,
          3,
          4,
          5,
          6,
          7
        ]
      },
      "restarts": 1,
      "no_live_children": true,
      "scope": "real OS process protocol; deterministic scalar updates, no GPU/model-quality measurement"
    },
    {
      "fault": "checkpoint_uncommitted",
      "world_size": 2,
      "worker_pids": [
        88291,
        88292,
        88293,
        88294
      ],
      "events": [
        {
          "at_ms": 0.5134167149662971,
          "kind": "committed",
          "step": 0,
          "sample_ids": []
        },
        {
          "at_ms": 28.3267917111516,
          "kind": "spawn",
          "rank": 0,
          "pid": 88291
        },
        {
          "at_ms": 55.6445000693202,
          "kind": "spawn",
          "rank": 1,
          "pid": 88292
        },
        {
          "at_ms": 55.78441685065627,
          "kind": "heartbeat",
          "attempt": 0,
          "rank": 0,
          "pid": 88291,
          "step": 1,
          "at": 3480031.420665958
        },
        {
          "at_ms": 55.79583300277591,
          "kind": "heartbeat",
          "attempt": 0,
          "rank": 1,
          "pid": 88292,
          "step": 1,
          "at": 3480031.420666916
        },
        {
          "at_ms": 55.803291965276,
          "kind": "processed",
          "attempt": 0,
          "rank": 0,
          "pid": 88291,
          "step": 1,
          "sample_ids": [
            0,
            1
          ],
          "state": 1
        },
        {
          "at_ms": 55.80874998122454,
          "kind": "processed",
          "attempt": 0,
          "rank": 1,
          "pid": 88292,
          "step": 1,
          "sample_ids": [
            2,
            3
          ],
          "state": 5
        },
        {
          "at_ms": 56.30245804786682,
          "kind": "committed",
          "step": 1,
          "sample_ids": [
            0,
            1,
            2,
            3
          ]
        },
        {
          "at_ms": 56.348416954278946,
          "kind": "heartbeat",
          "attempt": 0,
          "rank": 0,
          "pid": 88291,
          "step": 2,
          "at": 3480031.421254083
        },
        {
          "at_ms": 56.35683285072446,
          "kind": "heartbeat",
          "attempt": 0,
          "rank": 1,
          "pid": 88292,
          "step": 2,
          "at": 3480031.421262166
        },
        {
          "at_ms": 56.364750023931265,
          "kind": "processed",
          "attempt": 0,
          "rank": 0,
          "pid": 88291,
          "step": 2,
          "sample_ids": [
            4,
            5
          ],
          "state": 10
        },
        {
          "at_ms": 56.37104203924537,
          "kind": "processed",
          "attempt": 0,
          "rank": 1,
          "pid": 88292,
          "step": 2,
          "sample_ids": [
            6,
            7
          ],
          "state": 18
        },
        {
          "at_ms": 57.25112510845065,
          "kind": "publication_interrupted",
          "step": 2,
          "pending_sha256": "504dd24150819cde7d84096091efa58ae4380c75da3318121327130129d0ce2e"
        },
        {
          "at_ms": 57.25412489846349,
          "kind": "failure",
          "attempt": 0,
          "error_type": "RuntimeError",
          "message": "checkpoint not published"
        },
        {
          "at_ms": 61.2931246869266,
          "kind": "reaped",
          "pid": 88291,
          "exit_code": 0,
          "terminated": false
        },
        {
          "at_ms": 61.315542086958885,
          "kind": "reaped",
          "pid": 88292,
          "exit_code": 0,
          "terminated": false
        },
        {
          "at_ms": 61.44858291372657,
          "kind": "restore",
          "step": 1,
          "rank_states": [
            1,
            5
          ]
        },
        {
          "at_ms": 89.08549975603819,
          "kind": "spawn",
          "rank": 0,
          "pid": 88293
        },
        {
          "at_ms": 114.69720769673586,
          "kind": "spawn",
          "rank": 1,
          "pid": 88294
        },
        {
          "at_ms": 114.87662512809038,
          "kind": "heartbeat",
          "attempt": 1,
          "rank": 0,
          "pid": 88293,
          "step": 2,
          "at": 3480031.479756958
        },
        {
          "at_ms": 114.8871248587966,
          "kind": "heartbeat",
          "attempt": 1,
          "rank": 1,
          "pid": 88294,
          "step": 2,
          "at": 3480031.479715625
        },
        {
          "at_ms": 114.89654192700982,
          "kind": "processed",
          "attempt": 1,
          "rank": 0,
          "pid": 88293,
          "step": 2,
          "sample_ids": [
            4,
            5
          ],
          "state": 10
        },
        {
          "at_ms": 114.9039170704782,
          "kind": "processed",
          "attempt": 1,
          "rank": 1,
          "pid": 88294,
          "step": 2,
          "sample_ids": [
            6,
            7
          ],
          "state": 18
        },
        {
          "at_ms": 115.64341699704528,
          "kind": "committed",
          "step": 2,
          "sample_ids": [
            0,
            1,
            2,
            3,
            4,
            5,
            6,
            7
          ]
        },
        {
          "at_ms": 121.20045768097043,
          "kind": "reaped",
          "pid": 88293,
          "exit_code": 0,
          "terminated": false
        },
        {
          "at_ms": 121.22699990868568,
          "kind": "reaped",
          "pid": 88294,
          "exit_code": 0,
          "terminated": false
        }
      ],
      "physical_processing_ids": [
        0,
        1,
        2,
        3,
        4,
        5,
        6,
        7,
        4,
        5,
        6,
        7
      ],
      "physical_repeats": 4,
      "final_committed_state": {
        "step": 2,
        "rank_states": [
          10,
          18
        ],
        "committed_ids": [
          0,
          1,
          2,
          3,
          4,
          5,
          6,
          7
        ]
      },
      "restarts": 1,
      "no_live_children": true,
      "scope": "real OS process protocol; deterministic scalar updates, no GPU/model-quality measurement"
    },
    {
      "fault": "reward_timeout",
      "world_size": 2,
      "worker_pids": [
        88295,
        88296,
        88298,
        88299
      ],
      "events": [
        {
          "at_ms": 0.30016573145985603,
          "kind": "committed",
          "step": 0,
          "sample_ids": []
        },
        {
          "at_ms": 26.45770786330104,
          "kind": "spawn",
          "rank": 0,
          "pid": 88295
        },
        {
          "at_ms": 53.02625009790063,
          "kind": "spawn",
          "rank": 1,
          "pid": 88296
        },
        {
          "at_ms": 53.27979102730751,
          "kind": "heartbeat",
          "attempt": 0,
          "rank": 0,
          "pid": 88295,
          "step": 1,
          "at": 3480031.53979925
        },
        {
          "at_ms": 53.29074990004301,
          "kind": "heartbeat",
          "attempt": 0,
          "rank": 1,
          "pid": 88296,
          "step": 1,
          "at": 3480031.539756708
        },
        {
          "at_ms": 53.29912481829524,
          "kind": "processed",
          "attempt": 0,
          "rank": 0,
          "pid": 88295,
          "step": 1,
          "sample_ids": [
            0,
            1
          ],
          "state": 1
        },
        {
          "at_ms": 53.304582834243774,
          "kind": "processed",
          "attempt": 0,
          "rank": 1,
          "pid": 88296,
          "step": 1,
          "sample_ids": [
            2,
            3
          ],
          "state": 5
        },
        {
          "at_ms": 54.25204103812575,
          "kind": "committed",
          "step": 1,
          "sample_ids": [
            0,
            1,
            2,
            3
          ]
        },
        {
          "at_ms": 54.298624861985445,
          "kind": "heartbeat",
          "attempt": 0,
          "rank": 0,
          "pid": 88295,
          "step": 2,
          "at": 3480031.540849333
        },
        {
          "at_ms": 54.30541606619954,
          "kind": "heartbeat",
          "attempt": 0,
          "rank": 1,
          "pid": 88296,
          "step": 2,
          "at": 3480031.54085525
        },
        {
          "at_ms": 54.312082938849926,
          "kind": "processed",
          "attempt": 0,
          "rank": 0,
          "pid": 88295,
          "step": 2,
          "sample_ids": [
            4,
            5
          ],
          "state": 10
        },
        {
          "at_ms": 561.4257077686489,
          "kind": "failure",
          "attempt": 0,
          "error_type": "TimeoutError",
          "message": "rank 1 progress deadline expired"
        },
        {
          "at_ms": 581.2697499059141,
          "kind": "reaped",
          "pid": 88295,
          "exit_code": 0,
          "terminated": false
        },
        {
          "at_ms": 785.8534157276154,
          "kind": "reaped",
          "pid": 88296,
          "exit_code": -15,
          "terminated": true
        },
        {
          "at_ms": 786.5081657655537,
          "kind": "restore",
          "step": 1,
          "rank_states": [
            1,
            5
          ]
        },
        {
          "at_ms": 823.2632079161704,
          "kind": "spawn",
          "rank": 0,
          "pid": 88298
        },
        {
          "at_ms": 853.8782079704106,
          "kind": "spawn",
          "rank": 1,
          "pid": 88299
        },
        {
          "at_ms": 854.0727077051997,
          "kind": "heartbeat",
          "attempt": 1,
          "rank": 0,
          "pid": 88298,
          "step": 2,
          "at": 3480032.340588708
        },
        {
          "at_ms": 854.0829159319401,
          "kind": "heartbeat",
          "attempt": 1,
          "rank": 1,
          "pid": 88299,
          "step": 2,
          "at": 3480032.340542541
        },
        {
          "at_ms": 854.0918747894466,
          "kind": "processed",
          "attempt": 1,
          "rank": 0,
          "pid": 88298,
          "step": 2,
          "sample_ids": [
            4,
            5
          ],
          "state": 10
        },
        {
          "at_ms": 854.1009998880327,
          "kind": "processed",
          "attempt": 1,
          "rank": 1,
          "pid": 88299,
          "step": 2,
          "sample_ids": [
            6,
            7
          ],
          "state": 18
        },
        {
          "at_ms": 854.7095409594476,
          "kind": "committed",
          "step": 2,
          "sample_ids": [
            0,
            1,
            2,
            3,
            4,
            5,
            6,
            7
          ]
        },
        {
          "at_ms": 861.1639579758048,
          "kind": "reaped",
          "pid": 88298,
          "exit_code": 0,
          "terminated": false
        },
        {
          "at_ms": 861.8334997445345,
          "kind": "reaped",
          "pid": 88299,
          "exit_code": 0,
          "terminated": false
        }
      ],
      "physical_processing_ids": [
        0,
        1,
        2,
        3,
        4,
        5,
        4,
        5,
        6,
        7
      ],
      "physical_repeats": 2,
      "final_committed_state": {
        "step": 2,
        "rank_states": [
          10,
          18
        ],
        "committed_ids": [
          0,
          1,
          2,
          3,
          4,
          5,
          6,
          7
        ]
      },
      "restarts": 1,
      "no_live_children": true,
      "scope": "real OS process protocol; deterministic scalar updates, no GPU/model-quality measurement"
    },
    {
      "fault": "teacher_timeout",
      "world_size": 2,
      "worker_pids": [
        88300,
        88301,
        88304,
        88306
      ],
      "events": [
        {
          "at_ms": 0.5354997701942921,
          "kind": "committed",
          "step": 0,
          "sample_ids": []
        },
        {
          "at_ms": 30.419916845858097,
          "kind": "spawn",
          "rank": 0,
          "pid": 88300
        },
        {
          "at_ms": 59.21779200434685,
          "kind": "spawn",
          "rank": 1,
          "pid": 88301
        },
        {
          "at_ms": 59.42954169586301,
          "kind": "heartbeat",
          "attempt": 0,
          "rank": 0,
          "pid": 88300,
          "step": 1,
          "at": 3480032.408428625
        },
        {
          "at_ms": 59.438833966851234,
          "kind": "heartbeat",
          "attempt": 0,
          "rank": 1,
          "pid": 88301,
          "step": 1,
          "at": 3480032.408371291
        },
        {
          "at_ms": 59.44612482562661,
          "kind": "processed",
          "attempt": 0,
          "rank": 0,
          "pid": 88300,
          "step": 1,
          "sample_ids": [
            0,
            1
          ],
          "state": 1
        },
        {
          "at_ms": 59.45145897567272,
          "kind": "processed",
          "attempt": 0,
          "rank": 1,
          "pid": 88301,
          "step": 1,
          "sample_ids": [
            2,
            3
          ],
          "state": 5
        },
        {
          "at_ms": 60.062999837100506,
          "kind": "committed",
          "step": 1,
          "sample_ids": [
            0,
            1,
            2,
            3
          ]
        },
        {
          "at_ms": 60.10991707444191,
          "kind": "heartbeat",
          "attempt": 0,
          "rank": 0,
          "pid": 88300,
          "step": 2,
          "at": 3480032.40913275
        },
        {
          "at_ms": 60.116583947092295,
          "kind": "heartbeat",
          "attempt": 0,
          "rank": 1,
          "pid": 88301,
          "step": 2,
          "at": 3480032.409144125
        },
        {
          "at_ms": 60.12274976819754,
          "kind": "processed",
          "attempt": 0,
          "rank": 0,
          "pid": 88300,
          "step": 2,
          "sample_ids": [
            4,
            5
          ],
          "state": 10
        },
        {
          "at_ms": 569.6565001271665,
          "kind": "failure",
          "attempt": 0,
          "error_type": "TimeoutError",
          "message": "rank 1 progress deadline expired"
        },
        {
          "at_ms": 590.2114999480546,
          "kind": "reaped",
          "pid": 88300,
          "exit_code": 0,
          "terminated": false
        },
        {
          "at_ms": 794.1141249611974,
          "kind": "reaped",
          "pid": 88301,
          "exit_code": -15,
          "terminated": true
        },
        {
          "at_ms": 794.7167917154729,
          "kind": "restore",
          "step": 1,
          "rank_states": [
            1,
            5
          ]
        },
        {
          "at_ms": 836.8527498096228,
          "kind": "spawn",
          "rank": 0,
          "pid": 88304
        },
        {
          "at_ms": 869.9587499722838,
          "kind": "spawn",
          "rank": 1,
          "pid": 88306
        },
        {
          "at_ms": 870.1080838218331,
          "kind": "heartbeat",
          "attempt": 1,
          "rank": 0,
          "pid": 88304,
          "step": 2,
          "at": 3480033.219112083
        },
        {
          "at_ms": 870.1167916879058,
          "kind": "heartbeat",
          "attempt": 1,
          "rank": 1,
          "pid": 88306,
          "step": 2,
          "at": 3480033.219100541
        },
        {
          "at_ms": 870.1251246966422,
          "kind": "processed",
          "attempt": 1,
          "rank": 0,
          "pid": 88304,
          "step": 2,
          "sample_ids": [
            4,
            5
          ],
          "state": 10
        },
        {
          "at_ms": 870.1316667720675,
          "kind": "processed",
          "attempt": 1,
          "rank": 1,
          "pid": 88306,
          "step": 2,
          "sample_ids": [
            6,
            7
          ],
          "state": 18
        },
        {
          "at_ms": 871.140250004828,
          "kind": "committed",
          "step": 2,
          "sample_ids": [
            0,
            1,
            2,
            3,
            4,
            5,
            6,
            7
          ]
        },
        {
          "at_ms": 876.7063748091459,
          "kind": "reaped",
          "pid": 88304,
          "exit_code": 0,
          "terminated": false
        },
        {
          "at_ms": 876.7348336987197,
          "kind": "reaped",
          "pid": 88306,
          "exit_code": 0,
          "terminated": false
        }
      ],
      "physical_processing_ids": [
        0,
        1,
        2,
        3,
        4,
        5,
        4,
        5,
        6,
        7
      ],
      "physical_repeats": 2,
      "final_committed_state": {
        "step": 2,
        "rank_states": [
          10,
          18
        ],
        "committed_ids": [
          0,
          1,
          2,
          3,
          4,
          5,
          6,
          7
        ]
      },
      "restarts": 1,
      "no_live_children": true,
      "scope": "real OS process protocol; deterministic scalar updates, no GPU/model-quality measurement"
    }
  ]
}
