
==============================================================================
[E] 多任务/多提示的专家访问对照
==============================================================================
Loading weights:   0%|          | 0/179 [00:00<?, ?it/s]Loading weights:   2%|▏         | 4/179 [00:00<00:06, 28.76it/s]Loading weights:   8%|▊         | 15/179 [00:00<00:03, 50.51it/s]Loading weights:  15%|█▍        | 26/179 [00:00<00:02, 57.48it/s]Loading weights:  21%|██        | 37/179 [00:00<00:02, 61.98it/s]Loading weights:  27%|██▋       | 48/179 [00:00<00:01, 68.45it/s]Loading weights:  33%|███▎      | 59/179 [00:00<00:01, 73.59it/s]Loading weights:  39%|███▉      | 70/179 [00:01<00:01, 76.28it/s]Loading weights:  45%|████▌     | 81/179 [00:01<00:01, 82.57it/s]Loading weights:  51%|█████▏    | 92/179 [00:01<00:01, 86.96it/s]Loading weights:  58%|█████▊    | 103/179 [00:01<00:00, 89.60it/s]Loading weights:  64%|██████▎   | 114/179 [00:01<00:00, 94.80it/s]Loading weights:  70%|██████▉   | 125/179 [00:01<00:00, 92.28it/s]Loading weights:  76%|███████▌  | 136/179 [00:01<00:00, 95.22it/s]Loading weights:  82%|████████▏ | 147/179 [00:01<00:00, 97.40it/s]Loading weights:  88%|████████▊ | 158/179 [00:01<00:00, 87.64it/s]Loading weights:  94%|█████████▍| 169/179 [00:02<00:00, 81.40it/s]Loading weights: 100%|██████████| 179/179 [00:02<00:00, 83.97it/s]
  英文散文       token 256  每层覆盖 51–62（均值 57.2/64）  最热/均值 3.41–7.28
  Python 代码  token 256  每层覆盖 38–59（均值 48.6/64）  最热/均值 6.06–7.97
  中文文本       token 256  每层覆盖 29–63（均值 55.8/64）  最热/均值 4.28–8.00
  数字与算术      token 256  每层覆盖 29–47（均值 37.9/64）  最热/均值 7.12–8.00

--- E2 不同提示之间的专家集合重叠（逐层 Jaccard） ------------------------------------------
    层 Python 代码      中文文本     数字与算术
    0      0.81      0.75      0.59
    1      0.84      0.87      0.62
    2      0.83      0.86      0.56
    3      0.84      0.86      0.56
   14      0.65      0.68      0.60
   15      0.62      0.48      0.55
  平均 Jaccard（对 英文散文）：Python 代码 0.73，中文文本 0.83，数字与算术 0.58
  读法：覆盖率都接近满（256 token 就碰遍大部分专家），但重叠率远不为 1——**不同任务的『哪些专家』并不相同**，
  这正是专家并行下按请求类型做路由/放置的依据。

已写出 out/4.4/20260913-moe/moe_kernels.json
