
==============================================================================
[A] MoE 路由与分组的参照实现
==============================================================================
  x (17, 64)  E=8 top_k=2 H=64 I=128  归一化=renorm
  分组 vs dense 参照：max|diff| 1.110e-16  （相对 5.261e-16）

--- A1 路由结果与分组元数据 ---------------------------------------------------------
  token expert expert     weight   weight
      0      0      1     0.9745   0.0255
      1      1      7     0.8710   0.1290
      2      2      7     0.9204   0.0796
      3      3      6     0.9508   0.0492
      4      4      5     0.8763   0.1237
      5      5      4     0.8904   0.1096
      6      6      3     0.9651   0.0349
      7      7      1     0.9487   0.0513
  ...（共 17 行）
  权重和（renorm 后应为 1）：[0.9999999999999999, 0.9999999999999999, 1.0000000000000002, 0.9999999999999999, 1.0]
  专家计数 counts = [2, 7, 3, 3, 4, 3, 8, 4]
  offsets（长度 E+1，前缀和）= [0, 2, 9, 12, 15, 19, 22, 30, 34]
  perm 前 8 个 = [0, 24, 1, 2, 15, 16, 18, 29]；inv[perm] == arange: True
  尾 tile padding：6 行（总 34 → 40）

--- A2 分组执行的时间构成（CPU，仅看形状与调用次数） -------------------------------------------
  非空专家 8/8 个；每专家 1 次 GEMM×3（w1/w3/w2） → 24 次小 GEMM
  packed 行数 34（含 6 行 padding），每个专家处理 [2, 7, 3, 3, 4, 3, 8, 4] 行

--- A3 边界：空专家、单专家倾斜、重复与非法路由、尾 tile ----------------------------------------
  空专家：counts [5, 6, 6, 5, 4, 4, 4, 0]（最后一个为 0），与 dense 参照 max|diff| 9.021e-17
  单专家倾斜：counts [34, 0, 0, 0, 0, 0, 0, 0]，padding 6 行，与 dense 参照 max|diff| 2.220e-16
  重复专家：与 dense 参照一致：重复路由被当成两次独立计算（权重各算一半）（max|diff| 8.500e-17）
  非法 id（E+5）分组路径：不报错，该 token 的输出范数 2.009e-01（另一 token 3.776e-01）
  非法 id（E+5）dense 路径：IndexError: index 13 is out of bounds for dimension 0 with size 8
  结论：分组路径把越界 id 当成一个不存在的专家，静默输出零；dense 路径才报越界。路由实现必须自己校验 id 范围。
  尾 tile T=7   padding 2 行，与 dense 参照 max|diff| 5.551e-17
  尾 tile T=8   padding 0 行，与 dense 参照 max|diff| 5.551e-17
  尾 tile T=9   padding 6 行，与 dense 参照 max|diff| 6.939e-17

已写出 out/4.4/20260913-moe/moe_routing.json
