=== 校准 ===
offset=3249.174 ms  RTT=0.901 ms  （注入 +250.0 ms，精度上界 ±0.451 ms）
写出 /home/smc/learn/results/1.7/calibrate.json
=== agent（已校准），freq=5 deadline=800ms n_predict=32 ===
时钟校准 offset=3371.604 ms （±0.44 ms）
周期 98  有效动作率 0.990  deadline miss 0 (0.000)  输入年龄 p50/p95/p99 509.18/603.17/636.09 ms  丢弃 {'latest': 287, 'queue_full': 101}
写出 /home/smc/learn/results/1.7/run_agent_calibrated.json
=== agent（未校准），同配置 ===
时钟校准 offset=0.0 ms （±None ms）
周期 50  有效动作率 0.980  deadline miss 0 (0.000)  输入年龄 p50/p95/p99 502.29/595.02/606.45 ms  丢弃 {'latest': 143, 'queue_full': 50}
写出 /home/smc/learn/results/1.7/run_agent_uncalibrated.json
=== 直连 http，freq=5 n_predict=32 ===
周期 75  有效动作率 0.987  deadline miss 0 (0.000)  输入年龄 p50/p95/p99 497.79/607.82/623.44 ms  丢弃 {'latest': 218, 'queue_full': 75}
写出 /home/smc/learn/results/1.7/run_http32.json
=== 直连 http，freq=2 n_predict=128 deadline=3000ms（制造 deadline miss） ===
周期 39  有效动作率 0.974  deadline miss 0 (0.000)  输入年龄 p50/p95/p99 1857.63/2087.53/2097.04 ms  丢弃 {'latest': 111, 'queue_full': 82}
写出 /home/smc/learn/results/1.7/run_http128.json
=== 直连 http，freq=2 n_predict=128 chunk=4 ===
周期 78  有效动作率 0.987  deadline miss 0 (0.000)  输入年龄 p50/p95/p99 2118.07/3079.5/3119.1 ms  丢弃 {'queue_full': 100, 'latest': 57}
写出 /home/smc/learn/results/1.7/run_http128_chunk4.json
1.7 real-backend done
