=== freq=5 n_predict=32 deadline=200ms ===
周期 125  有效动作率 0.016  deadline miss 122 (0.976)  输入年龄 p50/p95/p99 190.17/190.17/190.17 ms  丢弃 {'latest': 80}
写出 /home/smc/learn/results/1.7/run_dl200_32.json
=== freq=5 n_predict=32 deadline=400ms ===
周期 63  有效动作率 0.000  deadline miss 62 (0.984)  输入年龄 p50/p95/p99 None/None/None ms  丢弃 {'latest': 182, 'queue_full': 61}
写出 /home/smc/learn/results/1.7/run_dl400_32.json
=== freq=5 n_predict=32 deadline=800ms ===
周期 63  有效动作率 0.984  deadline miss 0 (0.000)  输入年龄 p50/p95/p99 491.1/582.14/604.25 ms  丢弃 {'latest': 182, 'queue_full': 62}
写出 /home/smc/learn/results/1.7/run_dl800_32.json
=== freq=2 n_predict=128 deadline=500ms ===
周期 80  有效动作率 0.000  deadline miss 79 (0.988)  输入年龄 p50/p95/p99 None/None/None ms  丢弃 {'latest': 47}
写出 /home/smc/learn/results/1.7/run_dl500_128.json
=== freq=2 n_predict=128 deadline=1500ms ===
周期 28  有效动作率 0.000  deadline miss 27 (0.964)  输入年龄 p50/p95/p99 None/None/None ms  丢弃 {'latest': 77, 'queue_full': 53}
写出 /home/smc/learn/results/1.7/run_dl1500_128.json
=== freq=2 n_predict=128 deadline=3000ms ===
周期 26  有效动作率 0.962  deadline miss 0 (0.000)  输入年龄 p50/p95/p99 1848.56/2081.63/2083.3 ms  丢弃 {'latest': 72, 'queue_full': 53}
写出 /home/smc/learn/results/1.7/run_dl3000_128.json
offset=2999.038 ms  RTT=0.88 ms  （注入 +0.0 ms，精度上界 ±0.44 ms）
写出 /home/smc/learn/results/1.7/calibrate_off0.json
offset=3250.176 ms  RTT=0.885 ms  （注入 +0.0 ms，精度上界 ±0.442 ms）
写出 /home/smc/learn/results/1.7/calibrate_off250.json
1.7b done
